2025-04-23 10:48:56,579 - 
================================================================================
2025-04-23 10:48:56,579 - >>> 自动预测系统启动 <<<
2025-04-23 10:48:56,579 - ================================================================================

2025-04-23 10:48:56,579 - 自动预测系统启动
2025-04-23 10:48:56,579 - 当前日期: 20250423, 时间: 10:48:56
2025-04-23 10:48:56,579 - 
================================================================================
2025-04-23 10:48:56,579 - >>> 开始执行预测 <<<
2025-04-23 10:48:56,579 - ================================================================================

2025-04-23 10:48:56,579 - 开始执行预测
2025-04-23 10:48:56,580 - 扫描预测数据文件目录: D:\my-vue-project\wind-power-forecast\backend\auto_scripts\precsv\supershortcsv\20250423
2025-04-23 10:48:56,580 - 检查模型目录: D:\my-vue-project\wind-power-forecast\backend\auto_scripts\models\supershortmodel\20250423
2025-04-23 10:48:56,580 - 未找到best_models目录，检查传统模型文件
2025-04-23 10:48:56,581 - 未找到任何可用模型文件
2025-04-23 10:48:56,581 - ❌ 未有可用模型，无法执行预测
2025-04-23 10:48:56,581 - 
================================================================================
2025-04-23 10:48:56,581 - >>> 预测任务结束 <<<
2025-04-23 10:48:56,581 - ================================================================================

2025-04-23 10:48:56,581 - 预测任务结束
2025-04-23 10:53:58,640 - 
================================================================================
2025-04-23 10:53:58,640 - >>> 自动预测系统启动 <<<
2025-04-23 10:53:58,640 - ================================================================================

2025-04-23 10:53:58,640 - 自动预测系统启动
2025-04-23 10:53:58,640 - 当前日期: 20250423, 时间: 10:53:58
2025-04-23 10:53:58,640 - 
================================================================================
2025-04-23 10:53:58,640 - >>> 开始执行预测 <<<
2025-04-23 10:53:58,640 - ================================================================================

2025-04-23 10:53:58,640 - 开始执行预测
2025-04-23 10:53:58,641 - 扫描预测数据文件目录: D:\my-vue-project\wind-power-forecast\backend\auto_scripts\precsv\supershortcsv\20250423
2025-04-23 10:53:58,641 - 检查模型目录: D:\my-vue-project\wind-power-forecast\backend\auto_scripts\models\supershortmodel\20250423
2025-04-23 10:53:58,641 - 未找到best_models目录，检查传统模型文件
2025-04-23 10:53:58,641 - 未找到任何可用模型文件
2025-04-23 10:53:58,641 - ❌ 未有可用模型，无法执行预测
2025-04-23 10:53:58,641 - 
================================================================================
2025-04-23 10:53:58,641 - >>> 预测任务结束 <<<
2025-04-23 10:53:58,641 - ================================================================================

2025-04-23 10:53:58,641 - 预测任务结束
2025-04-23 10:59:00,770 - 
================================================================================
2025-04-23 10:59:00,771 - >>> 自动预测系统启动 <<<
2025-04-23 10:59:00,771 - ================================================================================

2025-04-23 10:59:00,771 - 自动预测系统启动
2025-04-23 10:59:00,771 - 当前日期: 20250423, 时间: 10:59:00
2025-04-23 10:59:00,771 - 
================================================================================
2025-04-23 10:59:00,771 - >>> 开始执行预测 <<<
2025-04-23 10:59:00,771 - ================================================================================

2025-04-23 10:59:00,771 - 开始执行预测
2025-04-23 10:59:00,771 - 扫描预测数据文件目录: D:\my-vue-project\wind-power-forecast\backend\auto_scripts\precsv\supershortcsv\20250423
2025-04-23 10:59:00,771 - 检查模型目录: D:\my-vue-project\wind-power-forecast\backend\auto_scripts\models\supershortmodel\20250423
2025-04-23 10:59:00,771 - 未找到best_models目录，检查传统模型文件
2025-04-23 10:59:00,771 - 未找到任何可用模型文件
2025-04-23 10:59:00,771 - ❌ 未有可用模型，无法执行预测
2025-04-23 10:59:00,772 - 
================================================================================
2025-04-23 10:59:00,772 - >>> 预测任务结束 <<<
2025-04-23 10:59:00,772 - ================================================================================

2025-04-23 10:59:00,772 - 预测任务结束
2025-04-23 11:04:02,913 - 
================================================================================
2025-04-23 11:04:02,913 - >>> 自动预测系统启动 <<<
2025-04-23 11:04:02,913 - ================================================================================

2025-04-23 11:04:02,913 - 自动预测系统启动
2025-04-23 11:04:02,913 - 当前日期: 20250423, 时间: 11:04:02
2025-04-23 11:04:02,913 - 
================================================================================
2025-04-23 11:04:02,913 - >>> 开始执行预测 <<<
2025-04-23 11:04:02,913 - ================================================================================

2025-04-23 11:04:02,913 - 开始执行预测
2025-04-23 11:04:02,914 - 扫描预测数据文件目录: D:\my-vue-project\wind-power-forecast\backend\auto_scripts\precsv\supershortcsv\20250423
2025-04-23 11:04:02,914 - 检查模型目录: D:\my-vue-project\wind-power-forecast\backend\auto_scripts\models\supershortmodel\20250423
2025-04-23 11:04:02,914 - 未找到best_models目录，检查传统模型文件
2025-04-23 11:04:02,914 - 未找到任何可用模型文件
2025-04-23 11:04:02,914 - ❌ 未有可用模型，无法执行预测
2025-04-23 11:04:02,914 - 
================================================================================
2025-04-23 11:04:02,914 - >>> 预测任务结束 <<<
2025-04-23 11:04:02,914 - ================================================================================

2025-04-23 11:04:02,914 - 预测任务结束
2025-04-23 11:09:05,021 - 
================================================================================
2025-04-23 11:09:05,021 - >>> 自动预测系统启动 <<<
2025-04-23 11:09:05,021 - ================================================================================

2025-04-23 11:09:05,021 - 自动预测系统启动
2025-04-23 11:09:05,022 - 当前日期: 20250423, 时间: 11:09:05
2025-04-23 11:09:05,022 - 
================================================================================
2025-04-23 11:09:05,022 - >>> 开始执行预测 <<<
2025-04-23 11:09:05,022 - ================================================================================

2025-04-23 11:09:05,022 - 开始执行预测
2025-04-23 11:09:05,022 - 扫描预测数据文件目录: D:\my-vue-project\wind-power-forecast\backend\auto_scripts\precsv\supershortcsv\20250423
2025-04-23 11:09:05,022 - 检查模型目录: D:\my-vue-project\wind-power-forecast\backend\auto_scripts\models\supershortmodel\20250423
2025-04-23 11:09:05,022 - 未找到best_models目录，检查传统模型文件
2025-04-23 11:09:05,022 - 未找到任何可用模型文件
2025-04-23 11:09:05,022 - ❌ 未有可用模型，无法执行预测
2025-04-23 11:09:05,022 - 
================================================================================
2025-04-23 11:09:05,022 - >>> 预测任务结束 <<<
2025-04-23 11:09:05,022 - ================================================================================

2025-04-23 11:09:05,022 - 预测任务结束
2025-04-23 11:14:07,034 - 
================================================================================
2025-04-23 11:14:07,034 - >>> 自动预测系统启动 <<<
2025-04-23 11:14:07,034 - ================================================================================

2025-04-23 11:14:07,034 - 自动预测系统启动
2025-04-23 11:14:07,034 - 当前日期: 20250423, 时间: 11:14:07
2025-04-23 11:14:07,035 - 
================================================================================
2025-04-23 11:14:07,035 - >>> 开始执行预测 <<<
2025-04-23 11:14:07,035 - ================================================================================

2025-04-23 11:14:07,035 - 开始执行预测
2025-04-23 11:14:07,035 - 扫描预测数据文件目录: D:\my-vue-project\wind-power-forecast\backend\auto_scripts\precsv\supershortcsv\20250423
2025-04-23 11:14:07,035 - 检查模型目录: D:\my-vue-project\wind-power-forecast\backend\auto_scripts\models\supershortmodel\20250423
2025-04-23 11:14:07,035 - 未找到best_models目录，检查传统模型文件
2025-04-23 11:14:07,035 - 未找到任何可用模型文件
2025-04-23 11:14:07,035 - ❌ 未有可用模型，无法执行预测
2025-04-23 11:14:07,035 - 
================================================================================
2025-04-23 11:14:07,035 - >>> 预测任务结束 <<<
2025-04-23 11:14:07,035 - ================================================================================

2025-04-23 11:14:07,035 - 预测任务结束
2025-04-23 11:19:09,149 - 
================================================================================
2025-04-23 11:19:09,149 - >>> 自动预测系统启动 <<<
2025-04-23 11:19:09,149 - ================================================================================

2025-04-23 11:19:09,149 - 自动预测系统启动
2025-04-23 11:19:09,149 - 当前日期: 20250423, 时间: 11:19:09
2025-04-23 11:19:09,149 - 
================================================================================
2025-04-23 11:19:09,149 - >>> 开始执行预测 <<<
2025-04-23 11:19:09,149 - ================================================================================

2025-04-23 11:19:09,149 - 开始执行预测
2025-04-23 11:19:09,149 - 扫描预测数据文件目录: D:\my-vue-project\wind-power-forecast\backend\auto_scripts\precsv\supershortcsv\20250423
2025-04-23 11:19:09,150 - 检查模型目录: D:\my-vue-project\wind-power-forecast\backend\auto_scripts\models\supershortmodel\20250423
2025-04-23 11:19:09,150 - 未找到best_models目录，检查传统模型文件
2025-04-23 11:19:09,150 - 未找到任何可用模型文件
2025-04-23 11:19:09,150 - ❌ 未有可用模型，无法执行预测
2025-04-23 11:19:09,150 - 
================================================================================
2025-04-23 11:19:09,150 - >>> 预测任务结束 <<<
2025-04-23 11:19:09,150 - ================================================================================

2025-04-23 11:19:09,150 - 预测任务结束
2025-04-23 11:24:11,205 - 
================================================================================
2025-04-23 11:24:11,205 - >>> 自动预测系统启动 <<<
2025-04-23 11:24:11,205 - ================================================================================

2025-04-23 11:24:11,205 - 自动预测系统启动
2025-04-23 11:24:11,205 - 当前日期: 20250423, 时间: 11:24:11
2025-04-23 11:24:11,205 - 
================================================================================
2025-04-23 11:24:11,205 - >>> 开始执行预测 <<<
2025-04-23 11:24:11,205 - ================================================================================

2025-04-23 11:24:11,205 - 开始执行预测
2025-04-23 11:24:11,205 - 扫描预测数据文件目录: D:\my-vue-project\wind-power-forecast\backend\auto_scripts\precsv\supershortcsv\20250423
2025-04-23 11:24:11,205 - 检查模型目录: D:\my-vue-project\wind-power-forecast\backend\auto_scripts\models\supershortmodel\20250423
2025-04-23 11:24:11,205 - 未找到best_models目录，检查传统模型文件
2025-04-23 11:24:11,206 - 未找到任何可用模型文件
2025-04-23 11:24:11,206 - ❌ 未有可用模型，无法执行预测
2025-04-23 11:24:11,206 - 
================================================================================
2025-04-23 11:24:11,206 - >>> 预测任务结束 <<<
2025-04-23 11:24:11,206 - ================================================================================

2025-04-23 11:24:11,206 - 预测任务结束
2025-04-23 11:29:13,251 - 
================================================================================
2025-04-23 11:29:13,251 - >>> 自动预测系统启动 <<<
2025-04-23 11:29:13,251 - ================================================================================

2025-04-23 11:29:13,251 - 自动预测系统启动
2025-04-23 11:29:13,251 - 当前日期: 20250423, 时间: 11:29:13
2025-04-23 11:29:13,251 - 
================================================================================
2025-04-23 11:29:13,251 - >>> 开始执行预测 <<<
2025-04-23 11:29:13,251 - ================================================================================

2025-04-23 11:29:13,251 - 开始执行预测
2025-04-23 11:29:13,251 - 扫描预测数据文件目录: D:\my-vue-project\wind-power-forecast\backend\auto_scripts\precsv\supershortcsv\20250423
2025-04-23 11:29:13,251 - 检查模型目录: D:\my-vue-project\wind-power-forecast\backend\auto_scripts\models\supershortmodel\20250423
2025-04-23 11:29:13,252 - 未找到best_models目录，检查传统模型文件
2025-04-23 11:29:13,252 - 未找到任何可用模型文件
2025-04-23 11:29:13,252 - ❌ 未有可用模型，无法执行预测
2025-04-23 11:29:13,252 - 
================================================================================
2025-04-23 11:29:13,252 - >>> 预测任务结束 <<<
2025-04-23 11:29:13,252 - ================================================================================

2025-04-23 11:29:13,252 - 预测任务结束
2025-04-23 11:34:15,337 - 
================================================================================
2025-04-23 11:34:15,337 - >>> 自动预测系统启动 <<<
2025-04-23 11:34:15,337 - ================================================================================

2025-04-23 11:34:15,337 - 自动预测系统启动
2025-04-23 11:34:15,337 - 当前日期: 20250423, 时间: 11:34:15
2025-04-23 11:34:15,337 - 
================================================================================
2025-04-23 11:34:15,337 - >>> 开始执行预测 <<<
2025-04-23 11:34:15,337 - ================================================================================

2025-04-23 11:34:15,337 - 开始执行预测
2025-04-23 11:34:15,337 - 扫描预测数据文件目录: D:\my-vue-project\wind-power-forecast\backend\auto_scripts\precsv\supershortcsv\20250423
2025-04-23 11:34:15,338 - 检查模型目录: D:\my-vue-project\wind-power-forecast\backend\auto_scripts\models\supershortmodel\20250423
2025-04-23 11:34:15,338 - 未找到best_models目录，检查传统模型文件
2025-04-23 11:34:15,338 - 未找到任何可用模型文件
2025-04-23 11:34:15,338 - ❌ 未有可用模型，无法执行预测
2025-04-23 11:34:15,338 - 
================================================================================
2025-04-23 11:34:15,338 - >>> 预测任务结束 <<<
2025-04-23 11:34:15,338 - ================================================================================

2025-04-23 11:34:15,338 - 预测任务结束
2025-04-23 11:39:17,381 - 
================================================================================
2025-04-23 11:39:17,381 - >>> 自动预测系统启动 <<<
2025-04-23 11:39:17,381 - ================================================================================

2025-04-23 11:39:17,381 - 自动预测系统启动
2025-04-23 11:39:17,381 - 当前日期: 20250423, 时间: 11:39:17
2025-04-23 11:39:17,381 - 
================================================================================
2025-04-23 11:39:17,381 - >>> 开始执行预测 <<<
2025-04-23 11:39:17,381 - ================================================================================

2025-04-23 11:39:17,381 - 开始执行预测
2025-04-23 11:39:17,382 - 扫描预测数据文件目录: D:\my-vue-project\wind-power-forecast\backend\auto_scripts\precsv\supershortcsv\20250423
2025-04-23 11:39:17,382 - 检查模型目录: D:\my-vue-project\wind-power-forecast\backend\auto_scripts\models\supershortmodel\20250423
2025-04-23 11:39:17,382 - 未找到best_models目录，检查传统模型文件
2025-04-23 11:39:17,382 - 未找到任何可用模型文件
2025-04-23 11:39:17,382 - ❌ 未有可用模型，无法执行预测
2025-04-23 11:39:17,382 - 
================================================================================
2025-04-23 11:39:17,382 - >>> 预测任务结束 <<<
2025-04-23 11:39:17,382 - ================================================================================

2025-04-23 11:39:17,382 - 预测任务结束
2025-04-23 11:44:18,552 - 
================================================================================
2025-04-23 11:44:18,552 - >>> 自动预测系统启动 <<<
2025-04-23 11:44:18,552 - ================================================================================

2025-04-23 11:44:18,552 - 自动预测系统启动
2025-04-23 11:44:18,552 - 当前日期: 20250423, 时间: 11:44:18
2025-04-23 11:44:18,552 - 
================================================================================
2025-04-23 11:44:18,552 - >>> 开始执行预测 <<<
2025-04-23 11:44:18,552 - ================================================================================

2025-04-23 11:44:18,552 - 开始执行预测
2025-04-23 11:44:18,552 - 扫描预测数据文件目录: D:\my-vue-project\wind-power-forecast\backend\auto_scripts\precsv\supershortcsv\20250423
2025-04-23 11:44:18,552 - 检查模型目录: D:\my-vue-project\wind-power-forecast\backend\auto_scripts\models\supershortmodel\20250423
2025-04-23 11:44:18,552 - 未找到best_models目录，检查传统模型文件
2025-04-23 11:44:18,552 - 未找到任何可用模型文件
2025-04-23 11:44:18,552 - ❌ 未有可用模型，无法执行预测
2025-04-23 11:44:18,552 - 
================================================================================
2025-04-23 11:44:18,552 - >>> 预测任务结束 <<<
2025-04-23 11:44:18,552 - ================================================================================

2025-04-23 11:44:18,552 - 预测任务结束
2025-04-23 11:49:19,785 - 
================================================================================
2025-04-23 11:49:19,785 - >>> 自动预测系统启动 <<<
2025-04-23 11:49:19,786 - ================================================================================

2025-04-23 11:49:19,786 - 自动预测系统启动
2025-04-23 11:49:19,786 - 当前日期: 20250423, 时间: 11:49:19
2025-04-23 11:49:19,786 - 
================================================================================
2025-04-23 11:49:19,786 - >>> 开始执行预测 <<<
2025-04-23 11:49:19,786 - ================================================================================

2025-04-23 11:49:19,786 - 开始执行预测
2025-04-23 11:49:19,786 - 扫描预测数据文件目录: D:\my-vue-project\wind-power-forecast\backend\auto_scripts\precsv\supershortcsv\20250423
2025-04-23 11:49:19,786 - 检查模型目录: D:\my-vue-project\wind-power-forecast\backend\auto_scripts\models\supershortmodel\20250423
2025-04-23 11:49:19,786 - 未找到best_models目录，检查传统模型文件
2025-04-23 11:49:19,786 - 未找到任何可用模型文件
2025-04-23 11:49:19,786 - ❌ 未有可用模型，无法执行预测
2025-04-23 11:49:19,786 - 
================================================================================
2025-04-23 11:49:19,787 - >>> 预测任务结束 <<<
2025-04-23 11:49:19,787 - ================================================================================

2025-04-23 11:49:19,787 - 预测任务结束
2025-04-23 11:54:21,877 - 
================================================================================
2025-04-23 11:54:21,878 - >>> 自动预测系统启动 <<<
2025-04-23 11:54:21,878 - ================================================================================

2025-04-23 11:54:21,878 - 自动预测系统启动
2025-04-23 11:54:21,878 - 当前日期: 20250423, 时间: 11:54:21
2025-04-23 11:54:21,878 - 
================================================================================
2025-04-23 11:54:21,878 - >>> 开始执行预测 <<<
2025-04-23 11:54:21,878 - ================================================================================

2025-04-23 11:54:21,878 - 开始执行预测
2025-04-23 11:54:21,878 - 扫描预测数据文件目录: D:\my-vue-project\wind-power-forecast\backend\auto_scripts\precsv\supershortcsv\20250423
2025-04-23 11:54:21,878 - 检查模型目录: D:\my-vue-project\wind-power-forecast\backend\auto_scripts\models\supershortmodel\20250423
2025-04-23 11:54:21,878 - 未找到best_models目录，检查传统模型文件
2025-04-23 11:54:21,878 - 未找到任何可用模型文件
2025-04-23 11:54:21,879 - ❌ 未有可用模型，无法执行预测
2025-04-23 11:54:21,879 - 
================================================================================
2025-04-23 11:54:21,879 - >>> 预测任务结束 <<<
2025-04-23 11:54:21,879 - ================================================================================

2025-04-23 11:54:21,879 - 预测任务结束
2025-04-23 11:59:23,998 - 
================================================================================
2025-04-23 11:59:23,999 - >>> 自动预测系统启动 <<<
2025-04-23 11:59:23,999 - ================================================================================

2025-04-23 11:59:23,999 - 自动预测系统启动
2025-04-23 11:59:23,999 - 当前日期: 20250423, 时间: 11:59:23
2025-04-23 11:59:23,999 - 
================================================================================
2025-04-23 11:59:23,999 - >>> 开始执行预测 <<<
2025-04-23 11:59:23,999 - ================================================================================

2025-04-23 11:59:23,999 - 开始执行预测
2025-04-23 11:59:23,999 - 扫描预测数据文件目录: D:\my-vue-project\wind-power-forecast\backend\auto_scripts\precsv\supershortcsv\20250423
2025-04-23 11:59:23,999 - 检查模型目录: D:\my-vue-project\wind-power-forecast\backend\auto_scripts\models\supershortmodel\20250423
2025-04-23 11:59:23,999 - 未找到best_models目录，检查传统模型文件
2025-04-23 11:59:23,999 - 未找到任何可用模型文件
2025-04-23 11:59:24,000 - ❌ 未有可用模型，无法执行预测
2025-04-23 11:59:24,000 - 
================================================================================
2025-04-23 11:59:24,000 - >>> 预测任务结束 <<<
2025-04-23 11:59:24,000 - ================================================================================

2025-04-23 11:59:24,000 - 预测任务结束
2025-04-23 12:04:26,111 - 
================================================================================
2025-04-23 12:04:26,111 - >>> 自动预测系统启动 <<<
2025-04-23 12:04:26,111 - ================================================================================

2025-04-23 12:04:26,111 - 自动预测系统启动
2025-04-23 12:04:26,111 - 当前日期: 20250423, 时间: 12:04:26
2025-04-23 12:04:26,111 - 
================================================================================
2025-04-23 12:04:26,111 - >>> 开始执行预测 <<<
2025-04-23 12:04:26,111 - ================================================================================

2025-04-23 12:04:26,111 - 开始执行预测
2025-04-23 12:04:26,112 - 扫描预测数据文件目录: D:\my-vue-project\wind-power-forecast\backend\auto_scripts\precsv\supershortcsv\20250423
2025-04-23 12:04:26,112 - 检查模型目录: D:\my-vue-project\wind-power-forecast\backend\auto_scripts\models\supershortmodel\20250423
2025-04-23 12:04:26,112 - 未找到best_models目录，检查传统模型文件
2025-04-23 12:04:26,112 - 未找到任何可用模型文件
2025-04-23 12:04:26,112 - ❌ 未有可用模型，无法执行预测
2025-04-23 12:04:26,112 - 
================================================================================
2025-04-23 12:04:26,112 - >>> 预测任务结束 <<<
2025-04-23 12:04:26,112 - ================================================================================

2025-04-23 12:04:26,112 - 预测任务结束
2025-04-23 12:09:27,293 - 
================================================================================
2025-04-23 12:09:27,293 - >>> 自动预测系统启动 <<<
2025-04-23 12:09:27,293 - ================================================================================

2025-04-23 12:09:27,293 - 自动预测系统启动
2025-04-23 12:09:27,293 - 当前日期: 20250423, 时间: 12:09:27
2025-04-23 12:09:27,293 - 
================================================================================
2025-04-23 12:09:27,293 - >>> 开始执行预测 <<<
2025-04-23 12:09:27,293 - ================================================================================

2025-04-23 12:09:27,293 - 开始执行预测
2025-04-23 12:09:27,293 - 扫描预测数据文件目录: D:\my-vue-project\wind-power-forecast\backend\auto_scripts\precsv\supershortcsv\20250423
2025-04-23 12:09:27,293 - 检查模型目录: D:\my-vue-project\wind-power-forecast\backend\auto_scripts\models\supershortmodel\20250423
2025-04-23 12:09:27,294 - 未找到best_models目录，检查传统模型文件
2025-04-23 12:09:27,294 - 未找到任何可用模型文件
2025-04-23 12:09:27,294 - ❌ 未有可用模型，无法执行预测
2025-04-23 12:09:27,294 - 
================================================================================
2025-04-23 12:09:27,294 - >>> 预测任务结束 <<<
2025-04-23 12:09:27,294 - ================================================================================

2025-04-23 12:09:27,294 - 预测任务结束
2025-04-23 12:14:29,353 - 
================================================================================
2025-04-23 12:14:29,353 - >>> 自动预测系统启动 <<<
2025-04-23 12:14:29,353 - ================================================================================

2025-04-23 12:14:29,353 - 自动预测系统启动
2025-04-23 12:14:29,353 - 当前日期: 20250423, 时间: 12:14:29
2025-04-23 12:14:29,353 - 
================================================================================
2025-04-23 12:14:29,353 - >>> 开始执行预测 <<<
2025-04-23 12:14:29,353 - ================================================================================

2025-04-23 12:14:29,353 - 开始执行预测
2025-04-23 12:14:29,353 - 扫描预测数据文件目录: D:\my-vue-project\wind-power-forecast\backend\auto_scripts\precsv\supershortcsv\20250423
2025-04-23 12:14:29,353 - 检查模型目录: D:\my-vue-project\wind-power-forecast\backend\auto_scripts\models\supershortmodel\20250423
2025-04-23 12:14:29,353 - 未找到best_models目录，检查传统模型文件
2025-04-23 12:14:29,354 - 未找到任何可用模型文件
2025-04-23 12:14:29,354 - ❌ 未有可用模型，无法执行预测
2025-04-23 12:14:29,354 - 
================================================================================
2025-04-23 12:14:29,354 - >>> 预测任务结束 <<<
2025-04-23 12:14:29,354 - ================================================================================

2025-04-23 12:14:29,354 - 预测任务结束
2025-04-23 12:19:30,551 - 
================================================================================
2025-04-23 12:19:30,551 - >>> 自动预测系统启动 <<<
2025-04-23 12:19:30,551 - ================================================================================

2025-04-23 12:19:30,551 - 自动预测系统启动
2025-04-23 12:19:30,552 - 当前日期: 20250423, 时间: 12:19:30
2025-04-23 12:19:30,552 - 
================================================================================
2025-04-23 12:19:30,552 - >>> 开始执行预测 <<<
2025-04-23 12:19:30,552 - ================================================================================

2025-04-23 12:19:30,552 - 开始执行预测
2025-04-23 12:19:30,552 - 扫描预测数据文件目录: D:\my-vue-project\wind-power-forecast\backend\auto_scripts\precsv\supershortcsv\20250423
2025-04-23 12:19:30,552 - 检查模型目录: D:\my-vue-project\wind-power-forecast\backend\auto_scripts\models\supershortmodel\20250423
2025-04-23 12:19:30,552 - 未找到best_models目录，检查传统模型文件
2025-04-23 12:19:30,552 - 未找到任何可用模型文件
2025-04-23 12:19:30,552 - ❌ 未有可用模型，无法执行预测
2025-04-23 12:19:30,552 - 
================================================================================
2025-04-23 12:19:30,552 - >>> 预测任务结束 <<<
2025-04-23 12:19:30,552 - ================================================================================

2025-04-23 12:19:30,552 - 预测任务结束
2025-04-23 12:24:31,728 - 
================================================================================
2025-04-23 12:24:31,728 - >>> 自动预测系统启动 <<<
2025-04-23 12:24:31,728 - ================================================================================

2025-04-23 12:24:31,728 - 自动预测系统启动
2025-04-23 12:24:31,728 - 当前日期: 20250423, 时间: 12:24:31
2025-04-23 12:24:31,728 - 
================================================================================
2025-04-23 12:24:31,728 - >>> 开始执行预测 <<<
2025-04-23 12:24:31,728 - ================================================================================

2025-04-23 12:24:31,728 - 开始执行预测
2025-04-23 12:24:31,729 - 扫描预测数据文件目录: D:\my-vue-project\wind-power-forecast\backend\auto_scripts\precsv\supershortcsv\20250423
2025-04-23 12:24:31,729 - 检查模型目录: D:\my-vue-project\wind-power-forecast\backend\auto_scripts\models\supershortmodel\20250423
2025-04-23 12:24:31,729 - 未找到best_models目录，检查传统模型文件
2025-04-23 12:24:31,729 - 未找到任何可用模型文件
2025-04-23 12:24:31,729 - ❌ 未有可用模型，无法执行预测
2025-04-23 12:24:31,729 - 
================================================================================
2025-04-23 12:24:31,729 - >>> 预测任务结束 <<<
2025-04-23 12:24:31,729 - ================================================================================

2025-04-23 12:24:31,729 - 预测任务结束
2025-04-23 12:29:32,957 - 
================================================================================
2025-04-23 12:29:32,957 - >>> 自动预测系统启动 <<<
2025-04-23 12:29:32,957 - ================================================================================

2025-04-23 12:29:32,957 - 自动预测系统启动
2025-04-23 12:29:32,957 - 当前日期: 20250423, 时间: 12:29:32
2025-04-23 12:29:32,957 - 
================================================================================
2025-04-23 12:29:32,957 - >>> 开始执行预测 <<<
2025-04-23 12:29:32,957 - ================================================================================

2025-04-23 12:29:32,957 - 开始执行预测
2025-04-23 12:29:32,957 - 扫描预测数据文件目录: D:\my-vue-project\wind-power-forecast\backend\auto_scripts\precsv\supershortcsv\20250423
2025-04-23 12:29:32,958 - 检查模型目录: D:\my-vue-project\wind-power-forecast\backend\auto_scripts\models\supershortmodel\20250423
2025-04-23 12:29:32,958 - 未找到best_models目录，检查传统模型文件
2025-04-23 12:29:32,958 - 未找到任何可用模型文件
2025-04-23 12:29:32,958 - ❌ 未有可用模型，无法执行预测
2025-04-23 12:29:32,958 - 
================================================================================
2025-04-23 12:29:32,958 - >>> 预测任务结束 <<<
2025-04-23 12:29:32,958 - ================================================================================

2025-04-23 12:29:32,958 - 预测任务结束
2025-04-23 12:34:35,118 - 
================================================================================
2025-04-23 12:34:35,118 - >>> 自动预测系统启动 <<<
2025-04-23 12:34:35,118 - ================================================================================

2025-04-23 12:34:35,118 - 自动预测系统启动
2025-04-23 12:34:35,118 - 当前日期: 20250423, 时间: 12:34:35
2025-04-23 12:34:35,118 - 
================================================================================
2025-04-23 12:34:35,118 - >>> 开始执行预测 <<<
2025-04-23 12:34:35,118 - ================================================================================

2025-04-23 12:34:35,118 - 开始执行预测
2025-04-23 12:34:35,119 - 扫描预测数据文件目录: D:\my-vue-project\wind-power-forecast\backend\auto_scripts\precsv\supershortcsv\20250423
2025-04-23 12:34:35,119 - 检查模型目录: D:\my-vue-project\wind-power-forecast\backend\auto_scripts\models\supershortmodel\20250423
2025-04-23 12:34:35,119 - 未找到best_models目录，检查传统模型文件
2025-04-23 12:34:35,119 - 未找到任何可用模型文件
2025-04-23 12:34:35,119 - ❌ 未有可用模型，无法执行预测
2025-04-23 12:34:35,119 - 
================================================================================
2025-04-23 12:34:35,119 - >>> 预测任务结束 <<<
2025-04-23 12:34:35,119 - ================================================================================

2025-04-23 12:34:35,119 - 预测任务结束
2025-04-23 12:39:37,276 - 
================================================================================
2025-04-23 12:39:37,276 - >>> 自动预测系统启动 <<<
2025-04-23 12:39:37,276 - ================================================================================

2025-04-23 12:39:37,276 - 自动预测系统启动
2025-04-23 12:39:37,276 - 当前日期: 20250423, 时间: 12:39:37
2025-04-23 12:39:37,276 - 
================================================================================
2025-04-23 12:39:37,276 - >>> 开始执行预测 <<<
2025-04-23 12:39:37,276 - ================================================================================

2025-04-23 12:39:37,276 - 开始执行预测
2025-04-23 12:39:37,277 - 扫描预测数据文件目录: D:\my-vue-project\wind-power-forecast\backend\auto_scripts\precsv\supershortcsv\20250423
2025-04-23 12:39:37,277 - 检查模型目录: D:\my-vue-project\wind-power-forecast\backend\auto_scripts\models\supershortmodel\20250423
2025-04-23 12:39:37,277 - 未找到best_models目录，检查传统模型文件
2025-04-23 12:39:37,277 - 未找到任何可用模型文件
2025-04-23 12:39:37,277 - ❌ 未有可用模型，无法执行预测
2025-04-23 12:39:37,277 - 
================================================================================
2025-04-23 12:39:37,277 - >>> 预测任务结束 <<<
2025-04-23 12:39:37,277 - ================================================================================

2025-04-23 12:39:37,277 - 预测任务结束
2025-04-23 12:44:39,360 - 
================================================================================
2025-04-23 12:44:39,360 - >>> 自动预测系统启动 <<<
2025-04-23 12:44:39,360 - ================================================================================

2025-04-23 12:44:39,360 - 自动预测系统启动
2025-04-23 12:44:39,360 - 当前日期: 20250423, 时间: 12:44:39
2025-04-23 12:44:39,360 - 
================================================================================
2025-04-23 12:44:39,360 - >>> 开始执行预测 <<<
2025-04-23 12:44:39,360 - ================================================================================

2025-04-23 12:44:39,360 - 开始执行预测
2025-04-23 12:44:39,361 - 扫描预测数据文件目录: D:\my-vue-project\wind-power-forecast\backend\auto_scripts\precsv\supershortcsv\20250423
2025-04-23 12:44:39,361 - 检查模型目录: D:\my-vue-project\wind-power-forecast\backend\auto_scripts\models\supershortmodel\20250423
2025-04-23 12:44:39,361 - 未找到best_models目录，检查传统模型文件
2025-04-23 12:44:39,361 - 未找到任何可用模型文件
2025-04-23 12:44:39,361 - ❌ 未有可用模型，无法执行预测
2025-04-23 12:44:39,361 - 
================================================================================
2025-04-23 12:44:39,361 - >>> 预测任务结束 <<<
2025-04-23 12:44:39,361 - ================================================================================

2025-04-23 12:44:39,361 - 预测任务结束
2025-04-23 12:49:41,361 - 
================================================================================
2025-04-23 12:49:41,362 - >>> 自动预测系统启动 <<<
2025-04-23 12:49:41,362 - ================================================================================

2025-04-23 12:49:41,362 - 自动预测系统启动
2025-04-23 12:49:41,362 - 当前日期: 20250423, 时间: 12:49:41
2025-04-23 12:49:41,362 - 
================================================================================
2025-04-23 12:49:41,362 - >>> 开始执行预测 <<<
2025-04-23 12:49:41,362 - ================================================================================

2025-04-23 12:49:41,362 - 开始执行预测
2025-04-23 12:49:41,362 - 扫描预测数据文件目录: D:\my-vue-project\wind-power-forecast\backend\auto_scripts\precsv\supershortcsv\20250423
2025-04-23 12:49:41,362 - 检查模型目录: D:\my-vue-project\wind-power-forecast\backend\auto_scripts\models\supershortmodel\20250423
2025-04-23 12:49:41,362 - 未找到best_models目录，检查传统模型文件
2025-04-23 12:49:41,362 - 未找到任何可用模型文件
2025-04-23 12:49:41,363 - ❌ 未有可用模型，无法执行预测
2025-04-23 12:49:41,363 - 
================================================================================
2025-04-23 12:49:41,363 - >>> 预测任务结束 <<<
2025-04-23 12:49:41,363 - ================================================================================

2025-04-23 12:49:41,363 - 预测任务结束
2025-04-23 12:54:42,504 - 
================================================================================
2025-04-23 12:54:42,504 - >>> 自动预测系统启动 <<<
2025-04-23 12:54:42,504 - ================================================================================

2025-04-23 12:54:42,504 - 自动预测系统启动
2025-04-23 12:54:42,504 - 当前日期: 20250423, 时间: 12:54:42
2025-04-23 12:54:42,504 - 
================================================================================
2025-04-23 12:54:42,504 - >>> 开始执行预测 <<<
2025-04-23 12:54:42,504 - ================================================================================

2025-04-23 12:54:42,504 - 开始执行预测
2025-04-23 12:54:42,504 - 扫描预测数据文件目录: D:\my-vue-project\wind-power-forecast\backend\auto_scripts\precsv\supershortcsv\20250423
2025-04-23 12:54:42,504 - 检查模型目录: D:\my-vue-project\wind-power-forecast\backend\auto_scripts\models\supershortmodel\20250423
2025-04-23 12:54:42,505 - 未找到best_models目录，检查传统模型文件
2025-04-23 12:54:42,505 - 未找到任何可用模型文件
2025-04-23 12:54:42,505 - ❌ 未有可用模型，无法执行预测
2025-04-23 12:54:42,505 - 
================================================================================
2025-04-23 12:54:42,505 - >>> 预测任务结束 <<<
2025-04-23 12:54:42,505 - ================================================================================

2025-04-23 12:54:42,505 - 预测任务结束
2025-04-23 12:59:44,633 - 
================================================================================
2025-04-23 12:59:44,633 - >>> 自动预测系统启动 <<<
2025-04-23 12:59:44,633 - ================================================================================

2025-04-23 12:59:44,633 - 自动预测系统启动
2025-04-23 12:59:44,633 - 当前日期: 20250423, 时间: 12:59:44
2025-04-23 12:59:44,633 - 
================================================================================
2025-04-23 12:59:44,633 - >>> 开始执行预测 <<<
2025-04-23 12:59:44,633 - ================================================================================

2025-04-23 12:59:44,633 - 开始执行预测
2025-04-23 12:59:44,634 - 扫描预测数据文件目录: D:\my-vue-project\wind-power-forecast\backend\auto_scripts\precsv\supershortcsv\20250423
2025-04-23 12:59:44,634 - 检查模型目录: D:\my-vue-project\wind-power-forecast\backend\auto_scripts\models\supershortmodel\20250423
2025-04-23 12:59:44,634 - 未找到best_models目录，检查传统模型文件
2025-04-23 12:59:44,634 - 未找到任何可用模型文件
2025-04-23 12:59:44,634 - ❌ 未有可用模型，无法执行预测
2025-04-23 12:59:44,634 - 
================================================================================
2025-04-23 12:59:44,634 - >>> 预测任务结束 <<<
2025-04-23 12:59:44,634 - ================================================================================

2025-04-23 12:59:44,634 - 预测任务结束
2025-04-23 13:04:45,798 - 
================================================================================
2025-04-23 13:04:45,798 - >>> 自动预测系统启动 <<<
2025-04-23 13:04:45,798 - ================================================================================

2025-04-23 13:04:45,798 - 自动预测系统启动
2025-04-23 13:04:45,798 - 当前日期: 20250423, 时间: 13:04:45
2025-04-23 13:04:45,798 - 
================================================================================
2025-04-23 13:04:45,798 - >>> 开始执行预测 <<<
2025-04-23 13:04:45,798 - ================================================================================

2025-04-23 13:04:45,798 - 开始执行预测
2025-04-23 13:04:45,798 - 扫描预测数据文件目录: D:\my-vue-project\wind-power-forecast\backend\auto_scripts\precsv\supershortcsv\20250423
2025-04-23 13:04:45,798 - 检查模型目录: D:\my-vue-project\wind-power-forecast\backend\auto_scripts\models\supershortmodel\20250423
2025-04-23 13:04:45,798 - 未找到best_models目录，检查传统模型文件
2025-04-23 13:04:45,799 - 未找到任何可用模型文件
2025-04-23 13:04:45,799 - ❌ 未有可用模型，无法执行预测
2025-04-23 13:04:45,799 - 
================================================================================
2025-04-23 13:04:45,799 - >>> 预测任务结束 <<<
2025-04-23 13:04:45,799 - ================================================================================

2025-04-23 13:04:45,799 - 预测任务结束
2025-04-23 13:09:47,822 - 
================================================================================
2025-04-23 13:09:47,822 - >>> 自动预测系统启动 <<<
2025-04-23 13:09:47,822 - ================================================================================

2025-04-23 13:09:47,822 - 自动预测系统启动
2025-04-23 13:09:47,823 - 当前日期: 20250423, 时间: 13:09:47
2025-04-23 13:09:47,823 - 
================================================================================
2025-04-23 13:09:47,823 - >>> 开始执行预测 <<<
2025-04-23 13:09:47,823 - ================================================================================

2025-04-23 13:09:47,823 - 开始执行预测
2025-04-23 13:09:47,823 - 扫描预测数据文件目录: D:\my-vue-project\wind-power-forecast\backend\auto_scripts\precsv\supershortcsv\20250423
2025-04-23 13:09:47,823 - 检查模型目录: D:\my-vue-project\wind-power-forecast\backend\auto_scripts\models\supershortmodel\20250423
2025-04-23 13:09:47,823 - 未找到best_models目录，检查传统模型文件
2025-04-23 13:09:47,823 - 未找到任何可用模型文件
2025-04-23 13:09:47,823 - ❌ 未有可用模型，无法执行预测
2025-04-23 13:09:47,823 - 
================================================================================
2025-04-23 13:09:47,823 - >>> 预测任务结束 <<<
2025-04-23 13:09:47,823 - ================================================================================

2025-04-23 13:09:47,823 - 预测任务结束
2025-04-23 13:14:49,927 - 
================================================================================
2025-04-23 13:14:49,927 - >>> 自动预测系统启动 <<<
2025-04-23 13:14:49,927 - ================================================================================

2025-04-23 13:14:49,927 - 自动预测系统启动
2025-04-23 13:14:49,927 - 当前日期: 20250423, 时间: 13:14:49
2025-04-23 13:14:49,927 - 
================================================================================
2025-04-23 13:14:49,928 - >>> 开始执行预测 <<<
2025-04-23 13:14:49,928 - ================================================================================

2025-04-23 13:14:49,928 - 开始执行预测
2025-04-23 13:14:49,928 - 扫描预测数据文件目录: D:\my-vue-project\wind-power-forecast\backend\auto_scripts\precsv\supershortcsv\20250423
2025-04-23 13:14:49,928 - 检查模型目录: D:\my-vue-project\wind-power-forecast\backend\auto_scripts\models\supershortmodel\20250423
2025-04-23 13:14:49,928 - 未找到best_models目录，检查传统模型文件
2025-04-23 13:14:49,928 - 未找到任何可用模型文件
2025-04-23 13:14:49,928 - ❌ 未有可用模型，无法执行预测
2025-04-23 13:14:49,928 - 
================================================================================
2025-04-23 13:14:49,928 - >>> 预测任务结束 <<<
2025-04-23 13:14:49,928 - ================================================================================

2025-04-23 13:14:49,928 - 预测任务结束
2025-04-23 13:19:51,972 - 
================================================================================
2025-04-23 13:19:51,972 - >>> 自动预测系统启动 <<<
2025-04-23 13:19:51,972 - ================================================================================

2025-04-23 13:19:51,972 - 自动预测系统启动
2025-04-23 13:19:51,972 - 当前日期: 20250423, 时间: 13:19:51
2025-04-23 13:19:51,972 - 
================================================================================
2025-04-23 13:19:51,972 - >>> 开始执行预测 <<<
2025-04-23 13:19:51,972 - ================================================================================

2025-04-23 13:19:51,972 - 开始执行预测
2025-04-23 13:19:51,973 - 扫描预测数据文件目录: D:\my-vue-project\wind-power-forecast\backend\auto_scripts\precsv\supershortcsv\20250423
2025-04-23 13:19:51,973 - 检查模型目录: D:\my-vue-project\wind-power-forecast\backend\auto_scripts\models\supershortmodel\20250423
2025-04-23 13:19:51,973 - 未找到best_models目录，检查传统模型文件
2025-04-23 13:19:51,973 - 未找到任何可用模型文件
2025-04-23 13:19:51,973 - ❌ 未有可用模型，无法执行预测
2025-04-23 13:19:51,973 - 
================================================================================
2025-04-23 13:19:51,973 - >>> 预测任务结束 <<<
2025-04-23 13:19:51,973 - ================================================================================

2025-04-23 13:19:51,973 - 预测任务结束
2025-04-23 13:24:53,169 - 
================================================================================
2025-04-23 13:24:53,169 - >>> 自动预测系统启动 <<<
2025-04-23 13:24:53,169 - ================================================================================

2025-04-23 13:24:53,169 - 自动预测系统启动
2025-04-23 13:24:53,169 - 当前日期: 20250423, 时间: 13:24:53
2025-04-23 13:24:53,169 - 
================================================================================
2025-04-23 13:24:53,169 - >>> 开始执行预测 <<<
2025-04-23 13:24:53,169 - ================================================================================

2025-04-23 13:24:53,169 - 开始执行预测
2025-04-23 13:24:53,169 - 扫描预测数据文件目录: D:\my-vue-project\wind-power-forecast\backend\auto_scripts\precsv\supershortcsv\20250423
2025-04-23 13:24:53,169 - 检查模型目录: D:\my-vue-project\wind-power-forecast\backend\auto_scripts\models\supershortmodel\20250423
2025-04-23 13:24:53,169 - 未找到best_models目录，检查传统模型文件
2025-04-23 13:24:53,169 - 未找到任何可用模型文件
2025-04-23 13:24:53,170 - ❌ 未有可用模型，无法执行预测
2025-04-23 13:24:53,170 - 
================================================================================
2025-04-23 13:24:53,170 - >>> 预测任务结束 <<<
2025-04-23 13:24:53,170 - ================================================================================

2025-04-23 13:24:53,170 - 预测任务结束
2025-04-23 13:29:54,357 - 
================================================================================
2025-04-23 13:29:54,357 - >>> 自动预测系统启动 <<<
2025-04-23 13:29:54,357 - ================================================================================

2025-04-23 13:29:54,357 - 自动预测系统启动
2025-04-23 13:29:54,357 - 当前日期: 20250423, 时间: 13:29:54
2025-04-23 13:29:54,357 - 
================================================================================
2025-04-23 13:29:54,357 - >>> 开始执行预测 <<<
2025-04-23 13:29:54,357 - ================================================================================

2025-04-23 13:29:54,357 - 开始执行预测
2025-04-23 13:29:54,358 - 扫描预测数据文件目录: D:\my-vue-project\wind-power-forecast\backend\auto_scripts\precsv\supershortcsv\20250423
2025-04-23 13:29:54,358 - 检查模型目录: D:\my-vue-project\wind-power-forecast\backend\auto_scripts\models\supershortmodel\20250423
2025-04-23 13:29:54,358 - 未找到best_models目录，检查传统模型文件
2025-04-23 13:29:54,358 - 未找到任何可用模型文件
2025-04-23 13:29:54,358 - ❌ 未有可用模型，无法执行预测
2025-04-23 13:29:54,358 - 
================================================================================
2025-04-23 13:29:54,358 - >>> 预测任务结束 <<<
2025-04-23 13:29:54,358 - ================================================================================

2025-04-23 13:29:54,358 - 预测任务结束
2025-04-23 13:34:55,522 - 
================================================================================
2025-04-23 13:34:55,522 - >>> 自动预测系统启动 <<<
2025-04-23 13:34:55,522 - ================================================================================

2025-04-23 13:34:55,522 - 自动预测系统启动
2025-04-23 13:34:55,522 - 当前日期: 20250423, 时间: 13:34:55
2025-04-23 13:34:55,522 - 
================================================================================
2025-04-23 13:34:55,522 - >>> 开始执行预测 <<<
2025-04-23 13:34:55,522 - ================================================================================

2025-04-23 13:34:55,522 - 开始执行预测
2025-04-23 13:34:55,523 - 扫描预测数据文件目录: D:\my-vue-project\wind-power-forecast\backend\auto_scripts\precsv\supershortcsv\20250423
2025-04-23 13:34:55,523 - 检查模型目录: D:\my-vue-project\wind-power-forecast\backend\auto_scripts\models\supershortmodel\20250423
2025-04-23 13:34:55,523 - 未找到best_models目录，检查传统模型文件
2025-04-23 13:34:55,523 - 未找到任何可用模型文件
2025-04-23 13:34:55,523 - ❌ 未有可用模型，无法执行预测
2025-04-23 13:34:55,523 - 
================================================================================
2025-04-23 13:34:55,523 - >>> 预测任务结束 <<<
2025-04-23 13:34:55,523 - ================================================================================

2025-04-23 13:34:55,523 - 预测任务结束
2025-04-23 13:39:56,720 - 
================================================================================
2025-04-23 13:39:56,720 - >>> 自动预测系统启动 <<<
2025-04-23 13:39:56,721 - ================================================================================

2025-04-23 13:39:56,721 - 自动预测系统启动
2025-04-23 13:39:56,721 - 当前日期: 20250423, 时间: 13:39:56
2025-04-23 13:39:56,721 - 
================================================================================
2025-04-23 13:39:56,721 - >>> 开始执行预测 <<<
2025-04-23 13:39:56,721 - ================================================================================

2025-04-23 13:39:56,721 - 开始执行预测
2025-04-23 13:39:56,721 - 扫描预测数据文件目录: D:\my-vue-project\wind-power-forecast\backend\auto_scripts\precsv\supershortcsv\20250423
2025-04-23 13:39:56,721 - 检查模型目录: D:\my-vue-project\wind-power-forecast\backend\auto_scripts\models\supershortmodel\20250423
2025-04-23 13:39:56,721 - 未找到best_models目录，检查传统模型文件
2025-04-23 13:39:56,721 - 未找到任何可用模型文件
2025-04-23 13:39:56,721 - ❌ 未有可用模型，无法执行预测
2025-04-23 13:39:56,721 - 
================================================================================
2025-04-23 13:39:56,721 - >>> 预测任务结束 <<<
2025-04-23 13:39:56,722 - ================================================================================

2025-04-23 13:39:56,722 - 预测任务结束
2025-04-23 13:44:58,879 - 
================================================================================
2025-04-23 13:44:58,879 - >>> 自动预测系统启动 <<<
2025-04-23 13:44:58,879 - ================================================================================

2025-04-23 13:44:58,879 - 自动预测系统启动
2025-04-23 13:44:58,879 - 当前日期: 20250423, 时间: 13:44:58
2025-04-23 13:44:58,879 - 
================================================================================
2025-04-23 13:44:58,879 - >>> 开始执行预测 <<<
2025-04-23 13:44:58,879 - ================================================================================

2025-04-23 13:44:58,879 - 开始执行预测
2025-04-23 13:44:58,880 - 扫描预测数据文件目录: D:\my-vue-project\wind-power-forecast\backend\auto_scripts\precsv\supershortcsv\20250423
2025-04-23 13:44:58,880 - 检查模型目录: D:\my-vue-project\wind-power-forecast\backend\auto_scripts\models\supershortmodel\20250423
2025-04-23 13:44:58,880 - 未找到best_models目录，检查传统模型文件
2025-04-23 13:44:58,880 - 未找到任何可用模型文件
2025-04-23 13:44:58,880 - ❌ 未有可用模型，无法执行预测
2025-04-23 13:44:58,880 - 
================================================================================
2025-04-23 13:44:58,880 - >>> 预测任务结束 <<<
2025-04-23 13:44:58,880 - ================================================================================

2025-04-23 13:44:58,880 - 预测任务结束
2025-04-23 13:50:01,011 - 
================================================================================
2025-04-23 13:50:01,011 - >>> 自动预测系统启动 <<<
2025-04-23 13:50:01,011 - ================================================================================

2025-04-23 13:50:01,011 - 自动预测系统启动
2025-04-23 13:50:01,011 - 当前日期: 20250423, 时间: 13:50:01
2025-04-23 13:50:01,011 - 
================================================================================
2025-04-23 13:50:01,011 - >>> 开始执行预测 <<<
2025-04-23 13:50:01,011 - ================================================================================

2025-04-23 13:50:01,011 - 开始执行预测
2025-04-23 13:50:01,011 - 扫描预测数据文件目录: D:\my-vue-project\wind-power-forecast\backend\auto_scripts\precsv\supershortcsv\20250423
2025-04-23 13:50:01,012 - 检查模型目录: D:\my-vue-project\wind-power-forecast\backend\auto_scripts\models\supershortmodel\20250423
2025-04-23 13:50:01,012 - 未找到best_models目录，检查传统模型文件
2025-04-23 13:50:01,012 - 未找到任何可用模型文件
2025-04-23 13:50:01,012 - ❌ 未有可用模型，无法执行预测
2025-04-23 13:50:01,012 - 
================================================================================
2025-04-23 13:50:01,012 - >>> 预测任务结束 <<<
2025-04-23 13:50:01,012 - ================================================================================

2025-04-23 13:50:01,012 - 预测任务结束
2025-04-23 13:55:03,103 - 
================================================================================
2025-04-23 13:55:03,104 - >>> 自动预测系统启动 <<<
2025-04-23 13:55:03,104 - ================================================================================

2025-04-23 13:55:03,104 - 自动预测系统启动
2025-04-23 13:55:03,104 - 当前日期: 20250423, 时间: 13:55:03
2025-04-23 13:55:03,104 - 
================================================================================
2025-04-23 13:55:03,104 - >>> 开始执行预测 <<<
2025-04-23 13:55:03,104 - ================================================================================

2025-04-23 13:55:03,104 - 开始执行预测
2025-04-23 13:55:03,104 - 扫描预测数据文件目录: D:\my-vue-project\wind-power-forecast\backend\auto_scripts\precsv\supershortcsv\20250423
2025-04-23 13:55:03,104 - 检查模型目录: D:\my-vue-project\wind-power-forecast\backend\auto_scripts\models\supershortmodel\20250423
2025-04-23 13:55:03,104 - 未找到best_models目录，检查传统模型文件
2025-04-23 13:55:03,105 - 未找到任何可用模型文件
2025-04-23 13:55:03,105 - ❌ 未有可用模型，无法执行预测
2025-04-23 13:55:03,105 - 
================================================================================
2025-04-23 13:55:03,105 - >>> 预测任务结束 <<<
2025-04-23 13:55:03,105 - ================================================================================

2025-04-23 13:55:03,105 - 预测任务结束
2025-04-23 14:00:04,260 - 
================================================================================
2025-04-23 14:00:04,260 - >>> 自动预测系统启动 <<<
2025-04-23 14:00:04,260 - ================================================================================

2025-04-23 14:00:04,260 - 自动预测系统启动
2025-04-23 14:00:04,260 - 当前日期: 20250423, 时间: 14:00:04
2025-04-23 14:00:04,260 - 
================================================================================
2025-04-23 14:00:04,260 - >>> 开始执行预测 <<<
2025-04-23 14:00:04,260 - ================================================================================

2025-04-23 14:00:04,260 - 开始执行预测
2025-04-23 14:00:04,261 - 扫描预测数据文件目录: D:\my-vue-project\wind-power-forecast\backend\auto_scripts\precsv\supershortcsv\20250423
2025-04-23 14:00:04,261 - 检查模型目录: D:\my-vue-project\wind-power-forecast\backend\auto_scripts\models\supershortmodel\20250423
2025-04-23 14:00:04,261 - 未找到best_models目录，检查传统模型文件
2025-04-23 14:00:04,261 - 未找到任何可用模型文件
2025-04-23 14:00:04,261 - ❌ 未有可用模型，无法执行预测
2025-04-23 14:00:04,261 - 
================================================================================
2025-04-23 14:00:04,261 - >>> 预测任务结束 <<<
2025-04-23 14:00:04,261 - ================================================================================

2025-04-23 14:00:04,261 - 预测任务结束
2025-04-23 14:05:06,337 - 
================================================================================
2025-04-23 14:05:06,337 - >>> 自动预测系统启动 <<<
2025-04-23 14:05:06,337 - ================================================================================

2025-04-23 14:05:06,337 - 自动预测系统启动
2025-04-23 14:05:06,337 - 当前日期: 20250423, 时间: 14:05:06
2025-04-23 14:05:06,337 - 
================================================================================
2025-04-23 14:05:06,337 - >>> 开始执行预测 <<<
2025-04-23 14:05:06,337 - ================================================================================

2025-04-23 14:05:06,337 - 开始执行预测
2025-04-23 14:05:06,337 - 扫描预测数据文件目录: D:\my-vue-project\wind-power-forecast\backend\auto_scripts\precsv\supershortcsv\20250423
2025-04-23 14:05:06,337 - 检查模型目录: D:\my-vue-project\wind-power-forecast\backend\auto_scripts\models\supershortmodel\20250423
2025-04-23 14:05:06,337 - 未找到best_models目录，检查传统模型文件
2025-04-23 14:05:06,338 - 未找到任何可用模型文件
2025-04-23 14:05:06,338 - ❌ 未有可用模型，无法执行预测
2025-04-23 14:05:06,338 - 
================================================================================
2025-04-23 14:05:06,338 - >>> 预测任务结束 <<<
2025-04-23 14:05:06,338 - ================================================================================

2025-04-23 14:05:06,338 - 预测任务结束
2025-04-23 14:10:07,536 - 
================================================================================
2025-04-23 14:10:07,536 - >>> 自动预测系统启动 <<<
2025-04-23 14:10:07,536 - ================================================================================

2025-04-23 14:10:07,536 - 自动预测系统启动
2025-04-23 14:10:07,536 - 当前日期: 20250423, 时间: 14:10:07
2025-04-23 14:10:07,536 - 
================================================================================
2025-04-23 14:10:07,536 - >>> 开始执行预测 <<<
2025-04-23 14:10:07,537 - ================================================================================

2025-04-23 14:10:07,537 - 开始执行预测
2025-04-23 14:10:07,537 - 扫描预测数据文件目录: D:\my-vue-project\wind-power-forecast\backend\auto_scripts\precsv\supershortcsv\20250423
2025-04-23 14:10:07,537 - 检查模型目录: D:\my-vue-project\wind-power-forecast\backend\auto_scripts\models\supershortmodel\20250423
2025-04-23 14:10:07,537 - 未找到best_models目录，检查传统模型文件
2025-04-23 14:10:07,537 - 未找到任何可用模型文件
2025-04-23 14:10:07,537 - ❌ 未有可用模型，无法执行预测
2025-04-23 14:10:07,537 - 
================================================================================
2025-04-23 14:10:07,537 - >>> 预测任务结束 <<<
2025-04-23 14:10:07,537 - ================================================================================

2025-04-23 14:10:07,537 - 预测任务结束
2025-04-23 14:15:09,645 - 
================================================================================
2025-04-23 14:15:09,646 - >>> 自动预测系统启动 <<<
2025-04-23 14:15:09,646 - ================================================================================

2025-04-23 14:15:09,646 - 自动预测系统启动
2025-04-23 14:15:09,646 - 当前日期: 20250423, 时间: 14:15:09
2025-04-23 14:15:09,646 - 
================================================================================
2025-04-23 14:15:09,646 - >>> 开始执行预测 <<<
2025-04-23 14:15:09,646 - ================================================================================

2025-04-23 14:15:09,646 - 开始执行预测
2025-04-23 14:15:09,646 - 扫描预测数据文件目录: D:\my-vue-project\wind-power-forecast\backend\auto_scripts\precsv\supershortcsv\20250423
2025-04-23 14:15:09,646 - 检查模型目录: D:\my-vue-project\wind-power-forecast\backend\auto_scripts\models\supershortmodel\20250423
2025-04-23 14:15:09,646 - 未找到best_models目录，检查传统模型文件
2025-04-23 14:15:09,646 - 未找到任何可用模型文件
2025-04-23 14:15:09,646 - ❌ 未有可用模型，无法执行预测
2025-04-23 14:15:09,646 - 
================================================================================
2025-04-23 14:15:09,647 - >>> 预测任务结束 <<<
2025-04-23 14:15:09,647 - ================================================================================

2025-04-23 14:15:09,647 - 预测任务结束
2025-04-23 14:20:10,813 - 
================================================================================
2025-04-23 14:20:10,814 - >>> 自动预测系统启动 <<<
2025-04-23 14:20:10,814 - ================================================================================

2025-04-23 14:20:10,814 - 自动预测系统启动
2025-04-23 14:20:10,814 - 当前日期: 20250423, 时间: 14:20:10
2025-04-23 14:20:10,814 - 
================================================================================
2025-04-23 14:20:10,814 - >>> 开始执行预测 <<<
2025-04-23 14:20:10,814 - ================================================================================

2025-04-23 14:20:10,814 - 开始执行预测
2025-04-23 14:20:10,814 - 扫描预测数据文件目录: D:\my-vue-project\wind-power-forecast\backend\auto_scripts\precsv\supershortcsv\20250423
2025-04-23 14:20:10,814 - 检查模型目录: D:\my-vue-project\wind-power-forecast\backend\auto_scripts\models\supershortmodel\20250423
2025-04-23 14:20:10,814 - 未找到best_models目录，检查传统模型文件
2025-04-23 14:20:10,814 - 未找到任何可用模型文件
2025-04-23 14:20:10,814 - ❌ 未有可用模型，无法执行预测
2025-04-23 14:20:10,815 - 
================================================================================
2025-04-23 14:20:10,815 - >>> 预测任务结束 <<<
2025-04-23 14:20:10,815 - ================================================================================

2025-04-23 14:20:10,815 - 预测任务结束
2025-04-23 14:25:12,868 - 
================================================================================
2025-04-23 14:25:12,868 - >>> 自动预测系统启动 <<<
2025-04-23 14:25:12,868 - ================================================================================

2025-04-23 14:25:12,868 - 自动预测系统启动
2025-04-23 14:25:12,868 - 当前日期: 20250423, 时间: 14:25:12
2025-04-23 14:25:12,868 - 
================================================================================
2025-04-23 14:25:12,868 - >>> 开始执行预测 <<<
2025-04-23 14:25:12,868 - ================================================================================

2025-04-23 14:25:12,868 - 开始执行预测
2025-04-23 14:25:12,869 - 扫描预测数据文件目录: D:\my-vue-project\wind-power-forecast\backend\auto_scripts\precsv\supershortcsv\20250423
2025-04-23 14:25:12,869 - 检查模型目录: D:\my-vue-project\wind-power-forecast\backend\auto_scripts\models\supershortmodel\20250423
2025-04-23 14:25:12,869 - 未找到best_models目录，检查传统模型文件
2025-04-23 14:25:12,869 - 未找到任何可用模型文件
2025-04-23 14:25:12,869 - ❌ 未有可用模型，无法执行预测
2025-04-23 14:25:12,869 - 
================================================================================
2025-04-23 14:25:12,869 - >>> 预测任务结束 <<<
2025-04-23 14:25:12,869 - ================================================================================

2025-04-23 14:25:12,869 - 预测任务结束
2025-04-23 14:30:14,109 - 
================================================================================
2025-04-23 14:30:14,109 - >>> 自动预测系统启动 <<<
2025-04-23 14:30:14,109 - ================================================================================

2025-04-23 14:30:14,109 - 自动预测系统启动
2025-04-23 14:30:14,109 - 当前日期: 20250423, 时间: 14:30:14
2025-04-23 14:30:14,109 - 
================================================================================
2025-04-23 14:30:14,109 - >>> 开始执行预测 <<<
2025-04-23 14:30:14,109 - ================================================================================

2025-04-23 14:30:14,109 - 开始执行预测
2025-04-23 14:30:14,110 - 扫描预测数据文件目录: D:\my-vue-project\wind-power-forecast\backend\auto_scripts\precsv\supershortcsv\20250423
2025-04-23 14:30:14,110 - 检查模型目录: D:\my-vue-project\wind-power-forecast\backend\auto_scripts\models\supershortmodel\20250423
2025-04-23 14:30:14,110 - 未找到best_models目录，检查传统模型文件
2025-04-23 14:30:14,110 - 未找到任何可用模型文件
2025-04-23 14:30:14,110 - ❌ 未有可用模型，无法执行预测
2025-04-23 14:30:14,110 - 
================================================================================
2025-04-23 14:30:14,110 - >>> 预测任务结束 <<<
2025-04-23 14:30:14,110 - ================================================================================

2025-04-23 14:30:14,110 - 预测任务结束
2025-04-23 14:35:15,273 - 
================================================================================
2025-04-23 14:35:15,273 - >>> 自动预测系统启动 <<<
2025-04-23 14:35:15,273 - ================================================================================

2025-04-23 14:35:15,273 - 自动预测系统启动
2025-04-23 14:35:15,273 - 当前日期: 20250423, 时间: 14:35:15
2025-04-23 14:35:15,273 - 
================================================================================
2025-04-23 14:35:15,273 - >>> 开始执行预测 <<<
2025-04-23 14:35:15,273 - ================================================================================

2025-04-23 14:35:15,273 - 开始执行预测
2025-04-23 14:35:15,274 - 扫描预测数据文件目录: D:\my-vue-project\wind-power-forecast\backend\auto_scripts\precsv\supershortcsv\20250423
2025-04-23 14:35:15,274 - 检查模型目录: D:\my-vue-project\wind-power-forecast\backend\auto_scripts\models\supershortmodel\20250423
2025-04-23 14:35:15,274 - 未找到best_models目录，检查传统模型文件
2025-04-23 14:35:15,274 - 未找到任何可用模型文件
2025-04-23 14:35:15,274 - ❌ 未有可用模型，无法执行预测
2025-04-23 14:35:15,274 - 
================================================================================
2025-04-23 14:35:15,274 - >>> 预测任务结束 <<<
2025-04-23 14:35:15,274 - ================================================================================

2025-04-23 14:35:15,274 - 预测任务结束
2025-04-23 14:40:17,330 - 
================================================================================
2025-04-23 14:40:17,330 - >>> 自动预测系统启动 <<<
2025-04-23 14:40:17,330 - ================================================================================

2025-04-23 14:40:17,330 - 自动预测系统启动
2025-04-23 14:40:17,330 - 当前日期: 20250423, 时间: 14:40:17
2025-04-23 14:40:17,330 - 
================================================================================
2025-04-23 14:40:17,330 - >>> 开始执行预测 <<<
2025-04-23 14:40:17,330 - ================================================================================

2025-04-23 14:40:17,330 - 开始执行预测
2025-04-23 14:40:17,331 - 扫描预测数据文件目录: D:\my-vue-project\wind-power-forecast\backend\auto_scripts\precsv\supershortcsv\20250423
2025-04-23 14:40:17,331 - 检查模型目录: D:\my-vue-project\wind-power-forecast\backend\auto_scripts\models\supershortmodel\20250423
2025-04-23 14:40:17,331 - 未找到best_models目录，检查传统模型文件
2025-04-23 14:40:17,331 - 未找到任何可用模型文件
2025-04-23 14:40:17,331 - ❌ 未有可用模型，无法执行预测
2025-04-23 14:40:17,331 - 
================================================================================
2025-04-23 14:40:17,331 - >>> 预测任务结束 <<<
2025-04-23 14:40:17,331 - ================================================================================

2025-04-23 14:40:17,331 - 预测任务结束
2025-04-23 14:45:18,597 - 
================================================================================
2025-04-23 14:45:18,598 - >>> 自动预测系统启动 <<<
2025-04-23 14:45:18,598 - ================================================================================

2025-04-23 14:45:18,598 - 自动预测系统启动
2025-04-23 14:45:18,598 - 当前日期: 20250423, 时间: 14:45:18
2025-04-23 14:45:18,598 - 
================================================================================
2025-04-23 14:45:18,598 - >>> 开始执行预测 <<<
2025-04-23 14:45:18,598 - ================================================================================

2025-04-23 14:45:18,598 - 开始执行预测
2025-04-23 14:45:18,598 - 扫描预测数据文件目录: D:\my-vue-project\wind-power-forecast\backend\auto_scripts\precsv\supershortcsv\20250423
2025-04-23 14:45:18,598 - 检查模型目录: D:\my-vue-project\wind-power-forecast\backend\auto_scripts\models\supershortmodel\20250423
2025-04-23 14:45:18,598 - 未找到best_models目录，检查传统模型文件
2025-04-23 14:45:18,598 - 未找到任何可用模型文件
2025-04-23 14:45:18,598 - ❌ 未有可用模型，无法执行预测
2025-04-23 14:45:18,598 - 
================================================================================
2025-04-23 14:45:18,599 - >>> 预测任务结束 <<<
2025-04-23 14:45:18,599 - ================================================================================

2025-04-23 14:45:18,599 - 预测任务结束
2025-04-23 15:36:17,033 - 
================================================================================
2025-04-23 15:36:17,033 - >>> 自动预测系统启动 <<<
2025-04-23 15:36:17,033 - ================================================================================

2025-04-23 15:36:17,033 - 自动预测系统启动
2025-04-23 15:36:17,033 - 当前日期: 20250423, 时间: 15:36:17
2025-04-23 15:36:17,033 - 
================================================================================
2025-04-23 15:36:17,033 - >>> 开始执行预测 <<<
2025-04-23 15:36:17,033 - ================================================================================

2025-04-23 15:36:17,033 - 开始执行预测
2025-04-23 15:36:17,034 - 扫描预测数据文件目录: D:\my-vue-project\wind-power-forecast\backend\auto_scripts\precsv\supershortcsv\20250423
2025-04-23 15:36:17,034 - 检查模型目录: D:\my-vue-project\wind-power-forecast\backend\auto_scripts\models\supershortmodel\20250423
2025-04-23 15:36:17,034 - 未找到best_models目录，检查传统模型文件
2025-04-23 15:36:17,034 - 未找到任何可用模型文件
2025-04-23 15:36:17,034 - ❌ 未有可用模型，无法执行预测
2025-04-23 15:36:17,034 - 
================================================================================
2025-04-23 15:36:17,034 - >>> 预测任务结束 <<<
2025-04-23 15:36:17,034 - ================================================================================

2025-04-23 15:36:17,034 - 预测任务结束
2025-04-23 15:41:18,961 - 
================================================================================
2025-04-23 15:41:18,961 - >>> 自动预测系统启动 <<<
2025-04-23 15:41:18,961 - ================================================================================

2025-04-23 15:41:18,961 - 自动预测系统启动
2025-04-23 15:41:18,961 - 当前日期: 20250423, 时间: 15:41:18
2025-04-23 15:41:18,962 - 
================================================================================
2025-04-23 15:41:18,962 - >>> 开始执行预测 <<<
2025-04-23 15:41:18,962 - ================================================================================

2025-04-23 15:41:18,962 - 开始执行预测
2025-04-23 15:41:18,962 - 扫描预测数据文件目录: D:\my-vue-project\wind-power-forecast\backend\auto_scripts\precsv\supershortcsv\20250423
2025-04-23 15:41:18,962 - 检查模型目录: D:\my-vue-project\wind-power-forecast\backend\auto_scripts\models\supershortmodel\20250423
2025-04-23 15:41:18,962 - 未找到best_models目录，检查传统模型文件
2025-04-23 15:41:18,962 - 未找到任何可用模型文件
2025-04-23 15:41:18,962 - ❌ 未有可用模型，无法执行预测
2025-04-23 15:41:18,962 - 
================================================================================
2025-04-23 15:41:18,962 - >>> 预测任务结束 <<<
2025-04-23 15:41:18,962 - ================================================================================

2025-04-23 15:41:18,962 - 预测任务结束
2025-04-23 15:46:20,154 - 
================================================================================
2025-04-23 15:46:20,154 - >>> 自动预测系统启动 <<<
2025-04-23 15:46:20,154 - ================================================================================

2025-04-23 15:46:20,154 - 自动预测系统启动
2025-04-23 15:46:20,154 - 当前日期: 20250423, 时间: 15:46:20
2025-04-23 15:46:20,154 - 
================================================================================
2025-04-23 15:46:20,154 - >>> 开始执行预测 <<<
2025-04-23 15:46:20,154 - ================================================================================

2025-04-23 15:46:20,154 - 开始执行预测
2025-04-23 15:46:20,155 - 扫描预测数据文件目录: D:\my-vue-project\wind-power-forecast\backend\auto_scripts\precsv\supershortcsv\20250423
2025-04-23 15:46:20,155 - 检查模型目录: D:\my-vue-project\wind-power-forecast\backend\auto_scripts\models\supershortmodel\20250423
2025-04-23 15:46:20,155 - 未找到best_models目录，检查传统模型文件
2025-04-23 15:46:20,155 - 未找到任何可用模型文件
2025-04-23 15:46:20,155 - ❌ 未有可用模型，无法执行预测
2025-04-23 15:46:20,155 - 
================================================================================
2025-04-23 15:46:20,155 - >>> 预测任务结束 <<<
2025-04-23 15:46:20,155 - ================================================================================

2025-04-23 15:46:20,155 - 预测任务结束
2025-04-23 15:51:21,356 - 
================================================================================
2025-04-23 15:51:21,357 - >>> 自动预测系统启动 <<<
2025-04-23 15:51:21,357 - ================================================================================

2025-04-23 15:51:21,357 - 自动预测系统启动
2025-04-23 15:51:21,357 - 当前日期: 20250423, 时间: 15:51:21
2025-04-23 15:51:21,357 - 
================================================================================
2025-04-23 15:51:21,357 - >>> 开始执行预测 <<<
2025-04-23 15:51:21,357 - ================================================================================

2025-04-23 15:51:21,357 - 开始执行预测
2025-04-23 15:51:21,357 - 扫描预测数据文件目录: D:\my-vue-project\wind-power-forecast\backend\auto_scripts\precsv\supershortcsv\20250423
2025-04-23 15:51:21,357 - 检查模型目录: D:\my-vue-project\wind-power-forecast\backend\auto_scripts\models\supershortmodel\20250423
2025-04-23 15:51:21,357 - 未找到best_models目录，检查传统模型文件
2025-04-23 15:51:21,357 - 未找到任何可用模型文件
2025-04-23 15:51:21,357 - ❌ 未有可用模型，无法执行预测
2025-04-23 15:51:21,358 - 
================================================================================
2025-04-23 15:51:21,358 - >>> 预测任务结束 <<<
2025-04-23 15:51:21,358 - ================================================================================

2025-04-23 15:51:21,358 - 预测任务结束
2025-04-23 15:56:23,457 - 
================================================================================
2025-04-23 15:56:23,457 - >>> 自动预测系统启动 <<<
2025-04-23 15:56:23,457 - ================================================================================

2025-04-23 15:56:23,457 - 自动预测系统启动
2025-04-23 15:56:23,457 - 当前日期: 20250423, 时间: 15:56:23
2025-04-23 15:56:23,457 - 
================================================================================
2025-04-23 15:56:23,457 - >>> 开始执行预测 <<<
2025-04-23 15:56:23,457 - ================================================================================

2025-04-23 15:56:23,457 - 开始执行预测
2025-04-23 15:56:23,457 - 扫描预测数据文件目录: D:\my-vue-project\wind-power-forecast\backend\auto_scripts\precsv\supershortcsv\20250423
2025-04-23 15:56:23,457 - 检查模型目录: D:\my-vue-project\wind-power-forecast\backend\auto_scripts\models\supershortmodel\20250423
2025-04-23 15:56:23,458 - 未找到best_models目录，检查传统模型文件
2025-04-23 15:56:23,458 - 未找到任何可用模型文件
2025-04-23 15:56:23,458 - ❌ 未有可用模型，无法执行预测
2025-04-23 15:56:23,458 - 
================================================================================
2025-04-23 15:56:23,458 - >>> 预测任务结束 <<<
2025-04-23 15:56:23,458 - ================================================================================

2025-04-23 15:56:23,458 - 预测任务结束
2025-04-23 16:01:24,796 - 
================================================================================
2025-04-23 16:01:24,796 - >>> 自动预测系统启动 <<<
2025-04-23 16:01:24,796 - ================================================================================

2025-04-23 16:01:24,796 - 自动预测系统启动
2025-04-23 16:01:24,796 - 当前日期: 20250423, 时间: 16:01:24
2025-04-23 16:01:24,796 - 
================================================================================
2025-04-23 16:01:24,797 - >>> 开始执行预测 <<<
2025-04-23 16:01:24,797 - ================================================================================

2025-04-23 16:01:24,797 - 开始执行预测
2025-04-23 16:01:24,797 - 扫描预测数据文件目录: D:\my-vue-project\wind-power-forecast\backend\auto_scripts\precsv\supershortcsv\20250423
2025-04-23 16:01:24,797 - 检查模型目录: D:\my-vue-project\wind-power-forecast\backend\auto_scripts\models\supershortmodel\20250423
2025-04-23 16:01:24,798 - 未找到best_models目录，检查传统模型文件
2025-04-23 16:01:24,798 - 未找到任何可用模型文件
2025-04-23 16:01:24,798 - ❌ 未有可用模型，无法执行预测
2025-04-23 16:01:24,798 - 
================================================================================
2025-04-23 16:01:24,798 - >>> 预测任务结束 <<<
2025-04-23 16:01:24,798 - ================================================================================

2025-04-23 16:01:24,798 - 预测任务结束
2025-04-23 16:06:25,965 - 
================================================================================
2025-04-23 16:06:25,966 - >>> 自动预测系统启动 <<<
2025-04-23 16:06:25,966 - ================================================================================

2025-04-23 16:06:25,966 - 自动预测系统启动
2025-04-23 16:06:25,966 - 当前日期: 20250423, 时间: 16:06:25
2025-04-23 16:06:25,966 - 
================================================================================
2025-04-23 16:06:25,966 - >>> 开始执行预测 <<<
2025-04-23 16:06:25,966 - ================================================================================

2025-04-23 16:06:25,966 - 开始执行预测
2025-04-23 16:06:25,966 - 扫描预测数据文件目录: D:\my-vue-project\wind-power-forecast\backend\auto_scripts\precsv\supershortcsv\20250423
2025-04-23 16:06:25,966 - 检查模型目录: D:\my-vue-project\wind-power-forecast\backend\auto_scripts\models\supershortmodel\20250423
2025-04-23 16:06:25,966 - 未找到best_models目录，检查传统模型文件
2025-04-23 16:06:25,966 - 未找到任何可用模型文件
2025-04-23 16:06:25,966 - ❌ 未有可用模型，无法执行预测
2025-04-23 16:06:25,966 - 
================================================================================
2025-04-23 16:06:25,967 - >>> 预测任务结束 <<<
2025-04-23 16:06:25,967 - ================================================================================

2025-04-23 16:06:25,967 - 预测任务结束
