2025-04-01 21:57:46,418 - 
================================================================================
2025-04-01 21:57:46,418 - >>> 自动预测系统启动 <<<
2025-04-01 21:57:46,418 - ================================================================================

2025-04-01 21:57:46,418 - 自动预测系统启动
2025-04-01 21:57:46,419 - 当前日期: 20250401, 时间: 21:57:46
2025-04-01 21:57:46,419 - 
================================================================================
2025-04-01 21:57:46,419 - >>> 开始执行预测 <<<
2025-04-01 21:57:46,419 - ================================================================================

2025-04-01 21:57:46,419 - 开始执行预测
2025-04-01 21:57:46,419 - 扫描预测数据文件目录: D:\my-vue-project\wind-power-forecast\backend\auto_scripts\precsv\supershortcsv\20250401
2025-04-01 21:57:46,419 - 检查模型目录: D:\my-vue-project\wind-power-forecast\backend\auto_scripts\models\supershortmodel\20250401
2025-04-01 21:57:46,420 - 未找到best_models目录，检查传统模型文件
2025-04-01 21:57:46,420 - 未找到任何可用模型文件
2025-04-01 21:57:46,420 - ❌ 未有可用模型，无法执行预测
2025-04-01 21:57:46,420 - 
================================================================================
2025-04-01 21:57:46,420 - >>> 预测任务结束 <<<
2025-04-01 21:57:46,420 - ================================================================================

2025-04-01 21:57:46,420 - 预测任务结束
2025-04-01 22:02:48,275 - 
================================================================================
2025-04-01 22:02:48,276 - >>> 自动预测系统启动 <<<
2025-04-01 22:02:48,276 - ================================================================================

2025-04-01 22:02:48,276 - 自动预测系统启动
2025-04-01 22:02:48,276 - 当前日期: 20250401, 时间: 22:02:48
2025-04-01 22:02:48,276 - 
================================================================================
2025-04-01 22:02:48,276 - >>> 开始执行预测 <<<
2025-04-01 22:02:48,276 - ================================================================================

2025-04-01 22:02:48,276 - 开始执行预测
2025-04-01 22:02:48,276 - 扫描预测数据文件目录: D:\my-vue-project\wind-power-forecast\backend\auto_scripts\precsv\supershortcsv\20250401
2025-04-01 22:02:48,276 - 检查模型目录: D:\my-vue-project\wind-power-forecast\backend\auto_scripts\models\supershortmodel\20250401
2025-04-01 22:02:48,276 - 未找到best_models目录，检查传统模型文件
2025-04-01 22:02:48,276 - 未找到任何可用模型文件
2025-04-01 22:02:48,277 - ❌ 未有可用模型，无法执行预测
2025-04-01 22:02:48,277 - 
================================================================================
2025-04-01 22:02:48,277 - >>> 预测任务结束 <<<
2025-04-01 22:02:48,277 - ================================================================================

2025-04-01 22:02:48,277 - 预测任务结束
2025-04-01 22:07:50,050 - 
================================================================================
2025-04-01 22:07:50,050 - >>> 自动预测系统启动 <<<
2025-04-01 22:07:50,050 - ================================================================================

2025-04-01 22:07:50,051 - 自动预测系统启动
2025-04-01 22:07:50,051 - 当前日期: 20250401, 时间: 22:07:50
2025-04-01 22:07:50,051 - 
================================================================================
2025-04-01 22:07:50,051 - >>> 开始执行预测 <<<
2025-04-01 22:07:50,051 - ================================================================================

2025-04-01 22:07:50,051 - 开始执行预测
2025-04-01 22:07:50,051 - 扫描预测数据文件目录: D:\my-vue-project\wind-power-forecast\backend\auto_scripts\precsv\supershortcsv\20250401
2025-04-01 22:07:50,051 - 检查模型目录: D:\my-vue-project\wind-power-forecast\backend\auto_scripts\models\supershortmodel\20250401
2025-04-01 22:07:50,051 - 未找到best_models目录，检查传统模型文件
2025-04-01 22:07:50,051 - 未找到任何可用模型文件
2025-04-01 22:07:50,051 - ❌ 未有可用模型，无法执行预测
2025-04-01 22:07:50,051 - 
================================================================================
2025-04-01 22:07:50,051 - >>> 预测任务结束 <<<
2025-04-01 22:07:50,051 - ================================================================================

2025-04-01 22:07:50,052 - 预测任务结束
2025-04-01 22:12:51,947 - 
================================================================================
2025-04-01 22:12:51,947 - >>> 自动预测系统启动 <<<
2025-04-01 22:12:51,947 - ================================================================================

2025-04-01 22:12:51,947 - 自动预测系统启动
2025-04-01 22:12:51,947 - 当前日期: 20250401, 时间: 22:12:51
2025-04-01 22:12:51,947 - 
================================================================================
2025-04-01 22:12:51,947 - >>> 开始执行预测 <<<
2025-04-01 22:12:51,947 - ================================================================================

2025-04-01 22:12:51,947 - 开始执行预测
2025-04-01 22:12:51,947 - 扫描预测数据文件目录: D:\my-vue-project\wind-power-forecast\backend\auto_scripts\precsv\supershortcsv\20250401
2025-04-01 22:12:51,947 - 检查模型目录: D:\my-vue-project\wind-power-forecast\backend\auto_scripts\models\supershortmodel\20250401
2025-04-01 22:12:51,948 - 未找到best_models目录，检查传统模型文件
2025-04-01 22:12:51,948 - 未找到任何可用模型文件
2025-04-01 22:12:51,948 - ❌ 未有可用模型，无法执行预测
2025-04-01 22:12:51,948 - 
================================================================================
2025-04-01 22:12:51,948 - >>> 预测任务结束 <<<
2025-04-01 22:12:51,948 - ================================================================================

2025-04-01 22:12:51,948 - 预测任务结束
2025-04-01 22:17:53,623 - 
================================================================================
2025-04-01 22:17:53,624 - >>> 自动预测系统启动 <<<
2025-04-01 22:17:53,624 - ================================================================================

2025-04-01 22:17:53,624 - 自动预测系统启动
2025-04-01 22:17:53,624 - 当前日期: 20250401, 时间: 22:17:53
2025-04-01 22:17:53,624 - 
================================================================================
2025-04-01 22:17:53,624 - >>> 开始执行预测 <<<
2025-04-01 22:17:53,624 - ================================================================================

2025-04-01 22:17:53,624 - 开始执行预测
2025-04-01 22:17:53,624 - 扫描预测数据文件目录: D:\my-vue-project\wind-power-forecast\backend\auto_scripts\precsv\supershortcsv\20250401
2025-04-01 22:17:53,624 - 检查模型目录: D:\my-vue-project\wind-power-forecast\backend\auto_scripts\models\supershortmodel\20250401
2025-04-01 22:17:53,624 - 未找到best_models目录，检查传统模型文件
2025-04-01 22:17:53,624 - 未找到任何可用模型文件
2025-04-01 22:17:53,624 - ❌ 未有可用模型，无法执行预测
2025-04-01 22:17:53,625 - 
================================================================================
2025-04-01 22:17:53,625 - >>> 预测任务结束 <<<
2025-04-01 22:17:53,625 - ================================================================================

2025-04-01 22:17:53,625 - 预测任务结束
2025-04-01 22:22:55,357 - 
================================================================================
2025-04-01 22:22:55,357 - >>> 自动预测系统启动 <<<
2025-04-01 22:22:55,357 - ================================================================================

2025-04-01 22:22:55,357 - 自动预测系统启动
2025-04-01 22:22:55,357 - 当前日期: 20250401, 时间: 22:22:55
2025-04-01 22:22:55,357 - 
================================================================================
2025-04-01 22:22:55,357 - >>> 开始执行预测 <<<
2025-04-01 22:22:55,357 - ================================================================================

2025-04-01 22:22:55,357 - 开始执行预测
2025-04-01 22:22:55,358 - 扫描预测数据文件目录: D:\my-vue-project\wind-power-forecast\backend\auto_scripts\precsv\supershortcsv\20250401
2025-04-01 22:22:55,358 - 检查模型目录: D:\my-vue-project\wind-power-forecast\backend\auto_scripts\models\supershortmodel\20250401
2025-04-01 22:22:55,358 - 未找到best_models目录，检查传统模型文件
2025-04-01 22:22:55,358 - 未找到任何可用模型文件
2025-04-01 22:22:55,358 - ❌ 未有可用模型，无法执行预测
2025-04-01 22:22:55,358 - 
================================================================================
2025-04-01 22:22:55,358 - >>> 预测任务结束 <<<
2025-04-01 22:22:55,358 - ================================================================================

2025-04-01 22:22:55,358 - 预测任务结束
2025-04-01 22:27:57,181 - 
================================================================================
2025-04-01 22:27:57,181 - >>> 自动预测系统启动 <<<
2025-04-01 22:27:57,181 - ================================================================================

2025-04-01 22:27:57,181 - 自动预测系统启动
2025-04-01 22:27:57,181 - 当前日期: 20250401, 时间: 22:27:57
2025-04-01 22:27:57,181 - 
================================================================================
2025-04-01 22:27:57,181 - >>> 开始执行预测 <<<
2025-04-01 22:27:57,181 - ================================================================================

2025-04-01 22:27:57,181 - 开始执行预测
2025-04-01 22:27:57,182 - 扫描预测数据文件目录: D:\my-vue-project\wind-power-forecast\backend\auto_scripts\precsv\supershortcsv\20250401
2025-04-01 22:27:57,182 - 检查模型目录: D:\my-vue-project\wind-power-forecast\backend\auto_scripts\models\supershortmodel\20250401
2025-04-01 22:27:57,182 - 未找到best_models目录，检查传统模型文件
2025-04-01 22:27:57,182 - 未找到任何可用模型文件
2025-04-01 22:27:57,182 - ❌ 未有可用模型，无法执行预测
2025-04-01 22:27:57,182 - 
================================================================================
2025-04-01 22:27:57,182 - >>> 预测任务结束 <<<
2025-04-01 22:27:57,182 - ================================================================================

2025-04-01 22:27:57,182 - 预测任务结束
2025-04-01 22:32:59,065 - 
================================================================================
2025-04-01 22:32:59,066 - >>> 自动预测系统启动 <<<
2025-04-01 22:32:59,066 - ================================================================================

2025-04-01 22:32:59,066 - 自动预测系统启动
2025-04-01 22:32:59,066 - 当前日期: 20250401, 时间: 22:32:59
2025-04-01 22:32:59,066 - 
================================================================================
2025-04-01 22:32:59,066 - >>> 开始执行预测 <<<
2025-04-01 22:32:59,066 - ================================================================================

2025-04-01 22:32:59,066 - 开始执行预测
2025-04-01 22:32:59,066 - 扫描预测数据文件目录: D:\my-vue-project\wind-power-forecast\backend\auto_scripts\precsv\supershortcsv\20250401
2025-04-01 22:32:59,066 - 检查模型目录: D:\my-vue-project\wind-power-forecast\backend\auto_scripts\models\supershortmodel\20250401
2025-04-01 22:32:59,066 - 未找到best_models目录，检查传统模型文件
2025-04-01 22:32:59,066 - 未找到任何可用模型文件
2025-04-01 22:32:59,066 - ❌ 未有可用模型，无法执行预测
2025-04-01 22:32:59,067 - 
================================================================================
2025-04-01 22:32:59,067 - >>> 预测任务结束 <<<
2025-04-01 22:32:59,067 - ================================================================================

2025-04-01 22:32:59,067 - 预测任务结束
2025-04-01 22:38:01,011 - 
================================================================================
2025-04-01 22:38:01,011 - >>> 自动预测系统启动 <<<
2025-04-01 22:38:01,011 - ================================================================================

2025-04-01 22:38:01,011 - 自动预测系统启动
2025-04-01 22:38:01,012 - 当前日期: 20250401, 时间: 22:38:01
2025-04-01 22:38:01,012 - 
================================================================================
2025-04-01 22:38:01,012 - >>> 开始执行预测 <<<
2025-04-01 22:38:01,012 - ================================================================================

2025-04-01 22:38:01,012 - 开始执行预测
2025-04-01 22:38:01,012 - 扫描预测数据文件目录: D:\my-vue-project\wind-power-forecast\backend\auto_scripts\precsv\supershortcsv\20250401
2025-04-01 22:38:01,012 - 检查模型目录: D:\my-vue-project\wind-power-forecast\backend\auto_scripts\models\supershortmodel\20250401
2025-04-01 22:38:01,012 - 未找到best_models目录，检查传统模型文件
2025-04-01 22:38:01,012 - 未找到任何可用模型文件
2025-04-01 22:38:01,012 - ❌ 未有可用模型，无法执行预测
2025-04-01 22:38:01,012 - 
================================================================================
2025-04-01 22:38:01,013 - >>> 预测任务结束 <<<
2025-04-01 22:38:01,013 - ================================================================================

2025-04-01 22:38:01,013 - 预测任务结束
2025-04-01 22:43:02,788 - 
================================================================================
2025-04-01 22:43:02,788 - >>> 自动预测系统启动 <<<
2025-04-01 22:43:02,788 - ================================================================================

2025-04-01 22:43:02,788 - 自动预测系统启动
2025-04-01 22:43:02,788 - 当前日期: 20250401, 时间: 22:43:02
2025-04-01 22:43:02,788 - 
================================================================================
2025-04-01 22:43:02,789 - >>> 开始执行预测 <<<
2025-04-01 22:43:02,789 - ================================================================================

2025-04-01 22:43:02,789 - 开始执行预测
2025-04-01 22:43:02,789 - 扫描预测数据文件目录: D:\my-vue-project\wind-power-forecast\backend\auto_scripts\precsv\supershortcsv\20250401
2025-04-01 22:43:02,789 - 检查模型目录: D:\my-vue-project\wind-power-forecast\backend\auto_scripts\models\supershortmodel\20250401
2025-04-01 22:43:02,789 - 未找到best_models目录，检查传统模型文件
2025-04-01 22:43:02,789 - 未找到任何可用模型文件
2025-04-01 22:43:02,789 - ❌ 未有可用模型，无法执行预测
2025-04-01 22:43:02,789 - 
================================================================================
2025-04-01 22:43:02,789 - >>> 预测任务结束 <<<
2025-04-01 22:43:02,789 - ================================================================================

2025-04-01 22:43:02,789 - 预测任务结束
2025-04-01 22:48:04,658 - 
================================================================================
2025-04-01 22:48:04,658 - >>> 自动预测系统启动 <<<
2025-04-01 22:48:04,659 - ================================================================================

2025-04-01 22:48:04,659 - 自动预测系统启动
2025-04-01 22:48:04,659 - 当前日期: 20250401, 时间: 22:48:04
2025-04-01 22:48:04,659 - 
================================================================================
2025-04-01 22:48:04,659 - >>> 开始执行预测 <<<
2025-04-01 22:48:04,659 - ================================================================================

2025-04-01 22:48:04,659 - 开始执行预测
2025-04-01 22:48:04,659 - 扫描预测数据文件目录: D:\my-vue-project\wind-power-forecast\backend\auto_scripts\precsv\supershortcsv\20250401
2025-04-01 22:48:04,659 - 检查模型目录: D:\my-vue-project\wind-power-forecast\backend\auto_scripts\models\supershortmodel\20250401
2025-04-01 22:48:04,659 - 未找到best_models目录，检查传统模型文件
2025-04-01 22:48:04,659 - 未找到任何可用模型文件
2025-04-01 22:48:04,659 - ❌ 未有可用模型，无法执行预测
2025-04-01 22:48:04,659 - 
================================================================================
2025-04-01 22:48:04,659 - >>> 预测任务结束 <<<
2025-04-01 22:48:04,660 - ================================================================================

2025-04-01 22:48:04,660 - 预测任务结束
2025-04-01 22:53:06,532 - 
================================================================================
2025-04-01 22:53:06,532 - >>> 自动预测系统启动 <<<
2025-04-01 22:53:06,532 - ================================================================================

2025-04-01 22:53:06,532 - 自动预测系统启动
2025-04-01 22:53:06,532 - 当前日期: 20250401, 时间: 22:53:06
2025-04-01 22:53:06,532 - 
================================================================================
2025-04-01 22:53:06,532 - >>> 开始执行预测 <<<
2025-04-01 22:53:06,532 - ================================================================================

2025-04-01 22:53:06,532 - 开始执行预测
2025-04-01 22:53:06,533 - 扫描预测数据文件目录: D:\my-vue-project\wind-power-forecast\backend\auto_scripts\precsv\supershortcsv\20250401
2025-04-01 22:53:06,533 - 检查模型目录: D:\my-vue-project\wind-power-forecast\backend\auto_scripts\models\supershortmodel\20250401
2025-04-01 22:53:06,533 - 未找到best_models目录，检查传统模型文件
2025-04-01 22:53:06,533 - 未找到任何可用模型文件
2025-04-01 22:53:06,533 - ❌ 未有可用模型，无法执行预测
2025-04-01 22:53:06,533 - 
================================================================================
2025-04-01 22:53:06,533 - >>> 预测任务结束 <<<
2025-04-01 22:53:06,533 - ================================================================================

2025-04-01 22:53:06,533 - 预测任务结束
2025-04-01 22:58:08,337 - 
================================================================================
2025-04-01 22:58:08,337 - >>> 自动预测系统启动 <<<
2025-04-01 22:58:08,337 - ================================================================================

2025-04-01 22:58:08,337 - 自动预测系统启动
2025-04-01 22:58:08,337 - 当前日期: 20250401, 时间: 22:58:08
2025-04-01 22:58:08,337 - 
================================================================================
2025-04-01 22:58:08,337 - >>> 开始执行预测 <<<
2025-04-01 22:58:08,337 - ================================================================================

2025-04-01 22:58:08,337 - 开始执行预测
2025-04-01 22:58:08,338 - 扫描预测数据文件目录: D:\my-vue-project\wind-power-forecast\backend\auto_scripts\precsv\supershortcsv\20250401
2025-04-01 22:58:08,338 - 检查模型目录: D:\my-vue-project\wind-power-forecast\backend\auto_scripts\models\supershortmodel\20250401
2025-04-01 22:58:08,338 - 未找到best_models目录，检查传统模型文件
2025-04-01 22:58:08,338 - 未找到任何可用模型文件
2025-04-01 22:58:08,338 - ❌ 未有可用模型，无法执行预测
2025-04-01 22:58:08,338 - 
================================================================================
2025-04-01 22:58:08,338 - >>> 预测任务结束 <<<
2025-04-01 22:58:08,338 - ================================================================================

2025-04-01 22:58:08,338 - 预测任务结束
2025-04-01 23:03:10,314 - 
================================================================================
2025-04-01 23:03:10,314 - >>> 自动预测系统启动 <<<
2025-04-01 23:03:10,314 - ================================================================================

2025-04-01 23:03:10,314 - 自动预测系统启动
2025-04-01 23:03:10,315 - 当前日期: 20250401, 时间: 23:03:10
2025-04-01 23:03:10,315 - 
================================================================================
2025-04-01 23:03:10,315 - >>> 开始执行预测 <<<
2025-04-01 23:03:10,315 - ================================================================================

2025-04-01 23:03:10,315 - 开始执行预测
2025-04-01 23:03:10,315 - 扫描预测数据文件目录: D:\my-vue-project\wind-power-forecast\backend\auto_scripts\precsv\supershortcsv\20250401
2025-04-01 23:03:10,315 - 检查模型目录: D:\my-vue-project\wind-power-forecast\backend\auto_scripts\models\supershortmodel\20250401
2025-04-01 23:03:10,315 - 未找到best_models目录，检查传统模型文件
2025-04-01 23:03:10,315 - 未找到任何可用模型文件
2025-04-01 23:03:10,315 - ❌ 未有可用模型，无法执行预测
2025-04-01 23:03:10,315 - 
================================================================================
2025-04-01 23:03:10,315 - >>> 预测任务结束 <<<
2025-04-01 23:03:10,315 - ================================================================================

2025-04-01 23:03:10,315 - 预测任务结束
2025-04-01 23:08:12,023 - 
================================================================================
2025-04-01 23:08:12,023 - >>> 自动预测系统启动 <<<
2025-04-01 23:08:12,023 - ================================================================================

2025-04-01 23:08:12,023 - 自动预测系统启动
2025-04-01 23:08:12,023 - 当前日期: 20250401, 时间: 23:08:12
2025-04-01 23:08:12,023 - 
================================================================================
2025-04-01 23:08:12,023 - >>> 开始执行预测 <<<
2025-04-01 23:08:12,023 - ================================================================================

2025-04-01 23:08:12,023 - 开始执行预测
2025-04-01 23:08:12,024 - 扫描预测数据文件目录: D:\my-vue-project\wind-power-forecast\backend\auto_scripts\precsv\supershortcsv\20250401
2025-04-01 23:08:12,024 - 检查模型目录: D:\my-vue-project\wind-power-forecast\backend\auto_scripts\models\supershortmodel\20250401
2025-04-01 23:08:12,024 - 未找到best_models目录，检查传统模型文件
2025-04-01 23:08:12,024 - 未找到任何可用模型文件
2025-04-01 23:08:12,024 - ❌ 未有可用模型，无法执行预测
2025-04-01 23:08:12,024 - 
================================================================================
2025-04-01 23:08:12,024 - >>> 预测任务结束 <<<
2025-04-01 23:08:12,024 - ================================================================================

2025-04-01 23:08:12,024 - 预测任务结束
