2025-03-27 23:21:28,848 - 
================================================================================
2025-03-27 23:21:28,848 - >>> 自动预测系统启动 <<<
2025-03-27 23:21:28,848 - ================================================================================

2025-03-27 23:21:28,848 - 自动预测系统启动
2025-03-27 23:21:28,848 - 当前日期: 20250327, 时间: 23:21:28
2025-03-27 23:21:28,848 - 
================================================================================
2025-03-27 23:21:28,848 - >>> 开始执行预测 <<<
2025-03-27 23:21:28,848 - ================================================================================

2025-03-27 23:21:28,848 - 开始执行预测
2025-03-27 23:21:28,849 - 扫描预测数据文件目录: D:\my-vue-project\wind-power-forecast\backend\auto_scripts\precsv\supershortcsv\20250327
2025-03-27 23:21:28,849 - 检查模型目录: D:\my-vue-project\wind-power-forecast\backend\auto_scripts\models\supershortmodel\20250327
2025-03-27 23:21:28,849 - 未找到best_models目录，检查传统模型文件
2025-03-27 23:21:28,849 - 未找到任何可用模型文件
2025-03-27 23:21:28,849 - ❌ 未有可用模型，无法执行预测
2025-03-27 23:21:28,849 - 
================================================================================
2025-03-27 23:21:28,849 - >>> 预测任务结束 <<<
2025-03-27 23:21:28,849 - ================================================================================

2025-03-27 23:21:28,849 - 预测任务结束
2025-03-27 23:26:30,690 - 
================================================================================
2025-03-27 23:26:30,690 - >>> 自动预测系统启动 <<<
2025-03-27 23:26:30,690 - ================================================================================

2025-03-27 23:26:30,690 - 自动预测系统启动
2025-03-27 23:26:30,690 - 当前日期: 20250327, 时间: 23:26:30
2025-03-27 23:26:30,690 - 
================================================================================
2025-03-27 23:26:30,690 - >>> 开始执行预测 <<<
2025-03-27 23:26:30,690 - ================================================================================

2025-03-27 23:26:30,690 - 开始执行预测
2025-03-27 23:26:30,691 - 扫描预测数据文件目录: D:\my-vue-project\wind-power-forecast\backend\auto_scripts\precsv\supershortcsv\20250327
2025-03-27 23:26:30,691 - 检查模型目录: D:\my-vue-project\wind-power-forecast\backend\auto_scripts\models\supershortmodel\20250327
2025-03-27 23:26:30,691 - 未找到best_models目录，检查传统模型文件
2025-03-27 23:26:30,691 - 未找到任何可用模型文件
2025-03-27 23:26:30,691 - ❌ 未有可用模型，无法执行预测
2025-03-27 23:26:30,691 - 
================================================================================
2025-03-27 23:26:30,691 - >>> 预测任务结束 <<<
2025-03-27 23:26:30,691 - ================================================================================

2025-03-27 23:26:30,691 - 预测任务结束
