2025-04-03 09:38:09,649 - 
================================================================================
2025-04-03 09:38:09,649 - >>> 自动预测系统启动 <<<
2025-04-03 09:38:09,649 - ================================================================================

2025-04-03 09:38:09,649 - 自动预测系统启动
2025-04-03 09:38:09,649 - 当前日期: 20250403, 时间: 09:38:09
2025-04-03 09:38:09,649 - 
================================================================================
2025-04-03 09:38:09,649 - >>> 开始执行预测 <<<
2025-04-03 09:38:09,649 - ================================================================================

2025-04-03 09:38:09,649 - 开始执行预测
2025-04-03 09:38:09,650 - 扫描预测数据文件目录: D:\my-vue-project\wind-power-forecast\backend\auto_scripts\precsv\supershortcsv\20250403
2025-04-03 09:38:09,650 - 检查模型目录: D:\my-vue-project\wind-power-forecast\backend\auto_scripts\models\supershortmodel\20250403
2025-04-03 09:38:09,651 - 未找到best_models目录，检查传统模型文件
2025-04-03 09:38:09,651 - 未找到任何可用模型文件
2025-04-03 09:38:09,651 - ❌ 未有可用模型，无法执行预测
2025-04-03 09:38:09,651 - 
================================================================================
2025-04-03 09:38:09,651 - >>> 预测任务结束 <<<
2025-04-03 09:38:09,651 - ================================================================================

2025-04-03 09:38:09,651 - 预测任务结束
2025-04-03 17:59:20,013 - 
================================================================================
2025-04-03 17:59:20,013 - >>> 自动预测系统启动 <<<
2025-04-03 17:59:20,013 - ================================================================================

2025-04-03 17:59:20,013 - 自动预测系统启动
2025-04-03 17:59:20,013 - 当前日期: 20250403, 时间: 17:59:20
2025-04-03 17:59:20,014 - 
================================================================================
2025-04-03 17:59:20,014 - >>> 开始执行预测 <<<
2025-04-03 17:59:20,014 - ================================================================================

2025-04-03 17:59:20,014 - 开始执行预测
2025-04-03 17:59:20,014 - 扫描预测数据文件目录: D:\my-vue-project\wind-power-forecast\backend\auto_scripts\precsv\supershortcsv\20250403
2025-04-03 17:59:20,014 - 检查模型目录: D:\my-vue-project\wind-power-forecast\backend\auto_scripts\models\supershortmodel\20250403
2025-04-03 17:59:20,014 - 未找到best_models目录，检查传统模型文件
2025-04-03 17:59:20,015 - 未找到任何可用模型文件
2025-04-03 17:59:20,015 - ❌ 未有可用模型，无法执行预测
2025-04-03 17:59:20,015 - 
================================================================================
2025-04-03 17:59:20,015 - >>> 预测任务结束 <<<
2025-04-03 17:59:20,015 - ================================================================================

2025-04-03 17:59:20,015 - 预测任务结束
