2025-03-27 23:21:30,217 - 
================================================================================
2025-03-27 23:21:30,217 - >>> 自动训练系统启动 <<<
2025-03-27 23:21:30,218 - ================================================================================

2025-03-27 23:21:30,218 - 自动训练系统启动
2025-03-27 23:21:30,218 - 今天的日期是: 20250327
2025-03-27 23:21:30,218 - 
================================================================================
2025-03-27 23:21:30,218 - >>> 启动训练监视线程 <<<
2025-03-27 23:21:30,218 - ================================================================================

2025-03-27 23:21:30,218 - 启动训练监视线程
2025-03-27 23:21:30,218 - 训练文件路径: D:\my-vue-project\wind-power-forecast\backend\auto_scripts\dataset\dataset_supershort\20250327.csv
2025-03-27 23:21:30,218 - 模型存储目录: D:\my-vue-project\wind-power-forecast\backend\auto_scripts\models\supershortmodel\20250327
2025-03-27 23:21:30,218 - 训练完成标志文件: D:\my-vue-project\wind-power-forecast\backend\auto_scripts\scripts\supershort\logs\auto_train\20250327_train_done.flag
2025-03-27 23:21:30,218 - 开始监视 D:\my-vue-project\wind-power-forecast\backend\auto_scripts\dataset\dataset_supershort 文件夹以进行训练...
2025-03-27 23:21:30,218 - ❌ 未找到训练 CSV 文件: D:\my-vue-project\wind-power-forecast\backend\auto_scripts\dataset\dataset_supershort\20250327.csv，等待 30 秒后重试...
2025-03-27 23:22:00,228 - ❌ 未找到训练 CSV 文件: D:\my-vue-project\wind-power-forecast\backend\auto_scripts\dataset\dataset_supershort\20250327.csv，等待 30 秒后重试...
2025-03-27 23:22:30,235 - ❌ 未找到训练 CSV 文件: D:\my-vue-project\wind-power-forecast\backend\auto_scripts\dataset\dataset_supershort\20250327.csv，等待 30 秒后重试...
2025-03-27 23:23:00,244 - ❌ 未找到训练 CSV 文件: D:\my-vue-project\wind-power-forecast\backend\auto_scripts\dataset\dataset_supershort\20250327.csv，等待 30 秒后重试...
2025-03-27 23:23:30,252 - ❌ 未找到训练 CSV 文件: D:\my-vue-project\wind-power-forecast\backend\auto_scripts\dataset\dataset_supershort\20250327.csv，等待 30 秒后重试...
2025-03-27 23:24:00,257 - ❌ 未找到训练 CSV 文件: D:\my-vue-project\wind-power-forecast\backend\auto_scripts\dataset\dataset_supershort\20250327.csv，等待 30 秒后重试...
2025-03-27 23:24:30,269 - ❌ 未找到训练 CSV 文件: D:\my-vue-project\wind-power-forecast\backend\auto_scripts\dataset\dataset_supershort\20250327.csv，等待 30 秒后重试...
2025-03-27 23:25:00,281 - ❌ 未找到训练 CSV 文件: D:\my-vue-project\wind-power-forecast\backend\auto_scripts\dataset\dataset_supershort\20250327.csv，等待 30 秒后重试...
2025-03-27 23:25:30,281 - ❌ 未找到训练 CSV 文件: D:\my-vue-project\wind-power-forecast\backend\auto_scripts\dataset\dataset_supershort\20250327.csv，等待 30 秒后重试...
2025-03-27 23:26:00,293 - ❌ 未找到训练 CSV 文件: D:\my-vue-project\wind-power-forecast\backend\auto_scripts\dataset\dataset_supershort\20250327.csv，等待 30 秒后重试...
2025-03-27 23:26:30,305 - ❌ 未找到训练 CSV 文件: D:\my-vue-project\wind-power-forecast\backend\auto_scripts\dataset\dataset_supershort\20250327.csv，等待 30 秒后重试...
2025-03-27 23:27:00,319 - ❌ 未找到训练 CSV 文件: D:\my-vue-project\wind-power-forecast\backend\auto_scripts\dataset\dataset_supershort\20250327.csv，等待 30 秒后重试...
2025-03-27 23:27:30,329 - ❌ 未找到训练 CSV 文件: D:\my-vue-project\wind-power-forecast\backend\auto_scripts\dataset\dataset_supershort\20250327.csv，等待 30 秒后重试...
