2025-04-23 10:48:57,997 - 
================================================================================
2025-04-23 10:48:57,998 - >>> 自动训练系统启动 <<<
2025-04-23 10:48:57,998 - ================================================================================

2025-04-23 10:48:57,998 - 自动训练系统启动
2025-04-23 10:48:57,998 - 今天的日期是: 20250423
2025-04-23 10:48:57,998 - 
================================================================================
2025-04-23 10:48:57,998 - >>> 启动训练监视线程 <<<
2025-04-23 10:48:57,998 - ================================================================================

2025-04-23 10:48:57,998 - 启动训练监视线程
2025-04-23 10:48:57,998 - 训练文件路径: D:\my-vue-project\wind-power-forecast\backend\auto_scripts\dataset\dataset_supershort\20250423.csv
2025-04-23 10:48:57,998 - 模型存储目录: D:\my-vue-project\wind-power-forecast\backend\auto_scripts\models\supershortmodel\20250423
2025-04-23 10:48:57,999 - 训练完成标志文件: D:\my-vue-project\wind-power-forecast\backend\auto_scripts\scripts\supershort\logs\auto_train\20250423_train_done.flag
2025-04-23 10:48:57,999 - 开始监视 D:\my-vue-project\wind-power-forecast\backend\auto_scripts\dataset\dataset_supershort 文件夹以进行训练...
2025-04-23 10:48:57,999 - ❌ 未找到训练 CSV 文件: D:\my-vue-project\wind-power-forecast\backend\auto_scripts\dataset\dataset_supershort\20250423.csv，等待 30 秒后重试...
2025-04-23 10:49:28,004 - ❌ 未找到训练 CSV 文件: D:\my-vue-project\wind-power-forecast\backend\auto_scripts\dataset\dataset_supershort\20250423.csv，等待 30 秒后重试...
2025-04-23 10:49:58,017 - ❌ 未找到训练 CSV 文件: D:\my-vue-project\wind-power-forecast\backend\auto_scripts\dataset\dataset_supershort\20250423.csv，等待 30 秒后重试...
2025-04-23 10:50:28,020 - ❌ 未找到训练 CSV 文件: D:\my-vue-project\wind-power-forecast\backend\auto_scripts\dataset\dataset_supershort\20250423.csv，等待 30 秒后重试...
2025-04-23 10:50:58,025 - ❌ 未找到训练 CSV 文件: D:\my-vue-project\wind-power-forecast\backend\auto_scripts\dataset\dataset_supershort\20250423.csv，等待 30 秒后重试...
2025-04-23 10:51:28,034 - ❌ 未找到训练 CSV 文件: D:\my-vue-project\wind-power-forecast\backend\auto_scripts\dataset\dataset_supershort\20250423.csv，等待 30 秒后重试...
2025-04-23 10:51:58,046 - ❌ 未找到训练 CSV 文件: D:\my-vue-project\wind-power-forecast\backend\auto_scripts\dataset\dataset_supershort\20250423.csv，等待 30 秒后重试...
2025-04-23 10:52:28,048 - ❌ 未找到训练 CSV 文件: D:\my-vue-project\wind-power-forecast\backend\auto_scripts\dataset\dataset_supershort\20250423.csv，等待 30 秒后重试...
2025-04-23 10:52:58,055 - ❌ 未找到训练 CSV 文件: D:\my-vue-project\wind-power-forecast\backend\auto_scripts\dataset\dataset_supershort\20250423.csv，等待 30 秒后重试...
2025-04-23 10:53:28,062 - ❌ 未找到训练 CSV 文件: D:\my-vue-project\wind-power-forecast\backend\auto_scripts\dataset\dataset_supershort\20250423.csv，等待 30 秒后重试...
2025-04-23 10:53:58,067 - ❌ 未找到训练 CSV 文件: D:\my-vue-project\wind-power-forecast\backend\auto_scripts\dataset\dataset_supershort\20250423.csv，等待 30 秒后重试...
2025-04-23 10:54:28,075 - ❌ 未找到训练 CSV 文件: D:\my-vue-project\wind-power-forecast\backend\auto_scripts\dataset\dataset_supershort\20250423.csv，等待 30 秒后重试...
2025-04-23 10:54:58,080 - ❌ 未找到训练 CSV 文件: D:\my-vue-project\wind-power-forecast\backend\auto_scripts\dataset\dataset_supershort\20250423.csv，等待 30 秒后重试...
2025-04-23 10:55:28,089 - ❌ 未找到训练 CSV 文件: D:\my-vue-project\wind-power-forecast\backend\auto_scripts\dataset\dataset_supershort\20250423.csv，等待 30 秒后重试...
2025-04-23 10:55:58,105 - ❌ 未找到训练 CSV 文件: D:\my-vue-project\wind-power-forecast\backend\auto_scripts\dataset\dataset_supershort\20250423.csv，等待 30 秒后重试...
2025-04-23 10:56:28,111 - ❌ 未找到训练 CSV 文件: D:\my-vue-project\wind-power-forecast\backend\auto_scripts\dataset\dataset_supershort\20250423.csv，等待 30 秒后重试...
2025-04-23 10:56:58,125 - ❌ 未找到训练 CSV 文件: D:\my-vue-project\wind-power-forecast\backend\auto_scripts\dataset\dataset_supershort\20250423.csv，等待 30 秒后重试...
2025-04-23 10:57:28,131 - ❌ 未找到训练 CSV 文件: D:\my-vue-project\wind-power-forecast\backend\auto_scripts\dataset\dataset_supershort\20250423.csv，等待 30 秒后重试...
2025-04-23 10:57:58,142 - ❌ 未找到训练 CSV 文件: D:\my-vue-project\wind-power-forecast\backend\auto_scripts\dataset\dataset_supershort\20250423.csv，等待 30 秒后重试...
2025-04-23 10:58:28,152 - ❌ 未找到训练 CSV 文件: D:\my-vue-project\wind-power-forecast\backend\auto_scripts\dataset\dataset_supershort\20250423.csv，等待 30 秒后重试...
2025-04-23 10:58:58,165 - ❌ 未找到训练 CSV 文件: D:\my-vue-project\wind-power-forecast\backend\auto_scripts\dataset\dataset_supershort\20250423.csv，等待 30 秒后重试...
2025-04-23 10:59:28,172 - ❌ 未找到训练 CSV 文件: D:\my-vue-project\wind-power-forecast\backend\auto_scripts\dataset\dataset_supershort\20250423.csv，等待 30 秒后重试...
2025-04-23 10:59:58,177 - ❌ 未找到训练 CSV 文件: D:\my-vue-project\wind-power-forecast\backend\auto_scripts\dataset\dataset_supershort\20250423.csv，等待 30 秒后重试...
2025-04-23 11:00:28,183 - ❌ 未找到训练 CSV 文件: D:\my-vue-project\wind-power-forecast\backend\auto_scripts\dataset\dataset_supershort\20250423.csv，等待 30 秒后重试...
2025-04-23 11:00:58,193 - ❌ 未找到训练 CSV 文件: D:\my-vue-project\wind-power-forecast\backend\auto_scripts\dataset\dataset_supershort\20250423.csv，等待 30 秒后重试...
2025-04-23 11:01:28,206 - ❌ 未找到训练 CSV 文件: D:\my-vue-project\wind-power-forecast\backend\auto_scripts\dataset\dataset_supershort\20250423.csv，等待 30 秒后重试...
2025-04-23 11:01:58,217 - ❌ 未找到训练 CSV 文件: D:\my-vue-project\wind-power-forecast\backend\auto_scripts\dataset\dataset_supershort\20250423.csv，等待 30 秒后重试...
2025-04-23 11:02:28,217 - ❌ 未找到训练 CSV 文件: D:\my-vue-project\wind-power-forecast\backend\auto_scripts\dataset\dataset_supershort\20250423.csv，等待 30 秒后重试...
2025-04-23 11:02:58,230 - ❌ 未找到训练 CSV 文件: D:\my-vue-project\wind-power-forecast\backend\auto_scripts\dataset\dataset_supershort\20250423.csv，等待 30 秒后重试...
2025-04-23 11:03:28,245 - ❌ 未找到训练 CSV 文件: D:\my-vue-project\wind-power-forecast\backend\auto_scripts\dataset\dataset_supershort\20250423.csv，等待 30 秒后重试...
2025-04-23 11:03:58,253 - ❌ 未找到训练 CSV 文件: D:\my-vue-project\wind-power-forecast\backend\auto_scripts\dataset\dataset_supershort\20250423.csv，等待 30 秒后重试...
2025-04-23 11:04:28,262 - ❌ 未找到训练 CSV 文件: D:\my-vue-project\wind-power-forecast\backend\auto_scripts\dataset\dataset_supershort\20250423.csv，等待 30 秒后重试...
2025-04-23 11:04:58,274 - ❌ 未找到训练 CSV 文件: D:\my-vue-project\wind-power-forecast\backend\auto_scripts\dataset\dataset_supershort\20250423.csv，等待 30 秒后重试...
2025-04-23 11:05:28,287 - ❌ 未找到训练 CSV 文件: D:\my-vue-project\wind-power-forecast\backend\auto_scripts\dataset\dataset_supershort\20250423.csv，等待 30 秒后重试...
2025-04-23 11:05:58,296 - ❌ 未找到训练 CSV 文件: D:\my-vue-project\wind-power-forecast\backend\auto_scripts\dataset\dataset_supershort\20250423.csv，等待 30 秒后重试...
2025-04-23 11:06:28,299 - ❌ 未找到训练 CSV 文件: D:\my-vue-project\wind-power-forecast\backend\auto_scripts\dataset\dataset_supershort\20250423.csv，等待 30 秒后重试...
2025-04-23 11:06:58,307 - ❌ 未找到训练 CSV 文件: D:\my-vue-project\wind-power-forecast\backend\auto_scripts\dataset\dataset_supershort\20250423.csv，等待 30 秒后重试...
2025-04-23 11:07:28,315 - ❌ 未找到训练 CSV 文件: D:\my-vue-project\wind-power-forecast\backend\auto_scripts\dataset\dataset_supershort\20250423.csv，等待 30 秒后重试...
2025-04-23 11:07:58,317 - ❌ 未找到训练 CSV 文件: D:\my-vue-project\wind-power-forecast\backend\auto_scripts\dataset\dataset_supershort\20250423.csv，等待 30 秒后重试...
2025-04-23 11:08:28,331 - ❌ 未找到训练 CSV 文件: D:\my-vue-project\wind-power-forecast\backend\auto_scripts\dataset\dataset_supershort\20250423.csv，等待 30 秒后重试...
2025-04-23 11:08:58,334 - ❌ 未找到训练 CSV 文件: D:\my-vue-project\wind-power-forecast\backend\auto_scripts\dataset\dataset_supershort\20250423.csv，等待 30 秒后重试...
2025-04-23 11:09:28,338 - ❌ 未找到训练 CSV 文件: D:\my-vue-project\wind-power-forecast\backend\auto_scripts\dataset\dataset_supershort\20250423.csv，等待 30 秒后重试...
2025-04-23 11:09:58,351 - ❌ 未找到训练 CSV 文件: D:\my-vue-project\wind-power-forecast\backend\auto_scripts\dataset\dataset_supershort\20250423.csv，等待 30 秒后重试...
2025-04-23 11:10:28,355 - ❌ 未找到训练 CSV 文件: D:\my-vue-project\wind-power-forecast\backend\auto_scripts\dataset\dataset_supershort\20250423.csv，等待 30 秒后重试...
2025-04-23 11:10:58,361 - ❌ 未找到训练 CSV 文件: D:\my-vue-project\wind-power-forecast\backend\auto_scripts\dataset\dataset_supershort\20250423.csv，等待 30 秒后重试...
2025-04-23 11:11:28,370 - ❌ 未找到训练 CSV 文件: D:\my-vue-project\wind-power-forecast\backend\auto_scripts\dataset\dataset_supershort\20250423.csv，等待 30 秒后重试...
2025-04-23 11:11:58,376 - ❌ 未找到训练 CSV 文件: D:\my-vue-project\wind-power-forecast\backend\auto_scripts\dataset\dataset_supershort\20250423.csv，等待 30 秒后重试...
2025-04-23 11:12:28,379 - ❌ 未找到训练 CSV 文件: D:\my-vue-project\wind-power-forecast\backend\auto_scripts\dataset\dataset_supershort\20250423.csv，等待 30 秒后重试...
2025-04-23 11:12:58,384 - ❌ 未找到训练 CSV 文件: D:\my-vue-project\wind-power-forecast\backend\auto_scripts\dataset\dataset_supershort\20250423.csv，等待 30 秒后重试...
2025-04-23 11:13:28,389 - ❌ 未找到训练 CSV 文件: D:\my-vue-project\wind-power-forecast\backend\auto_scripts\dataset\dataset_supershort\20250423.csv，等待 30 秒后重试...
2025-04-23 11:13:58,403 - ❌ 未找到训练 CSV 文件: D:\my-vue-project\wind-power-forecast\backend\auto_scripts\dataset\dataset_supershort\20250423.csv，等待 30 秒后重试...
2025-04-23 11:14:28,409 - ❌ 未找到训练 CSV 文件: D:\my-vue-project\wind-power-forecast\backend\auto_scripts\dataset\dataset_supershort\20250423.csv，等待 30 秒后重试...
2025-04-23 11:14:58,418 - ❌ 未找到训练 CSV 文件: D:\my-vue-project\wind-power-forecast\backend\auto_scripts\dataset\dataset_supershort\20250423.csv，等待 30 秒后重试...
2025-04-23 11:15:28,424 - ❌ 未找到训练 CSV 文件: D:\my-vue-project\wind-power-forecast\backend\auto_scripts\dataset\dataset_supershort\20250423.csv，等待 30 秒后重试...
2025-04-23 11:15:58,434 - ❌ 未找到训练 CSV 文件: D:\my-vue-project\wind-power-forecast\backend\auto_scripts\dataset\dataset_supershort\20250423.csv，等待 30 秒后重试...
2025-04-23 11:16:28,442 - ❌ 未找到训练 CSV 文件: D:\my-vue-project\wind-power-forecast\backend\auto_scripts\dataset\dataset_supershort\20250423.csv，等待 30 秒后重试...
2025-04-23 11:16:58,453 - ❌ 未找到训练 CSV 文件: D:\my-vue-project\wind-power-forecast\backend\auto_scripts\dataset\dataset_supershort\20250423.csv，等待 30 秒后重试...
2025-04-23 11:17:28,466 - ❌ 未找到训练 CSV 文件: D:\my-vue-project\wind-power-forecast\backend\auto_scripts\dataset\dataset_supershort\20250423.csv，等待 30 秒后重试...
2025-04-23 11:17:58,474 - ❌ 未找到训练 CSV 文件: D:\my-vue-project\wind-power-forecast\backend\auto_scripts\dataset\dataset_supershort\20250423.csv，等待 30 秒后重试...
2025-04-23 11:18:28,475 - ❌ 未找到训练 CSV 文件: D:\my-vue-project\wind-power-forecast\backend\auto_scripts\dataset\dataset_supershort\20250423.csv，等待 30 秒后重试...
2025-04-23 11:18:58,480 - ❌ 未找到训练 CSV 文件: D:\my-vue-project\wind-power-forecast\backend\auto_scripts\dataset\dataset_supershort\20250423.csv，等待 30 秒后重试...
2025-04-23 11:19:28,494 - ❌ 未找到训练 CSV 文件: D:\my-vue-project\wind-power-forecast\backend\auto_scripts\dataset\dataset_supershort\20250423.csv，等待 30 秒后重试...
2025-04-23 11:19:58,497 - ❌ 未找到训练 CSV 文件: D:\my-vue-project\wind-power-forecast\backend\auto_scripts\dataset\dataset_supershort\20250423.csv，等待 30 秒后重试...
2025-04-23 11:20:28,501 - ❌ 未找到训练 CSV 文件: D:\my-vue-project\wind-power-forecast\backend\auto_scripts\dataset\dataset_supershort\20250423.csv，等待 30 秒后重试...
2025-04-23 11:20:58,503 - ❌ 未找到训练 CSV 文件: D:\my-vue-project\wind-power-forecast\backend\auto_scripts\dataset\dataset_supershort\20250423.csv，等待 30 秒后重试...
2025-04-23 11:21:28,519 - ❌ 未找到训练 CSV 文件: D:\my-vue-project\wind-power-forecast\backend\auto_scripts\dataset\dataset_supershort\20250423.csv，等待 30 秒后重试...
2025-04-23 11:21:58,521 - ❌ 未找到训练 CSV 文件: D:\my-vue-project\wind-power-forecast\backend\auto_scripts\dataset\dataset_supershort\20250423.csv，等待 30 秒后重试...
2025-04-23 11:22:28,526 - ❌ 未找到训练 CSV 文件: D:\my-vue-project\wind-power-forecast\backend\auto_scripts\dataset\dataset_supershort\20250423.csv，等待 30 秒后重试...
2025-04-23 11:22:58,534 - ❌ 未找到训练 CSV 文件: D:\my-vue-project\wind-power-forecast\backend\auto_scripts\dataset\dataset_supershort\20250423.csv，等待 30 秒后重试...
2025-04-23 11:23:28,545 - ❌ 未找到训练 CSV 文件: D:\my-vue-project\wind-power-forecast\backend\auto_scripts\dataset\dataset_supershort\20250423.csv，等待 30 秒后重试...
2025-04-23 11:23:58,560 - ❌ 未找到训练 CSV 文件: D:\my-vue-project\wind-power-forecast\backend\auto_scripts\dataset\dataset_supershort\20250423.csv，等待 30 秒后重试...
2025-04-23 11:24:28,560 - ❌ 未找到训练 CSV 文件: D:\my-vue-project\wind-power-forecast\backend\auto_scripts\dataset\dataset_supershort\20250423.csv，等待 30 秒后重试...
2025-04-23 11:24:58,570 - ❌ 未找到训练 CSV 文件: D:\my-vue-project\wind-power-forecast\backend\auto_scripts\dataset\dataset_supershort\20250423.csv，等待 30 秒后重试...
2025-04-23 11:25:28,574 - ❌ 未找到训练 CSV 文件: D:\my-vue-project\wind-power-forecast\backend\auto_scripts\dataset\dataset_supershort\20250423.csv，等待 30 秒后重试...
2025-04-23 11:25:58,576 - ❌ 未找到训练 CSV 文件: D:\my-vue-project\wind-power-forecast\backend\auto_scripts\dataset\dataset_supershort\20250423.csv，等待 30 秒后重试...
2025-04-23 11:26:28,582 - ❌ 未找到训练 CSV 文件: D:\my-vue-project\wind-power-forecast\backend\auto_scripts\dataset\dataset_supershort\20250423.csv，等待 30 秒后重试...
2025-04-23 11:26:58,594 - ❌ 未找到训练 CSV 文件: D:\my-vue-project\wind-power-forecast\backend\auto_scripts\dataset\dataset_supershort\20250423.csv，等待 30 秒后重试...
2025-04-23 11:27:28,599 - ❌ 未找到训练 CSV 文件: D:\my-vue-project\wind-power-forecast\backend\auto_scripts\dataset\dataset_supershort\20250423.csv，等待 30 秒后重试...
2025-04-23 11:27:58,606 - ❌ 未找到训练 CSV 文件: D:\my-vue-project\wind-power-forecast\backend\auto_scripts\dataset\dataset_supershort\20250423.csv，等待 30 秒后重试...
2025-04-23 11:28:28,609 - ❌ 未找到训练 CSV 文件: D:\my-vue-project\wind-power-forecast\backend\auto_scripts\dataset\dataset_supershort\20250423.csv，等待 30 秒后重试...
2025-04-23 11:28:58,613 - ❌ 未找到训练 CSV 文件: D:\my-vue-project\wind-power-forecast\backend\auto_scripts\dataset\dataset_supershort\20250423.csv，等待 30 秒后重试...
2025-04-23 11:29:28,624 - ❌ 未找到训练 CSV 文件: D:\my-vue-project\wind-power-forecast\backend\auto_scripts\dataset\dataset_supershort\20250423.csv，等待 30 秒后重试...
2025-04-23 11:29:58,637 - ❌ 未找到训练 CSV 文件: D:\my-vue-project\wind-power-forecast\backend\auto_scripts\dataset\dataset_supershort\20250423.csv，等待 30 秒后重试...
2025-04-23 11:30:28,644 - ❌ 未找到训练 CSV 文件: D:\my-vue-project\wind-power-forecast\backend\auto_scripts\dataset\dataset_supershort\20250423.csv，等待 30 秒后重试...
2025-04-23 11:30:58,652 - ❌ 未找到训练 CSV 文件: D:\my-vue-project\wind-power-forecast\backend\auto_scripts\dataset\dataset_supershort\20250423.csv，等待 30 秒后重试...
2025-04-23 11:31:28,662 - ❌ 未找到训练 CSV 文件: D:\my-vue-project\wind-power-forecast\backend\auto_scripts\dataset\dataset_supershort\20250423.csv，等待 30 秒后重试...
2025-04-23 11:31:58,668 - ❌ 未找到训练 CSV 文件: D:\my-vue-project\wind-power-forecast\backend\auto_scripts\dataset\dataset_supershort\20250423.csv，等待 30 秒后重试...
2025-04-23 11:32:28,674 - ❌ 未找到训练 CSV 文件: D:\my-vue-project\wind-power-forecast\backend\auto_scripts\dataset\dataset_supershort\20250423.csv，等待 30 秒后重试...
2025-04-23 11:32:58,690 - ❌ 未找到训练 CSV 文件: D:\my-vue-project\wind-power-forecast\backend\auto_scripts\dataset\dataset_supershort\20250423.csv，等待 30 秒后重试...
2025-04-23 11:33:28,698 - ❌ 未找到训练 CSV 文件: D:\my-vue-project\wind-power-forecast\backend\auto_scripts\dataset\dataset_supershort\20250423.csv，等待 30 秒后重试...
2025-04-23 11:33:58,712 - ❌ 未找到训练 CSV 文件: D:\my-vue-project\wind-power-forecast\backend\auto_scripts\dataset\dataset_supershort\20250423.csv，等待 30 秒后重试...
2025-04-23 11:34:28,729 - ❌ 未找到训练 CSV 文件: D:\my-vue-project\wind-power-forecast\backend\auto_scripts\dataset\dataset_supershort\20250423.csv，等待 30 秒后重试...
2025-04-23 11:34:58,733 - ❌ 未找到训练 CSV 文件: D:\my-vue-project\wind-power-forecast\backend\auto_scripts\dataset\dataset_supershort\20250423.csv，等待 30 秒后重试...
2025-04-23 11:35:28,740 - ❌ 未找到训练 CSV 文件: D:\my-vue-project\wind-power-forecast\backend\auto_scripts\dataset\dataset_supershort\20250423.csv，等待 30 秒后重试...
2025-04-23 11:35:58,741 - ❌ 未找到训练 CSV 文件: D:\my-vue-project\wind-power-forecast\backend\auto_scripts\dataset\dataset_supershort\20250423.csv，等待 30 秒后重试...
2025-04-23 11:36:28,757 - ❌ 未找到训练 CSV 文件: D:\my-vue-project\wind-power-forecast\backend\auto_scripts\dataset\dataset_supershort\20250423.csv，等待 30 秒后重试...
2025-04-23 11:36:58,765 - ❌ 未找到训练 CSV 文件: D:\my-vue-project\wind-power-forecast\backend\auto_scripts\dataset\dataset_supershort\20250423.csv，等待 30 秒后重试...
2025-04-23 11:37:28,772 - ❌ 未找到训练 CSV 文件: D:\my-vue-project\wind-power-forecast\backend\auto_scripts\dataset\dataset_supershort\20250423.csv，等待 30 秒后重试...
2025-04-23 11:37:58,778 - ❌ 未找到训练 CSV 文件: D:\my-vue-project\wind-power-forecast\backend\auto_scripts\dataset\dataset_supershort\20250423.csv，等待 30 秒后重试...
2025-04-23 11:38:28,795 - ❌ 未找到训练 CSV 文件: D:\my-vue-project\wind-power-forecast\backend\auto_scripts\dataset\dataset_supershort\20250423.csv，等待 30 秒后重试...
2025-04-23 11:38:58,804 - ❌ 未找到训练 CSV 文件: D:\my-vue-project\wind-power-forecast\backend\auto_scripts\dataset\dataset_supershort\20250423.csv，等待 30 秒后重试...
2025-04-23 11:39:28,820 - ❌ 未找到训练 CSV 文件: D:\my-vue-project\wind-power-forecast\backend\auto_scripts\dataset\dataset_supershort\20250423.csv，等待 30 秒后重试...
2025-04-23 11:39:58,827 - ❌ 未找到训练 CSV 文件: D:\my-vue-project\wind-power-forecast\backend\auto_scripts\dataset\dataset_supershort\20250423.csv，等待 30 秒后重试...
2025-04-23 11:40:28,831 - ❌ 未找到训练 CSV 文件: D:\my-vue-project\wind-power-forecast\backend\auto_scripts\dataset\dataset_supershort\20250423.csv，等待 30 秒后重试...
2025-04-23 11:40:58,841 - ❌ 未找到训练 CSV 文件: D:\my-vue-project\wind-power-forecast\backend\auto_scripts\dataset\dataset_supershort\20250423.csv，等待 30 秒后重试...
2025-04-23 11:41:28,847 - ❌ 未找到训练 CSV 文件: D:\my-vue-project\wind-power-forecast\backend\auto_scripts\dataset\dataset_supershort\20250423.csv，等待 30 秒后重试...
2025-04-23 11:41:58,850 - ❌ 未找到训练 CSV 文件: D:\my-vue-project\wind-power-forecast\backend\auto_scripts\dataset\dataset_supershort\20250423.csv，等待 30 秒后重试...
2025-04-23 11:42:28,861 - ❌ 未找到训练 CSV 文件: D:\my-vue-project\wind-power-forecast\backend\auto_scripts\dataset\dataset_supershort\20250423.csv，等待 30 秒后重试...
2025-04-23 11:42:58,866 - ❌ 未找到训练 CSV 文件: D:\my-vue-project\wind-power-forecast\backend\auto_scripts\dataset\dataset_supershort\20250423.csv，等待 30 秒后重试...
2025-04-23 11:43:28,881 - ❌ 未找到训练 CSV 文件: D:\my-vue-project\wind-power-forecast\backend\auto_scripts\dataset\dataset_supershort\20250423.csv，等待 30 秒后重试...
2025-04-23 11:43:58,890 - ❌ 未找到训练 CSV 文件: D:\my-vue-project\wind-power-forecast\backend\auto_scripts\dataset\dataset_supershort\20250423.csv，等待 30 秒后重试...
2025-04-23 11:44:28,906 - ❌ 未找到训练 CSV 文件: D:\my-vue-project\wind-power-forecast\backend\auto_scripts\dataset\dataset_supershort\20250423.csv，等待 30 秒后重试...
2025-04-23 11:44:58,910 - ❌ 未找到训练 CSV 文件: D:\my-vue-project\wind-power-forecast\backend\auto_scripts\dataset\dataset_supershort\20250423.csv，等待 30 秒后重试...
2025-04-23 11:45:28,916 - ❌ 未找到训练 CSV 文件: D:\my-vue-project\wind-power-forecast\backend\auto_scripts\dataset\dataset_supershort\20250423.csv，等待 30 秒后重试...
2025-04-23 11:45:58,925 - ❌ 未找到训练 CSV 文件: D:\my-vue-project\wind-power-forecast\backend\auto_scripts\dataset\dataset_supershort\20250423.csv，等待 30 秒后重试...
2025-04-23 11:46:28,925 - ❌ 未找到训练 CSV 文件: D:\my-vue-project\wind-power-forecast\backend\auto_scripts\dataset\dataset_supershort\20250423.csv，等待 30 秒后重试...
2025-04-23 11:46:58,938 - ❌ 未找到训练 CSV 文件: D:\my-vue-project\wind-power-forecast\backend\auto_scripts\dataset\dataset_supershort\20250423.csv，等待 30 秒后重试...
2025-04-23 11:47:28,946 - ❌ 未找到训练 CSV 文件: D:\my-vue-project\wind-power-forecast\backend\auto_scripts\dataset\dataset_supershort\20250423.csv，等待 30 秒后重试...
2025-04-23 11:47:58,955 - ❌ 未找到训练 CSV 文件: D:\my-vue-project\wind-power-forecast\backend\auto_scripts\dataset\dataset_supershort\20250423.csv，等待 30 秒后重试...
2025-04-23 11:48:28,971 - ❌ 未找到训练 CSV 文件: D:\my-vue-project\wind-power-forecast\backend\auto_scripts\dataset\dataset_supershort\20250423.csv，等待 30 秒后重试...
2025-04-23 11:48:58,978 - ❌ 未找到训练 CSV 文件: D:\my-vue-project\wind-power-forecast\backend\auto_scripts\dataset\dataset_supershort\20250423.csv，等待 30 秒后重试...
2025-04-23 11:49:28,984 - ❌ 未找到训练 CSV 文件: D:\my-vue-project\wind-power-forecast\backend\auto_scripts\dataset\dataset_supershort\20250423.csv，等待 30 秒后重试...
2025-04-23 11:49:58,999 - ❌ 未找到训练 CSV 文件: D:\my-vue-project\wind-power-forecast\backend\auto_scripts\dataset\dataset_supershort\20250423.csv，等待 30 秒后重试...
2025-04-23 11:50:29,009 - ❌ 未找到训练 CSV 文件: D:\my-vue-project\wind-power-forecast\backend\auto_scripts\dataset\dataset_supershort\20250423.csv，等待 30 秒后重试...
2025-04-23 11:50:59,020 - ❌ 未找到训练 CSV 文件: D:\my-vue-project\wind-power-forecast\backend\auto_scripts\dataset\dataset_supershort\20250423.csv，等待 30 秒后重试...
2025-04-23 11:51:29,025 - ❌ 未找到训练 CSV 文件: D:\my-vue-project\wind-power-forecast\backend\auto_scripts\dataset\dataset_supershort\20250423.csv，等待 30 秒后重试...
2025-04-23 11:51:59,035 - ❌ 未找到训练 CSV 文件: D:\my-vue-project\wind-power-forecast\backend\auto_scripts\dataset\dataset_supershort\20250423.csv，等待 30 秒后重试...
2025-04-23 11:52:29,050 - ❌ 未找到训练 CSV 文件: D:\my-vue-project\wind-power-forecast\backend\auto_scripts\dataset\dataset_supershort\20250423.csv，等待 30 秒后重试...
2025-04-23 11:52:59,054 - ❌ 未找到训练 CSV 文件: D:\my-vue-project\wind-power-forecast\backend\auto_scripts\dataset\dataset_supershort\20250423.csv，等待 30 秒后重试...
2025-04-23 11:53:29,065 - ❌ 未找到训练 CSV 文件: D:\my-vue-project\wind-power-forecast\backend\auto_scripts\dataset\dataset_supershort\20250423.csv，等待 30 秒后重试...
2025-04-23 11:53:59,075 - ❌ 未找到训练 CSV 文件: D:\my-vue-project\wind-power-forecast\backend\auto_scripts\dataset\dataset_supershort\20250423.csv，等待 30 秒后重试...
2025-04-23 11:54:29,084 - ❌ 未找到训练 CSV 文件: D:\my-vue-project\wind-power-forecast\backend\auto_scripts\dataset\dataset_supershort\20250423.csv，等待 30 秒后重试...
2025-04-23 11:54:59,098 - ❌ 未找到训练 CSV 文件: D:\my-vue-project\wind-power-forecast\backend\auto_scripts\dataset\dataset_supershort\20250423.csv，等待 30 秒后重试...
2025-04-23 11:55:29,101 - ❌ 未找到训练 CSV 文件: D:\my-vue-project\wind-power-forecast\backend\auto_scripts\dataset\dataset_supershort\20250423.csv，等待 30 秒后重试...
2025-04-23 11:55:59,115 - ❌ 未找到训练 CSV 文件: D:\my-vue-project\wind-power-forecast\backend\auto_scripts\dataset\dataset_supershort\20250423.csv，等待 30 秒后重试...
2025-04-23 11:56:29,117 - ❌ 未找到训练 CSV 文件: D:\my-vue-project\wind-power-forecast\backend\auto_scripts\dataset\dataset_supershort\20250423.csv，等待 30 秒后重试...
2025-04-23 11:56:59,123 - ❌ 未找到训练 CSV 文件: D:\my-vue-project\wind-power-forecast\backend\auto_scripts\dataset\dataset_supershort\20250423.csv，等待 30 秒后重试...
2025-04-23 11:57:29,135 - ❌ 未找到训练 CSV 文件: D:\my-vue-project\wind-power-forecast\backend\auto_scripts\dataset\dataset_supershort\20250423.csv，等待 30 秒后重试...
2025-04-23 11:57:59,140 - ❌ 未找到训练 CSV 文件: D:\my-vue-project\wind-power-forecast\backend\auto_scripts\dataset\dataset_supershort\20250423.csv，等待 30 秒后重试...
2025-04-23 11:58:29,154 - ❌ 未找到训练 CSV 文件: D:\my-vue-project\wind-power-forecast\backend\auto_scripts\dataset\dataset_supershort\20250423.csv，等待 30 秒后重试...
2025-04-23 11:58:59,160 - ❌ 未找到训练 CSV 文件: D:\my-vue-project\wind-power-forecast\backend\auto_scripts\dataset\dataset_supershort\20250423.csv，等待 30 秒后重试...
2025-04-23 11:59:29,166 - ❌ 未找到训练 CSV 文件: D:\my-vue-project\wind-power-forecast\backend\auto_scripts\dataset\dataset_supershort\20250423.csv，等待 30 秒后重试...
2025-04-23 11:59:59,172 - ❌ 未找到训练 CSV 文件: D:\my-vue-project\wind-power-forecast\backend\auto_scripts\dataset\dataset_supershort\20250423.csv，等待 30 秒后重试...
2025-04-23 12:00:29,180 - ❌ 未找到训练 CSV 文件: D:\my-vue-project\wind-power-forecast\backend\auto_scripts\dataset\dataset_supershort\20250423.csv，等待 30 秒后重试...
2025-04-23 12:00:59,187 - ❌ 未找到训练 CSV 文件: D:\my-vue-project\wind-power-forecast\backend\auto_scripts\dataset\dataset_supershort\20250423.csv，等待 30 秒后重试...
2025-04-23 12:01:29,199 - ❌ 未找到训练 CSV 文件: D:\my-vue-project\wind-power-forecast\backend\auto_scripts\dataset\dataset_supershort\20250423.csv，等待 30 秒后重试...
2025-04-23 12:01:59,206 - ❌ 未找到训练 CSV 文件: D:\my-vue-project\wind-power-forecast\backend\auto_scripts\dataset\dataset_supershort\20250423.csv，等待 30 秒后重试...
2025-04-23 12:02:29,217 - ❌ 未找到训练 CSV 文件: D:\my-vue-project\wind-power-forecast\backend\auto_scripts\dataset\dataset_supershort\20250423.csv，等待 30 秒后重试...
2025-04-23 12:02:59,220 - ❌ 未找到训练 CSV 文件: D:\my-vue-project\wind-power-forecast\backend\auto_scripts\dataset\dataset_supershort\20250423.csv，等待 30 秒后重试...
2025-04-23 12:03:29,231 - ❌ 未找到训练 CSV 文件: D:\my-vue-project\wind-power-forecast\backend\auto_scripts\dataset\dataset_supershort\20250423.csv，等待 30 秒后重试...
2025-04-23 12:03:59,239 - ❌ 未找到训练 CSV 文件: D:\my-vue-project\wind-power-forecast\backend\auto_scripts\dataset\dataset_supershort\20250423.csv，等待 30 秒后重试...
2025-04-23 12:04:29,246 - ❌ 未找到训练 CSV 文件: D:\my-vue-project\wind-power-forecast\backend\auto_scripts\dataset\dataset_supershort\20250423.csv，等待 30 秒后重试...
2025-04-23 12:04:59,253 - ❌ 未找到训练 CSV 文件: D:\my-vue-project\wind-power-forecast\backend\auto_scripts\dataset\dataset_supershort\20250423.csv，等待 30 秒后重试...
2025-04-23 12:05:29,266 - ❌ 未找到训练 CSV 文件: D:\my-vue-project\wind-power-forecast\backend\auto_scripts\dataset\dataset_supershort\20250423.csv，等待 30 秒后重试...
2025-04-23 12:05:59,280 - ❌ 未找到训练 CSV 文件: D:\my-vue-project\wind-power-forecast\backend\auto_scripts\dataset\dataset_supershort\20250423.csv，等待 30 秒后重试...
2025-04-23 12:06:29,285 - ❌ 未找到训练 CSV 文件: D:\my-vue-project\wind-power-forecast\backend\auto_scripts\dataset\dataset_supershort\20250423.csv，等待 30 秒后重试...
2025-04-23 12:06:59,287 - ❌ 未找到训练 CSV 文件: D:\my-vue-project\wind-power-forecast\backend\auto_scripts\dataset\dataset_supershort\20250423.csv，等待 30 秒后重试...
2025-04-23 12:07:29,288 - ❌ 未找到训练 CSV 文件: D:\my-vue-project\wind-power-forecast\backend\auto_scripts\dataset\dataset_supershort\20250423.csv，等待 30 秒后重试...
2025-04-23 12:07:59,291 - ❌ 未找到训练 CSV 文件: D:\my-vue-project\wind-power-forecast\backend\auto_scripts\dataset\dataset_supershort\20250423.csv，等待 30 秒后重试...
2025-04-23 12:08:29,300 - ❌ 未找到训练 CSV 文件: D:\my-vue-project\wind-power-forecast\backend\auto_scripts\dataset\dataset_supershort\20250423.csv，等待 30 秒后重试...
2025-04-23 12:08:59,310 - ❌ 未找到训练 CSV 文件: D:\my-vue-project\wind-power-forecast\backend\auto_scripts\dataset\dataset_supershort\20250423.csv，等待 30 秒后重试...
2025-04-23 12:09:29,320 - ❌ 未找到训练 CSV 文件: D:\my-vue-project\wind-power-forecast\backend\auto_scripts\dataset\dataset_supershort\20250423.csv，等待 30 秒后重试...
2025-04-23 12:09:59,331 - ❌ 未找到训练 CSV 文件: D:\my-vue-project\wind-power-forecast\backend\auto_scripts\dataset\dataset_supershort\20250423.csv，等待 30 秒后重试...
2025-04-23 12:10:29,344 - ❌ 未找到训练 CSV 文件: D:\my-vue-project\wind-power-forecast\backend\auto_scripts\dataset\dataset_supershort\20250423.csv，等待 30 秒后重试...
2025-04-23 12:10:59,353 - ❌ 未找到训练 CSV 文件: D:\my-vue-project\wind-power-forecast\backend\auto_scripts\dataset\dataset_supershort\20250423.csv，等待 30 秒后重试...
2025-04-23 12:11:29,360 - ❌ 未找到训练 CSV 文件: D:\my-vue-project\wind-power-forecast\backend\auto_scripts\dataset\dataset_supershort\20250423.csv，等待 30 秒后重试...
2025-04-23 12:11:59,365 - ❌ 未找到训练 CSV 文件: D:\my-vue-project\wind-power-forecast\backend\auto_scripts\dataset\dataset_supershort\20250423.csv，等待 30 秒后重试...
2025-04-23 12:12:29,375 - ❌ 未找到训练 CSV 文件: D:\my-vue-project\wind-power-forecast\backend\auto_scripts\dataset\dataset_supershort\20250423.csv，等待 30 秒后重试...
2025-04-23 12:12:59,378 - ❌ 未找到训练 CSV 文件: D:\my-vue-project\wind-power-forecast\backend\auto_scripts\dataset\dataset_supershort\20250423.csv，等待 30 秒后重试...
2025-04-23 12:13:29,380 - ❌ 未找到训练 CSV 文件: D:\my-vue-project\wind-power-forecast\backend\auto_scripts\dataset\dataset_supershort\20250423.csv，等待 30 秒后重试...
2025-04-23 12:13:59,392 - ❌ 未找到训练 CSV 文件: D:\my-vue-project\wind-power-forecast\backend\auto_scripts\dataset\dataset_supershort\20250423.csv，等待 30 秒后重试...
2025-04-23 12:14:29,408 - ❌ 未找到训练 CSV 文件: D:\my-vue-project\wind-power-forecast\backend\auto_scripts\dataset\dataset_supershort\20250423.csv，等待 30 秒后重试...
2025-04-23 12:14:59,410 - ❌ 未找到训练 CSV 文件: D:\my-vue-project\wind-power-forecast\backend\auto_scripts\dataset\dataset_supershort\20250423.csv，等待 30 秒后重试...
2025-04-23 12:15:29,417 - ❌ 未找到训练 CSV 文件: D:\my-vue-project\wind-power-forecast\backend\auto_scripts\dataset\dataset_supershort\20250423.csv，等待 30 秒后重试...
2025-04-23 12:15:59,423 - ❌ 未找到训练 CSV 文件: D:\my-vue-project\wind-power-forecast\backend\auto_scripts\dataset\dataset_supershort\20250423.csv，等待 30 秒后重试...
2025-04-23 12:16:29,435 - ❌ 未找到训练 CSV 文件: D:\my-vue-project\wind-power-forecast\backend\auto_scripts\dataset\dataset_supershort\20250423.csv，等待 30 秒后重试...
2025-04-23 12:16:59,447 - ❌ 未找到训练 CSV 文件: D:\my-vue-project\wind-power-forecast\backend\auto_scripts\dataset\dataset_supershort\20250423.csv，等待 30 秒后重试...
2025-04-23 12:17:29,456 - ❌ 未找到训练 CSV 文件: D:\my-vue-project\wind-power-forecast\backend\auto_scripts\dataset\dataset_supershort\20250423.csv，等待 30 秒后重试...
2025-04-23 12:17:59,462 - ❌ 未找到训练 CSV 文件: D:\my-vue-project\wind-power-forecast\backend\auto_scripts\dataset\dataset_supershort\20250423.csv，等待 30 秒后重试...
2025-04-23 12:18:29,467 - ❌ 未找到训练 CSV 文件: D:\my-vue-project\wind-power-forecast\backend\auto_scripts\dataset\dataset_supershort\20250423.csv，等待 30 秒后重试...
2025-04-23 12:18:59,480 - ❌ 未找到训练 CSV 文件: D:\my-vue-project\wind-power-forecast\backend\auto_scripts\dataset\dataset_supershort\20250423.csv，等待 30 秒后重试...
2025-04-23 12:19:29,484 - ❌ 未找到训练 CSV 文件: D:\my-vue-project\wind-power-forecast\backend\auto_scripts\dataset\dataset_supershort\20250423.csv，等待 30 秒后重试...
2025-04-23 12:19:59,500 - ❌ 未找到训练 CSV 文件: D:\my-vue-project\wind-power-forecast\backend\auto_scripts\dataset\dataset_supershort\20250423.csv，等待 30 秒后重试...
2025-04-23 12:20:29,503 - ❌ 未找到训练 CSV 文件: D:\my-vue-project\wind-power-forecast\backend\auto_scripts\dataset\dataset_supershort\20250423.csv，等待 30 秒后重试...
2025-04-23 12:20:59,507 - ❌ 未找到训练 CSV 文件: D:\my-vue-project\wind-power-forecast\backend\auto_scripts\dataset\dataset_supershort\20250423.csv，等待 30 秒后重试...
2025-04-23 12:21:29,514 - ❌ 未找到训练 CSV 文件: D:\my-vue-project\wind-power-forecast\backend\auto_scripts\dataset\dataset_supershort\20250423.csv，等待 30 秒后重试...
2025-04-23 12:21:59,526 - ❌ 未找到训练 CSV 文件: D:\my-vue-project\wind-power-forecast\backend\auto_scripts\dataset\dataset_supershort\20250423.csv，等待 30 秒后重试...
2025-04-23 12:22:29,540 - ❌ 未找到训练 CSV 文件: D:\my-vue-project\wind-power-forecast\backend\auto_scripts\dataset\dataset_supershort\20250423.csv，等待 30 秒后重试...
2025-04-23 12:22:59,556 - ❌ 未找到训练 CSV 文件: D:\my-vue-project\wind-power-forecast\backend\auto_scripts\dataset\dataset_supershort\20250423.csv，等待 30 秒后重试...
2025-04-23 12:23:29,559 - ❌ 未找到训练 CSV 文件: D:\my-vue-project\wind-power-forecast\backend\auto_scripts\dataset\dataset_supershort\20250423.csv，等待 30 秒后重试...
2025-04-23 12:23:59,575 - ❌ 未找到训练 CSV 文件: D:\my-vue-project\wind-power-forecast\backend\auto_scripts\dataset\dataset_supershort\20250423.csv，等待 30 秒后重试...
2025-04-23 12:24:29,581 - ❌ 未找到训练 CSV 文件: D:\my-vue-project\wind-power-forecast\backend\auto_scripts\dataset\dataset_supershort\20250423.csv，等待 30 秒后重试...
2025-04-23 12:24:59,584 - ❌ 未找到训练 CSV 文件: D:\my-vue-project\wind-power-forecast\backend\auto_scripts\dataset\dataset_supershort\20250423.csv，等待 30 秒后重试...
2025-04-23 12:25:29,597 - ❌ 未找到训练 CSV 文件: D:\my-vue-project\wind-power-forecast\backend\auto_scripts\dataset\dataset_supershort\20250423.csv，等待 30 秒后重试...
2025-04-23 12:25:59,614 - ❌ 未找到训练 CSV 文件: D:\my-vue-project\wind-power-forecast\backend\auto_scripts\dataset\dataset_supershort\20250423.csv，等待 30 秒后重试...
2025-04-23 12:26:29,623 - ❌ 未找到训练 CSV 文件: D:\my-vue-project\wind-power-forecast\backend\auto_scripts\dataset\dataset_supershort\20250423.csv，等待 30 秒后重试...
2025-04-23 12:26:59,630 - ❌ 未找到训练 CSV 文件: D:\my-vue-project\wind-power-forecast\backend\auto_scripts\dataset\dataset_supershort\20250423.csv，等待 30 秒后重试...
2025-04-23 12:27:29,642 - ❌ 未找到训练 CSV 文件: D:\my-vue-project\wind-power-forecast\backend\auto_scripts\dataset\dataset_supershort\20250423.csv，等待 30 秒后重试...
2025-04-23 12:27:59,656 - ❌ 未找到训练 CSV 文件: D:\my-vue-project\wind-power-forecast\backend\auto_scripts\dataset\dataset_supershort\20250423.csv，等待 30 秒后重试...
2025-04-23 12:28:29,665 - ❌ 未找到训练 CSV 文件: D:\my-vue-project\wind-power-forecast\backend\auto_scripts\dataset\dataset_supershort\20250423.csv，等待 30 秒后重试...
2025-04-23 12:28:59,674 - ❌ 未找到训练 CSV 文件: D:\my-vue-project\wind-power-forecast\backend\auto_scripts\dataset\dataset_supershort\20250423.csv，等待 30 秒后重试...
2025-04-23 12:29:29,679 - ❌ 未找到训练 CSV 文件: D:\my-vue-project\wind-power-forecast\backend\auto_scripts\dataset\dataset_supershort\20250423.csv，等待 30 秒后重试...
2025-04-23 12:29:59,690 - ❌ 未找到训练 CSV 文件: D:\my-vue-project\wind-power-forecast\backend\auto_scripts\dataset\dataset_supershort\20250423.csv，等待 30 秒后重试...
2025-04-23 12:30:29,693 - ❌ 未找到训练 CSV 文件: D:\my-vue-project\wind-power-forecast\backend\auto_scripts\dataset\dataset_supershort\20250423.csv，等待 30 秒后重试...
2025-04-23 12:30:59,702 - ❌ 未找到训练 CSV 文件: D:\my-vue-project\wind-power-forecast\backend\auto_scripts\dataset\dataset_supershort\20250423.csv，等待 30 秒后重试...
2025-04-23 12:31:29,717 - ❌ 未找到训练 CSV 文件: D:\my-vue-project\wind-power-forecast\backend\auto_scripts\dataset\dataset_supershort\20250423.csv，等待 30 秒后重试...
2025-04-23 12:31:59,731 - ❌ 未找到训练 CSV 文件: D:\my-vue-project\wind-power-forecast\backend\auto_scripts\dataset\dataset_supershort\20250423.csv，等待 30 秒后重试...
2025-04-23 12:32:29,732 - ❌ 未找到训练 CSV 文件: D:\my-vue-project\wind-power-forecast\backend\auto_scripts\dataset\dataset_supershort\20250423.csv，等待 30 秒后重试...
2025-04-23 12:32:59,742 - ❌ 未找到训练 CSV 文件: D:\my-vue-project\wind-power-forecast\backend\auto_scripts\dataset\dataset_supershort\20250423.csv，等待 30 秒后重试...
2025-04-23 12:33:29,743 - ❌ 未找到训练 CSV 文件: D:\my-vue-project\wind-power-forecast\backend\auto_scripts\dataset\dataset_supershort\20250423.csv，等待 30 秒后重试...
2025-04-23 12:33:59,753 - ❌ 未找到训练 CSV 文件: D:\my-vue-project\wind-power-forecast\backend\auto_scripts\dataset\dataset_supershort\20250423.csv，等待 30 秒后重试...
2025-04-23 12:34:29,769 - ❌ 未找到训练 CSV 文件: D:\my-vue-project\wind-power-forecast\backend\auto_scripts\dataset\dataset_supershort\20250423.csv，等待 30 秒后重试...
2025-04-23 12:34:59,780 - ❌ 未找到训练 CSV 文件: D:\my-vue-project\wind-power-forecast\backend\auto_scripts\dataset\dataset_supershort\20250423.csv，等待 30 秒后重试...
2025-04-23 12:35:29,788 - ❌ 未找到训练 CSV 文件: D:\my-vue-project\wind-power-forecast\backend\auto_scripts\dataset\dataset_supershort\20250423.csv，等待 30 秒后重试...
2025-04-23 12:35:59,798 - ❌ 未找到训练 CSV 文件: D:\my-vue-project\wind-power-forecast\backend\auto_scripts\dataset\dataset_supershort\20250423.csv，等待 30 秒后重试...
2025-04-23 12:36:29,809 - ❌ 未找到训练 CSV 文件: D:\my-vue-project\wind-power-forecast\backend\auto_scripts\dataset\dataset_supershort\20250423.csv，等待 30 秒后重试...
2025-04-23 12:36:59,821 - ❌ 未找到训练 CSV 文件: D:\my-vue-project\wind-power-forecast\backend\auto_scripts\dataset\dataset_supershort\20250423.csv，等待 30 秒后重试...
2025-04-23 12:37:29,831 - ❌ 未找到训练 CSV 文件: D:\my-vue-project\wind-power-forecast\backend\auto_scripts\dataset\dataset_supershort\20250423.csv，等待 30 秒后重试...
2025-04-23 12:37:59,841 - ❌ 未找到训练 CSV 文件: D:\my-vue-project\wind-power-forecast\backend\auto_scripts\dataset\dataset_supershort\20250423.csv，等待 30 秒后重试...
2025-04-23 12:38:29,852 - ❌ 未找到训练 CSV 文件: D:\my-vue-project\wind-power-forecast\backend\auto_scripts\dataset\dataset_supershort\20250423.csv，等待 30 秒后重试...
2025-04-23 12:38:59,868 - ❌ 未找到训练 CSV 文件: D:\my-vue-project\wind-power-forecast\backend\auto_scripts\dataset\dataset_supershort\20250423.csv，等待 30 秒后重试...
2025-04-23 12:39:29,871 - ❌ 未找到训练 CSV 文件: D:\my-vue-project\wind-power-forecast\backend\auto_scripts\dataset\dataset_supershort\20250423.csv，等待 30 秒后重试...
2025-04-23 12:39:59,878 - ❌ 未找到训练 CSV 文件: D:\my-vue-project\wind-power-forecast\backend\auto_scripts\dataset\dataset_supershort\20250423.csv，等待 30 秒后重试...
2025-04-23 12:40:29,884 - ❌ 未找到训练 CSV 文件: D:\my-vue-project\wind-power-forecast\backend\auto_scripts\dataset\dataset_supershort\20250423.csv，等待 30 秒后重试...
2025-04-23 12:40:59,885 - ❌ 未找到训练 CSV 文件: D:\my-vue-project\wind-power-forecast\backend\auto_scripts\dataset\dataset_supershort\20250423.csv，等待 30 秒后重试...
2025-04-23 12:41:29,885 - ❌ 未找到训练 CSV 文件: D:\my-vue-project\wind-power-forecast\backend\auto_scripts\dataset\dataset_supershort\20250423.csv，等待 30 秒后重试...
2025-04-23 12:41:59,898 - ❌ 未找到训练 CSV 文件: D:\my-vue-project\wind-power-forecast\backend\auto_scripts\dataset\dataset_supershort\20250423.csv，等待 30 秒后重试...
2025-04-23 12:42:29,904 - ❌ 未找到训练 CSV 文件: D:\my-vue-project\wind-power-forecast\backend\auto_scripts\dataset\dataset_supershort\20250423.csv，等待 30 秒后重试...
2025-04-23 12:42:59,908 - ❌ 未找到训练 CSV 文件: D:\my-vue-project\wind-power-forecast\backend\auto_scripts\dataset\dataset_supershort\20250423.csv，等待 30 秒后重试...
2025-04-23 12:43:29,915 - ❌ 未找到训练 CSV 文件: D:\my-vue-project\wind-power-forecast\backend\auto_scripts\dataset\dataset_supershort\20250423.csv，等待 30 秒后重试...
2025-04-23 12:43:59,928 - ❌ 未找到训练 CSV 文件: D:\my-vue-project\wind-power-forecast\backend\auto_scripts\dataset\dataset_supershort\20250423.csv，等待 30 秒后重试...
2025-04-23 12:44:29,941 - ❌ 未找到训练 CSV 文件: D:\my-vue-project\wind-power-forecast\backend\auto_scripts\dataset\dataset_supershort\20250423.csv，等待 30 秒后重试...
2025-04-23 12:44:59,953 - ❌ 未找到训练 CSV 文件: D:\my-vue-project\wind-power-forecast\backend\auto_scripts\dataset\dataset_supershort\20250423.csv，等待 30 秒后重试...
2025-04-23 12:45:29,969 - ❌ 未找到训练 CSV 文件: D:\my-vue-project\wind-power-forecast\backend\auto_scripts\dataset\dataset_supershort\20250423.csv，等待 30 秒后重试...
2025-04-23 12:45:59,984 - ❌ 未找到训练 CSV 文件: D:\my-vue-project\wind-power-forecast\backend\auto_scripts\dataset\dataset_supershort\20250423.csv，等待 30 秒后重试...
2025-04-23 12:46:29,988 - ❌ 未找到训练 CSV 文件: D:\my-vue-project\wind-power-forecast\backend\auto_scripts\dataset\dataset_supershort\20250423.csv，等待 30 秒后重试...
2025-04-23 12:46:59,997 - ❌ 未找到训练 CSV 文件: D:\my-vue-project\wind-power-forecast\backend\auto_scripts\dataset\dataset_supershort\20250423.csv，等待 30 秒后重试...
2025-04-23 12:47:30,012 - ❌ 未找到训练 CSV 文件: D:\my-vue-project\wind-power-forecast\backend\auto_scripts\dataset\dataset_supershort\20250423.csv，等待 30 秒后重试...
2025-04-23 12:48:00,013 - ❌ 未找到训练 CSV 文件: D:\my-vue-project\wind-power-forecast\backend\auto_scripts\dataset\dataset_supershort\20250423.csv，等待 30 秒后重试...
2025-04-23 12:48:30,015 - ❌ 未找到训练 CSV 文件: D:\my-vue-project\wind-power-forecast\backend\auto_scripts\dataset\dataset_supershort\20250423.csv，等待 30 秒后重试...
2025-04-23 12:49:00,022 - ❌ 未找到训练 CSV 文件: D:\my-vue-project\wind-power-forecast\backend\auto_scripts\dataset\dataset_supershort\20250423.csv，等待 30 秒后重试...
2025-04-23 12:49:30,027 - ❌ 未找到训练 CSV 文件: D:\my-vue-project\wind-power-forecast\backend\auto_scripts\dataset\dataset_supershort\20250423.csv，等待 30 秒后重试...
2025-04-23 12:50:00,034 - ❌ 未找到训练 CSV 文件: D:\my-vue-project\wind-power-forecast\backend\auto_scripts\dataset\dataset_supershort\20250423.csv，等待 30 秒后重试...
2025-04-23 12:50:30,048 - ❌ 未找到训练 CSV 文件: D:\my-vue-project\wind-power-forecast\backend\auto_scripts\dataset\dataset_supershort\20250423.csv，等待 30 秒后重试...
2025-04-23 12:51:00,057 - ❌ 未找到训练 CSV 文件: D:\my-vue-project\wind-power-forecast\backend\auto_scripts\dataset\dataset_supershort\20250423.csv，等待 30 秒后重试...
2025-04-23 12:51:30,067 - ❌ 未找到训练 CSV 文件: D:\my-vue-project\wind-power-forecast\backend\auto_scripts\dataset\dataset_supershort\20250423.csv，等待 30 秒后重试...
2025-04-23 12:52:00,076 - ❌ 未找到训练 CSV 文件: D:\my-vue-project\wind-power-forecast\backend\auto_scripts\dataset\dataset_supershort\20250423.csv，等待 30 秒后重试...
2025-04-23 12:52:30,077 - ❌ 未找到训练 CSV 文件: D:\my-vue-project\wind-power-forecast\backend\auto_scripts\dataset\dataset_supershort\20250423.csv，等待 30 秒后重试...
2025-04-23 12:53:00,081 - ❌ 未找到训练 CSV 文件: D:\my-vue-project\wind-power-forecast\backend\auto_scripts\dataset\dataset_supershort\20250423.csv，等待 30 秒后重试...
2025-04-23 12:53:30,093 - ❌ 未找到训练 CSV 文件: D:\my-vue-project\wind-power-forecast\backend\auto_scripts\dataset\dataset_supershort\20250423.csv，等待 30 秒后重试...
2025-04-23 12:54:00,109 - ❌ 未找到训练 CSV 文件: D:\my-vue-project\wind-power-forecast\backend\auto_scripts\dataset\dataset_supershort\20250423.csv，等待 30 秒后重试...
2025-04-23 12:54:30,111 - ❌ 未找到训练 CSV 文件: D:\my-vue-project\wind-power-forecast\backend\auto_scripts\dataset\dataset_supershort\20250423.csv，等待 30 秒后重试...
2025-04-23 12:55:00,119 - ❌ 未找到训练 CSV 文件: D:\my-vue-project\wind-power-forecast\backend\auto_scripts\dataset\dataset_supershort\20250423.csv，等待 30 秒后重试...
2025-04-23 12:55:30,133 - ❌ 未找到训练 CSV 文件: D:\my-vue-project\wind-power-forecast\backend\auto_scripts\dataset\dataset_supershort\20250423.csv，等待 30 秒后重试...
2025-04-23 12:56:00,142 - ❌ 未找到训练 CSV 文件: D:\my-vue-project\wind-power-forecast\backend\auto_scripts\dataset\dataset_supershort\20250423.csv，等待 30 秒后重试...
2025-04-23 12:56:30,150 - ❌ 未找到训练 CSV 文件: D:\my-vue-project\wind-power-forecast\backend\auto_scripts\dataset\dataset_supershort\20250423.csv，等待 30 秒后重试...
2025-04-23 12:57:00,153 - ❌ 未找到训练 CSV 文件: D:\my-vue-project\wind-power-forecast\backend\auto_scripts\dataset\dataset_supershort\20250423.csv，等待 30 秒后重试...
2025-04-23 12:57:30,167 - ❌ 未找到训练 CSV 文件: D:\my-vue-project\wind-power-forecast\backend\auto_scripts\dataset\dataset_supershort\20250423.csv，等待 30 秒后重试...
2025-04-23 12:58:00,177 - ❌ 未找到训练 CSV 文件: D:\my-vue-project\wind-power-forecast\backend\auto_scripts\dataset\dataset_supershort\20250423.csv，等待 30 秒后重试...
2025-04-23 12:58:30,191 - ❌ 未找到训练 CSV 文件: D:\my-vue-project\wind-power-forecast\backend\auto_scripts\dataset\dataset_supershort\20250423.csv，等待 30 秒后重试...
2025-04-23 12:59:00,206 - ❌ 未找到训练 CSV 文件: D:\my-vue-project\wind-power-forecast\backend\auto_scripts\dataset\dataset_supershort\20250423.csv，等待 30 秒后重试...
2025-04-23 12:59:30,216 - ❌ 未找到训练 CSV 文件: D:\my-vue-project\wind-power-forecast\backend\auto_scripts\dataset\dataset_supershort\20250423.csv，等待 30 秒后重试...
2025-04-23 13:00:00,220 - ❌ 未找到训练 CSV 文件: D:\my-vue-project\wind-power-forecast\backend\auto_scripts\dataset\dataset_supershort\20250423.csv，等待 30 秒后重试...
2025-04-23 13:00:30,223 - ❌ 未找到训练 CSV 文件: D:\my-vue-project\wind-power-forecast\backend\auto_scripts\dataset\dataset_supershort\20250423.csv，等待 30 秒后重试...
2025-04-23 13:01:00,224 - ❌ 未找到训练 CSV 文件: D:\my-vue-project\wind-power-forecast\backend\auto_scripts\dataset\dataset_supershort\20250423.csv，等待 30 秒后重试...
2025-04-23 13:01:30,233 - ❌ 未找到训练 CSV 文件: D:\my-vue-project\wind-power-forecast\backend\auto_scripts\dataset\dataset_supershort\20250423.csv，等待 30 秒后重试...
2025-04-23 13:02:00,238 - ❌ 未找到训练 CSV 文件: D:\my-vue-project\wind-power-forecast\backend\auto_scripts\dataset\dataset_supershort\20250423.csv，等待 30 秒后重试...
2025-04-23 13:02:30,242 - ❌ 未找到训练 CSV 文件: D:\my-vue-project\wind-power-forecast\backend\auto_scripts\dataset\dataset_supershort\20250423.csv，等待 30 秒后重试...
2025-04-23 13:03:00,255 - ❌ 未找到训练 CSV 文件: D:\my-vue-project\wind-power-forecast\backend\auto_scripts\dataset\dataset_supershort\20250423.csv，等待 30 秒后重试...
2025-04-23 13:03:30,259 - ❌ 未找到训练 CSV 文件: D:\my-vue-project\wind-power-forecast\backend\auto_scripts\dataset\dataset_supershort\20250423.csv，等待 30 秒后重试...
2025-04-23 13:04:00,260 - ❌ 未找到训练 CSV 文件: D:\my-vue-project\wind-power-forecast\backend\auto_scripts\dataset\dataset_supershort\20250423.csv，等待 30 秒后重试...
2025-04-23 13:04:30,263 - ❌ 未找到训练 CSV 文件: D:\my-vue-project\wind-power-forecast\backend\auto_scripts\dataset\dataset_supershort\20250423.csv，等待 30 秒后重试...
2025-04-23 13:05:00,276 - ❌ 未找到训练 CSV 文件: D:\my-vue-project\wind-power-forecast\backend\auto_scripts\dataset\dataset_supershort\20250423.csv，等待 30 秒后重试...
2025-04-23 13:05:30,285 - ❌ 未找到训练 CSV 文件: D:\my-vue-project\wind-power-forecast\backend\auto_scripts\dataset\dataset_supershort\20250423.csv，等待 30 秒后重试...
2025-04-23 13:06:00,299 - ❌ 未找到训练 CSV 文件: D:\my-vue-project\wind-power-forecast\backend\auto_scripts\dataset\dataset_supershort\20250423.csv，等待 30 秒后重试...
2025-04-23 13:06:30,305 - ❌ 未找到训练 CSV 文件: D:\my-vue-project\wind-power-forecast\backend\auto_scripts\dataset\dataset_supershort\20250423.csv，等待 30 秒后重试...
2025-04-23 13:07:00,320 - ❌ 未找到训练 CSV 文件: D:\my-vue-project\wind-power-forecast\backend\auto_scripts\dataset\dataset_supershort\20250423.csv，等待 30 秒后重试...
2025-04-23 13:07:30,324 - ❌ 未找到训练 CSV 文件: D:\my-vue-project\wind-power-forecast\backend\auto_scripts\dataset\dataset_supershort\20250423.csv，等待 30 秒后重试...
2025-04-23 13:08:00,328 - ❌ 未找到训练 CSV 文件: D:\my-vue-project\wind-power-forecast\backend\auto_scripts\dataset\dataset_supershort\20250423.csv，等待 30 秒后重试...
2025-04-23 13:08:30,337 - ❌ 未找到训练 CSV 文件: D:\my-vue-project\wind-power-forecast\backend\auto_scripts\dataset\dataset_supershort\20250423.csv，等待 30 秒后重试...
2025-04-23 13:09:00,349 - ❌ 未找到训练 CSV 文件: D:\my-vue-project\wind-power-forecast\backend\auto_scripts\dataset\dataset_supershort\20250423.csv，等待 30 秒后重试...
2025-04-23 13:09:30,353 - ❌ 未找到训练 CSV 文件: D:\my-vue-project\wind-power-forecast\backend\auto_scripts\dataset\dataset_supershort\20250423.csv，等待 30 秒后重试...
2025-04-23 13:10:00,357 - ❌ 未找到训练 CSV 文件: D:\my-vue-project\wind-power-forecast\backend\auto_scripts\dataset\dataset_supershort\20250423.csv，等待 30 秒后重试...
2025-04-23 13:10:30,374 - ❌ 未找到训练 CSV 文件: D:\my-vue-project\wind-power-forecast\backend\auto_scripts\dataset\dataset_supershort\20250423.csv，等待 30 秒后重试...
2025-04-23 13:11:00,386 - ❌ 未找到训练 CSV 文件: D:\my-vue-project\wind-power-forecast\backend\auto_scripts\dataset\dataset_supershort\20250423.csv，等待 30 秒后重试...
2025-04-23 13:11:30,402 - ❌ 未找到训练 CSV 文件: D:\my-vue-project\wind-power-forecast\backend\auto_scripts\dataset\dataset_supershort\20250423.csv，等待 30 秒后重试...
2025-04-23 13:12:00,411 - ❌ 未找到训练 CSV 文件: D:\my-vue-project\wind-power-forecast\backend\auto_scripts\dataset\dataset_supershort\20250423.csv，等待 30 秒后重试...
2025-04-23 13:12:30,414 - ❌ 未找到训练 CSV 文件: D:\my-vue-project\wind-power-forecast\backend\auto_scripts\dataset\dataset_supershort\20250423.csv，等待 30 秒后重试...
2025-04-23 13:13:00,422 - ❌ 未找到训练 CSV 文件: D:\my-vue-project\wind-power-forecast\backend\auto_scripts\dataset\dataset_supershort\20250423.csv，等待 30 秒后重试...
2025-04-23 13:13:30,432 - ❌ 未找到训练 CSV 文件: D:\my-vue-project\wind-power-forecast\backend\auto_scripts\dataset\dataset_supershort\20250423.csv，等待 30 秒后重试...
2025-04-23 13:14:00,446 - ❌ 未找到训练 CSV 文件: D:\my-vue-project\wind-power-forecast\backend\auto_scripts\dataset\dataset_supershort\20250423.csv，等待 30 秒后重试...
2025-04-23 13:14:30,457 - ❌ 未找到训练 CSV 文件: D:\my-vue-project\wind-power-forecast\backend\auto_scripts\dataset\dataset_supershort\20250423.csv，等待 30 秒后重试...
2025-04-23 13:15:00,469 - ❌ 未找到训练 CSV 文件: D:\my-vue-project\wind-power-forecast\backend\auto_scripts\dataset\dataset_supershort\20250423.csv，等待 30 秒后重试...
2025-04-23 13:15:30,480 - ❌ 未找到训练 CSV 文件: D:\my-vue-project\wind-power-forecast\backend\auto_scripts\dataset\dataset_supershort\20250423.csv，等待 30 秒后重试...
2025-04-23 13:16:00,485 - ❌ 未找到训练 CSV 文件: D:\my-vue-project\wind-power-forecast\backend\auto_scripts\dataset\dataset_supershort\20250423.csv，等待 30 秒后重试...
2025-04-23 13:16:30,504 - ❌ 未找到训练 CSV 文件: D:\my-vue-project\wind-power-forecast\backend\auto_scripts\dataset\dataset_supershort\20250423.csv，等待 30 秒后重试...
2025-04-23 13:17:00,510 - ❌ 未找到训练 CSV 文件: D:\my-vue-project\wind-power-forecast\backend\auto_scripts\dataset\dataset_supershort\20250423.csv，等待 30 秒后重试...
2025-04-23 13:17:30,523 - ❌ 未找到训练 CSV 文件: D:\my-vue-project\wind-power-forecast\backend\auto_scripts\dataset\dataset_supershort\20250423.csv，等待 30 秒后重试...
2025-04-23 13:18:00,531 - ❌ 未找到训练 CSV 文件: D:\my-vue-project\wind-power-forecast\backend\auto_scripts\dataset\dataset_supershort\20250423.csv，等待 30 秒后重试...
2025-04-23 13:18:30,536 - ❌ 未找到训练 CSV 文件: D:\my-vue-project\wind-power-forecast\backend\auto_scripts\dataset\dataset_supershort\20250423.csv，等待 30 秒后重试...
2025-04-23 13:19:00,549 - ❌ 未找到训练 CSV 文件: D:\my-vue-project\wind-power-forecast\backend\auto_scripts\dataset\dataset_supershort\20250423.csv，等待 30 秒后重试...
2025-04-23 13:19:30,554 - ❌ 未找到训练 CSV 文件: D:\my-vue-project\wind-power-forecast\backend\auto_scripts\dataset\dataset_supershort\20250423.csv，等待 30 秒后重试...
2025-04-23 13:20:00,563 - ❌ 未找到训练 CSV 文件: D:\my-vue-project\wind-power-forecast\backend\auto_scripts\dataset\dataset_supershort\20250423.csv，等待 30 秒后重试...
2025-04-23 13:20:30,576 - ❌ 未找到训练 CSV 文件: D:\my-vue-project\wind-power-forecast\backend\auto_scripts\dataset\dataset_supershort\20250423.csv，等待 30 秒后重试...
2025-04-23 13:21:00,593 - ❌ 未找到训练 CSV 文件: D:\my-vue-project\wind-power-forecast\backend\auto_scripts\dataset\dataset_supershort\20250423.csv，等待 30 秒后重试...
2025-04-23 13:21:30,604 - ❌ 未找到训练 CSV 文件: D:\my-vue-project\wind-power-forecast\backend\auto_scripts\dataset\dataset_supershort\20250423.csv，等待 30 秒后重试...
2025-04-23 13:22:00,605 - ❌ 未找到训练 CSV 文件: D:\my-vue-project\wind-power-forecast\backend\auto_scripts\dataset\dataset_supershort\20250423.csv，等待 30 秒后重试...
2025-04-23 13:22:30,607 - ❌ 未找到训练 CSV 文件: D:\my-vue-project\wind-power-forecast\backend\auto_scripts\dataset\dataset_supershort\20250423.csv，等待 30 秒后重试...
2025-04-23 13:23:00,619 - ❌ 未找到训练 CSV 文件: D:\my-vue-project\wind-power-forecast\backend\auto_scripts\dataset\dataset_supershort\20250423.csv，等待 30 秒后重试...
2025-04-23 13:23:30,629 - ❌ 未找到训练 CSV 文件: D:\my-vue-project\wind-power-forecast\backend\auto_scripts\dataset\dataset_supershort\20250423.csv，等待 30 秒后重试...
2025-04-23 13:24:00,635 - ❌ 未找到训练 CSV 文件: D:\my-vue-project\wind-power-forecast\backend\auto_scripts\dataset\dataset_supershort\20250423.csv，等待 30 秒后重试...
2025-04-23 13:24:30,637 - ❌ 未找到训练 CSV 文件: D:\my-vue-project\wind-power-forecast\backend\auto_scripts\dataset\dataset_supershort\20250423.csv，等待 30 秒后重试...
2025-04-23 13:25:00,648 - ❌ 未找到训练 CSV 文件: D:\my-vue-project\wind-power-forecast\backend\auto_scripts\dataset\dataset_supershort\20250423.csv，等待 30 秒后重试...
2025-04-23 13:25:30,660 - ❌ 未找到训练 CSV 文件: D:\my-vue-project\wind-power-forecast\backend\auto_scripts\dataset\dataset_supershort\20250423.csv，等待 30 秒后重试...
2025-04-23 13:26:00,673 - ❌ 未找到训练 CSV 文件: D:\my-vue-project\wind-power-forecast\backend\auto_scripts\dataset\dataset_supershort\20250423.csv，等待 30 秒后重试...
2025-04-23 13:26:30,679 - ❌ 未找到训练 CSV 文件: D:\my-vue-project\wind-power-forecast\backend\auto_scripts\dataset\dataset_supershort\20250423.csv，等待 30 秒后重试...
2025-04-23 13:27:00,688 - ❌ 未找到训练 CSV 文件: D:\my-vue-project\wind-power-forecast\backend\auto_scripts\dataset\dataset_supershort\20250423.csv，等待 30 秒后重试...
2025-04-23 13:27:30,698 - ❌ 未找到训练 CSV 文件: D:\my-vue-project\wind-power-forecast\backend\auto_scripts\dataset\dataset_supershort\20250423.csv，等待 30 秒后重试...
2025-04-23 13:28:00,708 - ❌ 未找到训练 CSV 文件: D:\my-vue-project\wind-power-forecast\backend\auto_scripts\dataset\dataset_supershort\20250423.csv，等待 30 秒后重试...
2025-04-23 13:28:30,724 - ❌ 未找到训练 CSV 文件: D:\my-vue-project\wind-power-forecast\backend\auto_scripts\dataset\dataset_supershort\20250423.csv，等待 30 秒后重试...
2025-04-23 13:29:00,734 - ❌ 未找到训练 CSV 文件: D:\my-vue-project\wind-power-forecast\backend\auto_scripts\dataset\dataset_supershort\20250423.csv，等待 30 秒后重试...
2025-04-23 13:29:30,746 - ❌ 未找到训练 CSV 文件: D:\my-vue-project\wind-power-forecast\backend\auto_scripts\dataset\dataset_supershort\20250423.csv，等待 30 秒后重试...
2025-04-23 13:30:00,751 - ❌ 未找到训练 CSV 文件: D:\my-vue-project\wind-power-forecast\backend\auto_scripts\dataset\dataset_supershort\20250423.csv，等待 30 秒后重试...
2025-04-23 13:30:30,758 - ❌ 未找到训练 CSV 文件: D:\my-vue-project\wind-power-forecast\backend\auto_scripts\dataset\dataset_supershort\20250423.csv，等待 30 秒后重试...
2025-04-23 13:31:00,761 - ❌ 未找到训练 CSV 文件: D:\my-vue-project\wind-power-forecast\backend\auto_scripts\dataset\dataset_supershort\20250423.csv，等待 30 秒后重试...
2025-04-23 13:31:30,772 - ❌ 未找到训练 CSV 文件: D:\my-vue-project\wind-power-forecast\backend\auto_scripts\dataset\dataset_supershort\20250423.csv，等待 30 秒后重试...
2025-04-23 13:32:00,785 - ❌ 未找到训练 CSV 文件: D:\my-vue-project\wind-power-forecast\backend\auto_scripts\dataset\dataset_supershort\20250423.csv，等待 30 秒后重试...
2025-04-23 13:32:30,795 - ❌ 未找到训练 CSV 文件: D:\my-vue-project\wind-power-forecast\backend\auto_scripts\dataset\dataset_supershort\20250423.csv，等待 30 秒后重试...
2025-04-23 13:33:00,799 - ❌ 未找到训练 CSV 文件: D:\my-vue-project\wind-power-forecast\backend\auto_scripts\dataset\dataset_supershort\20250423.csv，等待 30 秒后重试...
2025-04-23 13:33:30,807 - ❌ 未找到训练 CSV 文件: D:\my-vue-project\wind-power-forecast\backend\auto_scripts\dataset\dataset_supershort\20250423.csv，等待 30 秒后重试...
2025-04-23 13:34:00,823 - ❌ 未找到训练 CSV 文件: D:\my-vue-project\wind-power-forecast\backend\auto_scripts\dataset\dataset_supershort\20250423.csv，等待 30 秒后重试...
2025-04-23 13:34:30,834 - ❌ 未找到训练 CSV 文件: D:\my-vue-project\wind-power-forecast\backend\auto_scripts\dataset\dataset_supershort\20250423.csv，等待 30 秒后重试...
2025-04-23 13:35:00,835 - ❌ 未找到训练 CSV 文件: D:\my-vue-project\wind-power-forecast\backend\auto_scripts\dataset\dataset_supershort\20250423.csv，等待 30 秒后重试...
2025-04-23 13:35:30,852 - ❌ 未找到训练 CSV 文件: D:\my-vue-project\wind-power-forecast\backend\auto_scripts\dataset\dataset_supershort\20250423.csv，等待 30 秒后重试...
2025-04-23 13:36:00,859 - ❌ 未找到训练 CSV 文件: D:\my-vue-project\wind-power-forecast\backend\auto_scripts\dataset\dataset_supershort\20250423.csv，等待 30 秒后重试...
2025-04-23 13:36:30,862 - ❌ 未找到训练 CSV 文件: D:\my-vue-project\wind-power-forecast\backend\auto_scripts\dataset\dataset_supershort\20250423.csv，等待 30 秒后重试...
2025-04-23 13:37:00,867 - ❌ 未找到训练 CSV 文件: D:\my-vue-project\wind-power-forecast\backend\auto_scripts\dataset\dataset_supershort\20250423.csv，等待 30 秒后重试...
2025-04-23 13:37:30,871 - ❌ 未找到训练 CSV 文件: D:\my-vue-project\wind-power-forecast\backend\auto_scripts\dataset\dataset_supershort\20250423.csv，等待 30 秒后重试...
2025-04-23 13:38:00,887 - ❌ 未找到训练 CSV 文件: D:\my-vue-project\wind-power-forecast\backend\auto_scripts\dataset\dataset_supershort\20250423.csv，等待 30 秒后重试...
2025-04-23 13:38:30,902 - ❌ 未找到训练 CSV 文件: D:\my-vue-project\wind-power-forecast\backend\auto_scripts\dataset\dataset_supershort\20250423.csv，等待 30 秒后重试...
2025-04-23 13:39:00,908 - ❌ 未找到训练 CSV 文件: D:\my-vue-project\wind-power-forecast\backend\auto_scripts\dataset\dataset_supershort\20250423.csv，等待 30 秒后重试...
2025-04-23 13:39:30,915 - ❌ 未找到训练 CSV 文件: D:\my-vue-project\wind-power-forecast\backend\auto_scripts\dataset\dataset_supershort\20250423.csv，等待 30 秒后重试...
2025-04-23 13:40:00,922 - ❌ 未找到训练 CSV 文件: D:\my-vue-project\wind-power-forecast\backend\auto_scripts\dataset\dataset_supershort\20250423.csv，等待 30 秒后重试...
2025-04-23 13:40:30,933 - ❌ 未找到训练 CSV 文件: D:\my-vue-project\wind-power-forecast\backend\auto_scripts\dataset\dataset_supershort\20250423.csv，等待 30 秒后重试...
2025-04-23 13:41:00,936 - ❌ 未找到训练 CSV 文件: D:\my-vue-project\wind-power-forecast\backend\auto_scripts\dataset\dataset_supershort\20250423.csv，等待 30 秒后重试...
2025-04-23 13:41:30,940 - ❌ 未找到训练 CSV 文件: D:\my-vue-project\wind-power-forecast\backend\auto_scripts\dataset\dataset_supershort\20250423.csv，等待 30 秒后重试...
2025-04-23 13:42:00,940 - ❌ 未找到训练 CSV 文件: D:\my-vue-project\wind-power-forecast\backend\auto_scripts\dataset\dataset_supershort\20250423.csv，等待 30 秒后重试...
2025-04-23 13:42:30,943 - ❌ 未找到训练 CSV 文件: D:\my-vue-project\wind-power-forecast\backend\auto_scripts\dataset\dataset_supershort\20250423.csv，等待 30 秒后重试...
2025-04-23 13:43:00,950 - ❌ 未找到训练 CSV 文件: D:\my-vue-project\wind-power-forecast\backend\auto_scripts\dataset\dataset_supershort\20250423.csv，等待 30 秒后重试...
2025-04-23 13:43:30,952 - ❌ 未找到训练 CSV 文件: D:\my-vue-project\wind-power-forecast\backend\auto_scripts\dataset\dataset_supershort\20250423.csv，等待 30 秒后重试...
2025-04-23 13:44:00,955 - ❌ 未找到训练 CSV 文件: D:\my-vue-project\wind-power-forecast\backend\auto_scripts\dataset\dataset_supershort\20250423.csv，等待 30 秒后重试...
2025-04-23 13:44:30,960 - ❌ 未找到训练 CSV 文件: D:\my-vue-project\wind-power-forecast\backend\auto_scripts\dataset\dataset_supershort\20250423.csv，等待 30 秒后重试...
2025-04-23 13:45:00,968 - ❌ 未找到训练 CSV 文件: D:\my-vue-project\wind-power-forecast\backend\auto_scripts\dataset\dataset_supershort\20250423.csv，等待 30 秒后重试...
2025-04-23 13:45:30,971 - ❌ 未找到训练 CSV 文件: D:\my-vue-project\wind-power-forecast\backend\auto_scripts\dataset\dataset_supershort\20250423.csv，等待 30 秒后重试...
2025-04-23 13:46:00,983 - ❌ 未找到训练 CSV 文件: D:\my-vue-project\wind-power-forecast\backend\auto_scripts\dataset\dataset_supershort\20250423.csv，等待 30 秒后重试...
2025-04-23 13:46:30,994 - ❌ 未找到训练 CSV 文件: D:\my-vue-project\wind-power-forecast\backend\auto_scripts\dataset\dataset_supershort\20250423.csv，等待 30 秒后重试...
2025-04-23 13:47:01,008 - ❌ 未找到训练 CSV 文件: D:\my-vue-project\wind-power-forecast\backend\auto_scripts\dataset\dataset_supershort\20250423.csv，等待 30 秒后重试...
2025-04-23 13:47:31,011 - ❌ 未找到训练 CSV 文件: D:\my-vue-project\wind-power-forecast\backend\auto_scripts\dataset\dataset_supershort\20250423.csv，等待 30 秒后重试...
2025-04-23 13:48:01,012 - ❌ 未找到训练 CSV 文件: D:\my-vue-project\wind-power-forecast\backend\auto_scripts\dataset\dataset_supershort\20250423.csv，等待 30 秒后重试...
2025-04-23 13:48:31,021 - ❌ 未找到训练 CSV 文件: D:\my-vue-project\wind-power-forecast\backend\auto_scripts\dataset\dataset_supershort\20250423.csv，等待 30 秒后重试...
2025-04-23 13:49:01,024 - ❌ 未找到训练 CSV 文件: D:\my-vue-project\wind-power-forecast\backend\auto_scripts\dataset\dataset_supershort\20250423.csv，等待 30 秒后重试...
2025-04-23 13:49:31,036 - ❌ 未找到训练 CSV 文件: D:\my-vue-project\wind-power-forecast\backend\auto_scripts\dataset\dataset_supershort\20250423.csv，等待 30 秒后重试...
2025-04-23 13:50:01,048 - ❌ 未找到训练 CSV 文件: D:\my-vue-project\wind-power-forecast\backend\auto_scripts\dataset\dataset_supershort\20250423.csv，等待 30 秒后重试...
2025-04-23 13:50:31,061 - ❌ 未找到训练 CSV 文件: D:\my-vue-project\wind-power-forecast\backend\auto_scripts\dataset\dataset_supershort\20250423.csv，等待 30 秒后重试...
2025-04-23 13:51:01,073 - ❌ 未找到训练 CSV 文件: D:\my-vue-project\wind-power-forecast\backend\auto_scripts\dataset\dataset_supershort\20250423.csv，等待 30 秒后重试...
2025-04-23 13:51:31,074 - ❌ 未找到训练 CSV 文件: D:\my-vue-project\wind-power-forecast\backend\auto_scripts\dataset\dataset_supershort\20250423.csv，等待 30 秒后重试...
2025-04-23 13:52:01,089 - ❌ 未找到训练 CSV 文件: D:\my-vue-project\wind-power-forecast\backend\auto_scripts\dataset\dataset_supershort\20250423.csv，等待 30 秒后重试...
2025-04-23 13:52:31,099 - ❌ 未找到训练 CSV 文件: D:\my-vue-project\wind-power-forecast\backend\auto_scripts\dataset\dataset_supershort\20250423.csv，等待 30 秒后重试...
2025-04-23 13:53:01,114 - ❌ 未找到训练 CSV 文件: D:\my-vue-project\wind-power-forecast\backend\auto_scripts\dataset\dataset_supershort\20250423.csv，等待 30 秒后重试...
2025-04-23 13:53:31,126 - ❌ 未找到训练 CSV 文件: D:\my-vue-project\wind-power-forecast\backend\auto_scripts\dataset\dataset_supershort\20250423.csv，等待 30 秒后重试...
2025-04-23 13:54:01,132 - ❌ 未找到训练 CSV 文件: D:\my-vue-project\wind-power-forecast\backend\auto_scripts\dataset\dataset_supershort\20250423.csv，等待 30 秒后重试...
2025-04-23 13:54:31,147 - ❌ 未找到训练 CSV 文件: D:\my-vue-project\wind-power-forecast\backend\auto_scripts\dataset\dataset_supershort\20250423.csv，等待 30 秒后重试...
2025-04-23 13:55:01,163 - ❌ 未找到训练 CSV 文件: D:\my-vue-project\wind-power-forecast\backend\auto_scripts\dataset\dataset_supershort\20250423.csv，等待 30 秒后重试...
2025-04-23 13:55:31,165 - ❌ 未找到训练 CSV 文件: D:\my-vue-project\wind-power-forecast\backend\auto_scripts\dataset\dataset_supershort\20250423.csv，等待 30 秒后重试...
2025-04-23 13:56:01,175 - ❌ 未找到训练 CSV 文件: D:\my-vue-project\wind-power-forecast\backend\auto_scripts\dataset\dataset_supershort\20250423.csv，等待 30 秒后重试...
2025-04-23 13:56:31,183 - ❌ 未找到训练 CSV 文件: D:\my-vue-project\wind-power-forecast\backend\auto_scripts\dataset\dataset_supershort\20250423.csv，等待 30 秒后重试...
2025-04-23 13:57:01,192 - ❌ 未找到训练 CSV 文件: D:\my-vue-project\wind-power-forecast\backend\auto_scripts\dataset\dataset_supershort\20250423.csv，等待 30 秒后重试...
2025-04-23 13:57:31,206 - ❌ 未找到训练 CSV 文件: D:\my-vue-project\wind-power-forecast\backend\auto_scripts\dataset\dataset_supershort\20250423.csv，等待 30 秒后重试...
2025-04-23 13:58:01,210 - ❌ 未找到训练 CSV 文件: D:\my-vue-project\wind-power-forecast\backend\auto_scripts\dataset\dataset_supershort\20250423.csv，等待 30 秒后重试...
2025-04-23 13:58:31,213 - ❌ 未找到训练 CSV 文件: D:\my-vue-project\wind-power-forecast\backend\auto_scripts\dataset\dataset_supershort\20250423.csv，等待 30 秒后重试...
2025-04-23 13:59:01,226 - ❌ 未找到训练 CSV 文件: D:\my-vue-project\wind-power-forecast\backend\auto_scripts\dataset\dataset_supershort\20250423.csv，等待 30 秒后重试...
2025-04-23 13:59:31,228 - ❌ 未找到训练 CSV 文件: D:\my-vue-project\wind-power-forecast\backend\auto_scripts\dataset\dataset_supershort\20250423.csv，等待 30 秒后重试...
2025-04-23 14:00:01,234 - ❌ 未找到训练 CSV 文件: D:\my-vue-project\wind-power-forecast\backend\auto_scripts\dataset\dataset_supershort\20250423.csv，等待 30 秒后重试...
2025-04-23 14:00:31,242 - ❌ 未找到训练 CSV 文件: D:\my-vue-project\wind-power-forecast\backend\auto_scripts\dataset\dataset_supershort\20250423.csv，等待 30 秒后重试...
2025-04-23 14:01:01,252 - ❌ 未找到训练 CSV 文件: D:\my-vue-project\wind-power-forecast\backend\auto_scripts\dataset\dataset_supershort\20250423.csv，等待 30 秒后重试...
2025-04-23 14:01:31,269 - ❌ 未找到训练 CSV 文件: D:\my-vue-project\wind-power-forecast\backend\auto_scripts\dataset\dataset_supershort\20250423.csv，等待 30 秒后重试...
2025-04-23 14:02:01,277 - ❌ 未找到训练 CSV 文件: D:\my-vue-project\wind-power-forecast\backend\auto_scripts\dataset\dataset_supershort\20250423.csv，等待 30 秒后重试...
2025-04-23 14:02:31,281 - ❌ 未找到训练 CSV 文件: D:\my-vue-project\wind-power-forecast\backend\auto_scripts\dataset\dataset_supershort\20250423.csv，等待 30 秒后重试...
2025-04-23 14:03:01,285 - ❌ 未找到训练 CSV 文件: D:\my-vue-project\wind-power-forecast\backend\auto_scripts\dataset\dataset_supershort\20250423.csv，等待 30 秒后重试...
2025-04-23 14:03:31,289 - ❌ 未找到训练 CSV 文件: D:\my-vue-project\wind-power-forecast\backend\auto_scripts\dataset\dataset_supershort\20250423.csv，等待 30 秒后重试...
2025-04-23 14:04:01,306 - ❌ 未找到训练 CSV 文件: D:\my-vue-project\wind-power-forecast\backend\auto_scripts\dataset\dataset_supershort\20250423.csv，等待 30 秒后重试...
2025-04-23 14:04:31,309 - ❌ 未找到训练 CSV 文件: D:\my-vue-project\wind-power-forecast\backend\auto_scripts\dataset\dataset_supershort\20250423.csv，等待 30 秒后重试...
2025-04-23 14:05:01,322 - ❌ 未找到训练 CSV 文件: D:\my-vue-project\wind-power-forecast\backend\auto_scripts\dataset\dataset_supershort\20250423.csv，等待 30 秒后重试...
2025-04-23 14:05:31,326 - ❌ 未找到训练 CSV 文件: D:\my-vue-project\wind-power-forecast\backend\auto_scripts\dataset\dataset_supershort\20250423.csv，等待 30 秒后重试...
2025-04-23 14:06:01,328 - ❌ 未找到训练 CSV 文件: D:\my-vue-project\wind-power-forecast\backend\auto_scripts\dataset\dataset_supershort\20250423.csv，等待 30 秒后重试...
2025-04-23 14:06:31,344 - ❌ 未找到训练 CSV 文件: D:\my-vue-project\wind-power-forecast\backend\auto_scripts\dataset\dataset_supershort\20250423.csv，等待 30 秒后重试...
2025-04-23 14:07:01,359 - ❌ 未找到训练 CSV 文件: D:\my-vue-project\wind-power-forecast\backend\auto_scripts\dataset\dataset_supershort\20250423.csv，等待 30 秒后重试...
2025-04-23 14:07:31,368 - ❌ 未找到训练 CSV 文件: D:\my-vue-project\wind-power-forecast\backend\auto_scripts\dataset\dataset_supershort\20250423.csv，等待 30 秒后重试...
2025-04-23 14:08:01,374 - ❌ 未找到训练 CSV 文件: D:\my-vue-project\wind-power-forecast\backend\auto_scripts\dataset\dataset_supershort\20250423.csv，等待 30 秒后重试...
2025-04-23 14:08:31,374 - ❌ 未找到训练 CSV 文件: D:\my-vue-project\wind-power-forecast\backend\auto_scripts\dataset\dataset_supershort\20250423.csv，等待 30 秒后重试...
2025-04-23 14:09:01,382 - ❌ 未找到训练 CSV 文件: D:\my-vue-project\wind-power-forecast\backend\auto_scripts\dataset\dataset_supershort\20250423.csv，等待 30 秒后重试...
2025-04-23 14:09:31,385 - ❌ 未找到训练 CSV 文件: D:\my-vue-project\wind-power-forecast\backend\auto_scripts\dataset\dataset_supershort\20250423.csv，等待 30 秒后重试...
2025-04-23 14:10:01,391 - ❌ 未找到训练 CSV 文件: D:\my-vue-project\wind-power-forecast\backend\auto_scripts\dataset\dataset_supershort\20250423.csv，等待 30 秒后重试...
2025-04-23 14:10:31,398 - ❌ 未找到训练 CSV 文件: D:\my-vue-project\wind-power-forecast\backend\auto_scripts\dataset\dataset_supershort\20250423.csv，等待 30 秒后重试...
2025-04-23 14:11:01,411 - ❌ 未找到训练 CSV 文件: D:\my-vue-project\wind-power-forecast\backend\auto_scripts\dataset\dataset_supershort\20250423.csv，等待 30 秒后重试...
2025-04-23 14:11:31,423 - ❌ 未找到训练 CSV 文件: D:\my-vue-project\wind-power-forecast\backend\auto_scripts\dataset\dataset_supershort\20250423.csv，等待 30 秒后重试...
2025-04-23 14:12:01,432 - ❌ 未找到训练 CSV 文件: D:\my-vue-project\wind-power-forecast\backend\auto_scripts\dataset\dataset_supershort\20250423.csv，等待 30 秒后重试...
2025-04-23 14:12:31,439 - ❌ 未找到训练 CSV 文件: D:\my-vue-project\wind-power-forecast\backend\auto_scripts\dataset\dataset_supershort\20250423.csv，等待 30 秒后重试...
2025-04-23 14:13:01,450 - ❌ 未找到训练 CSV 文件: D:\my-vue-project\wind-power-forecast\backend\auto_scripts\dataset\dataset_supershort\20250423.csv，等待 30 秒后重试...
2025-04-23 14:13:31,454 - ❌ 未找到训练 CSV 文件: D:\my-vue-project\wind-power-forecast\backend\auto_scripts\dataset\dataset_supershort\20250423.csv，等待 30 秒后重试...
2025-04-23 14:14:01,469 - ❌ 未找到训练 CSV 文件: D:\my-vue-project\wind-power-forecast\backend\auto_scripts\dataset\dataset_supershort\20250423.csv，等待 30 秒后重试...
2025-04-23 14:14:31,484 - ❌ 未找到训练 CSV 文件: D:\my-vue-project\wind-power-forecast\backend\auto_scripts\dataset\dataset_supershort\20250423.csv，等待 30 秒后重试...
2025-04-23 14:15:01,493 - ❌ 未找到训练 CSV 文件: D:\my-vue-project\wind-power-forecast\backend\auto_scripts\dataset\dataset_supershort\20250423.csv，等待 30 秒后重试...
2025-04-23 14:15:31,497 - ❌ 未找到训练 CSV 文件: D:\my-vue-project\wind-power-forecast\backend\auto_scripts\dataset\dataset_supershort\20250423.csv，等待 30 秒后重试...
2025-04-23 14:16:01,511 - ❌ 未找到训练 CSV 文件: D:\my-vue-project\wind-power-forecast\backend\auto_scripts\dataset\dataset_supershort\20250423.csv，等待 30 秒后重试...
2025-04-23 14:16:31,524 - ❌ 未找到训练 CSV 文件: D:\my-vue-project\wind-power-forecast\backend\auto_scripts\dataset\dataset_supershort\20250423.csv，等待 30 秒后重试...
2025-04-23 14:17:01,532 - ❌ 未找到训练 CSV 文件: D:\my-vue-project\wind-power-forecast\backend\auto_scripts\dataset\dataset_supershort\20250423.csv，等待 30 秒后重试...
2025-04-23 14:17:31,545 - ❌ 未找到训练 CSV 文件: D:\my-vue-project\wind-power-forecast\backend\auto_scripts\dataset\dataset_supershort\20250423.csv，等待 30 秒后重试...
2025-04-23 14:18:01,551 - ❌ 未找到训练 CSV 文件: D:\my-vue-project\wind-power-forecast\backend\auto_scripts\dataset\dataset_supershort\20250423.csv，等待 30 秒后重试...
2025-04-23 14:18:31,553 - ❌ 未找到训练 CSV 文件: D:\my-vue-project\wind-power-forecast\backend\auto_scripts\dataset\dataset_supershort\20250423.csv，等待 30 秒后重试...
2025-04-23 14:19:01,559 - ❌ 未找到训练 CSV 文件: D:\my-vue-project\wind-power-forecast\backend\auto_scripts\dataset\dataset_supershort\20250423.csv，等待 30 秒后重试...
2025-04-23 14:19:31,564 - ❌ 未找到训练 CSV 文件: D:\my-vue-project\wind-power-forecast\backend\auto_scripts\dataset\dataset_supershort\20250423.csv，等待 30 秒后重试...
2025-04-23 14:20:01,566 - ❌ 未找到训练 CSV 文件: D:\my-vue-project\wind-power-forecast\backend\auto_scripts\dataset\dataset_supershort\20250423.csv，等待 30 秒后重试...
2025-04-23 14:20:31,581 - ❌ 未找到训练 CSV 文件: D:\my-vue-project\wind-power-forecast\backend\auto_scripts\dataset\dataset_supershort\20250423.csv，等待 30 秒后重试...
2025-04-23 14:21:01,594 - ❌ 未找到训练 CSV 文件: D:\my-vue-project\wind-power-forecast\backend\auto_scripts\dataset\dataset_supershort\20250423.csv，等待 30 秒后重试...
2025-04-23 14:21:31,600 - ❌ 未找到训练 CSV 文件: D:\my-vue-project\wind-power-forecast\backend\auto_scripts\dataset\dataset_supershort\20250423.csv，等待 30 秒后重试...
2025-04-23 14:22:01,607 - ❌ 未找到训练 CSV 文件: D:\my-vue-project\wind-power-forecast\backend\auto_scripts\dataset\dataset_supershort\20250423.csv，等待 30 秒后重试...
2025-04-23 14:22:31,622 - ❌ 未找到训练 CSV 文件: D:\my-vue-project\wind-power-forecast\backend\auto_scripts\dataset\dataset_supershort\20250423.csv，等待 30 秒后重试...
2025-04-23 14:23:01,629 - ❌ 未找到训练 CSV 文件: D:\my-vue-project\wind-power-forecast\backend\auto_scripts\dataset\dataset_supershort\20250423.csv，等待 30 秒后重试...
2025-04-23 14:23:31,637 - ❌ 未找到训练 CSV 文件: D:\my-vue-project\wind-power-forecast\backend\auto_scripts\dataset\dataset_supershort\20250423.csv，等待 30 秒后重试...
2025-04-23 14:24:01,642 - ❌ 未找到训练 CSV 文件: D:\my-vue-project\wind-power-forecast\backend\auto_scripts\dataset\dataset_supershort\20250423.csv，等待 30 秒后重试...
2025-04-23 14:24:31,655 - ❌ 未找到训练 CSV 文件: D:\my-vue-project\wind-power-forecast\backend\auto_scripts\dataset\dataset_supershort\20250423.csv，等待 30 秒后重试...
2025-04-23 14:25:01,663 - ❌ 未找到训练 CSV 文件: D:\my-vue-project\wind-power-forecast\backend\auto_scripts\dataset\dataset_supershort\20250423.csv，等待 30 秒后重试...
2025-04-23 14:25:31,670 - ❌ 未找到训练 CSV 文件: D:\my-vue-project\wind-power-forecast\backend\auto_scripts\dataset\dataset_supershort\20250423.csv，等待 30 秒后重试...
2025-04-23 14:26:01,684 - ❌ 未找到训练 CSV 文件: D:\my-vue-project\wind-power-forecast\backend\auto_scripts\dataset\dataset_supershort\20250423.csv，等待 30 秒后重试...
2025-04-23 14:26:31,691 - ❌ 未找到训练 CSV 文件: D:\my-vue-project\wind-power-forecast\backend\auto_scripts\dataset\dataset_supershort\20250423.csv，等待 30 秒后重试...
2025-04-23 14:27:01,700 - ❌ 未找到训练 CSV 文件: D:\my-vue-project\wind-power-forecast\backend\auto_scripts\dataset\dataset_supershort\20250423.csv，等待 30 秒后重试...
2025-04-23 14:27:31,714 - ❌ 未找到训练 CSV 文件: D:\my-vue-project\wind-power-forecast\backend\auto_scripts\dataset\dataset_supershort\20250423.csv，等待 30 秒后重试...
2025-04-23 14:28:01,722 - ❌ 未找到训练 CSV 文件: D:\my-vue-project\wind-power-forecast\backend\auto_scripts\dataset\dataset_supershort\20250423.csv，等待 30 秒后重试...
2025-04-23 14:28:31,728 - ❌ 未找到训练 CSV 文件: D:\my-vue-project\wind-power-forecast\backend\auto_scripts\dataset\dataset_supershort\20250423.csv，等待 30 秒后重试...
2025-04-23 14:29:01,737 - ❌ 未找到训练 CSV 文件: D:\my-vue-project\wind-power-forecast\backend\auto_scripts\dataset\dataset_supershort\20250423.csv，等待 30 秒后重试...
2025-04-23 14:29:31,750 - ❌ 未找到训练 CSV 文件: D:\my-vue-project\wind-power-forecast\backend\auto_scripts\dataset\dataset_supershort\20250423.csv，等待 30 秒后重试...
2025-04-23 14:30:01,760 - ❌ 未找到训练 CSV 文件: D:\my-vue-project\wind-power-forecast\backend\auto_scripts\dataset\dataset_supershort\20250423.csv，等待 30 秒后重试...
2025-04-23 14:30:31,761 - ❌ 未找到训练 CSV 文件: D:\my-vue-project\wind-power-forecast\backend\auto_scripts\dataset\dataset_supershort\20250423.csv，等待 30 秒后重试...
2025-04-23 14:31:01,773 - ❌ 未找到训练 CSV 文件: D:\my-vue-project\wind-power-forecast\backend\auto_scripts\dataset\dataset_supershort\20250423.csv，等待 30 秒后重试...
2025-04-23 14:31:31,789 - ❌ 未找到训练 CSV 文件: D:\my-vue-project\wind-power-forecast\backend\auto_scripts\dataset\dataset_supershort\20250423.csv，等待 30 秒后重试...
2025-04-23 14:32:01,799 - ❌ 未找到训练 CSV 文件: D:\my-vue-project\wind-power-forecast\backend\auto_scripts\dataset\dataset_supershort\20250423.csv，等待 30 秒后重试...
2025-04-23 14:32:31,814 - ❌ 未找到训练 CSV 文件: D:\my-vue-project\wind-power-forecast\backend\auto_scripts\dataset\dataset_supershort\20250423.csv，等待 30 秒后重试...
2025-04-23 14:33:01,821 - ❌ 未找到训练 CSV 文件: D:\my-vue-project\wind-power-forecast\backend\auto_scripts\dataset\dataset_supershort\20250423.csv，等待 30 秒后重试...
2025-04-23 14:33:31,836 - ❌ 未找到训练 CSV 文件: D:\my-vue-project\wind-power-forecast\backend\auto_scripts\dataset\dataset_supershort\20250423.csv，等待 30 秒后重试...
2025-04-23 14:34:01,841 - ❌ 未找到训练 CSV 文件: D:\my-vue-project\wind-power-forecast\backend\auto_scripts\dataset\dataset_supershort\20250423.csv，等待 30 秒后重试...
2025-04-23 14:34:31,851 - ❌ 未找到训练 CSV 文件: D:\my-vue-project\wind-power-forecast\backend\auto_scripts\dataset\dataset_supershort\20250423.csv，等待 30 秒后重试...
2025-04-23 14:35:01,865 - ❌ 未找到训练 CSV 文件: D:\my-vue-project\wind-power-forecast\backend\auto_scripts\dataset\dataset_supershort\20250423.csv，等待 30 秒后重试...
2025-04-23 14:35:31,869 - ❌ 未找到训练 CSV 文件: D:\my-vue-project\wind-power-forecast\backend\auto_scripts\dataset\dataset_supershort\20250423.csv，等待 30 秒后重试...
2025-04-23 14:36:01,880 - ❌ 未找到训练 CSV 文件: D:\my-vue-project\wind-power-forecast\backend\auto_scripts\dataset\dataset_supershort\20250423.csv，等待 30 秒后重试...
2025-04-23 14:36:31,887 - ❌ 未找到训练 CSV 文件: D:\my-vue-project\wind-power-forecast\backend\auto_scripts\dataset\dataset_supershort\20250423.csv，等待 30 秒后重试...
2025-04-23 14:37:01,890 - ❌ 未找到训练 CSV 文件: D:\my-vue-project\wind-power-forecast\backend\auto_scripts\dataset\dataset_supershort\20250423.csv，等待 30 秒后重试...
2025-04-23 14:37:31,903 - ❌ 未找到训练 CSV 文件: D:\my-vue-project\wind-power-forecast\backend\auto_scripts\dataset\dataset_supershort\20250423.csv，等待 30 秒后重试...
2025-04-23 14:38:01,905 - ❌ 未找到训练 CSV 文件: D:\my-vue-project\wind-power-forecast\backend\auto_scripts\dataset\dataset_supershort\20250423.csv，等待 30 秒后重试...
2025-04-23 14:38:31,910 - ❌ 未找到训练 CSV 文件: D:\my-vue-project\wind-power-forecast\backend\auto_scripts\dataset\dataset_supershort\20250423.csv，等待 30 秒后重试...
2025-04-23 14:39:01,917 - ❌ 未找到训练 CSV 文件: D:\my-vue-project\wind-power-forecast\backend\auto_scripts\dataset\dataset_supershort\20250423.csv，等待 30 秒后重试...
2025-04-23 14:39:31,928 - ❌ 未找到训练 CSV 文件: D:\my-vue-project\wind-power-forecast\backend\auto_scripts\dataset\dataset_supershort\20250423.csv，等待 30 秒后重试...
2025-04-23 14:40:01,933 - ❌ 未找到训练 CSV 文件: D:\my-vue-project\wind-power-forecast\backend\auto_scripts\dataset\dataset_supershort\20250423.csv，等待 30 秒后重试...
2025-04-23 14:40:31,936 - ❌ 未找到训练 CSV 文件: D:\my-vue-project\wind-power-forecast\backend\auto_scripts\dataset\dataset_supershort\20250423.csv，等待 30 秒后重试...
2025-04-23 14:41:01,937 - ❌ 未找到训练 CSV 文件: D:\my-vue-project\wind-power-forecast\backend\auto_scripts\dataset\dataset_supershort\20250423.csv，等待 30 秒后重试...
2025-04-23 14:41:31,950 - ❌ 未找到训练 CSV 文件: D:\my-vue-project\wind-power-forecast\backend\auto_scripts\dataset\dataset_supershort\20250423.csv，等待 30 秒后重试...
2025-04-23 14:42:01,962 - ❌ 未找到训练 CSV 文件: D:\my-vue-project\wind-power-forecast\backend\auto_scripts\dataset\dataset_supershort\20250423.csv，等待 30 秒后重试...
2025-04-23 14:42:31,971 - ❌ 未找到训练 CSV 文件: D:\my-vue-project\wind-power-forecast\backend\auto_scripts\dataset\dataset_supershort\20250423.csv，等待 30 秒后重试...
2025-04-23 14:43:01,978 - ❌ 未找到训练 CSV 文件: D:\my-vue-project\wind-power-forecast\backend\auto_scripts\dataset\dataset_supershort\20250423.csv，等待 30 秒后重试...
2025-04-23 14:43:31,993 - ❌ 未找到训练 CSV 文件: D:\my-vue-project\wind-power-forecast\backend\auto_scripts\dataset\dataset_supershort\20250423.csv，等待 30 秒后重试...
2025-04-23 14:44:02,006 - ❌ 未找到训练 CSV 文件: D:\my-vue-project\wind-power-forecast\backend\auto_scripts\dataset\dataset_supershort\20250423.csv，等待 30 秒后重试...
2025-04-23 14:44:32,015 - ❌ 未找到训练 CSV 文件: D:\my-vue-project\wind-power-forecast\backend\auto_scripts\dataset\dataset_supershort\20250423.csv，等待 30 秒后重试...
2025-04-23 15:36:18,313 - 
================================================================================
2025-04-23 15:36:18,313 - >>> 自动训练系统启动 <<<
2025-04-23 15:36:18,314 - ================================================================================

2025-04-23 15:36:18,314 - 自动训练系统启动
2025-04-23 15:36:18,314 - 今天的日期是: 20250423
2025-04-23 15:36:18,314 - 
================================================================================
2025-04-23 15:36:18,314 - >>> 启动训练监视线程 <<<
2025-04-23 15:36:18,314 - ================================================================================

2025-04-23 15:36:18,314 - 启动训练监视线程
2025-04-23 15:36:18,314 - 训练文件路径: D:\my-vue-project\wind-power-forecast\backend\auto_scripts\dataset\dataset_supershort\20250423.csv
2025-04-23 15:36:18,314 - 模型存储目录: D:\my-vue-project\wind-power-forecast\backend\auto_scripts\models\supershortmodel\20250423
2025-04-23 15:36:18,314 - 训练完成标志文件: D:\my-vue-project\wind-power-forecast\backend\auto_scripts\scripts\supershort\logs\auto_train\20250423_train_done.flag
2025-04-23 15:36:18,314 - 开始监视 D:\my-vue-project\wind-power-forecast\backend\auto_scripts\dataset\dataset_supershort 文件夹以进行训练...
2025-04-23 15:36:18,314 - ❌ 未找到训练 CSV 文件: D:\my-vue-project\wind-power-forecast\backend\auto_scripts\dataset\dataset_supershort\20250423.csv，等待 30 秒后重试...
2025-04-23 15:36:48,316 - ❌ 未找到训练 CSV 文件: D:\my-vue-project\wind-power-forecast\backend\auto_scripts\dataset\dataset_supershort\20250423.csv，等待 30 秒后重试...
2025-04-23 15:37:18,326 - ❌ 未找到训练 CSV 文件: D:\my-vue-project\wind-power-forecast\backend\auto_scripts\dataset\dataset_supershort\20250423.csv，等待 30 秒后重试...
2025-04-23 15:37:48,342 - ❌ 未找到训练 CSV 文件: D:\my-vue-project\wind-power-forecast\backend\auto_scripts\dataset\dataset_supershort\20250423.csv，等待 30 秒后重试...
2025-04-23 15:38:18,351 - ❌ 未找到训练 CSV 文件: D:\my-vue-project\wind-power-forecast\backend\auto_scripts\dataset\dataset_supershort\20250423.csv，等待 30 秒后重试...
2025-04-23 15:38:48,355 - ❌ 未找到训练 CSV 文件: D:\my-vue-project\wind-power-forecast\backend\auto_scripts\dataset\dataset_supershort\20250423.csv，等待 30 秒后重试...
2025-04-23 15:39:18,364 - ❌ 未找到训练 CSV 文件: D:\my-vue-project\wind-power-forecast\backend\auto_scripts\dataset\dataset_supershort\20250423.csv，等待 30 秒后重试...
2025-04-23 15:39:48,378 - ❌ 未找到训练 CSV 文件: D:\my-vue-project\wind-power-forecast\backend\auto_scripts\dataset\dataset_supershort\20250423.csv，等待 30 秒后重试...
2025-04-23 15:40:18,382 - ❌ 未找到训练 CSV 文件: D:\my-vue-project\wind-power-forecast\backend\auto_scripts\dataset\dataset_supershort\20250423.csv，等待 30 秒后重试...
2025-04-23 15:40:48,389 - ❌ 未找到训练 CSV 文件: D:\my-vue-project\wind-power-forecast\backend\auto_scripts\dataset\dataset_supershort\20250423.csv，等待 30 秒后重试...
2025-04-23 15:41:18,400 - ❌ 未找到训练 CSV 文件: D:\my-vue-project\wind-power-forecast\backend\auto_scripts\dataset\dataset_supershort\20250423.csv，等待 30 秒后重试...
2025-04-23 15:41:48,404 - ❌ 未找到训练 CSV 文件: D:\my-vue-project\wind-power-forecast\backend\auto_scripts\dataset\dataset_supershort\20250423.csv，等待 30 秒后重试...
2025-04-23 15:42:18,419 - ❌ 未找到训练 CSV 文件: D:\my-vue-project\wind-power-forecast\backend\auto_scripts\dataset\dataset_supershort\20250423.csv，等待 30 秒后重试...
2025-04-23 15:42:48,431 - ❌ 未找到训练 CSV 文件: D:\my-vue-project\wind-power-forecast\backend\auto_scripts\dataset\dataset_supershort\20250423.csv，等待 30 秒后重试...
2025-04-23 15:43:18,446 - ❌ 未找到训练 CSV 文件: D:\my-vue-project\wind-power-forecast\backend\auto_scripts\dataset\dataset_supershort\20250423.csv，等待 30 秒后重试...
2025-04-23 15:43:48,461 - ❌ 未找到训练 CSV 文件: D:\my-vue-project\wind-power-forecast\backend\auto_scripts\dataset\dataset_supershort\20250423.csv，等待 30 秒后重试...
2025-04-23 15:44:18,468 - ❌ 未找到训练 CSV 文件: D:\my-vue-project\wind-power-forecast\backend\auto_scripts\dataset\dataset_supershort\20250423.csv，等待 30 秒后重试...
2025-04-23 15:44:48,468 - ❌ 未找到训练 CSV 文件: D:\my-vue-project\wind-power-forecast\backend\auto_scripts\dataset\dataset_supershort\20250423.csv，等待 30 秒后重试...
2025-04-23 15:45:18,477 - ❌ 未找到训练 CSV 文件: D:\my-vue-project\wind-power-forecast\backend\auto_scripts\dataset\dataset_supershort\20250423.csv，等待 30 秒后重试...
2025-04-23 15:45:48,486 - ❌ 未找到训练 CSV 文件: D:\my-vue-project\wind-power-forecast\backend\auto_scripts\dataset\dataset_supershort\20250423.csv，等待 30 秒后重试...
2025-04-23 15:46:18,487 - ❌ 未找到训练 CSV 文件: D:\my-vue-project\wind-power-forecast\backend\auto_scripts\dataset\dataset_supershort\20250423.csv，等待 30 秒后重试...
2025-04-23 15:46:48,497 - ❌ 未找到训练 CSV 文件: D:\my-vue-project\wind-power-forecast\backend\auto_scripts\dataset\dataset_supershort\20250423.csv，等待 30 秒后重试...
2025-04-23 15:47:18,506 - ❌ 未找到训练 CSV 文件: D:\my-vue-project\wind-power-forecast\backend\auto_scripts\dataset\dataset_supershort\20250423.csv，等待 30 秒后重试...
2025-04-23 15:47:48,518 - ❌ 未找到训练 CSV 文件: D:\my-vue-project\wind-power-forecast\backend\auto_scripts\dataset\dataset_supershort\20250423.csv，等待 30 秒后重试...
2025-04-23 15:48:18,527 - ❌ 未找到训练 CSV 文件: D:\my-vue-project\wind-power-forecast\backend\auto_scripts\dataset\dataset_supershort\20250423.csv，等待 30 秒后重试...
2025-04-23 15:48:48,533 - ❌ 未找到训练 CSV 文件: D:\my-vue-project\wind-power-forecast\backend\auto_scripts\dataset\dataset_supershort\20250423.csv，等待 30 秒后重试...
2025-04-23 15:49:18,539 - ❌ 未找到训练 CSV 文件: D:\my-vue-project\wind-power-forecast\backend\auto_scripts\dataset\dataset_supershort\20250423.csv，等待 30 秒后重试...
2025-04-23 15:49:48,549 - ❌ 未找到训练 CSV 文件: D:\my-vue-project\wind-power-forecast\backend\auto_scripts\dataset\dataset_supershort\20250423.csv，等待 30 秒后重试...
2025-04-23 15:50:18,555 - ❌ 未找到训练 CSV 文件: D:\my-vue-project\wind-power-forecast\backend\auto_scripts\dataset\dataset_supershort\20250423.csv，等待 30 秒后重试...
2025-04-23 15:50:48,566 - ❌ 未找到训练 CSV 文件: D:\my-vue-project\wind-power-forecast\backend\auto_scripts\dataset\dataset_supershort\20250423.csv，等待 30 秒后重试...
2025-04-23 15:51:18,575 - ❌ 未找到训练 CSV 文件: D:\my-vue-project\wind-power-forecast\backend\auto_scripts\dataset\dataset_supershort\20250423.csv，等待 30 秒后重试...
2025-04-23 15:51:48,578 - ❌ 未找到训练 CSV 文件: D:\my-vue-project\wind-power-forecast\backend\auto_scripts\dataset\dataset_supershort\20250423.csv，等待 30 秒后重试...
2025-04-23 15:52:18,589 - ❌ 未找到训练 CSV 文件: D:\my-vue-project\wind-power-forecast\backend\auto_scripts\dataset\dataset_supershort\20250423.csv，等待 30 秒后重试...
2025-04-23 15:52:48,600 - ❌ 未找到训练 CSV 文件: D:\my-vue-project\wind-power-forecast\backend\auto_scripts\dataset\dataset_supershort\20250423.csv，等待 30 秒后重试...
2025-04-23 15:53:18,613 - ❌ 未找到训练 CSV 文件: D:\my-vue-project\wind-power-forecast\backend\auto_scripts\dataset\dataset_supershort\20250423.csv，等待 30 秒后重试...
2025-04-23 15:53:48,616 - ❌ 未找到训练 CSV 文件: D:\my-vue-project\wind-power-forecast\backend\auto_scripts\dataset\dataset_supershort\20250423.csv，等待 30 秒后重试...
2025-04-23 15:54:18,621 - ❌ 未找到训练 CSV 文件: D:\my-vue-project\wind-power-forecast\backend\auto_scripts\dataset\dataset_supershort\20250423.csv，等待 30 秒后重试...
2025-04-23 15:54:48,630 - ❌ 未找到训练 CSV 文件: D:\my-vue-project\wind-power-forecast\backend\auto_scripts\dataset\dataset_supershort\20250423.csv，等待 30 秒后重试...
2025-04-23 15:55:18,643 - ❌ 未找到训练 CSV 文件: D:\my-vue-project\wind-power-forecast\backend\auto_scripts\dataset\dataset_supershort\20250423.csv，等待 30 秒后重试...
2025-04-23 15:55:48,652 - ❌ 未找到训练 CSV 文件: D:\my-vue-project\wind-power-forecast\backend\auto_scripts\dataset\dataset_supershort\20250423.csv，等待 30 秒后重试...
2025-04-23 15:56:18,663 - ❌ 未找到训练 CSV 文件: D:\my-vue-project\wind-power-forecast\backend\auto_scripts\dataset\dataset_supershort\20250423.csv，等待 30 秒后重试...
2025-04-23 15:56:48,666 - ❌ 未找到训练 CSV 文件: D:\my-vue-project\wind-power-forecast\backend\auto_scripts\dataset\dataset_supershort\20250423.csv，等待 30 秒后重试...
2025-04-23 15:57:18,680 - ❌ 未找到训练 CSV 文件: D:\my-vue-project\wind-power-forecast\backend\auto_scripts\dataset\dataset_supershort\20250423.csv，等待 30 秒后重试...
2025-04-23 15:57:48,691 - ❌ 未找到训练 CSV 文件: D:\my-vue-project\wind-power-forecast\backend\auto_scripts\dataset\dataset_supershort\20250423.csv，等待 30 秒后重试...
2025-04-23 15:58:18,705 - ❌ 未找到训练 CSV 文件: D:\my-vue-project\wind-power-forecast\backend\auto_scripts\dataset\dataset_supershort\20250423.csv，等待 30 秒后重试...
2025-04-23 15:58:48,709 - ❌ 未找到训练 CSV 文件: D:\my-vue-project\wind-power-forecast\backend\auto_scripts\dataset\dataset_supershort\20250423.csv，等待 30 秒后重试...
2025-04-23 15:59:18,725 - ❌ 未找到训练 CSV 文件: D:\my-vue-project\wind-power-forecast\backend\auto_scripts\dataset\dataset_supershort\20250423.csv，等待 30 秒后重试...
2025-04-23 15:59:48,726 - ❌ 未找到训练 CSV 文件: D:\my-vue-project\wind-power-forecast\backend\auto_scripts\dataset\dataset_supershort\20250423.csv，等待 30 秒后重试...
2025-04-23 16:00:18,727 - ❌ 未找到训练 CSV 文件: D:\my-vue-project\wind-power-forecast\backend\auto_scripts\dataset\dataset_supershort\20250423.csv，等待 30 秒后重试...
2025-04-23 16:00:48,733 - ❌ 未找到训练 CSV 文件: D:\my-vue-project\wind-power-forecast\backend\auto_scripts\dataset\dataset_supershort\20250423.csv，等待 30 秒后重试...
2025-04-23 16:01:18,739 - ❌ 未找到训练 CSV 文件: D:\my-vue-project\wind-power-forecast\backend\auto_scripts\dataset\dataset_supershort\20250423.csv，等待 30 秒后重试...
2025-04-23 16:01:48,747 - ❌ 未找到训练 CSV 文件: D:\my-vue-project\wind-power-forecast\backend\auto_scripts\dataset\dataset_supershort\20250423.csv，等待 30 秒后重试...
2025-04-23 16:02:18,749 - ❌ 未找到训练 CSV 文件: D:\my-vue-project\wind-power-forecast\backend\auto_scripts\dataset\dataset_supershort\20250423.csv，等待 30 秒后重试...
2025-04-23 16:02:48,755 - ❌ 未找到训练 CSV 文件: D:\my-vue-project\wind-power-forecast\backend\auto_scripts\dataset\dataset_supershort\20250423.csv，等待 30 秒后重试...
2025-04-23 16:03:18,771 - ❌ 未找到训练 CSV 文件: D:\my-vue-project\wind-power-forecast\backend\auto_scripts\dataset\dataset_supershort\20250423.csv，等待 30 秒后重试...
2025-04-23 16:03:48,783 - ❌ 未找到训练 CSV 文件: D:\my-vue-project\wind-power-forecast\backend\auto_scripts\dataset\dataset_supershort\20250423.csv，等待 30 秒后重试...
2025-04-23 16:04:18,793 - ❌ 未找到训练 CSV 文件: D:\my-vue-project\wind-power-forecast\backend\auto_scripts\dataset\dataset_supershort\20250423.csv，等待 30 秒后重试...
2025-04-23 16:04:48,793 - ❌ 未找到训练 CSV 文件: D:\my-vue-project\wind-power-forecast\backend\auto_scripts\dataset\dataset_supershort\20250423.csv，等待 30 秒后重试...
2025-04-23 16:05:18,802 - ❌ 未找到训练 CSV 文件: D:\my-vue-project\wind-power-forecast\backend\auto_scripts\dataset\dataset_supershort\20250423.csv，等待 30 秒后重试...
2025-04-23 16:05:48,816 - ❌ 未找到训练 CSV 文件: D:\my-vue-project\wind-power-forecast\backend\auto_scripts\dataset\dataset_supershort\20250423.csv，等待 30 秒后重试...
2025-04-23 16:06:18,822 - ❌ 未找到训练 CSV 文件: D:\my-vue-project\wind-power-forecast\backend\auto_scripts\dataset\dataset_supershort\20250423.csv，等待 30 秒后重试...
2025-04-23 16:06:48,833 - ❌ 未找到训练 CSV 文件: D:\my-vue-project\wind-power-forecast\backend\auto_scripts\dataset\dataset_supershort\20250423.csv，等待 30 秒后重试...
2025-04-23 16:07:18,836 - ❌ 未找到训练 CSV 文件: D:\my-vue-project\wind-power-forecast\backend\auto_scripts\dataset\dataset_supershort\20250423.csv，等待 30 秒后重试...
2025-04-23 16:07:48,849 - ❌ 未找到训练 CSV 文件: D:\my-vue-project\wind-power-forecast\backend\auto_scripts\dataset\dataset_supershort\20250423.csv，等待 30 秒后重试...
2025-04-23 16:08:39,778 - 
================================================================================
2025-04-23 16:08:39,779 - >>> 自动训练系统启动 <<<
2025-04-23 16:08:39,779 - ================================================================================

2025-04-23 16:08:39,779 - 自动训练系统启动
2025-04-23 16:08:39,779 - 今天的日期是: 20250423
2025-04-23 16:08:39,779 - 
================================================================================
2025-04-23 16:08:39,779 - >>> 启动训练监视线程 <<<
2025-04-23 16:08:39,779 - ================================================================================

2025-04-23 16:08:39,779 - 启动训练监视线程
2025-04-23 16:08:39,779 - 训练文件路径: D:\my-vue-project\wind-power-forecast\backend\auto_scripts\dataset\dataset_supershort\20250423.csv
2025-04-23 16:08:39,779 - 模型存储目录: D:\my-vue-project\wind-power-forecast\backend\auto_scripts\models\supershortmodel\20250423
2025-04-23 16:08:39,779 - 训练完成标志文件: D:\my-vue-project\wind-power-forecast\backend\auto_scripts\scripts\supershort\logs\auto_train\20250423_train_done.flag
2025-04-23 16:08:39,779 - 开始监视 D:\my-vue-project\wind-power-forecast\backend\auto_scripts\dataset\dataset_supershort 文件夹以进行训练...
2025-04-23 16:08:39,779 - ❌ 未找到训练 CSV 文件: D:\my-vue-project\wind-power-forecast\backend\auto_scripts\dataset\dataset_supershort\20250423.csv，等待 30 秒后重试...
