2025-03-24 09:52:52,438 - 
================================================================================
2025-03-24 09:52:52,438 - >>> 自动训练系统启动 <<<
2025-03-24 09:52:52,438 - ================================================================================

2025-03-24 09:52:52,438 - 自动训练系统启动
2025-03-24 09:52:52,438 - 今天的日期是: 20250324
2025-03-24 09:52:52,438 - 
================================================================================
2025-03-24 09:52:52,438 - >>> 启动训练监视线程 <<<
2025-03-24 09:52:52,438 - ================================================================================

2025-03-24 09:52:52,438 - 启动训练监视线程
2025-03-24 09:52:52,438 - 训练文件路径: D:\my-vue-project\wind-power-forecast\backend\auto_scripts\dataset\dataset_supershort\20250324.csv
2025-03-24 09:52:52,442 - 模型存储目录: D:\my-vue-project\wind-power-forecast\backend\auto_scripts\models\supershortmodel\20250324
2025-03-24 09:52:52,442 - 训练完成标志文件: D:\my-vue-project\wind-power-forecast\backend\auto_scripts\scripts\supershort\logs\auto_train\20250324_train_done.flag
2025-03-24 09:52:52,442 - 开始监视 D:\my-vue-project\wind-power-forecast\backend\auto_scripts\dataset\dataset_supershort 文件夹以进行训练...
2025-03-24 09:52:52,443 - ✅ 发现新的训练文件：D:\my-vue-project\wind-power-forecast\backend\auto_scripts\dataset\dataset_supershort\20250324.csv，执行训练...
2025-03-24 09:52:52,443 - 
================================================================================
2025-03-24 09:52:52,443 - >>> 开始模型训练 <<<
2025-03-24 09:52:52,443 - ================================================================================

2025-03-24 09:52:52,443 - 配置信息:
2025-03-24 09:52:52,443 -   - 窗口大小: 16
2025-03-24 09:52:52,443 -   - 滞后特征数: 4
2025-03-24 09:52:52,443 -   - 训练集比例: 0.9
2025-03-24 09:52:52,443 -   - 输出目录: D:\my-vue-project\wind-power-forecast\backend\auto_scripts\train_predictions\supershort_predictions
2025-03-24 09:52:52,443 -   - 模型存储路径: D:\my-vue-project\wind-power-forecast\backend\auto_scripts\models\supershortmodel\20250324
2025-03-24 09:52:52,443 - 输出结果将保存到: D:\my-vue-project\wind-power-forecast\backend\auto_scripts\train_predictions\supershort_predictions
2025-03-24 09:52:52,443 - 
================================================================================
2025-03-24 09:52:52,443 - >>> 数据加载与预处理 <<<
2025-03-24 09:52:52,443 - ================================================================================

2025-03-24 09:52:52,443 - 加载数据文件: D:\my-vue-project\wind-power-forecast\backend\auto_scripts\dataset\dataset_supershort\20250324.csv
2025-03-24 09:52:52,443 - 开始加载和预处理数据...
2025-03-24 09:52:52,531 - 数据加载完成，共 2973 条记录
2025-03-24 09:52:52,553 - 数据前5行预览: 
        Timestamp    129.128_1    129.128_2  ...  ws200_15  wp_true    ws_all
0  2024/3/18 0:00  15974.26563  16293.82813  ...  9.731182   227.36  8.047185
1  2024/3/18 0:15  15974.26563  16293.82813  ...  9.603328   247.36  8.295189
2  2024/3/18 0:30  15974.26563  16293.82813  ...  9.476844   255.30  8.392767
3  2024/3/18 0:45  15974.26563  16293.82813  ...  9.351785   267.26  8.539846
4  2024/3/18 1:00  15974.26563  16293.82813  ...  9.228210   279.18  8.687130

[5 rows x 303 columns]
2025-03-24 09:52:52,556 - 数据集时间范围: 2024-03-18 至 2024-04-17, 共 1 个月
2025-03-24 09:52:52,556 - 根据数据集实际时间范围(1个月)，优化months_list: [1, 3, 6, 9, 12, None] -> [1, None]
2025-03-24 09:52:52,556 - 将使用以下时间段训练模型: [1, None]
2025-03-24 09:52:52,556 - 
================================================================================
2025-03-24 09:52:52,556 - >>> 开始多数据集训练 <<<
2025-03-24 09:52:52,556 - ================================================================================

2025-03-24 09:52:52,556 - 将使用多种时间跨度的数据训练模型...
2025-03-24 09:52:52,556 - 
--------------------------------------------------
【使用多个数据集训练模型】
--------------------------------------------------
2025-03-24 09:52:52,556 - 最佳模型将保存到: D:\my-vue-project\wind-power-forecast\backend\auto_scripts\models\supershortmodel\20250324\best_models
2025-03-24 09:52:52,556 - 获取统一参数成功，包含 3 种模型类型
2025-03-24 09:52:52,556 - 
--------------------------------------------------
【训练数据集: 1个月】
--------------------------------------------------
2025-03-24 09:52:52,556 - 使用1个月的数据进行训练...
2025-03-24 09:52:52,556 - 过滤数据为最近1个月...
2025-03-24 09:52:52,557 - 过滤后的数据量: 2973
2025-03-24 09:52:52,558 - 对1个月数据进行预处理...
2025-03-24 09:52:52,562 - 预处理后的特征维度: (2973, 304), 目标变量维度: (2973,)
2025-03-24 09:52:52,563 - 数据集划分完成，训练集: (2675, 304), 验证集: (298, 304)
2025-03-24 09:52:52,563 - 提取了 298 个验证集时间戳，用于时间加权评估
2025-03-24 09:52:52,563 - 执行特征工程，滞后特征数: 4...
2025-03-24 09:52:52,632 - 特征工程后的特征维度 - 训练集: (2672, 859), 验证集: (295, 859)
2025-03-24 09:52:52,632 - 数据标准化...
2025-03-24 09:52:52,662 - 数据标准化完成
2025-03-24 09:52:52,663 - 创建时间窗口，窗口大小: 16...
2025-03-24 09:52:52,714 - 时间窗口创建完成 - 训练集: (2657, 16, 859), 验证集: (280, 16, 859)
2025-03-24 09:52:52,714 - 调整时间戳长度以匹配窗口化后的验证集 - 原始长度: 298, 目标长度: 280
2025-03-24 09:52:52,714 - 时间戳已截断至匹配窗口化后的验证集长度: 280
2025-03-24 09:52:52,714 - 为1个月数据创建模型目录: D:\my-vue-project\wind-power-forecast\backend\auto_scripts\models\supershortmodel\20250324\1months
2025-03-24 09:52:52,715 - 开始训练1个月数据的模型...
2025-03-24 09:52:52,715 - 
--------------------------------------------------
【开始模型训练与评估】
--------------------------------------------------
2025-03-24 09:52:52,715 - 模型和 scaler 将被保存到目录: D:\my-vue-project\wind-power-forecast\backend\auto_scripts\models\supershortmodel\20250324\1months
2025-03-24 09:52:52,715 - 
--------------------------------------------------
【训练 GBDT 模型】
--------------------------------------------------
2025-03-24 09:52:52,715 - 模型参数: {'boosting_type': 'gbdt', 'objective': 'regression', 'metric': 'rmse', 'num_leaves': 31, 'learning_rate': 0.05, 'feature_fraction': 0.9, 'name': 'GBDT'}
2025-03-24 09:52:52,715 - 开始训练 GBDT 模型...
2025-03-24 09:53:09,251 - GBDT 模型训练完成
2025-03-24 09:53:09,251 - 使用 GBDT 模型预测验证集...
2025-03-24 09:53:09,257 - 使用时间加权方式计算模型评分...
2025-03-24 09:53:09,260 - GBDT 评估结果 - RMSE: 67.1426, K: 0.4608, 加权评分: 0.6513
2025-03-24 09:53:09,260 - ✅ GBDT 成为当前最佳模型 (基于加权评分)
2025-03-24 09:53:09,266 - GBDT 模型已保存到 D:\my-vue-project\wind-power-forecast\backend\auto_scripts\models\supershortmodel\20250324\1months\GBDT.joblib
2025-03-24 09:53:09,267 - 
--------------------------------------------------
【训练 DART 模型】
--------------------------------------------------
2025-03-24 09:53:09,267 - 模型参数: {'boosting_type': 'dart', 'objective': 'regression', 'metric': 'rmse', 'num_leaves': 31, 'learning_rate': 0.05, 'feature_fraction': 0.9, 'drop_rate': 0.1, 'name': 'DART'}
2025-03-24 09:53:09,267 - 开始训练 DART 模型...
2025-03-24 09:53:25,921 - DART 模型训练完成
2025-03-24 09:53:25,921 - 使用 DART 模型预测验证集...
2025-03-24 09:53:25,930 - 使用时间加权方式计算模型评分...
2025-03-24 09:53:25,931 - DART 评估结果 - RMSE: 62.3280, K: 0.6255, 加权评分: 0.7416
2025-03-24 09:53:25,931 - ✅ DART 成为当前最佳模型 (基于加权评分)
2025-03-24 09:53:25,938 - DART 模型已保存到 D:\my-vue-project\wind-power-forecast\backend\auto_scripts\models\supershortmodel\20250324\1months\DART.joblib
2025-03-24 09:53:25,938 - 
--------------------------------------------------
【训练 GOSS 模型】
--------------------------------------------------
2025-03-24 09:53:25,938 - 模型参数: {'boosting_type': 'goss', 'objective': 'regression', 'metric': 'rmse', 'num_leaves': 31, 'learning_rate': 0.05, 'feature_fraction': 0.9, 'top_rate': 0.2, 'other_rate': 0.1, 'name': 'GOSS'}
2025-03-24 09:53:25,938 - 开始训练 GOSS 模型...
2025-03-24 09:53:39,739 - GOSS 模型训练完成
2025-03-24 09:53:39,739 - 使用 GOSS 模型预测验证集...
2025-03-24 09:53:39,745 - 使用时间加权方式计算模型评分...
2025-03-24 09:53:39,746 - GOSS 评估结果 - RMSE: 68.3105, K: 0.4494, 加权评分: 0.6442
2025-03-24 09:53:39,760 - GOSS 模型已保存到 D:\my-vue-project\wind-power-forecast\backend\auto_scripts\models\supershortmodel\20250324\1months\GOSS.joblib
2025-03-24 09:53:39,761 - Scaler 已保存到 D:\my-vue-project\wind-power-forecast\backend\auto_scripts\models\supershortmodel\20250324\1months\scaler.joblib
2025-03-24 09:53:39,769 - 最佳模型 'DART' 已额外保存到 D:\my-vue-project\wind-power-forecast\backend\auto_scripts\models\supershortmodel\20250324\1months\model.joblib
2025-03-24 09:53:39,769 - 1个月数据的模型训练完成
2025-03-24 09:53:39,769 - 
--------------------------------------------------
【更新每种算法的最佳模型】
--------------------------------------------------
2025-03-24 09:53:39,769 - ✅ 发现更好的GBDT模型 (来自1个月数据)
2025-03-24 09:53:39,769 -    新评分: 0.6513, 旧评分: -inf
2025-03-24 09:53:39,769 - ✅ 发现更好的DART模型 (来自1个月数据)
2025-03-24 09:53:39,769 -    新评分: 0.7416, 旧评分: -inf
2025-03-24 09:53:39,769 - ✅ 发现更好的GOSS模型 (来自1个月数据)
2025-03-24 09:53:39,769 -    新评分: 0.6442, 旧评分: -inf
2025-03-24 09:53:39,769 - 
--------------------------------------------------
【训练数据集: 全部数据】
--------------------------------------------------
2025-03-24 09:53:39,769 - 使用全部数据的数据进行训练...
2025-03-24 09:53:39,769 - 使用全部数据...
2025-03-24 09:53:39,770 - 过滤后的数据量: 2973
2025-03-24 09:53:39,770 - 对全部数据数据进行预处理...
2025-03-24 09:53:39,775 - 预处理后的特征维度: (2973, 304), 目标变量维度: (2973,)
2025-03-24 09:53:39,776 - 数据集划分完成，训练集: (2675, 304), 验证集: (298, 304)
2025-03-24 09:53:39,776 - 提取了 298 个验证集时间戳，用于时间加权评估
2025-03-24 09:53:39,776 - 执行特征工程，滞后特征数: 4...
2025-03-24 09:53:39,838 - 特征工程后的特征维度 - 训练集: (2672, 859), 验证集: (295, 859)
2025-03-24 09:53:39,838 - 数据标准化...
2025-03-24 09:53:39,877 - 数据标准化完成
2025-03-24 09:53:39,878 - 创建时间窗口，窗口大小: 16...
2025-03-24 09:53:39,935 - 时间窗口创建完成 - 训练集: (2657, 16, 859), 验证集: (280, 16, 859)
2025-03-24 09:53:39,935 - 调整时间戳长度以匹配窗口化后的验证集 - 原始长度: 298, 目标长度: 280
2025-03-24 09:53:39,935 - 时间戳已截断至匹配窗口化后的验证集长度: 280
2025-03-24 09:53:39,936 - 为全部数据数据创建模型目录: D:\my-vue-project\wind-power-forecast\backend\auto_scripts\models\supershortmodel\20250324\all_data
2025-03-24 09:53:39,936 - 开始训练全部数据数据的模型...
2025-03-24 09:53:39,936 - 
--------------------------------------------------
【开始模型训练与评估】
--------------------------------------------------
2025-03-24 09:53:39,936 - 模型和 scaler 将被保存到目录: D:\my-vue-project\wind-power-forecast\backend\auto_scripts\models\supershortmodel\20250324\all_data
2025-03-24 09:53:39,936 - 
--------------------------------------------------
【训练 GBDT 模型】
--------------------------------------------------
2025-03-24 09:53:39,936 - 模型参数: {'boosting_type': 'gbdt', 'objective': 'regression', 'metric': 'rmse', 'num_leaves': 31, 'learning_rate': 0.05, 'feature_fraction': 0.9, 'name': 'GBDT'}
2025-03-24 09:53:39,936 - 开始训练 GBDT 模型...
2025-03-24 09:53:57,178 - GBDT 模型训练完成
2025-03-24 09:53:57,178 - 使用 GBDT 模型预测验证集...
2025-03-24 09:53:57,186 - 使用时间加权方式计算模型评分...
2025-03-24 09:53:57,188 - GBDT 评估结果 - RMSE: 67.1426, K: 0.4608, 加权评分: 0.6513
2025-03-24 09:53:57,188 - ✅ GBDT 成为当前最佳模型 (基于加权评分)
2025-03-24 09:53:57,195 - GBDT 模型已保存到 D:\my-vue-project\wind-power-forecast\backend\auto_scripts\models\supershortmodel\20250324\all_data\GBDT.joblib
2025-03-24 09:53:57,195 - 
--------------------------------------------------
【训练 DART 模型】
--------------------------------------------------
2025-03-24 09:53:57,195 - 模型参数: {'boosting_type': 'dart', 'objective': 'regression', 'metric': 'rmse', 'num_leaves': 31, 'learning_rate': 0.05, 'feature_fraction': 0.9, 'drop_rate': 0.1, 'name': 'DART'}
2025-03-24 09:53:57,195 - 开始训练 DART 模型...
2025-03-24 09:54:14,415 - DART 模型训练完成
2025-03-24 09:54:14,416 - 使用 DART 模型预测验证集...
2025-03-24 09:54:14,424 - 使用时间加权方式计算模型评分...
2025-03-24 09:54:14,426 - DART 评估结果 - RMSE: 62.3280, K: 0.6255, 加权评分: 0.7416
2025-03-24 09:54:14,426 - ✅ DART 成为当前最佳模型 (基于加权评分)
2025-03-24 09:54:14,434 - DART 模型已保存到 D:\my-vue-project\wind-power-forecast\backend\auto_scripts\models\supershortmodel\20250324\all_data\DART.joblib
2025-03-24 09:54:14,434 - 
--------------------------------------------------
【训练 GOSS 模型】
--------------------------------------------------
2025-03-24 09:54:14,434 - 模型参数: {'boosting_type': 'goss', 'objective': 'regression', 'metric': 'rmse', 'num_leaves': 31, 'learning_rate': 0.05, 'feature_fraction': 0.9, 'top_rate': 0.2, 'other_rate': 0.1, 'name': 'GOSS'}
2025-03-24 09:54:14,434 - 开始训练 GOSS 模型...
2025-03-24 09:54:28,066 - GOSS 模型训练完成
2025-03-24 09:54:28,066 - 使用 GOSS 模型预测验证集...
2025-03-24 09:54:28,074 - 使用时间加权方式计算模型评分...
2025-03-24 09:54:28,077 - GOSS 评估结果 - RMSE: 68.3105, K: 0.4494, 加权评分: 0.6442
2025-03-24 09:54:28,089 - GOSS 模型已保存到 D:\my-vue-project\wind-power-forecast\backend\auto_scripts\models\supershortmodel\20250324\all_data\GOSS.joblib
2025-03-24 09:54:28,090 - Scaler 已保存到 D:\my-vue-project\wind-power-forecast\backend\auto_scripts\models\supershortmodel\20250324\all_data\scaler.joblib
2025-03-24 09:54:28,097 - 最佳模型 'DART' 已额外保存到 D:\my-vue-project\wind-power-forecast\backend\auto_scripts\models\supershortmodel\20250324\all_data\model.joblib
2025-03-24 09:54:28,097 - 全部数据数据的模型训练完成
2025-03-24 09:54:28,097 - 
--------------------------------------------------
【更新每种算法的最佳模型】
--------------------------------------------------
2025-03-24 09:54:28,097 - ❌ 全部数据数据的GBDT模型不是最佳模型
2025-03-24 09:54:28,097 -    当前评分: 0.6513, 最佳评分: 0.6513
2025-03-24 09:54:28,097 - ❌ 全部数据数据的DART模型不是最佳模型
2025-03-24 09:54:28,097 -    当前评分: 0.7416, 最佳评分: 0.7416
2025-03-24 09:54:28,097 - ❌ 全部数据数据的GOSS模型不是最佳模型
2025-03-24 09:54:28,097 -    当前评分: 0.6442, 最佳评分: 0.6442
2025-03-24 09:54:28,097 - 
--------------------------------------------------
【保存每种算法的最佳模型】
--------------------------------------------------
2025-03-24 09:54:28,104 - 最佳GBDT模型 (使用1个月数据) 已保存到 D:\my-vue-project\wind-power-forecast\backend\auto_scripts\models\supershortmodel\20250324\best_models\GBDT.joblib
2025-03-24 09:54:28,105 - RMSE: 67.1426, K: 0.4608, 评分: 0.6513
2025-03-24 09:54:28,110 - 最佳DART模型 (使用1个月数据) 已保存到 D:\my-vue-project\wind-power-forecast\backend\auto_scripts\models\supershortmodel\20250324\best_models\DART.joblib
2025-03-24 09:54:28,110 - RMSE: 62.3280, K: 0.6255, 评分: 0.7416
2025-03-24 09:54:28,122 - 最佳GOSS模型 (使用1个月数据) 已保存到 D:\my-vue-project\wind-power-forecast\backend\auto_scripts\models\supershortmodel\20250324\best_models\GOSS.joblib
2025-03-24 09:54:28,122 - RMSE: 68.3105, K: 0.4494, 评分: 0.6442
2025-03-24 09:54:28,135 - 多数据集训练完成! 已为每种算法选择最佳模型
2025-03-24 09:54:28,136 -   - 最佳GBDT模型: 使用1个月数据, RMSE=67.1426, K=0.4608, 评分=0.6513
2025-03-24 09:54:28,136 -   - 最佳DART模型: 使用1个月数据, RMSE=62.3280, K=0.6255, 评分=0.7416
2025-03-24 09:54:28,136 -   - 最佳GOSS模型: 使用1个月数据, RMSE=68.3105, K=0.4494, 评分=0.6442
2025-03-24 09:54:28,136 - 
================================================================================
2025-03-24 09:54:28,136 - >>> 开始计算模型权重 <<<
2025-03-24 09:54:28,136 - ================================================================================

2025-03-24 09:54:28,136 - 开始计算模型权重
2025-03-24 09:54:28,136 - 从训练数据集中提取最后三天数据进行权重优化
2025-03-24 09:54:28,137 - ✅ 已从训练数据集提取最后三天数据，共 289 条记录
2025-03-24 09:54:28,137 - 开始计算最优模型权重...
2025-03-24 09:54:28,137 - 
--------------------------------------------------
【计算模型权重】
--------------------------------------------------
2025-03-24 09:54:28,160 - 加载最佳模型和对应的scaler...
2025-03-24 09:54:28,161 - ✅ 已加载 GBDT 模型和scaler
2025-03-24 09:54:28,161 - ✅ 已加载 DART 模型和scaler
2025-03-24 09:54:28,161 - ✅ 已加载 GOSS 模型和scaler
2025-03-24 09:54:28,161 - 预处理验证数据，共 289 条记录...
2025-03-24 09:54:28,163 - 验证数据预处理完成，特征维度: (289, 304)
2025-03-24 09:54:28,199 - 验证数据特征工程完成，特征维度: (286, 859)
2025-03-24 09:54:28,199 - 使用各模型进行预测...
2025-03-24 09:54:28,207 - 使用 GBDT 模型预测...
2025-03-24 09:54:28,215 - ✅ GBDT 模型预测完成，预测结果数量: 271
2025-03-24 09:54:28,223 - 使用 DART 模型预测...
2025-03-24 09:54:28,229 - ✅ DART 模型预测完成，预测结果数量: 271
2025-03-24 09:54:28,239 - 使用 GOSS 模型预测...
2025-03-24 09:54:28,245 - ✅ GOSS 模型预测完成，预测结果数量: 271
2025-03-24 09:54:28,245 - 对齐预测结果，使用最小长度: 271
2025-03-24 09:54:28,245 - 创建线性回归的特征矩阵 (271, 3) 和目标向量 (271,)
2025-03-24 09:54:28,246 - 训练线性回归模型计算最优权重...
2025-03-24 09:54:28,247 - 线性回归得到的权重: {'GBDT': np.float64(0.3378826776996291), 'DART': np.float64(0.18465658902121768), 'GOSS': np.float64(0.0), 'INTERCEPT': np.float64(98.07836551790079)}
2025-03-24 09:54:28,247 - 最终计算的模型权重: {'GBDT': np.float64(0.3378826776996291), 'DART': np.float64(0.18465658902121768), 'GOSS': np.float64(0.0), 'INTERCEPT': np.float64(98.07836551790079)}
2025-03-24 09:54:28,248 - 计算得到的最优权重: {'GBDT': np.float64(0.3378826776996291), 'DART': np.float64(0.18465658902121768), 'GOSS': np.float64(0.0), 'INTERCEPT': np.float64(98.07836551790079)}
2025-03-24 09:54:28,249 - 模型权重已保存到: D:\my-vue-project\wind-power-forecast\backend\auto_scripts\models\supershortmodel\20250324\model_weights.joblib
2025-03-24 09:54:28,257 - 训练完成，已创建标志文件: D:\my-vue-project\wind-power-forecast\backend\auto_scripts\scripts\supershort\logs\auto_train\20250324_train_done.flag
2025-03-24 09:54:28,257 - ✅ 训练完成，已创建标志文件
2025-03-24 09:54:28,257 - 
================================================================================
2025-03-24 09:54:28,257 - >>> 训练任务完成 <<<
2025-03-24 09:54:28,257 - ================================================================================

2025-03-24 09:54:28,257 - 训练任务完成
2025-03-24 09:54:28,257 - 今天的训练任务已完成。
