2025-04-01 21:57:47,870 - 
================================================================================
2025-04-01 21:57:47,870 - >>> 自动训练系统启动 <<<
2025-04-01 21:57:47,870 - ================================================================================

2025-04-01 21:57:47,870 - 自动训练系统启动
2025-04-01 21:57:47,870 - 今天的日期是: 20250401
2025-04-01 21:57:47,870 - 
================================================================================
2025-04-01 21:57:47,870 - >>> 启动训练监视线程 <<<
2025-04-01 21:57:47,870 - ================================================================================

2025-04-01 21:57:47,870 - 启动训练监视线程
2025-04-01 21:57:47,870 - 训练文件路径: D:\my-vue-project\wind-power-forecast\backend\auto_scripts\dataset\dataset_supershort\20250401.csv
2025-04-01 21:57:47,871 - 模型存储目录: D:\my-vue-project\wind-power-forecast\backend\auto_scripts\models\supershortmodel\20250401
2025-04-01 21:57:47,871 - 训练完成标志文件: D:\my-vue-project\wind-power-forecast\backend\auto_scripts\scripts\supershort\logs\auto_train\20250401_train_done.flag
2025-04-01 21:57:47,871 - 开始监视 D:\my-vue-project\wind-power-forecast\backend\auto_scripts\dataset\dataset_supershort 文件夹以进行训练...
2025-04-01 21:57:47,871 - ❌ 未找到训练 CSV 文件: D:\my-vue-project\wind-power-forecast\backend\auto_scripts\dataset\dataset_supershort\20250401.csv，等待 30 秒后重试...
2025-04-01 21:58:17,881 - ❌ 未找到训练 CSV 文件: D:\my-vue-project\wind-power-forecast\backend\auto_scripts\dataset\dataset_supershort\20250401.csv，等待 30 秒后重试...
2025-04-01 21:58:47,898 - ❌ 未找到训练 CSV 文件: D:\my-vue-project\wind-power-forecast\backend\auto_scripts\dataset\dataset_supershort\20250401.csv，等待 30 秒后重试...
2025-04-01 21:59:17,902 - ❌ 未找到训练 CSV 文件: D:\my-vue-project\wind-power-forecast\backend\auto_scripts\dataset\dataset_supershort\20250401.csv，等待 30 秒后重试...
2025-04-01 21:59:47,910 - ❌ 未找到训练 CSV 文件: D:\my-vue-project\wind-power-forecast\backend\auto_scripts\dataset\dataset_supershort\20250401.csv，等待 30 秒后重试...
2025-04-01 22:00:17,916 - ❌ 未找到训练 CSV 文件: D:\my-vue-project\wind-power-forecast\backend\auto_scripts\dataset\dataset_supershort\20250401.csv，等待 30 秒后重试...
2025-04-01 22:00:47,917 - ❌ 未找到训练 CSV 文件: D:\my-vue-project\wind-power-forecast\backend\auto_scripts\dataset\dataset_supershort\20250401.csv，等待 30 秒后重试...
2025-04-01 22:01:17,925 - ❌ 未找到训练 CSV 文件: D:\my-vue-project\wind-power-forecast\backend\auto_scripts\dataset\dataset_supershort\20250401.csv，等待 30 秒后重试...
2025-04-01 22:01:47,937 - ❌ 未找到训练 CSV 文件: D:\my-vue-project\wind-power-forecast\backend\auto_scripts\dataset\dataset_supershort\20250401.csv，等待 30 秒后重试...
2025-04-01 22:02:17,942 - ❌ 未找到训练 CSV 文件: D:\my-vue-project\wind-power-forecast\backend\auto_scripts\dataset\dataset_supershort\20250401.csv，等待 30 秒后重试...
2025-04-01 22:02:47,947 - ❌ 未找到训练 CSV 文件: D:\my-vue-project\wind-power-forecast\backend\auto_scripts\dataset\dataset_supershort\20250401.csv，等待 30 秒后重试...
2025-04-01 22:03:17,956 - ❌ 未找到训练 CSV 文件: D:\my-vue-project\wind-power-forecast\backend\auto_scripts\dataset\dataset_supershort\20250401.csv，等待 30 秒后重试...
2025-04-01 22:03:47,966 - ❌ 未找到训练 CSV 文件: D:\my-vue-project\wind-power-forecast\backend\auto_scripts\dataset\dataset_supershort\20250401.csv，等待 30 秒后重试...
2025-04-01 22:04:17,973 - ❌ 未找到训练 CSV 文件: D:\my-vue-project\wind-power-forecast\backend\auto_scripts\dataset\dataset_supershort\20250401.csv，等待 30 秒后重试...
2025-04-01 22:04:47,986 - ❌ 未找到训练 CSV 文件: D:\my-vue-project\wind-power-forecast\backend\auto_scripts\dataset\dataset_supershort\20250401.csv，等待 30 秒后重试...
2025-04-01 22:05:17,991 - ❌ 未找到训练 CSV 文件: D:\my-vue-project\wind-power-forecast\backend\auto_scripts\dataset\dataset_supershort\20250401.csv，等待 30 秒后重试...
2025-04-01 22:05:48,000 - ❌ 未找到训练 CSV 文件: D:\my-vue-project\wind-power-forecast\backend\auto_scripts\dataset\dataset_supershort\20250401.csv，等待 30 秒后重试...
2025-04-01 22:06:18,011 - ❌ 未找到训练 CSV 文件: D:\my-vue-project\wind-power-forecast\backend\auto_scripts\dataset\dataset_supershort\20250401.csv，等待 30 秒后重试...
2025-04-01 22:06:48,025 - ❌ 未找到训练 CSV 文件: D:\my-vue-project\wind-power-forecast\backend\auto_scripts\dataset\dataset_supershort\20250401.csv，等待 30 秒后重试...
2025-04-01 22:07:18,027 - ❌ 未找到训练 CSV 文件: D:\my-vue-project\wind-power-forecast\backend\auto_scripts\dataset\dataset_supershort\20250401.csv，等待 30 秒后重试...
2025-04-01 22:07:48,035 - ❌ 未找到训练 CSV 文件: D:\my-vue-project\wind-power-forecast\backend\auto_scripts\dataset\dataset_supershort\20250401.csv，等待 30 秒后重试...
2025-04-01 22:08:18,036 - ❌ 未找到训练 CSV 文件: D:\my-vue-project\wind-power-forecast\backend\auto_scripts\dataset\dataset_supershort\20250401.csv，等待 30 秒后重试...
2025-04-01 22:08:48,042 - ❌ 未找到训练 CSV 文件: D:\my-vue-project\wind-power-forecast\backend\auto_scripts\dataset\dataset_supershort\20250401.csv，等待 30 秒后重试...
2025-04-01 22:09:18,056 - ❌ 未找到训练 CSV 文件: D:\my-vue-project\wind-power-forecast\backend\auto_scripts\dataset\dataset_supershort\20250401.csv，等待 30 秒后重试...
2025-04-01 22:09:48,062 - ❌ 未找到训练 CSV 文件: D:\my-vue-project\wind-power-forecast\backend\auto_scripts\dataset\dataset_supershort\20250401.csv，等待 30 秒后重试...
2025-04-01 22:10:18,067 - ❌ 未找到训练 CSV 文件: D:\my-vue-project\wind-power-forecast\backend\auto_scripts\dataset\dataset_supershort\20250401.csv，等待 30 秒后重试...
2025-04-01 22:10:48,074 - ❌ 未找到训练 CSV 文件: D:\my-vue-project\wind-power-forecast\backend\auto_scripts\dataset\dataset_supershort\20250401.csv，等待 30 秒后重试...
2025-04-01 22:11:18,083 - ❌ 未找到训练 CSV 文件: D:\my-vue-project\wind-power-forecast\backend\auto_scripts\dataset\dataset_supershort\20250401.csv，等待 30 秒后重试...
2025-04-01 22:11:48,091 - ❌ 未找到训练 CSV 文件: D:\my-vue-project\wind-power-forecast\backend\auto_scripts\dataset\dataset_supershort\20250401.csv，等待 30 秒后重试...
2025-04-01 22:12:18,095 - ❌ 未找到训练 CSV 文件: D:\my-vue-project\wind-power-forecast\backend\auto_scripts\dataset\dataset_supershort\20250401.csv，等待 30 秒后重试...
2025-04-01 22:12:48,104 - ❌ 未找到训练 CSV 文件: D:\my-vue-project\wind-power-forecast\backend\auto_scripts\dataset\dataset_supershort\20250401.csv，等待 30 秒后重试...
2025-04-01 22:13:18,110 - ❌ 未找到训练 CSV 文件: D:\my-vue-project\wind-power-forecast\backend\auto_scripts\dataset\dataset_supershort\20250401.csv，等待 30 秒后重试...
2025-04-01 22:13:48,122 - ❌ 未找到训练 CSV 文件: D:\my-vue-project\wind-power-forecast\backend\auto_scripts\dataset\dataset_supershort\20250401.csv，等待 30 秒后重试...
2025-04-01 22:14:18,127 - ❌ 未找到训练 CSV 文件: D:\my-vue-project\wind-power-forecast\backend\auto_scripts\dataset\dataset_supershort\20250401.csv，等待 30 秒后重试...
2025-04-01 22:14:48,132 - ❌ 未找到训练 CSV 文件: D:\my-vue-project\wind-power-forecast\backend\auto_scripts\dataset\dataset_supershort\20250401.csv，等待 30 秒后重试...
2025-04-01 22:15:18,134 - ❌ 未找到训练 CSV 文件: D:\my-vue-project\wind-power-forecast\backend\auto_scripts\dataset\dataset_supershort\20250401.csv，等待 30 秒后重试...
2025-04-01 22:15:48,136 - ❌ 未找到训练 CSV 文件: D:\my-vue-project\wind-power-forecast\backend\auto_scripts\dataset\dataset_supershort\20250401.csv，等待 30 秒后重试...
2025-04-01 22:16:18,143 - ❌ 未找到训练 CSV 文件: D:\my-vue-project\wind-power-forecast\backend\auto_scripts\dataset\dataset_supershort\20250401.csv，等待 30 秒后重试...
2025-04-01 22:16:48,156 - ❌ 未找到训练 CSV 文件: D:\my-vue-project\wind-power-forecast\backend\auto_scripts\dataset\dataset_supershort\20250401.csv，等待 30 秒后重试...
2025-04-01 22:17:18,164 - ❌ 未找到训练 CSV 文件: D:\my-vue-project\wind-power-forecast\backend\auto_scripts\dataset\dataset_supershort\20250401.csv，等待 30 秒后重试...
2025-04-01 22:17:48,178 - ❌ 未找到训练 CSV 文件: D:\my-vue-project\wind-power-forecast\backend\auto_scripts\dataset\dataset_supershort\20250401.csv，等待 30 秒后重试...
2025-04-01 22:18:18,179 - ❌ 未找到训练 CSV 文件: D:\my-vue-project\wind-power-forecast\backend\auto_scripts\dataset\dataset_supershort\20250401.csv，等待 30 秒后重试...
2025-04-01 22:18:48,191 - ❌ 未找到训练 CSV 文件: D:\my-vue-project\wind-power-forecast\backend\auto_scripts\dataset\dataset_supershort\20250401.csv，等待 30 秒后重试...
2025-04-01 22:19:18,196 - ❌ 未找到训练 CSV 文件: D:\my-vue-project\wind-power-forecast\backend\auto_scripts\dataset\dataset_supershort\20250401.csv，等待 30 秒后重试...
2025-04-01 22:19:48,204 - ❌ 未找到训练 CSV 文件: D:\my-vue-project\wind-power-forecast\backend\auto_scripts\dataset\dataset_supershort\20250401.csv，等待 30 秒后重试...
2025-04-01 22:20:18,217 - ❌ 未找到训练 CSV 文件: D:\my-vue-project\wind-power-forecast\backend\auto_scripts\dataset\dataset_supershort\20250401.csv，等待 30 秒后重试...
2025-04-01 22:20:48,238 - ❌ 未找到训练 CSV 文件: D:\my-vue-project\wind-power-forecast\backend\auto_scripts\dataset\dataset_supershort\20250401.csv，等待 30 秒后重试...
2025-04-01 22:21:18,250 - ❌ 未找到训练 CSV 文件: D:\my-vue-project\wind-power-forecast\backend\auto_scripts\dataset\dataset_supershort\20250401.csv，等待 30 秒后重试...
2025-04-01 22:21:48,264 - ❌ 未找到训练 CSV 文件: D:\my-vue-project\wind-power-forecast\backend\auto_scripts\dataset\dataset_supershort\20250401.csv，等待 30 秒后重试...
2025-04-01 22:22:18,268 - ❌ 未找到训练 CSV 文件: D:\my-vue-project\wind-power-forecast\backend\auto_scripts\dataset\dataset_supershort\20250401.csv，等待 30 秒后重试...
2025-04-01 22:22:48,269 - ❌ 未找到训练 CSV 文件: D:\my-vue-project\wind-power-forecast\backend\auto_scripts\dataset\dataset_supershort\20250401.csv，等待 30 秒后重试...
2025-04-01 22:23:18,271 - ❌ 未找到训练 CSV 文件: D:\my-vue-project\wind-power-forecast\backend\auto_scripts\dataset\dataset_supershort\20250401.csv，等待 30 秒后重试...
2025-04-01 22:23:48,286 - ❌ 未找到训练 CSV 文件: D:\my-vue-project\wind-power-forecast\backend\auto_scripts\dataset\dataset_supershort\20250401.csv，等待 30 秒后重试...
2025-04-01 22:24:18,297 - ❌ 未找到训练 CSV 文件: D:\my-vue-project\wind-power-forecast\backend\auto_scripts\dataset\dataset_supershort\20250401.csv，等待 30 秒后重试...
2025-04-01 22:24:48,302 - ❌ 未找到训练 CSV 文件: D:\my-vue-project\wind-power-forecast\backend\auto_scripts\dataset\dataset_supershort\20250401.csv，等待 30 秒后重试...
2025-04-01 22:25:18,316 - ❌ 未找到训练 CSV 文件: D:\my-vue-project\wind-power-forecast\backend\auto_scripts\dataset\dataset_supershort\20250401.csv，等待 30 秒后重试...
2025-04-01 22:25:48,323 - ❌ 未找到训练 CSV 文件: D:\my-vue-project\wind-power-forecast\backend\auto_scripts\dataset\dataset_supershort\20250401.csv，等待 30 秒后重试...
2025-04-01 22:26:18,325 - ❌ 未找到训练 CSV 文件: D:\my-vue-project\wind-power-forecast\backend\auto_scripts\dataset\dataset_supershort\20250401.csv，等待 30 秒后重试...
2025-04-01 22:26:48,331 - ❌ 未找到训练 CSV 文件: D:\my-vue-project\wind-power-forecast\backend\auto_scripts\dataset\dataset_supershort\20250401.csv，等待 30 秒后重试...
2025-04-01 22:27:18,332 - ❌ 未找到训练 CSV 文件: D:\my-vue-project\wind-power-forecast\backend\auto_scripts\dataset\dataset_supershort\20250401.csv，等待 30 秒后重试...
2025-04-01 22:27:48,347 - ❌ 未找到训练 CSV 文件: D:\my-vue-project\wind-power-forecast\backend\auto_scripts\dataset\dataset_supershort\20250401.csv，等待 30 秒后重试...
2025-04-01 22:28:18,359 - ❌ 未找到训练 CSV 文件: D:\my-vue-project\wind-power-forecast\backend\auto_scripts\dataset\dataset_supershort\20250401.csv，等待 30 秒后重试...
2025-04-01 22:28:48,364 - ❌ 未找到训练 CSV 文件: D:\my-vue-project\wind-power-forecast\backend\auto_scripts\dataset\dataset_supershort\20250401.csv，等待 30 秒后重试...
2025-04-01 22:29:18,372 - ❌ 未找到训练 CSV 文件: D:\my-vue-project\wind-power-forecast\backend\auto_scripts\dataset\dataset_supershort\20250401.csv，等待 30 秒后重试...
2025-04-01 22:29:48,381 - ❌ 未找到训练 CSV 文件: D:\my-vue-project\wind-power-forecast\backend\auto_scripts\dataset\dataset_supershort\20250401.csv，等待 30 秒后重试...
2025-04-01 22:30:18,383 - ❌ 未找到训练 CSV 文件: D:\my-vue-project\wind-power-forecast\backend\auto_scripts\dataset\dataset_supershort\20250401.csv，等待 30 秒后重试...
2025-04-01 22:30:48,397 - ❌ 未找到训练 CSV 文件: D:\my-vue-project\wind-power-forecast\backend\auto_scripts\dataset\dataset_supershort\20250401.csv，等待 30 秒后重试...
2025-04-01 22:31:18,408 - ❌ 未找到训练 CSV 文件: D:\my-vue-project\wind-power-forecast\backend\auto_scripts\dataset\dataset_supershort\20250401.csv，等待 30 秒后重试...
2025-04-01 22:31:48,421 - ❌ 未找到训练 CSV 文件: D:\my-vue-project\wind-power-forecast\backend\auto_scripts\dataset\dataset_supershort\20250401.csv，等待 30 秒后重试...
2025-04-01 22:32:18,429 - ❌ 未找到训练 CSV 文件: D:\my-vue-project\wind-power-forecast\backend\auto_scripts\dataset\dataset_supershort\20250401.csv，等待 30 秒后重试...
2025-04-01 22:32:48,441 - ❌ 未找到训练 CSV 文件: D:\my-vue-project\wind-power-forecast\backend\auto_scripts\dataset\dataset_supershort\20250401.csv，等待 30 秒后重试...
2025-04-01 22:33:18,450 - ❌ 未找到训练 CSV 文件: D:\my-vue-project\wind-power-forecast\backend\auto_scripts\dataset\dataset_supershort\20250401.csv，等待 30 秒后重试...
2025-04-01 22:33:48,456 - ❌ 未找到训练 CSV 文件: D:\my-vue-project\wind-power-forecast\backend\auto_scripts\dataset\dataset_supershort\20250401.csv，等待 30 秒后重试...
2025-04-01 22:34:18,463 - ❌ 未找到训练 CSV 文件: D:\my-vue-project\wind-power-forecast\backend\auto_scripts\dataset\dataset_supershort\20250401.csv，等待 30 秒后重试...
2025-04-01 22:34:48,466 - ❌ 未找到训练 CSV 文件: D:\my-vue-project\wind-power-forecast\backend\auto_scripts\dataset\dataset_supershort\20250401.csv，等待 30 秒后重试...
2025-04-01 22:35:18,470 - ❌ 未找到训练 CSV 文件: D:\my-vue-project\wind-power-forecast\backend\auto_scripts\dataset\dataset_supershort\20250401.csv，等待 30 秒后重试...
2025-04-01 22:35:48,474 - ❌ 未找到训练 CSV 文件: D:\my-vue-project\wind-power-forecast\backend\auto_scripts\dataset\dataset_supershort\20250401.csv，等待 30 秒后重试...
2025-04-01 22:36:18,477 - ❌ 未找到训练 CSV 文件: D:\my-vue-project\wind-power-forecast\backend\auto_scripts\dataset\dataset_supershort\20250401.csv，等待 30 秒后重试...
2025-04-01 22:36:48,478 - ❌ 未找到训练 CSV 文件: D:\my-vue-project\wind-power-forecast\backend\auto_scripts\dataset\dataset_supershort\20250401.csv，等待 30 秒后重试...
2025-04-01 22:37:18,487 - ❌ 未找到训练 CSV 文件: D:\my-vue-project\wind-power-forecast\backend\auto_scripts\dataset\dataset_supershort\20250401.csv，等待 30 秒后重试...
2025-04-01 22:37:48,487 - ❌ 未找到训练 CSV 文件: D:\my-vue-project\wind-power-forecast\backend\auto_scripts\dataset\dataset_supershort\20250401.csv，等待 30 秒后重试...
2025-04-01 22:38:18,491 - ❌ 未找到训练 CSV 文件: D:\my-vue-project\wind-power-forecast\backend\auto_scripts\dataset\dataset_supershort\20250401.csv，等待 30 秒后重试...
2025-04-01 22:38:48,491 - ❌ 未找到训练 CSV 文件: D:\my-vue-project\wind-power-forecast\backend\auto_scripts\dataset\dataset_supershort\20250401.csv，等待 30 秒后重试...
2025-04-01 22:39:18,498 - ❌ 未找到训练 CSV 文件: D:\my-vue-project\wind-power-forecast\backend\auto_scripts\dataset\dataset_supershort\20250401.csv，等待 30 秒后重试...
2025-04-01 22:39:48,506 - ❌ 未找到训练 CSV 文件: D:\my-vue-project\wind-power-forecast\backend\auto_scripts\dataset\dataset_supershort\20250401.csv，等待 30 秒后重试...
2025-04-01 22:40:18,512 - ❌ 未找到训练 CSV 文件: D:\my-vue-project\wind-power-forecast\backend\auto_scripts\dataset\dataset_supershort\20250401.csv，等待 30 秒后重试...
2025-04-01 22:40:48,528 - ❌ 未找到训练 CSV 文件: D:\my-vue-project\wind-power-forecast\backend\auto_scripts\dataset\dataset_supershort\20250401.csv，等待 30 秒后重试...
2025-04-01 22:41:18,536 - ❌ 未找到训练 CSV 文件: D:\my-vue-project\wind-power-forecast\backend\auto_scripts\dataset\dataset_supershort\20250401.csv，等待 30 秒后重试...
2025-04-01 22:41:48,547 - ❌ 未找到训练 CSV 文件: D:\my-vue-project\wind-power-forecast\backend\auto_scripts\dataset\dataset_supershort\20250401.csv，等待 30 秒后重试...
2025-04-01 22:42:18,549 - ❌ 未找到训练 CSV 文件: D:\my-vue-project\wind-power-forecast\backend\auto_scripts\dataset\dataset_supershort\20250401.csv，等待 30 秒后重试...
2025-04-01 22:42:48,565 - ❌ 未找到训练 CSV 文件: D:\my-vue-project\wind-power-forecast\backend\auto_scripts\dataset\dataset_supershort\20250401.csv，等待 30 秒后重试...
2025-04-01 22:43:18,571 - ❌ 未找到训练 CSV 文件: D:\my-vue-project\wind-power-forecast\backend\auto_scripts\dataset\dataset_supershort\20250401.csv，等待 30 秒后重试...
2025-04-01 22:43:48,582 - ❌ 未找到训练 CSV 文件: D:\my-vue-project\wind-power-forecast\backend\auto_scripts\dataset\dataset_supershort\20250401.csv，等待 30 秒后重试...
2025-04-01 22:44:18,596 - ❌ 未找到训练 CSV 文件: D:\my-vue-project\wind-power-forecast\backend\auto_scripts\dataset\dataset_supershort\20250401.csv，等待 30 秒后重试...
2025-04-01 22:44:48,605 - ❌ 未找到训练 CSV 文件: D:\my-vue-project\wind-power-forecast\backend\auto_scripts\dataset\dataset_supershort\20250401.csv，等待 30 秒后重试...
2025-04-01 22:45:18,617 - ❌ 未找到训练 CSV 文件: D:\my-vue-project\wind-power-forecast\backend\auto_scripts\dataset\dataset_supershort\20250401.csv，等待 30 秒后重试...
2025-04-01 22:45:48,632 - ❌ 未找到训练 CSV 文件: D:\my-vue-project\wind-power-forecast\backend\auto_scripts\dataset\dataset_supershort\20250401.csv，等待 30 秒后重试...
2025-04-01 22:46:18,635 - ❌ 未找到训练 CSV 文件: D:\my-vue-project\wind-power-forecast\backend\auto_scripts\dataset\dataset_supershort\20250401.csv，等待 30 秒后重试...
2025-04-01 22:46:48,642 - ❌ 未找到训练 CSV 文件: D:\my-vue-project\wind-power-forecast\backend\auto_scripts\dataset\dataset_supershort\20250401.csv，等待 30 秒后重试...
2025-04-01 22:47:18,654 - ❌ 未找到训练 CSV 文件: D:\my-vue-project\wind-power-forecast\backend\auto_scripts\dataset\dataset_supershort\20250401.csv，等待 30 秒后重试...
2025-04-01 22:47:48,666 - ❌ 未找到训练 CSV 文件: D:\my-vue-project\wind-power-forecast\backend\auto_scripts\dataset\dataset_supershort\20250401.csv，等待 30 秒后重试...
2025-04-01 22:48:18,674 - ❌ 未找到训练 CSV 文件: D:\my-vue-project\wind-power-forecast\backend\auto_scripts\dataset\dataset_supershort\20250401.csv，等待 30 秒后重试...
2025-04-01 22:48:48,679 - ❌ 未找到训练 CSV 文件: D:\my-vue-project\wind-power-forecast\backend\auto_scripts\dataset\dataset_supershort\20250401.csv，等待 30 秒后重试...
2025-04-01 22:49:18,685 - ❌ 未找到训练 CSV 文件: D:\my-vue-project\wind-power-forecast\backend\auto_scripts\dataset\dataset_supershort\20250401.csv，等待 30 秒后重试...
2025-04-01 22:49:48,692 - ❌ 未找到训练 CSV 文件: D:\my-vue-project\wind-power-forecast\backend\auto_scripts\dataset\dataset_supershort\20250401.csv，等待 30 秒后重试...
2025-04-01 22:50:18,694 - ❌ 未找到训练 CSV 文件: D:\my-vue-project\wind-power-forecast\backend\auto_scripts\dataset\dataset_supershort\20250401.csv，等待 30 秒后重试...
2025-04-01 22:50:48,707 - ❌ 未找到训练 CSV 文件: D:\my-vue-project\wind-power-forecast\backend\auto_scripts\dataset\dataset_supershort\20250401.csv，等待 30 秒后重试...
2025-04-01 22:51:18,717 - ❌ 未找到训练 CSV 文件: D:\my-vue-project\wind-power-forecast\backend\auto_scripts\dataset\dataset_supershort\20250401.csv，等待 30 秒后重试...
2025-04-01 22:51:48,727 - ❌ 未找到训练 CSV 文件: D:\my-vue-project\wind-power-forecast\backend\auto_scripts\dataset\dataset_supershort\20250401.csv，等待 30 秒后重试...
2025-04-01 22:52:18,736 - ❌ 未找到训练 CSV 文件: D:\my-vue-project\wind-power-forecast\backend\auto_scripts\dataset\dataset_supershort\20250401.csv，等待 30 秒后重试...
2025-04-01 22:52:48,750 - ❌ 未找到训练 CSV 文件: D:\my-vue-project\wind-power-forecast\backend\auto_scripts\dataset\dataset_supershort\20250401.csv，等待 30 秒后重试...
2025-04-01 22:53:18,755 - ❌ 未找到训练 CSV 文件: D:\my-vue-project\wind-power-forecast\backend\auto_scripts\dataset\dataset_supershort\20250401.csv，等待 30 秒后重试...
2025-04-01 22:53:48,762 - ❌ 未找到训练 CSV 文件: D:\my-vue-project\wind-power-forecast\backend\auto_scripts\dataset\dataset_supershort\20250401.csv，等待 30 秒后重试...
2025-04-01 22:54:18,775 - ❌ 未找到训练 CSV 文件: D:\my-vue-project\wind-power-forecast\backend\auto_scripts\dataset\dataset_supershort\20250401.csv，等待 30 秒后重试...
2025-04-01 22:54:48,778 - ❌ 未找到训练 CSV 文件: D:\my-vue-project\wind-power-forecast\backend\auto_scripts\dataset\dataset_supershort\20250401.csv，等待 30 秒后重试...
2025-04-01 22:55:18,782 - ❌ 未找到训练 CSV 文件: D:\my-vue-project\wind-power-forecast\backend\auto_scripts\dataset\dataset_supershort\20250401.csv，等待 30 秒后重试...
2025-04-01 22:55:48,783 - ❌ 未找到训练 CSV 文件: D:\my-vue-project\wind-power-forecast\backend\auto_scripts\dataset\dataset_supershort\20250401.csv，等待 30 秒后重试...
2025-04-01 22:56:18,786 - ❌ 未找到训练 CSV 文件: D:\my-vue-project\wind-power-forecast\backend\auto_scripts\dataset\dataset_supershort\20250401.csv，等待 30 秒后重试...
2025-04-01 22:56:48,791 - ❌ 未找到训练 CSV 文件: D:\my-vue-project\wind-power-forecast\backend\auto_scripts\dataset\dataset_supershort\20250401.csv，等待 30 秒后重试...
2025-04-01 22:57:18,800 - ❌ 未找到训练 CSV 文件: D:\my-vue-project\wind-power-forecast\backend\auto_scripts\dataset\dataset_supershort\20250401.csv，等待 30 秒后重试...
2025-04-01 22:57:48,807 - ❌ 未找到训练 CSV 文件: D:\my-vue-project\wind-power-forecast\backend\auto_scripts\dataset\dataset_supershort\20250401.csv，等待 30 秒后重试...
2025-04-01 22:58:18,812 - ❌ 未找到训练 CSV 文件: D:\my-vue-project\wind-power-forecast\backend\auto_scripts\dataset\dataset_supershort\20250401.csv，等待 30 秒后重试...
2025-04-01 22:58:48,827 - ❌ 未找到训练 CSV 文件: D:\my-vue-project\wind-power-forecast\backend\auto_scripts\dataset\dataset_supershort\20250401.csv，等待 30 秒后重试...
2025-04-01 22:59:18,840 - ❌ 未找到训练 CSV 文件: D:\my-vue-project\wind-power-forecast\backend\auto_scripts\dataset\dataset_supershort\20250401.csv，等待 30 秒后重试...
2025-04-01 22:59:48,844 - ❌ 未找到训练 CSV 文件: D:\my-vue-project\wind-power-forecast\backend\auto_scripts\dataset\dataset_supershort\20250401.csv，等待 30 秒后重试...
2025-04-01 23:00:18,849 - ❌ 未找到训练 CSV 文件: D:\my-vue-project\wind-power-forecast\backend\auto_scripts\dataset\dataset_supershort\20250401.csv，等待 30 秒后重试...
2025-04-01 23:00:48,853 - ❌ 未找到训练 CSV 文件: D:\my-vue-project\wind-power-forecast\backend\auto_scripts\dataset\dataset_supershort\20250401.csv，等待 30 秒后重试...
2025-04-01 23:01:18,859 - ❌ 未找到训练 CSV 文件: D:\my-vue-project\wind-power-forecast\backend\auto_scripts\dataset\dataset_supershort\20250401.csv，等待 30 秒后重试...
2025-04-01 23:01:48,871 - ❌ 未找到训练 CSV 文件: D:\my-vue-project\wind-power-forecast\backend\auto_scripts\dataset\dataset_supershort\20250401.csv，等待 30 秒后重试...
2025-04-01 23:02:18,883 - ❌ 未找到训练 CSV 文件: D:\my-vue-project\wind-power-forecast\backend\auto_scripts\dataset\dataset_supershort\20250401.csv，等待 30 秒后重试...
2025-04-01 23:02:48,895 - ❌ 未找到训练 CSV 文件: D:\my-vue-project\wind-power-forecast\backend\auto_scripts\dataset\dataset_supershort\20250401.csv，等待 30 秒后重试...
2025-04-01 23:03:18,902 - ❌ 未找到训练 CSV 文件: D:\my-vue-project\wind-power-forecast\backend\auto_scripts\dataset\dataset_supershort\20250401.csv，等待 30 秒后重试...
2025-04-01 23:03:48,915 - ❌ 未找到训练 CSV 文件: D:\my-vue-project\wind-power-forecast\backend\auto_scripts\dataset\dataset_supershort\20250401.csv，等待 30 秒后重试...
2025-04-01 23:04:18,917 - ❌ 未找到训练 CSV 文件: D:\my-vue-project\wind-power-forecast\backend\auto_scripts\dataset\dataset_supershort\20250401.csv，等待 30 秒后重试...
2025-04-01 23:04:48,922 - ❌ 未找到训练 CSV 文件: D:\my-vue-project\wind-power-forecast\backend\auto_scripts\dataset\dataset_supershort\20250401.csv，等待 30 秒后重试...
2025-04-01 23:05:18,926 - ❌ 未找到训练 CSV 文件: D:\my-vue-project\wind-power-forecast\backend\auto_scripts\dataset\dataset_supershort\20250401.csv，等待 30 秒后重试...
2025-04-01 23:05:48,938 - ❌ 未找到训练 CSV 文件: D:\my-vue-project\wind-power-forecast\backend\auto_scripts\dataset\dataset_supershort\20250401.csv，等待 30 秒后重试...
2025-04-01 23:06:18,944 - ❌ 未找到训练 CSV 文件: D:\my-vue-project\wind-power-forecast\backend\auto_scripts\dataset\dataset_supershort\20250401.csv，等待 30 秒后重试...
2025-04-01 23:06:48,950 - ❌ 未找到训练 CSV 文件: D:\my-vue-project\wind-power-forecast\backend\auto_scripts\dataset\dataset_supershort\20250401.csv，等待 30 秒后重试...
2025-04-01 23:07:18,957 - ❌ 未找到训练 CSV 文件: D:\my-vue-project\wind-power-forecast\backend\auto_scripts\dataset\dataset_supershort\20250401.csv，等待 30 秒后重试...
2025-04-01 23:07:48,960 - ❌ 未找到训练 CSV 文件: D:\my-vue-project\wind-power-forecast\backend\auto_scripts\dataset\dataset_supershort\20250401.csv，等待 30 秒后重试...
2025-04-01 23:08:18,971 - ❌ 未找到训练 CSV 文件: D:\my-vue-project\wind-power-forecast\backend\auto_scripts\dataset\dataset_supershort\20250401.csv，等待 30 秒后重试...
2025-04-01 23:08:48,985 - ❌ 未找到训练 CSV 文件: D:\my-vue-project\wind-power-forecast\backend\auto_scripts\dataset\dataset_supershort\20250401.csv，等待 30 秒后重试...
2025-04-01 23:09:18,991 - ❌ 未找到训练 CSV 文件: D:\my-vue-project\wind-power-forecast\backend\auto_scripts\dataset\dataset_supershort\20250401.csv，等待 30 秒后重试...
2025-04-01 23:10:18,630 - 
================================================================================
2025-04-01 23:10:18,631 - >>> 自动训练系统启动 <<<
2025-04-01 23:10:18,631 - ================================================================================

2025-04-01 23:10:18,631 - 自动训练系统启动
2025-04-01 23:10:18,631 - 今天的日期是: 20250401
2025-04-01 23:10:18,631 - 
================================================================================
2025-04-01 23:10:18,631 - >>> 启动训练监视线程 <<<
2025-04-01 23:10:18,631 - ================================================================================

2025-04-01 23:10:18,631 - 启动训练监视线程
2025-04-01 23:10:18,631 - 训练文件路径: D:\my-vue-project\wind-power-forecast\backend\auto_scripts\dataset\dataset_supershort\20250401.csv
2025-04-01 23:10:18,631 - 模型存储目录: D:\my-vue-project\wind-power-forecast\backend\auto_scripts\models\supershortmodel\20250401
2025-04-01 23:10:18,631 - 训练完成标志文件: D:\my-vue-project\wind-power-forecast\backend\auto_scripts\scripts\supershort\logs\auto_train\20250401_train_done.flag
2025-04-01 23:10:18,631 - 开始监视 D:\my-vue-project\wind-power-forecast\backend\auto_scripts\dataset\dataset_supershort 文件夹以进行训练...
2025-04-01 23:10:18,631 - ❌ 未找到训练 CSV 文件: D:\my-vue-project\wind-power-forecast\backend\auto_scripts\dataset\dataset_supershort\20250401.csv，等待 30 秒后重试...
