2025-03-25 02:00:16,509 - 
================================================================================
2025-03-25 02:00:16,509 - >>> 自动训练系统启动 <<<
2025-03-25 02:00:16,509 - ================================================================================

2025-03-25 02:00:16,509 - 自动训练系统启动
2025-03-25 02:00:16,510 - 今天的日期是: 20250325
2025-03-25 02:00:16,510 - 
================================================================================
2025-03-25 02:00:16,510 - >>> 启动训练监视线程 <<<
2025-03-25 02:00:16,510 - ================================================================================

2025-03-25 02:00:16,510 - 启动训练监视线程
2025-03-25 02:00:16,510 - 训练文件路径: D:\my-vue-project\wind-power-forecast\backend\auto_scripts\dataset\dataset_supershort\20250325.csv
2025-03-25 02:00:16,514 - 模型存储目录: D:\my-vue-project\wind-power-forecast\backend\auto_scripts\models\supershortmodel\20250325
2025-03-25 02:00:16,514 - 训练完成标志文件: D:\my-vue-project\wind-power-forecast\backend\auto_scripts\scripts\supershort\logs\auto_train\20250325_train_done.flag
2025-03-25 02:00:16,514 - 开始监视 D:\my-vue-project\wind-power-forecast\backend\auto_scripts\dataset\dataset_supershort 文件夹以进行训练...
2025-03-25 02:00:16,515 - ✅ 发现新的训练文件：D:\my-vue-project\wind-power-forecast\backend\auto_scripts\dataset\dataset_supershort\20250325.csv，执行训练...
2025-03-25 02:00:16,516 - 
================================================================================
2025-03-25 02:00:16,516 - >>> 开始模型训练 <<<
2025-03-25 02:00:16,516 - ================================================================================

2025-03-25 02:00:16,516 - 配置信息:
2025-03-25 02:00:16,516 -   - 窗口大小: 16
2025-03-25 02:00:16,516 -   - 滞后特征数: 4
2025-03-25 02:00:16,516 -   - 训练集比例: 0.9
2025-03-25 02:00:16,516 -   - 输出目录: D:\my-vue-project\wind-power-forecast\backend\auto_scripts\train_predictions\supershort_predictions
2025-03-25 02:00:16,516 -   - 模型存储路径: D:\my-vue-project\wind-power-forecast\backend\auto_scripts\models\supershortmodel\20250325
2025-03-25 02:00:16,516 - 输出结果将保存到: D:\my-vue-project\wind-power-forecast\backend\auto_scripts\train_predictions\supershort_predictions
2025-03-25 02:00:16,516 - 
================================================================================
2025-03-25 02:00:16,516 - >>> 数据加载与预处理 <<<
2025-03-25 02:00:16,516 - ================================================================================

2025-03-25 02:00:16,516 - 加载数据文件: D:\my-vue-project\wind-power-forecast\backend\auto_scripts\dataset\dataset_supershort\20250325.csv
2025-03-25 02:00:16,516 - 开始加载和预处理数据...
2025-03-25 02:00:17,614 - 数据加载完成，共 38172 条记录
2025-03-25 02:00:17,657 - 数据前5行预览: 
       Timestamp    129.128_1    129.128_2  ...  ws200_15  wp_true    ws_all
0  2023/3/2 0:00  15950.07031  16250.82031  ...  8.808324    26.02  4.092251
1  2023/3/2 0:15  15950.07031  16250.82031  ...  8.549524    19.92  3.833974
2  2023/3/2 0:30  15950.07031  16250.82031  ...  8.295010    14.90  3.591723
3  2023/3/2 0:45  15950.07031  16250.82031  ...  8.045185     8.43  3.206756
4  2023/3/2 1:00  15950.07031  16250.82031  ...  7.800503     5.47  2.986988

[5 rows x 303 columns]
2025-03-25 02:00:17,678 - 数据集时间范围: 2023-03-02 至 2024-04-17, 共 13 个月
2025-03-25 02:00:17,678 - 将使用以下时间段训练模型: [1, 3, 6, 9, 12, None]
2025-03-25 02:00:17,678 - 
================================================================================
2025-03-25 02:00:17,678 - >>> 开始多数据集训练 <<<
2025-03-25 02:00:17,678 - ================================================================================

2025-03-25 02:00:17,679 - 将使用多种时间跨度的数据训练模型...
2025-03-25 02:00:17,679 - 
--------------------------------------------------
【使用多个数据集训练模型】
--------------------------------------------------
2025-03-25 02:00:17,680 - 最佳模型将保存到: D:\my-vue-project\wind-power-forecast\backend\auto_scripts\models\supershortmodel\20250325\best_models
2025-03-25 02:00:17,680 - 获取统一参数成功，包含 3 种模型类型
2025-03-25 02:00:17,680 - 
--------------------------------------------------
【训练数据集: 1个月】
--------------------------------------------------
2025-03-25 02:00:17,680 - 使用1个月的数据进行训练...
2025-03-25 02:00:17,680 - 过滤数据为最近1个月...
2025-03-25 02:00:17,684 - 过滤后的数据量: 2977
2025-03-25 02:00:17,685 - 对1个月数据进行预处理...
2025-03-25 02:00:17,694 - 预处理后的特征维度: (2977, 304), 目标变量维度: (2977,)
2025-03-25 02:00:17,694 - 数据集划分完成，训练集: (2679, 304), 验证集: (298, 304)
2025-03-25 02:00:17,695 - 提取了 298 个验证集时间戳，用于时间加权评估
2025-03-25 02:00:17,695 - 执行特征工程，滞后特征数: 4...
2025-03-25 02:00:17,839 - 特征工程后的特征维度 - 训练集: (2676, 859), 验证集: (295, 859)
2025-03-25 02:00:17,839 - 数据标准化...
2025-03-25 02:00:17,909 - 数据标准化完成
2025-03-25 02:00:17,909 - 创建时间窗口，窗口大小: 16...
2025-03-25 02:00:17,989 - 时间窗口创建完成 - 训练集: (2661, 16, 859), 验证集: (280, 16, 859)
2025-03-25 02:00:17,989 - 调整时间戳长度以匹配窗口化后的验证集 - 原始长度: 298, 目标长度: 280
2025-03-25 02:00:17,989 - 时间戳已截断至匹配窗口化后的验证集长度: 280
2025-03-25 02:00:17,990 - 为1个月数据创建模型目录: D:\my-vue-project\wind-power-forecast\backend\auto_scripts\models\supershortmodel\20250325\1months
2025-03-25 02:00:17,991 - 开始训练1个月数据的模型...
2025-03-25 02:00:17,991 - 
--------------------------------------------------
【开始模型训练与评估】
--------------------------------------------------
2025-03-25 02:00:17,991 - 模型和 scaler 将被保存到目录: D:\my-vue-project\wind-power-forecast\backend\auto_scripts\models\supershortmodel\20250325\1months
2025-03-25 02:00:17,991 - 
--------------------------------------------------
【训练 GBDT 模型】
--------------------------------------------------
2025-03-25 02:00:17,991 - 模型参数: {'boosting_type': 'gbdt', 'objective': 'regression', 'metric': 'rmse', 'num_leaves': 31, 'learning_rate': 0.05, 'feature_fraction': 0.9, 'name': 'GBDT'}
2025-03-25 02:00:17,991 - 开始训练 GBDT 模型...
2025-03-25 02:00:58,824 - GBDT 模型训练完成
2025-03-25 02:00:58,824 - 使用 GBDT 模型预测验证集...
2025-03-25 02:00:58,832 - 使用时间加权方式计算模型评分...
2025-03-25 02:00:58,834 - GBDT 评估结果 - RMSE: 68.3078, K: 0.4502, 加权评分: 0.6447
2025-03-25 02:00:58,834 - ✅ GBDT 成为当前最佳模型 (基于加权评分)
2025-03-25 02:00:58,843 - GBDT 模型已保存到 D:\my-vue-project\wind-power-forecast\backend\auto_scripts\models\supershortmodel\20250325\1months\GBDT.joblib
2025-03-25 02:00:58,843 - 
--------------------------------------------------
【训练 DART 模型】
--------------------------------------------------
2025-03-25 02:00:58,843 - 模型参数: {'boosting_type': 'dart', 'objective': 'regression', 'metric': 'rmse', 'num_leaves': 31, 'learning_rate': 0.05, 'feature_fraction': 0.9, 'drop_rate': 0.1, 'name': 'DART'}
2025-03-25 02:00:58,843 - 开始训练 DART 模型...
2025-03-25 02:01:40,405 - DART 模型训练完成
2025-03-25 02:01:40,406 - 使用 DART 模型预测验证集...
2025-03-25 02:01:40,413 - 使用时间加权方式计算模型评分...
2025-03-25 02:01:40,415 - DART 评估结果 - RMSE: 62.7504, K: 0.6220, 加权评分: 0.7393
2025-03-25 02:01:40,415 - ✅ DART 成为当前最佳模型 (基于加权评分)
2025-03-25 02:01:40,424 - DART 模型已保存到 D:\my-vue-project\wind-power-forecast\backend\auto_scripts\models\supershortmodel\20250325\1months\DART.joblib
2025-03-25 02:01:40,424 - 
--------------------------------------------------
【训练 GOSS 模型】
--------------------------------------------------
2025-03-25 02:01:40,424 - 模型参数: {'boosting_type': 'goss', 'objective': 'regression', 'metric': 'rmse', 'num_leaves': 31, 'learning_rate': 0.05, 'feature_fraction': 0.9, 'top_rate': 0.2, 'other_rate': 0.1, 'name': 'GOSS'}
2025-03-25 02:01:40,424 - 开始训练 GOSS 模型...
2025-03-25 02:02:11,319 - GOSS 模型训练完成
2025-03-25 02:02:11,319 - 使用 GOSS 模型预测验证集...
2025-03-25 02:02:11,327 - 使用时间加权方式计算模型评分...
2025-03-25 02:02:11,330 - GOSS 评估结果 - RMSE: 68.2680, K: 0.4465, 加权评分: 0.6427
2025-03-25 02:02:11,343 - GOSS 模型已保存到 D:\my-vue-project\wind-power-forecast\backend\auto_scripts\models\supershortmodel\20250325\1months\GOSS.joblib
2025-03-25 02:02:11,345 - Scaler 已保存到 D:\my-vue-project\wind-power-forecast\backend\auto_scripts\models\supershortmodel\20250325\1months\scaler.joblib
2025-03-25 02:02:11,354 - 最佳模型 'DART' 已额外保存到 D:\my-vue-project\wind-power-forecast\backend\auto_scripts\models\supershortmodel\20250325\1months\model.joblib
2025-03-25 02:02:11,354 - 1个月数据的模型训练完成
2025-03-25 02:02:11,354 - 
--------------------------------------------------
【更新每种算法的最佳模型】
--------------------------------------------------
2025-03-25 02:02:11,354 - ✅ 发现更好的GBDT模型 (来自1个月数据)
2025-03-25 02:02:11,354 -    新评分: 0.6447, 旧评分: -inf
2025-03-25 02:02:11,354 - ✅ 发现更好的DART模型 (来自1个月数据)
2025-03-25 02:02:11,354 -    新评分: 0.7393, 旧评分: -inf
2025-03-25 02:02:11,354 - ✅ 发现更好的GOSS模型 (来自1个月数据)
2025-03-25 02:02:11,354 -    新评分: 0.6427, 旧评分: -inf
2025-03-25 02:02:11,354 - 
--------------------------------------------------
【训练数据集: 3个月】
--------------------------------------------------
2025-03-25 02:02:11,354 - 使用3个月的数据进行训练...
2025-03-25 02:02:11,354 - 过滤数据为最近3个月...
2025-03-25 02:02:11,361 - 过滤后的数据量: 8737
2025-03-25 02:02:11,361 - 对3个月数据进行预处理...
2025-03-25 02:02:11,374 - 预处理后的特征维度: (8737, 304), 目标变量维度: (8737,)
2025-03-25 02:02:11,375 - 数据集划分完成，训练集: (7863, 304), 验证集: (874, 304)
2025-03-25 02:02:11,375 - 提取了 874 个验证集时间戳，用于时间加权评估
2025-03-25 02:02:11,375 - 执行特征工程，滞后特征数: 4...
2025-03-25 02:02:11,471 - 特征工程后的特征维度 - 训练集: (7860, 859), 验证集: (871, 859)
2025-03-25 02:02:11,471 - 数据标准化...
2025-03-25 02:02:11,549 - 数据标准化完成
2025-03-25 02:02:11,549 - 创建时间窗口，窗口大小: 16...
2025-03-25 02:02:11,720 - 时间窗口创建完成 - 训练集: (7845, 16, 859), 验证集: (856, 16, 859)
2025-03-25 02:02:11,721 - 调整时间戳长度以匹配窗口化后的验证集 - 原始长度: 874, 目标长度: 856
2025-03-25 02:02:11,721 - 时间戳已截断至匹配窗口化后的验证集长度: 856
2025-03-25 02:02:11,725 - 为3个月数据创建模型目录: D:\my-vue-project\wind-power-forecast\backend\auto_scripts\models\supershortmodel\20250325\3months
2025-03-25 02:02:11,725 - 开始训练3个月数据的模型...
2025-03-25 02:02:11,725 - 
--------------------------------------------------
【开始模型训练与评估】
--------------------------------------------------
2025-03-25 02:02:11,725 - 模型和 scaler 将被保存到目录: D:\my-vue-project\wind-power-forecast\backend\auto_scripts\models\supershortmodel\20250325\3months
2025-03-25 02:02:11,725 - 
--------------------------------------------------
【训练 GBDT 模型】
--------------------------------------------------
2025-03-25 02:02:11,725 - 模型参数: {'boosting_type': 'gbdt', 'objective': 'regression', 'metric': 'rmse', 'num_leaves': 31, 'learning_rate': 0.05, 'feature_fraction': 0.9, 'name': 'GBDT'}
2025-03-25 02:02:11,726 - 开始训练 GBDT 模型...
2025-03-25 02:03:05,927 - GBDT 模型训练完成
2025-03-25 02:03:05,927 - 使用 GBDT 模型预测验证集...
2025-03-25 02:03:05,952 - 使用时间加权方式计算模型评分...
2025-03-25 02:03:05,960 - GBDT 评估结果 - RMSE: 53.7633, K: 0.6220, 加权评分: 0.7498
2025-03-25 02:03:05,960 - ✅ GBDT 成为当前最佳模型 (基于加权评分)
2025-03-25 02:03:05,973 - GBDT 模型已保存到 D:\my-vue-project\wind-power-forecast\backend\auto_scripts\models\supershortmodel\20250325\3months\GBDT.joblib
2025-03-25 02:03:05,973 - 
--------------------------------------------------
【训练 DART 模型】
--------------------------------------------------
2025-03-25 02:03:05,973 - 模型参数: {'boosting_type': 'dart', 'objective': 'regression', 'metric': 'rmse', 'num_leaves': 31, 'learning_rate': 0.05, 'feature_fraction': 0.9, 'drop_rate': 0.1, 'name': 'DART'}
2025-03-25 02:03:05,973 - 开始训练 DART 模型...
2025-03-25 02:04:00,859 - DART 模型训练完成
2025-03-25 02:04:00,860 - 使用 DART 模型预测验证集...
2025-03-25 02:04:00,885 - 使用时间加权方式计算模型评分...
2025-03-25 02:04:00,892 - DART 评估结果 - RMSE: 60.1716, K: 0.7051, 加权评分: 0.7855
2025-03-25 02:04:00,892 - ✅ DART 成为当前最佳模型 (基于加权评分)
2025-03-25 02:04:00,902 - DART 模型已保存到 D:\my-vue-project\wind-power-forecast\backend\auto_scripts\models\supershortmodel\20250325\3months\DART.joblib
2025-03-25 02:04:00,902 - 
--------------------------------------------------
【训练 GOSS 模型】
--------------------------------------------------
2025-03-25 02:04:00,902 - 模型参数: {'boosting_type': 'goss', 'objective': 'regression', 'metric': 'rmse', 'num_leaves': 31, 'learning_rate': 0.05, 'feature_fraction': 0.9, 'top_rate': 0.2, 'other_rate': 0.1, 'name': 'GOSS'}
2025-03-25 02:04:00,902 - 开始训练 GOSS 模型...
2025-03-25 02:04:52,130 - GOSS 模型训练完成
2025-03-25 02:04:52,130 - 使用 GOSS 模型预测验证集...
2025-03-25 02:04:52,159 - 使用时间加权方式计算模型评分...
2025-03-25 02:04:52,163 - GOSS 评估结果 - RMSE: 53.4696, K: 0.6275, 加权评分: 0.7529
2025-03-25 02:04:52,179 - GOSS 模型已保存到 D:\my-vue-project\wind-power-forecast\backend\auto_scripts\models\supershortmodel\20250325\3months\GOSS.joblib
2025-03-25 02:04:52,180 - Scaler 已保存到 D:\my-vue-project\wind-power-forecast\backend\auto_scripts\models\supershortmodel\20250325\3months\scaler.joblib
2025-03-25 02:04:52,188 - 最佳模型 'DART' 已额外保存到 D:\my-vue-project\wind-power-forecast\backend\auto_scripts\models\supershortmodel\20250325\3months\model.joblib
2025-03-25 02:04:52,188 - 3个月数据的模型训练完成
2025-03-25 02:04:52,188 - 
--------------------------------------------------
【更新每种算法的最佳模型】
--------------------------------------------------
2025-03-25 02:04:52,188 - ✅ 发现更好的GBDT模型 (来自3个月数据)
2025-03-25 02:04:52,188 -    新评分: 0.7498, 旧评分: 0.6447
2025-03-25 02:04:52,188 - ✅ 发现更好的DART模型 (来自3个月数据)
2025-03-25 02:04:52,188 -    新评分: 0.7855, 旧评分: 0.7393
2025-03-25 02:04:52,188 - ✅ 发现更好的GOSS模型 (来自3个月数据)
2025-03-25 02:04:52,188 -    新评分: 0.7529, 旧评分: 0.6427
2025-03-25 02:04:52,188 - 
--------------------------------------------------
【训练数据集: 6个月】
--------------------------------------------------
2025-03-25 02:04:52,188 - 使用6个月的数据进行训练...
2025-03-25 02:04:52,188 - 过滤数据为最近6个月...
2025-03-25 02:04:52,200 - 过滤后的数据量: 17327
2025-03-25 02:04:52,200 - 对6个月数据进行预处理...
2025-03-25 02:04:52,217 - 预处理后的特征维度: (17327, 304), 目标变量维度: (17327,)
2025-03-25 02:04:52,218 - 数据集划分完成，训练集: (15594, 304), 验证集: (1733, 304)
2025-03-25 02:04:52,219 - 提取了 1733 个验证集时间戳，用于时间加权评估
2025-03-25 02:04:52,219 - 执行特征工程，滞后特征数: 4...
2025-03-25 02:04:52,397 - 特征工程后的特征维度 - 训练集: (15591, 859), 验证集: (1730, 859)
2025-03-25 02:04:52,397 - 数据标准化...
2025-03-25 02:04:52,573 - 数据标准化完成
2025-03-25 02:04:52,574 - 创建时间窗口，窗口大小: 16...
2025-03-25 02:04:52,948 - 时间窗口创建完成 - 训练集: (15576, 16, 859), 验证集: (1715, 16, 859)
2025-03-25 02:04:52,948 - 调整时间戳长度以匹配窗口化后的验证集 - 原始长度: 1733, 目标长度: 1715
2025-03-25 02:04:52,948 - 时间戳已截断至匹配窗口化后的验证集长度: 1715
2025-03-25 02:04:52,949 - 为6个月数据创建模型目录: D:\my-vue-project\wind-power-forecast\backend\auto_scripts\models\supershortmodel\20250325\6months
2025-03-25 02:04:52,949 - 开始训练6个月数据的模型...
2025-03-25 02:04:52,949 - 
--------------------------------------------------
【开始模型训练与评估】
--------------------------------------------------
2025-03-25 02:04:52,949 - 模型和 scaler 将被保存到目录: D:\my-vue-project\wind-power-forecast\backend\auto_scripts\models\supershortmodel\20250325\6months
2025-03-25 02:04:52,949 - 
--------------------------------------------------
【训练 GBDT 模型】
--------------------------------------------------
2025-03-25 02:04:52,949 - 模型参数: {'boosting_type': 'gbdt', 'objective': 'regression', 'metric': 'rmse', 'num_leaves': 31, 'learning_rate': 0.05, 'feature_fraction': 0.9, 'name': 'GBDT'}
2025-03-25 02:04:52,949 - 开始训练 GBDT 模型...
2025-03-25 02:06:09,330 - GBDT 模型训练完成
2025-03-25 02:06:09,330 - 使用 GBDT 模型预测验证集...
2025-03-25 02:06:09,393 - 使用时间加权方式计算模型评分...
2025-03-25 02:06:09,402 - GBDT 评估结果 - RMSE: 50.8665, K: 0.6900, 加权评分: 0.7872
2025-03-25 02:06:09,402 - ✅ GBDT 成为当前最佳模型 (基于加权评分)
2025-03-25 02:06:09,411 - GBDT 模型已保存到 D:\my-vue-project\wind-power-forecast\backend\auto_scripts\models\supershortmodel\20250325\6months\GBDT.joblib
2025-03-25 02:06:09,411 - 
--------------------------------------------------
【训练 DART 模型】
--------------------------------------------------
2025-03-25 02:06:09,411 - 模型参数: {'boosting_type': 'dart', 'objective': 'regression', 'metric': 'rmse', 'num_leaves': 31, 'learning_rate': 0.05, 'feature_fraction': 0.9, 'drop_rate': 0.1, 'name': 'DART'}
2025-03-25 02:06:09,411 - 开始训练 DART 模型...
2025-03-25 02:07:26,256 - DART 模型训练完成
2025-03-25 02:07:26,256 - 使用 DART 模型预测验证集...
2025-03-25 02:07:26,312 - 使用时间加权方式计算模型评分...
2025-03-25 02:07:26,320 - DART 评估结果 - RMSE: 68.5842, K: 0.6994, 加权评分: 0.7739
2025-03-25 02:07:26,333 - DART 模型已保存到 D:\my-vue-project\wind-power-forecast\backend\auto_scripts\models\supershortmodel\20250325\6months\DART.joblib
2025-03-25 02:07:26,333 - 
--------------------------------------------------
【训练 GOSS 模型】
--------------------------------------------------
2025-03-25 02:07:26,333 - 模型参数: {'boosting_type': 'goss', 'objective': 'regression', 'metric': 'rmse', 'num_leaves': 31, 'learning_rate': 0.05, 'feature_fraction': 0.9, 'top_rate': 0.2, 'other_rate': 0.1, 'name': 'GOSS'}
2025-03-25 02:07:26,334 - 开始训练 GOSS 模型...
2025-03-25 02:08:36,033 - GOSS 模型训练完成
2025-03-25 02:08:36,033 - 使用 GOSS 模型预测验证集...
2025-03-25 02:08:36,090 - 使用时间加权方式计算模型评分...
2025-03-25 02:08:36,106 - GOSS 评估结果 - RMSE: 49.3663, K: 0.6978, 加权评分: 0.7928
2025-03-25 02:08:36,106 - ✅ GOSS 成为当前最佳模型 (基于加权评分)
2025-03-25 02:08:36,127 - GOSS 模型已保存到 D:\my-vue-project\wind-power-forecast\backend\auto_scripts\models\supershortmodel\20250325\6months\GOSS.joblib
2025-03-25 02:08:36,129 - Scaler 已保存到 D:\my-vue-project\wind-power-forecast\backend\auto_scripts\models\supershortmodel\20250325\6months\scaler.joblib
2025-03-25 02:08:36,144 - 最佳模型 'GOSS' 已额外保存到 D:\my-vue-project\wind-power-forecast\backend\auto_scripts\models\supershortmodel\20250325\6months\model.joblib
2025-03-25 02:08:36,145 - 6个月数据的模型训练完成
2025-03-25 02:08:36,145 - 
--------------------------------------------------
【更新每种算法的最佳模型】
--------------------------------------------------
2025-03-25 02:08:36,145 - ✅ 发现更好的GBDT模型 (来自6个月数据)
2025-03-25 02:08:36,145 -    新评分: 0.7872, 旧评分: 0.7498
2025-03-25 02:08:36,145 - ❌ 6个月数据的DART模型不是最佳模型
2025-03-25 02:08:36,145 -    当前评分: 0.7739, 最佳评分: 0.7855
2025-03-25 02:08:36,145 - ✅ 发现更好的GOSS模型 (来自6个月数据)
2025-03-25 02:08:36,145 -    新评分: 0.7928, 旧评分: 0.7529
2025-03-25 02:08:36,145 - 
--------------------------------------------------
【训练数据集: 9个月】
--------------------------------------------------
2025-03-25 02:08:36,145 - 使用9个月的数据进行训练...
2025-03-25 02:08:36,145 - 过滤数据为最近9个月...
2025-03-25 02:08:36,173 - 过滤后的数据量: 24928
2025-03-25 02:08:36,173 - 对9个月数据进行预处理...
2025-03-25 02:08:36,197 - 预处理后的特征维度: (24928, 304), 目标变量维度: (24928,)
2025-03-25 02:08:36,202 - 数据集划分完成，训练集: (22435, 304), 验证集: (2493, 304)
2025-03-25 02:08:36,202 - 提取了 2493 个验证集时间戳，用于时间加权评估
2025-03-25 02:08:36,202 - 执行特征工程，滞后特征数: 4...
2025-03-25 02:08:36,407 - 特征工程后的特征维度 - 训练集: (22432, 859), 验证集: (2490, 859)
2025-03-25 02:08:36,407 - 数据标准化...
2025-03-25 02:08:36,658 - 数据标准化完成
2025-03-25 02:08:36,658 - 创建时间窗口，窗口大小: 16...
2025-03-25 02:08:37,204 - 时间窗口创建完成 - 训练集: (22417, 16, 859), 验证集: (2475, 16, 859)
2025-03-25 02:08:37,205 - 调整时间戳长度以匹配窗口化后的验证集 - 原始长度: 2493, 目标长度: 2475
2025-03-25 02:08:37,205 - 时间戳已截断至匹配窗口化后的验证集长度: 2475
2025-03-25 02:08:37,205 - 为9个月数据创建模型目录: D:\my-vue-project\wind-power-forecast\backend\auto_scripts\models\supershortmodel\20250325\9months
2025-03-25 02:08:37,206 - 开始训练9个月数据的模型...
2025-03-25 02:08:37,206 - 
--------------------------------------------------
【开始模型训练与评估】
--------------------------------------------------
2025-03-25 02:08:37,206 - 模型和 scaler 将被保存到目录: D:\my-vue-project\wind-power-forecast\backend\auto_scripts\models\supershortmodel\20250325\9months
2025-03-25 02:08:37,206 - 
--------------------------------------------------
【训练 GBDT 模型】
--------------------------------------------------
2025-03-25 02:08:37,206 - 模型参数: {'boosting_type': 'gbdt', 'objective': 'regression', 'metric': 'rmse', 'num_leaves': 31, 'learning_rate': 0.05, 'feature_fraction': 0.9, 'name': 'GBDT'}
2025-03-25 02:08:37,206 - 开始训练 GBDT 模型...
2025-03-25 02:10:03,516 - GBDT 模型训练完成
2025-03-25 02:10:03,521 - 使用 GBDT 模型预测验证集...
2025-03-25 02:10:03,695 - 使用时间加权方式计算模型评分...
2025-03-25 02:10:03,709 - GBDT 评估结果 - RMSE: 48.8180, K: 0.6768, 加权评分: 0.7836
2025-03-25 02:10:03,710 - ✅ GBDT 成为当前最佳模型 (基于加权评分)
2025-03-25 02:10:03,725 - GBDT 模型已保存到 D:\my-vue-project\wind-power-forecast\backend\auto_scripts\models\supershortmodel\20250325\9months\GBDT.joblib
2025-03-25 02:10:03,725 - 
--------------------------------------------------
【训练 DART 模型】
--------------------------------------------------
2025-03-25 02:10:03,725 - 模型参数: {'boosting_type': 'dart', 'objective': 'regression', 'metric': 'rmse', 'num_leaves': 31, 'learning_rate': 0.05, 'feature_fraction': 0.9, 'drop_rate': 0.1, 'name': 'DART'}
2025-03-25 02:10:03,726 - 开始训练 DART 模型...
2025-03-25 02:11:31,059 - DART 模型训练完成
2025-03-25 02:11:31,059 - 使用 DART 模型预测验证集...
2025-03-25 02:11:31,196 - 使用时间加权方式计算模型评分...
2025-03-25 02:11:31,211 - DART 评估结果 - RMSE: 61.0135, K: 0.7109, 加权评分: 0.7877
2025-03-25 02:11:31,211 - ✅ DART 成为当前最佳模型 (基于加权评分)
2025-03-25 02:11:31,223 - DART 模型已保存到 D:\my-vue-project\wind-power-forecast\backend\auto_scripts\models\supershortmodel\20250325\9months\DART.joblib
2025-03-25 02:11:31,223 - 
--------------------------------------------------
【训练 GOSS 模型】
--------------------------------------------------
2025-03-25 02:11:31,223 - 模型参数: {'boosting_type': 'goss', 'objective': 'regression', 'metric': 'rmse', 'num_leaves': 31, 'learning_rate': 0.05, 'feature_fraction': 0.9, 'top_rate': 0.2, 'other_rate': 0.1, 'name': 'GOSS'}
2025-03-25 02:11:31,223 - 开始训练 GOSS 模型...
2025-03-25 02:12:51,148 - GOSS 模型训练完成
2025-03-25 02:12:51,149 - 使用 GOSS 模型预测验证集...
2025-03-25 02:12:51,301 - 使用时间加权方式计算模型评分...
2025-03-25 02:12:51,315 - GOSS 评估结果 - RMSE: 48.8096, K: 0.6796, 加权评分: 0.7852
2025-03-25 02:12:51,335 - GOSS 模型已保存到 D:\my-vue-project\wind-power-forecast\backend\auto_scripts\models\supershortmodel\20250325\9months\GOSS.joblib
2025-03-25 02:12:51,345 - Scaler 已保存到 D:\my-vue-project\wind-power-forecast\backend\auto_scripts\models\supershortmodel\20250325\9months\scaler.joblib
2025-03-25 02:12:51,356 - 最佳模型 'DART' 已额外保存到 D:\my-vue-project\wind-power-forecast\backend\auto_scripts\models\supershortmodel\20250325\9months\model.joblib
2025-03-25 02:12:51,357 - 9个月数据的模型训练完成
2025-03-25 02:12:51,357 - 
--------------------------------------------------
【更新每种算法的最佳模型】
--------------------------------------------------
2025-03-25 02:12:51,357 - ❌ 9个月数据的GBDT模型不是最佳模型
2025-03-25 02:12:51,357 -    当前评分: 0.7836, 最佳评分: 0.7872
2025-03-25 02:12:51,357 - ✅ 发现更好的DART模型 (来自9个月数据)
2025-03-25 02:12:51,357 -    新评分: 0.7877, 旧评分: 0.7855
2025-03-25 02:12:51,358 - ❌ 9个月数据的GOSS模型不是最佳模型
2025-03-25 02:12:51,358 -    当前评分: 0.7852, 最佳评分: 0.7928
2025-03-25 02:12:51,358 - 
--------------------------------------------------
【训练数据集: 12个月】
--------------------------------------------------
2025-03-25 02:12:51,358 - 使用12个月的数据进行训练...
2025-03-25 02:12:51,358 - 过滤数据为最近12个月...
2025-03-25 02:12:51,524 - 过滤后的数据量: 33664
2025-03-25 02:12:51,524 - 对12个月数据进行预处理...
2025-03-25 02:12:51,840 - 预处理后的特征维度: (33664, 304), 目标变量维度: (33664,)
2025-03-25 02:12:51,844 - 数据集划分完成，训练集: (30297, 304), 验证集: (3367, 304)
2025-03-25 02:12:51,845 - 提取了 3367 个验证集时间戳，用于时间加权评估
2025-03-25 02:12:51,845 - 执行特征工程，滞后特征数: 4...
2025-03-25 02:12:52,179 - 特征工程后的特征维度 - 训练集: (30294, 859), 验证集: (3364, 859)
2025-03-25 02:12:52,179 - 数据标准化...
2025-03-25 02:12:52,490 - 数据标准化完成
2025-03-25 02:12:52,490 - 创建时间窗口，窗口大小: 16...
2025-03-25 02:12:53,274 - 时间窗口创建完成 - 训练集: (30279, 16, 859), 验证集: (3349, 16, 859)
2025-03-25 02:12:53,274 - 调整时间戳长度以匹配窗口化后的验证集 - 原始长度: 3367, 目标长度: 3349
2025-03-25 02:12:53,274 - 时间戳已截断至匹配窗口化后的验证集长度: 3349
2025-03-25 02:12:53,278 - 为12个月数据创建模型目录: D:\my-vue-project\wind-power-forecast\backend\auto_scripts\models\supershortmodel\20250325\12months
2025-03-25 02:12:53,278 - 开始训练12个月数据的模型...
2025-03-25 02:12:53,278 - 
--------------------------------------------------
【开始模型训练与评估】
--------------------------------------------------
2025-03-25 02:12:53,278 - 模型和 scaler 将被保存到目录: D:\my-vue-project\wind-power-forecast\backend\auto_scripts\models\supershortmodel\20250325\12months
2025-03-25 02:12:53,278 - 
--------------------------------------------------
【训练 GBDT 模型】
--------------------------------------------------
2025-03-25 02:12:53,278 - 模型参数: {'boosting_type': 'gbdt', 'objective': 'regression', 'metric': 'rmse', 'num_leaves': 31, 'learning_rate': 0.05, 'feature_fraction': 0.9, 'name': 'GBDT'}
2025-03-25 02:12:53,278 - 开始训练 GBDT 模型...
2025-03-25 02:14:02,606 - GBDT 模型训练完成
2025-03-25 02:14:02,624 - 使用 GBDT 模型预测验证集...
2025-03-25 02:14:03,049 - 使用时间加权方式计算模型评分...
2025-03-25 02:14:03,075 - GBDT 评估结果 - RMSE: 45.8674, K: 0.7136, 加权评分: 0.8056
2025-03-25 02:14:03,075 - ✅ GBDT 成为当前最佳模型 (基于加权评分)
2025-03-25 02:14:03,101 - GBDT 模型已保存到 D:\my-vue-project\wind-power-forecast\backend\auto_scripts\models\supershortmodel\20250325\12months\GBDT.joblib
2025-03-25 02:14:03,101 - 
--------------------------------------------------
【训练 DART 模型】
--------------------------------------------------
2025-03-25 02:14:03,102 - 模型参数: {'boosting_type': 'dart', 'objective': 'regression', 'metric': 'rmse', 'num_leaves': 31, 'learning_rate': 0.05, 'feature_fraction': 0.9, 'drop_rate': 0.1, 'name': 'DART'}
2025-03-25 02:14:03,102 - 开始训练 DART 模型...
2025-03-25 02:15:30,346 - DART 模型训练完成
2025-03-25 02:15:30,346 - 使用 DART 模型预测验证集...
2025-03-25 02:15:30,674 - 使用时间加权方式计算模型评分...
2025-03-25 02:15:30,705 - DART 评估结果 - RMSE: 61.3973, K: 0.7155, 加权评分: 0.7898
2025-03-25 02:15:30,715 - DART 模型已保存到 D:\my-vue-project\wind-power-forecast\backend\auto_scripts\models\supershortmodel\20250325\12months\DART.joblib
2025-03-25 02:15:30,716 - 
--------------------------------------------------
【训练 GOSS 模型】
--------------------------------------------------
2025-03-25 02:15:30,716 - 模型参数: {'boosting_type': 'goss', 'objective': 'regression', 'metric': 'rmse', 'num_leaves': 31, 'learning_rate': 0.05, 'feature_fraction': 0.9, 'top_rate': 0.2, 'other_rate': 0.1, 'name': 'GOSS'}
2025-03-25 02:15:30,716 - 开始训练 GOSS 模型...
2025-03-25 02:17:03,136 - GOSS 模型训练完成
2025-03-25 02:17:03,136 - 使用 GOSS 模型预测验证集...
2025-03-25 02:17:03,542 - 使用时间加权方式计算模型评分...
2025-03-25 02:17:03,561 - GOSS 评估结果 - RMSE: 46.6498, K: 0.7086, 加权评分: 0.8024
2025-03-25 02:17:03,576 - GOSS 模型已保存到 D:\my-vue-project\wind-power-forecast\backend\auto_scripts\models\supershortmodel\20250325\12months\GOSS.joblib
2025-03-25 02:17:03,597 - Scaler 已保存到 D:\my-vue-project\wind-power-forecast\backend\auto_scripts\models\supershortmodel\20250325\12months\scaler.joblib
2025-03-25 02:17:03,607 - 最佳模型 'GBDT' 已额外保存到 D:\my-vue-project\wind-power-forecast\backend\auto_scripts\models\supershortmodel\20250325\12months\model.joblib
2025-03-25 02:17:03,609 - 12个月数据的模型训练完成
2025-03-25 02:17:03,609 - 
--------------------------------------------------
【更新每种算法的最佳模型】
--------------------------------------------------
2025-03-25 02:17:03,609 - ✅ 发现更好的GBDT模型 (来自12个月数据)
2025-03-25 02:17:03,609 -    新评分: 0.8056, 旧评分: 0.7872
2025-03-25 02:17:03,609 - ✅ 发现更好的DART模型 (来自12个月数据)
2025-03-25 02:17:03,609 -    新评分: 0.7898, 旧评分: 0.7877
2025-03-25 02:17:03,612 - ✅ 发现更好的GOSS模型 (来自12个月数据)
2025-03-25 02:17:03,612 -    新评分: 0.8024, 旧评分: 0.7928
2025-03-25 02:17:03,614 - 
--------------------------------------------------
【训练数据集: 全部数据】
--------------------------------------------------
2025-03-25 02:17:03,614 - 使用全部数据的数据进行训练...
2025-03-25 02:17:03,614 - 使用全部数据...
2025-03-25 02:17:03,628 - 过滤后的数据量: 38172
2025-03-25 02:17:03,629 - 对全部数据数据进行预处理...
2025-03-25 02:17:04,053 - 预处理后的特征维度: (38172, 304), 目标变量维度: (38172,)
2025-03-25 02:17:04,058 - 数据集划分完成，训练集: (34354, 304), 验证集: (3818, 304)
2025-03-25 02:17:04,059 - 提取了 3818 个验证集时间戳，用于时间加权评估
2025-03-25 02:17:04,059 - 执行特征工程，滞后特征数: 4...
2025-03-25 02:17:04,747 - 特征工程后的特征维度 - 训练集: (34351, 859), 验证集: (3815, 859)
2025-03-25 02:17:04,747 - 数据标准化...
2025-03-25 02:17:05,073 - 数据标准化完成
2025-03-25 02:17:05,073 - 创建时间窗口，窗口大小: 16...
2025-03-25 02:17:12,761 - 时间窗口创建完成 - 训练集: (34336, 16, 859), 验证集: (3800, 16, 859)
2025-03-25 02:17:12,768 - 调整时间戳长度以匹配窗口化后的验证集 - 原始长度: 3818, 目标长度: 3800
2025-03-25 02:17:12,768 - 时间戳已截断至匹配窗口化后的验证集长度: 3800
2025-03-25 02:17:12,772 - 为全部数据数据创建模型目录: D:\my-vue-project\wind-power-forecast\backend\auto_scripts\models\supershortmodel\20250325\all_data
2025-03-25 02:17:12,773 - 开始训练全部数据数据的模型...
2025-03-25 02:17:12,773 - 
--------------------------------------------------
【开始模型训练与评估】
--------------------------------------------------
2025-03-25 02:17:12,774 - 模型和 scaler 将被保存到目录: D:\my-vue-project\wind-power-forecast\backend\auto_scripts\models\supershortmodel\20250325\all_data
2025-03-25 02:17:12,774 - 
--------------------------------------------------
【训练 GBDT 模型】
--------------------------------------------------
2025-03-25 02:17:12,774 - 模型参数: {'boosting_type': 'gbdt', 'objective': 'regression', 'metric': 'rmse', 'num_leaves': 31, 'learning_rate': 0.05, 'feature_fraction': 0.9, 'name': 'GBDT'}
2025-03-25 02:17:12,776 - 开始训练 GBDT 模型...
2025-03-25 02:18:56,860 - GBDT 模型训练完成
2025-03-25 02:18:56,867 - 使用 GBDT 模型预测验证集...
2025-03-25 02:18:57,479 - 使用时间加权方式计算模型评分...
2025-03-25 02:18:57,504 - GBDT 评估结果 - RMSE: 46.2606, K: 0.6942, 加权评分: 0.7956
2025-03-25 02:18:57,504 - ✅ GBDT 成为当前最佳模型 (基于加权评分)
2025-03-25 02:18:57,530 - GBDT 模型已保存到 D:\my-vue-project\wind-power-forecast\backend\auto_scripts\models\supershortmodel\20250325\all_data\GBDT.joblib
2025-03-25 02:18:57,530 - 
--------------------------------------------------
【训练 DART 模型】
--------------------------------------------------
2025-03-25 02:18:57,530 - 模型参数: {'boosting_type': 'dart', 'objective': 'regression', 'metric': 'rmse', 'num_leaves': 31, 'learning_rate': 0.05, 'feature_fraction': 0.9, 'drop_rate': 0.1, 'name': 'DART'}
2025-03-25 02:18:57,531 - 开始训练 DART 模型...
2025-03-25 02:20:55,711 - DART 模型训练完成
2025-03-25 02:20:55,711 - 使用 DART 模型预测验证集...
2025-03-25 02:20:56,272 - 使用时间加权方式计算模型评分...
2025-03-25 02:20:56,286 - DART 评估结果 - RMSE: 59.3663, K: 0.7118, 加权评分: 0.7903
2025-03-25 02:20:56,297 - DART 模型已保存到 D:\my-vue-project\wind-power-forecast\backend\auto_scripts\models\supershortmodel\20250325\all_data\DART.joblib
2025-03-25 02:20:56,298 - 
--------------------------------------------------
【训练 GOSS 模型】
--------------------------------------------------
2025-03-25 02:20:56,298 - 模型参数: {'boosting_type': 'goss', 'objective': 'regression', 'metric': 'rmse', 'num_leaves': 31, 'learning_rate': 0.05, 'feature_fraction': 0.9, 'top_rate': 0.2, 'other_rate': 0.1, 'name': 'GOSS'}
2025-03-25 02:20:56,299 - 开始训练 GOSS 模型...
2025-03-25 02:23:07,002 - GOSS 模型训练完成
2025-03-25 02:23:07,011 - 使用 GOSS 模型预测验证集...
2025-03-25 02:23:07,785 - 使用时间加权方式计算模型评分...
2025-03-25 02:23:07,808 - GOSS 评估结果 - RMSE: 46.2717, K: 0.6971, 加权评分: 0.7970
2025-03-25 02:23:07,808 - ✅ GOSS 成为当前最佳模型 (基于加权评分)
2025-03-25 02:23:07,837 - GOSS 模型已保存到 D:\my-vue-project\wind-power-forecast\backend\auto_scripts\models\supershortmodel\20250325\all_data\GOSS.joblib
2025-03-25 02:23:07,858 - Scaler 已保存到 D:\my-vue-project\wind-power-forecast\backend\auto_scripts\models\supershortmodel\20250325\all_data\scaler.joblib
2025-03-25 02:23:07,874 - 最佳模型 'GOSS' 已额外保存到 D:\my-vue-project\wind-power-forecast\backend\auto_scripts\models\supershortmodel\20250325\all_data\model.joblib
2025-03-25 02:23:07,875 - 全部数据数据的模型训练完成
2025-03-25 02:23:07,875 - 
--------------------------------------------------
【更新每种算法的最佳模型】
--------------------------------------------------
2025-03-25 02:23:07,876 - ❌ 全部数据数据的GBDT模型不是最佳模型
2025-03-25 02:23:07,876 -    当前评分: 0.7956, 最佳评分: 0.8056
2025-03-25 02:23:07,876 - ✅ 发现更好的DART模型 (来自全部数据数据)
2025-03-25 02:23:07,876 -    新评分: 0.7903, 旧评分: 0.7898
2025-03-25 02:23:07,877 - ❌ 全部数据数据的GOSS模型不是最佳模型
2025-03-25 02:23:07,877 -    当前评分: 0.7970, 最佳评分: 0.8024
2025-03-25 02:23:07,877 - 
--------------------------------------------------
【保存每种算法的最佳模型】
--------------------------------------------------
2025-03-25 02:23:07,903 - 最佳GBDT模型 (使用12个月数据) 已保存到 D:\my-vue-project\wind-power-forecast\backend\auto_scripts\models\supershortmodel\20250325\best_models\GBDT.joblib
2025-03-25 02:23:07,903 - RMSE: 45.8674, K: 0.7136, 评分: 0.8056
2025-03-25 02:23:07,926 - 最佳DART模型 (使用全部数据数据) 已保存到 D:\my-vue-project\wind-power-forecast\backend\auto_scripts\models\supershortmodel\20250325\best_models\DART.joblib
2025-03-25 02:23:07,926 - RMSE: 59.3663, K: 0.7118, 评分: 0.7903
2025-03-25 02:23:07,956 - 最佳GOSS模型 (使用12个月数据) 已保存到 D:\my-vue-project\wind-power-forecast\backend\auto_scripts\models\supershortmodel\20250325\best_models\GOSS.joblib
2025-03-25 02:23:07,956 - RMSE: 46.6498, K: 0.7086, 评分: 0.8024
2025-03-25 02:23:08,547 - 多数据集训练完成! 已为每种算法选择最佳模型
2025-03-25 02:23:08,547 -   - 最佳GBDT模型: 使用12个月数据, RMSE=45.8674, K=0.7136, 评分=0.8056
2025-03-25 02:23:08,547 -   - 最佳DART模型: 使用全部数据数据, RMSE=59.3663, K=0.7118, 评分=0.7903
2025-03-25 02:23:08,547 -   - 最佳GOSS模型: 使用12个月数据, RMSE=46.6498, K=0.7086, 评分=0.8024
2025-03-25 02:23:08,548 - 
================================================================================
2025-03-25 02:23:08,548 - >>> 开始计算模型权重 <<<
2025-03-25 02:23:08,548 - ================================================================================

2025-03-25 02:23:08,548 - 开始计算模型权重
2025-03-25 02:23:08,548 - 从训练数据集中提取最后三天数据进行权重优化
2025-03-25 02:23:08,717 - ✅ 已从训练数据集提取最后三天数据，共 289 条记录
2025-03-25 02:23:08,718 - 开始计算最优模型权重...
2025-03-25 02:23:08,718 - 
--------------------------------------------------
【计算模型权重】
--------------------------------------------------
2025-03-25 02:23:08,894 - 加载最佳模型和对应的scaler...
2025-03-25 02:23:08,894 - ✅ 已加载 GBDT 模型和scaler
2025-03-25 02:23:08,894 - ✅ 已加载 DART 模型和scaler
2025-03-25 02:23:08,894 - ✅ 已加载 GOSS 模型和scaler
2025-03-25 02:23:08,894 - 预处理验证数据，共 289 条记录...
2025-03-25 02:23:08,917 - 验证数据预处理完成，特征维度: (289, 304)
2025-03-25 02:23:08,965 - 验证数据特征工程完成，特征维度: (286, 859)
2025-03-25 02:23:08,965 - 使用各模型进行预测...
2025-03-25 02:23:08,975 - 使用 GBDT 模型预测...
2025-03-25 02:23:09,024 - ✅ GBDT 模型预测完成，预测结果数量: 271
2025-03-25 02:23:09,040 - 使用 DART 模型预测...
2025-03-25 02:23:09,089 - ✅ DART 模型预测完成，预测结果数量: 271
2025-03-25 02:23:09,099 - 使用 GOSS 模型预测...
2025-03-25 02:23:09,148 - ✅ GOSS 模型预测完成，预测结果数量: 271
2025-03-25 02:23:09,148 - 对齐预测结果，使用最小长度: 271
2025-03-25 02:23:09,148 - 创建线性回归的特征矩阵 (271, 3) 和目标向量 (271,)
2025-03-25 02:23:09,148 - 训练线性回归模型计算最优权重...
2025-03-25 02:23:09,172 - 线性回归得到的权重: {'GBDT': np.float64(0.0), 'DART': np.float64(0.0), 'GOSS': np.float64(0.9413418792089218), 'INTERCEPT': np.float64(-0.0258769107539365)}
2025-03-25 02:23:09,172 - 最终计算的模型权重: {'GBDT': np.float64(0.0), 'DART': np.float64(0.0), 'GOSS': np.float64(0.9413418792089218), 'INTERCEPT': np.float64(-0.0258769107539365)}
2025-03-25 02:23:09,176 - 计算得到的最优权重: {'GBDT': np.float64(0.0), 'DART': np.float64(0.0), 'GOSS': np.float64(0.9413418792089218), 'INTERCEPT': np.float64(-0.0258769107539365)}
2025-03-25 02:23:09,177 - 模型权重已保存到: D:\my-vue-project\wind-power-forecast\backend\auto_scripts\models\supershortmodel\20250325\model_weights.joblib
2025-03-25 02:23:09,205 - 训练完成，已创建标志文件: D:\my-vue-project\wind-power-forecast\backend\auto_scripts\scripts\supershort\logs\auto_train\20250325_train_done.flag
2025-03-25 02:23:09,205 - ✅ 训练完成，已创建标志文件
2025-03-25 02:23:09,206 - 
================================================================================
2025-03-25 02:23:09,206 - >>> 训练任务完成 <<<
2025-03-25 02:23:09,206 - ================================================================================

2025-03-25 02:23:09,206 - 训练任务完成
2025-03-25 02:23:09,206 - 今天的训练任务已完成。
