2025-05-10 12:14:39,299 - INFO - train_supershort.py:73 - 开始更新本地训练数据集 CSV...
2025-05-10 12:14:39,299 - INFO - data_processor_supershort.py:153 - Starting to check and update supershort training CSV: D:\my-vue-project\wind-power-forecast\backend-autopredict\auto_scripts\scripts\supershort\datasets\training_data_supershort.csv
2025-05-10 12:14:40,794 - INFO - data_processor_supershort.py:174 - Latest timestamp in existing supershort CSV 'D:\my-vue-project\wind-power-forecast\backend-autopredict\auto_scripts\scripts\supershort\datasets\training_data_supershort.csv': 2025-04-16 23:45:00
2025-05-10 12:14:40,798 - INFO - data_processor_supershort.py:189 - Querying TrainPreShort for new supershort data...
2025-05-10 12:14:41,016 - INFO - data_processor_supershort.py:198 - Retrieved 1245 new records from TrainPreShort for supershort CSV.
2025-05-10 12:14:41,016 - INFO - data_processor_supershort.py:200 - Querying ActualPower for new supershort data...
2025-05-10 12:14:41,020 - INFO - data_processor_supershort.py:211 - Retrieved 0 new records from ActualPower for supershort CSV.
2025-05-10 12:14:41,020 - INFO - data_processor_supershort.py:221 - No new data found in database to add to supershort CSV (or one table was empty).
2025-05-10 12:14:41,020 - INFO - train_supershort.py:93 - 从本地CSV文件加载训练数据: D:\my-vue-project\wind-power-forecast\backend-autopredict\auto_scripts\scripts\supershort\datasets\training_data_supershort.csv
2025-05-10 12:14:42,569 - INFO - train_supershort.py:98 - 成功从CSV加载 74496 条记录用于训练。
2025-05-10 12:14:42,569 - INFO - train_supershort.py:117 - 开始预处理训练数据...
2025-05-10 12:14:43,386 - INFO - train_supershort.py:123 - 训练数据预处理完成。
2025-05-10 12:14:43,415 - INFO - train_supershort.py:127 - 
数据总量 (预处理后): 74496
2025-05-10 12:14:43,415 - INFO - train_supershort.py:128 - 训练集大小: 74496 (使用全部加载和预处理后的数据)
2025-05-10 12:14:43,416 - INFO - train_supershort.py:137 - 模型将保存到: D:\my-vue-project\wind-power-forecast\backend-autopredict\auto_scripts\scripts\supershort\saved_models
2025-05-10 12:14:43,416 - INFO - train_supershort.py:145 - 
========== 开始处理训练 Horizon (Shift) = 2 ==========
2025-05-10 12:14:48,740 - INFO - train_supershort.py:158 - Shift=2 的模型成功训练并保存到 D:\my-vue-project\wind-power-forecast\backend-autopredict\auto_scripts\scripts\supershort\saved_models\shift_2
2025-05-10 12:14:48,741 - INFO - train_supershort.py:145 - 
========== 开始处理训练 Horizon (Shift) = 3 ==========
2025-05-10 12:14:53,912 - INFO - train_supershort.py:158 - Shift=3 的模型成功训练并保存到 D:\my-vue-project\wind-power-forecast\backend-autopredict\auto_scripts\scripts\supershort\saved_models\shift_3
2025-05-10 12:14:53,912 - INFO - train_supershort.py:145 - 
========== 开始处理训练 Horizon (Shift) = 4 ==========
2025-05-10 12:14:58,988 - INFO - train_supershort.py:158 - Shift=4 的模型成功训练并保存到 D:\my-vue-project\wind-power-forecast\backend-autopredict\auto_scripts\scripts\supershort\saved_models\shift_4
2025-05-10 12:14:58,988 - INFO - train_supershort.py:145 - 
========== 开始处理训练 Horizon (Shift) = 5 ==========
2025-05-10 12:15:04,399 - INFO - train_supershort.py:158 - Shift=5 的模型成功训练并保存到 D:\my-vue-project\wind-power-forecast\backend-autopredict\auto_scripts\scripts\supershort\saved_models\shift_5
2025-05-10 12:15:04,399 - INFO - train_supershort.py:145 - 
========== 开始处理训练 Horizon (Shift) = 6 ==========
2025-05-10 12:15:09,505 - INFO - train_supershort.py:158 - Shift=6 的模型成功训练并保存到 D:\my-vue-project\wind-power-forecast\backend-autopredict\auto_scripts\scripts\supershort\saved_models\shift_6
2025-05-10 12:15:09,505 - INFO - train_supershort.py:145 - 
========== 开始处理训练 Horizon (Shift) = 7 ==========
2025-05-10 12:15:14,767 - INFO - train_supershort.py:158 - Shift=7 的模型成功训练并保存到 D:\my-vue-project\wind-power-forecast\backend-autopredict\auto_scripts\scripts\supershort\saved_models\shift_7
2025-05-10 12:15:14,767 - INFO - train_supershort.py:145 - 
========== 开始处理训练 Horizon (Shift) = 8 ==========
2025-05-10 12:15:20,133 - INFO - train_supershort.py:158 - Shift=8 的模型成功训练并保存到 D:\my-vue-project\wind-power-forecast\backend-autopredict\auto_scripts\scripts\supershort\saved_models\shift_8
2025-05-10 12:15:20,134 - INFO - train_supershort.py:145 - 
========== 开始处理训练 Horizon (Shift) = 9 ==========
2025-05-10 12:15:25,416 - INFO - train_supershort.py:158 - Shift=9 的模型成功训练并保存到 D:\my-vue-project\wind-power-forecast\backend-autopredict\auto_scripts\scripts\supershort\saved_models\shift_9
2025-05-10 12:15:25,416 - INFO - train_supershort.py:145 - 
========== 开始处理训练 Horizon (Shift) = 10 ==========
2025-05-10 12:15:30,553 - INFO - train_supershort.py:158 - Shift=10 的模型成功训练并保存到 D:\my-vue-project\wind-power-forecast\backend-autopredict\auto_scripts\scripts\supershort\saved_models\shift_10
2025-05-10 12:15:30,553 - INFO - train_supershort.py:145 - 
========== 开始处理训练 Horizon (Shift) = 11 ==========
2025-05-10 12:15:36,133 - INFO - train_supershort.py:158 - Shift=11 的模型成功训练并保存到 D:\my-vue-project\wind-power-forecast\backend-autopredict\auto_scripts\scripts\supershort\saved_models\shift_11
2025-05-10 12:15:36,133 - INFO - train_supershort.py:145 - 
========== 开始处理训练 Horizon (Shift) = 12 ==========
2025-05-10 12:15:41,325 - INFO - train_supershort.py:158 - Shift=12 的模型成功训练并保存到 D:\my-vue-project\wind-power-forecast\backend-autopredict\auto_scripts\scripts\supershort\saved_models\shift_12
2025-05-10 12:15:41,325 - INFO - train_supershort.py:145 - 
========== 开始处理训练 Horizon (Shift) = 13 ==========
2025-05-10 12:15:46,544 - INFO - train_supershort.py:158 - Shift=13 的模型成功训练并保存到 D:\my-vue-project\wind-power-forecast\backend-autopredict\auto_scripts\scripts\supershort\saved_models\shift_13
2025-05-10 12:15:46,544 - INFO - train_supershort.py:145 - 
========== 开始处理训练 Horizon (Shift) = 14 ==========
2025-05-10 12:15:51,879 - INFO - train_supershort.py:158 - Shift=14 的模型成功训练并保存到 D:\my-vue-project\wind-power-forecast\backend-autopredict\auto_scripts\scripts\supershort\saved_models\shift_14
2025-05-10 12:15:51,879 - INFO - train_supershort.py:145 - 
========== 开始处理训练 Horizon (Shift) = 15 ==========
2025-05-10 12:15:57,117 - INFO - train_supershort.py:158 - Shift=15 的模型成功训练并保存到 D:\my-vue-project\wind-power-forecast\backend-autopredict\auto_scripts\scripts\supershort\saved_models\shift_15
2025-05-10 12:15:57,118 - INFO - train_supershort.py:145 - 
========== 开始处理训练 Horizon (Shift) = 16 ==========
2025-05-10 12:16:02,391 - INFO - train_supershort.py:158 - Shift=16 的模型成功训练并保存到 D:\my-vue-project\wind-power-forecast\backend-autopredict\auto_scripts\scripts\supershort\saved_models\shift_16
2025-05-10 12:16:02,391 - INFO - train_supershort.py:145 - 
========== 开始处理训练 Horizon (Shift) = 17 ==========
2025-05-10 12:16:07,856 - INFO - train_supershort.py:158 - Shift=17 的模型成功训练并保存到 D:\my-vue-project\wind-power-forecast\backend-autopredict\auto_scripts\scripts\supershort\saved_models\shift_17
2025-05-10 12:16:07,856 - INFO - train_supershort.py:166 - 
========== 训练过程完成 ==========
2025-05-10 12:16:07,856 - INFO - train_supershort.py:167 - 总共成功训练并保存了 16 个模型。
2025-05-10 12:16:07,856 - INFO - train_supershort.py:175 - 成功训练并保存了所有预期的 16/16 个模型。
2025-05-10 12:20:06,015 - INFO - train_supershort.py:73 - 开始更新本地训练数据集 CSV...
2025-05-10 12:20:06,015 - INFO - data_processor_supershort.py:153 - Starting to check and update supershort training CSV: D:\my-vue-project\wind-power-forecast\backend-autopredict\auto_scripts\scripts\supershort\datasets\training_data_supershort.csv
2025-05-10 12:20:07,509 - INFO - data_processor_supershort.py:174 - Latest timestamp in existing supershort CSV 'D:\my-vue-project\wind-power-forecast\backend-autopredict\auto_scripts\scripts\supershort\datasets\training_data_supershort.csv': 2025-04-16 23:45:00
2025-05-10 12:20:07,510 - INFO - data_processor_supershort.py:189 - Querying TrainPreShort for new supershort data...
2025-05-10 12:20:07,730 - INFO - data_processor_supershort.py:198 - Retrieved 1245 new records from TrainPreShort for supershort CSV.
2025-05-10 12:20:07,730 - INFO - data_processor_supershort.py:200 - Querying ActualPower for new supershort data...
2025-05-10 12:20:07,734 - INFO - data_processor_supershort.py:211 - Retrieved 0 new records from ActualPower for supershort CSV.
2025-05-10 12:20:07,734 - INFO - data_processor_supershort.py:221 - No new data found in database to add to supershort CSV (or one table was empty).
2025-05-10 12:20:07,734 - INFO - train_supershort.py:93 - 从本地CSV文件加载训练数据: D:\my-vue-project\wind-power-forecast\backend-autopredict\auto_scripts\scripts\supershort\datasets\training_data_supershort.csv
2025-05-10 12:20:09,275 - INFO - train_supershort.py:98 - 成功从CSV加载 74496 条记录用于训练。
2025-05-10 12:20:09,276 - INFO - train_supershort.py:117 - 开始预处理训练数据...
2025-05-10 12:20:10,076 - INFO - train_supershort.py:123 - 训练数据预处理完成。
2025-05-10 12:20:10,100 - INFO - train_supershort.py:127 - 
数据总量 (预处理后): 74496
2025-05-10 12:20:10,100 - INFO - train_supershort.py:128 - 训练集大小: 74496 (使用全部加载和预处理后的数据)
2025-05-10 12:20:10,100 - INFO - train_supershort.py:137 - 模型将保存到: D:\my-vue-project\wind-power-forecast\backend-autopredict\auto_scripts\scripts\supershort\saved_models
2025-05-10 12:20:10,100 - INFO - train_supershort.py:145 - 
========== 开始处理训练 Horizon (Shift) = 2 ==========
2025-05-10 12:20:15,250 - INFO - train_supershort.py:158 - Shift=2 的模型成功训练并保存到 D:\my-vue-project\wind-power-forecast\backend-autopredict\auto_scripts\scripts\supershort\saved_models\shift_2
2025-05-10 12:20:15,250 - INFO - train_supershort.py:145 - 
========== 开始处理训练 Horizon (Shift) = 3 ==========
2025-05-10 12:20:20,278 - INFO - train_supershort.py:158 - Shift=3 的模型成功训练并保存到 D:\my-vue-project\wind-power-forecast\backend-autopredict\auto_scripts\scripts\supershort\saved_models\shift_3
2025-05-10 12:20:20,279 - INFO - train_supershort.py:145 - 
========== 开始处理训练 Horizon (Shift) = 4 ==========
2025-05-10 12:20:25,310 - INFO - train_supershort.py:158 - Shift=4 的模型成功训练并保存到 D:\my-vue-project\wind-power-forecast\backend-autopredict\auto_scripts\scripts\supershort\saved_models\shift_4
2025-05-10 12:20:25,310 - INFO - train_supershort.py:145 - 
========== 开始处理训练 Horizon (Shift) = 5 ==========
2025-05-10 12:20:30,531 - INFO - train_supershort.py:158 - Shift=5 的模型成功训练并保存到 D:\my-vue-project\wind-power-forecast\backend-autopredict\auto_scripts\scripts\supershort\saved_models\shift_5
2025-05-10 12:20:30,531 - INFO - train_supershort.py:145 - 
========== 开始处理训练 Horizon (Shift) = 6 ==========
2025-05-10 12:20:35,640 - INFO - train_supershort.py:158 - Shift=6 的模型成功训练并保存到 D:\my-vue-project\wind-power-forecast\backend-autopredict\auto_scripts\scripts\supershort\saved_models\shift_6
2025-05-10 12:20:35,640 - INFO - train_supershort.py:145 - 
========== 开始处理训练 Horizon (Shift) = 7 ==========
2025-05-10 12:20:41,017 - INFO - train_supershort.py:158 - Shift=7 的模型成功训练并保存到 D:\my-vue-project\wind-power-forecast\backend-autopredict\auto_scripts\scripts\supershort\saved_models\shift_7
2025-05-10 12:20:41,017 - INFO - train_supershort.py:145 - 
========== 开始处理训练 Horizon (Shift) = 8 ==========
2025-05-10 12:20:46,181 - INFO - train_supershort.py:158 - Shift=8 的模型成功训练并保存到 D:\my-vue-project\wind-power-forecast\backend-autopredict\auto_scripts\scripts\supershort\saved_models\shift_8
2025-05-10 12:20:46,181 - INFO - train_supershort.py:145 - 
========== 开始处理训练 Horizon (Shift) = 9 ==========
2025-05-10 12:20:51,339 - INFO - train_supershort.py:158 - Shift=9 的模型成功训练并保存到 D:\my-vue-project\wind-power-forecast\backend-autopredict\auto_scripts\scripts\supershort\saved_models\shift_9
2025-05-10 12:20:51,339 - INFO - train_supershort.py:145 - 
========== 开始处理训练 Horizon (Shift) = 10 ==========
2025-05-10 12:20:56,568 - INFO - train_supershort.py:158 - Shift=10 的模型成功训练并保存到 D:\my-vue-project\wind-power-forecast\backend-autopredict\auto_scripts\scripts\supershort\saved_models\shift_10
2025-05-10 12:20:56,568 - INFO - train_supershort.py:145 - 
========== 开始处理训练 Horizon (Shift) = 11 ==========
2025-05-10 12:21:01,728 - INFO - train_supershort.py:158 - Shift=11 的模型成功训练并保存到 D:\my-vue-project\wind-power-forecast\backend-autopredict\auto_scripts\scripts\supershort\saved_models\shift_11
2025-05-10 12:21:01,728 - INFO - train_supershort.py:145 - 
========== 开始处理训练 Horizon (Shift) = 12 ==========
2025-05-10 12:21:06,916 - INFO - train_supershort.py:158 - Shift=12 的模型成功训练并保存到 D:\my-vue-project\wind-power-forecast\backend-autopredict\auto_scripts\scripts\supershort\saved_models\shift_12
2025-05-10 12:21:06,917 - INFO - train_supershort.py:145 - 
========== 开始处理训练 Horizon (Shift) = 13 ==========
2025-05-10 12:21:12,222 - INFO - train_supershort.py:158 - Shift=13 的模型成功训练并保存到 D:\my-vue-project\wind-power-forecast\backend-autopredict\auto_scripts\scripts\supershort\saved_models\shift_13
2025-05-10 12:21:12,222 - INFO - train_supershort.py:145 - 
========== 开始处理训练 Horizon (Shift) = 14 ==========
2025-05-10 12:21:17,350 - INFO - train_supershort.py:158 - Shift=14 的模型成功训练并保存到 D:\my-vue-project\wind-power-forecast\backend-autopredict\auto_scripts\scripts\supershort\saved_models\shift_14
2025-05-10 12:21:17,350 - INFO - train_supershort.py:145 - 
========== 开始处理训练 Horizon (Shift) = 15 ==========
2025-05-10 12:21:22,563 - INFO - train_supershort.py:158 - Shift=15 的模型成功训练并保存到 D:\my-vue-project\wind-power-forecast\backend-autopredict\auto_scripts\scripts\supershort\saved_models\shift_15
2025-05-10 12:21:22,563 - INFO - train_supershort.py:145 - 
========== 开始处理训练 Horizon (Shift) = 16 ==========
2025-05-10 12:21:27,902 - INFO - train_supershort.py:158 - Shift=16 的模型成功训练并保存到 D:\my-vue-project\wind-power-forecast\backend-autopredict\auto_scripts\scripts\supershort\saved_models\shift_16
2025-05-10 12:21:27,902 - INFO - train_supershort.py:145 - 
========== 开始处理训练 Horizon (Shift) = 17 ==========
2025-05-10 12:21:33,117 - INFO - train_supershort.py:158 - Shift=17 的模型成功训练并保存到 D:\my-vue-project\wind-power-forecast\backend-autopredict\auto_scripts\scripts\supershort\saved_models\shift_17
2025-05-10 12:21:33,117 - INFO - train_supershort.py:166 - 
========== 训练过程完成 ==========
2025-05-10 12:21:33,117 - INFO - train_supershort.py:167 - 总共成功训练并保存了 16 个模型。
2025-05-10 12:21:33,117 - INFO - train_supershort.py:175 - 成功训练并保存了所有预期的 16/16 个模型。
2025-05-10 12:23:52,298 - INFO - train_supershort.py:73 - 开始更新本地训练数据集 CSV...
2025-05-10 12:23:52,298 - INFO - data_processor_supershort.py:153 - Starting to check and update supershort training CSV: D:\my-vue-project\wind-power-forecast\backend-autopredict\auto_scripts\scripts\supershort\datasets\training_data_supershort.csv
2025-05-10 12:23:53,819 - INFO - data_processor_supershort.py:174 - Latest timestamp in existing supershort CSV 'D:\my-vue-project\wind-power-forecast\backend-autopredict\auto_scripts\scripts\supershort\datasets\training_data_supershort.csv': 2025-04-16 23:45:00
2025-05-10 12:23:53,819 - INFO - data_processor_supershort.py:189 - Querying TrainPreShort for new supershort data...
2025-05-10 12:23:54,047 - INFO - data_processor_supershort.py:198 - Retrieved 1245 new records from TrainPreShort for supershort CSV.
2025-05-10 12:23:54,047 - INFO - data_processor_supershort.py:200 - Querying ActualPower for new supershort data...
2025-05-10 12:23:54,051 - INFO - data_processor_supershort.py:211 - Retrieved 0 new records from ActualPower for supershort CSV.
2025-05-10 12:23:54,051 - INFO - data_processor_supershort.py:221 - No new data found in database to add to supershort CSV (or one table was empty).
2025-05-10 12:23:54,051 - INFO - train_supershort.py:93 - 从本地CSV文件加载训练数据: D:\my-vue-project\wind-power-forecast\backend-autopredict\auto_scripts\scripts\supershort\datasets\training_data_supershort.csv
2025-05-10 12:23:55,630 - INFO - train_supershort.py:98 - 成功从CSV加载 74496 条记录用于训练。
2025-05-10 12:23:55,630 - INFO - train_supershort.py:117 - 开始预处理训练数据...
2025-05-10 12:23:56,427 - INFO - train_supershort.py:123 - 训练数据预处理完成。
2025-05-10 12:23:56,450 - INFO - train_supershort.py:127 - 
数据总量 (预处理后): 74496
2025-05-10 12:23:56,450 - INFO - train_supershort.py:128 - 训练集大小: 74496 (使用全部加载和预处理后的数据)
2025-05-10 12:23:56,451 - INFO - train_supershort.py:137 - 模型将保存到: D:\my-vue-project\wind-power-forecast\backend-autopredict\auto_scripts\scripts\supershort\saved_models
2025-05-10 12:23:56,451 - INFO - train_supershort.py:145 - 
========== 开始处理训练 Horizon (Shift) = 2 ==========
2025-05-10 12:24:01,578 - INFO - train_supershort.py:158 - Shift=2 的模型成功训练并保存到 D:\my-vue-project\wind-power-forecast\backend-autopredict\auto_scripts\scripts\supershort\saved_models\shift_2
2025-05-10 12:24:01,578 - INFO - train_supershort.py:145 - 
========== 开始处理训练 Horizon (Shift) = 3 ==========
2025-05-10 12:24:06,661 - INFO - train_supershort.py:158 - Shift=3 的模型成功训练并保存到 D:\my-vue-project\wind-power-forecast\backend-autopredict\auto_scripts\scripts\supershort\saved_models\shift_3
2025-05-10 12:24:06,661 - INFO - train_supershort.py:145 - 
========== 开始处理训练 Horizon (Shift) = 4 ==========
2025-05-10 12:24:11,563 - INFO - train_supershort.py:158 - Shift=4 的模型成功训练并保存到 D:\my-vue-project\wind-power-forecast\backend-autopredict\auto_scripts\scripts\supershort\saved_models\shift_4
2025-05-10 12:24:11,563 - INFO - train_supershort.py:145 - 
========== 开始处理训练 Horizon (Shift) = 5 ==========
2025-05-10 12:24:16,512 - INFO - train_supershort.py:158 - Shift=5 的模型成功训练并保存到 D:\my-vue-project\wind-power-forecast\backend-autopredict\auto_scripts\scripts\supershort\saved_models\shift_5
2025-05-10 12:24:16,512 - INFO - train_supershort.py:145 - 
========== 开始处理训练 Horizon (Shift) = 6 ==========
2025-05-10 12:24:21,887 - INFO - train_supershort.py:158 - Shift=6 的模型成功训练并保存到 D:\my-vue-project\wind-power-forecast\backend-autopredict\auto_scripts\scripts\supershort\saved_models\shift_6
2025-05-10 12:24:21,887 - INFO - train_supershort.py:145 - 
========== 开始处理训练 Horizon (Shift) = 7 ==========
2025-05-10 12:24:27,189 - INFO - train_supershort.py:158 - Shift=7 的模型成功训练并保存到 D:\my-vue-project\wind-power-forecast\backend-autopredict\auto_scripts\scripts\supershort\saved_models\shift_7
2025-05-10 12:24:27,189 - INFO - train_supershort.py:145 - 
========== 开始处理训练 Horizon (Shift) = 8 ==========
2025-05-10 12:24:32,447 - INFO - train_supershort.py:158 - Shift=8 的模型成功训练并保存到 D:\my-vue-project\wind-power-forecast\backend-autopredict\auto_scripts\scripts\supershort\saved_models\shift_8
2025-05-10 12:24:32,447 - INFO - train_supershort.py:145 - 
========== 开始处理训练 Horizon (Shift) = 9 ==========
2025-05-10 12:24:37,717 - INFO - train_supershort.py:158 - Shift=9 的模型成功训练并保存到 D:\my-vue-project\wind-power-forecast\backend-autopredict\auto_scripts\scripts\supershort\saved_models\shift_9
2025-05-10 12:24:37,717 - INFO - train_supershort.py:145 - 
========== 开始处理训练 Horizon (Shift) = 10 ==========
2025-05-10 12:24:42,949 - INFO - train_supershort.py:158 - Shift=10 的模型成功训练并保存到 D:\my-vue-project\wind-power-forecast\backend-autopredict\auto_scripts\scripts\supershort\saved_models\shift_10
2025-05-10 12:24:42,949 - INFO - train_supershort.py:145 - 
========== 开始处理训练 Horizon (Shift) = 11 ==========
2025-05-10 12:24:48,173 - INFO - train_supershort.py:158 - Shift=11 的模型成功训练并保存到 D:\my-vue-project\wind-power-forecast\backend-autopredict\auto_scripts\scripts\supershort\saved_models\shift_11
2025-05-10 12:24:48,174 - INFO - train_supershort.py:145 - 
========== 开始处理训练 Horizon (Shift) = 12 ==========
2025-05-10 12:24:53,453 - INFO - train_supershort.py:158 - Shift=12 的模型成功训练并保存到 D:\my-vue-project\wind-power-forecast\backend-autopredict\auto_scripts\scripts\supershort\saved_models\shift_12
2025-05-10 12:24:53,453 - INFO - train_supershort.py:145 - 
========== 开始处理训练 Horizon (Shift) = 13 ==========
2025-05-10 12:24:58,667 - INFO - train_supershort.py:158 - Shift=13 的模型成功训练并保存到 D:\my-vue-project\wind-power-forecast\backend-autopredict\auto_scripts\scripts\supershort\saved_models\shift_13
2025-05-10 12:24:58,667 - INFO - train_supershort.py:145 - 
========== 开始处理训练 Horizon (Shift) = 14 ==========
2025-05-10 12:25:03,955 - INFO - train_supershort.py:158 - Shift=14 的模型成功训练并保存到 D:\my-vue-project\wind-power-forecast\backend-autopredict\auto_scripts\scripts\supershort\saved_models\shift_14
2025-05-10 12:25:03,955 - INFO - train_supershort.py:145 - 
========== 开始处理训练 Horizon (Shift) = 15 ==========
2025-05-10 12:25:09,380 - INFO - train_supershort.py:158 - Shift=15 的模型成功训练并保存到 D:\my-vue-project\wind-power-forecast\backend-autopredict\auto_scripts\scripts\supershort\saved_models\shift_15
2025-05-10 12:25:09,380 - INFO - train_supershort.py:145 - 
========== 开始处理训练 Horizon (Shift) = 16 ==========
2025-05-10 12:25:14,758 - INFO - train_supershort.py:158 - Shift=16 的模型成功训练并保存到 D:\my-vue-project\wind-power-forecast\backend-autopredict\auto_scripts\scripts\supershort\saved_models\shift_16
2025-05-10 12:25:14,759 - INFO - train_supershort.py:145 - 
========== 开始处理训练 Horizon (Shift) = 17 ==========
2025-05-10 12:25:20,027 - INFO - train_supershort.py:158 - Shift=17 的模型成功训练并保存到 D:\my-vue-project\wind-power-forecast\backend-autopredict\auto_scripts\scripts\supershort\saved_models\shift_17
2025-05-10 12:25:20,027 - INFO - train_supershort.py:166 - 
========== 训练过程完成 ==========
2025-05-10 12:25:20,027 - INFO - train_supershort.py:167 - 总共成功训练并保存了 16 个模型。
2025-05-10 12:25:20,027 - INFO - train_supershort.py:175 - 成功训练并保存了所有预期的 16/16 个模型。
2025-05-10 12:25:20,063 - INFO - train_supershort.py:180 - TRAIN_SUPERSHORT.PY SCRIPT IS TRULY FINISHING NOW AND EXITING.
2025-05-10 12:28:42,206 - INFO - train_supershort.py:73 - 开始更新本地训练数据集 CSV...
2025-05-10 12:28:42,206 - INFO - data_processor_supershort.py:153 - Starting to check and update supershort training CSV: D:\my-vue-project\wind-power-forecast\backend-autopredict\auto_scripts\scripts\supershort\datasets\training_data_supershort.csv
2025-05-10 12:28:43,722 - INFO - data_processor_supershort.py:174 - Latest timestamp in existing supershort CSV 'D:\my-vue-project\wind-power-forecast\backend-autopredict\auto_scripts\scripts\supershort\datasets\training_data_supershort.csv': 2025-04-16 23:45:00
2025-05-10 12:28:43,722 - INFO - data_processor_supershort.py:189 - Querying TrainPreShort for new supershort data...
2025-05-10 12:28:43,945 - INFO - data_processor_supershort.py:198 - Retrieved 1245 new records from TrainPreShort for supershort CSV.
2025-05-10 12:28:43,945 - INFO - data_processor_supershort.py:200 - Querying ActualPower for new supershort data...
2025-05-10 12:28:43,949 - INFO - data_processor_supershort.py:211 - Retrieved 0 new records from ActualPower for supershort CSV.
2025-05-10 12:28:43,949 - INFO - data_processor_supershort.py:221 - No new data found in database to add to supershort CSV (or one table was empty).
2025-05-10 12:28:43,949 - INFO - train_supershort.py:93 - 从本地CSV文件加载训练数据: D:\my-vue-project\wind-power-forecast\backend-autopredict\auto_scripts\scripts\supershort\datasets\training_data_supershort.csv
2025-05-10 12:28:45,479 - INFO - train_supershort.py:98 - 成功从CSV加载 74496 条记录用于训练。
2025-05-10 12:28:45,479 - INFO - train_supershort.py:117 - 开始预处理训练数据...
2025-05-10 12:28:46,281 - INFO - train_supershort.py:123 - 训练数据预处理完成。
2025-05-10 12:28:46,304 - INFO - train_supershort.py:127 - 
数据总量 (预处理后): 74496
2025-05-10 12:28:46,304 - INFO - train_supershort.py:128 - 训练集大小: 74496 (使用全部加载和预处理后的数据)
2025-05-10 12:28:46,305 - INFO - train_supershort.py:137 - 模型将保存到: D:\my-vue-project\wind-power-forecast\backend-autopredict\auto_scripts\scripts\supershort\saved_models
2025-05-10 12:28:46,305 - INFO - train_supershort.py:145 - 
========== 开始处理训练 Horizon (Shift) = 2 ==========
2025-05-10 12:28:51,428 - INFO - train_supershort.py:158 - Shift=2 的模型成功训练并保存到 D:\my-vue-project\wind-power-forecast\backend-autopredict\auto_scripts\scripts\supershort\saved_models\shift_2
2025-05-10 12:28:51,428 - INFO - train_supershort.py:145 - 
========== 开始处理训练 Horizon (Shift) = 3 ==========
2025-05-10 12:28:56,604 - INFO - train_supershort.py:158 - Shift=3 的模型成功训练并保存到 D:\my-vue-project\wind-power-forecast\backend-autopredict\auto_scripts\scripts\supershort\saved_models\shift_3
2025-05-10 12:28:56,604 - INFO - train_supershort.py:145 - 
========== 开始处理训练 Horizon (Shift) = 4 ==========
2025-05-10 12:29:01,641 - INFO - train_supershort.py:158 - Shift=4 的模型成功训练并保存到 D:\my-vue-project\wind-power-forecast\backend-autopredict\auto_scripts\scripts\supershort\saved_models\shift_4
2025-05-10 12:29:01,641 - INFO - train_supershort.py:145 - 
========== 开始处理训练 Horizon (Shift) = 5 ==========
2025-05-10 12:29:06,712 - INFO - train_supershort.py:158 - Shift=5 的模型成功训练并保存到 D:\my-vue-project\wind-power-forecast\backend-autopredict\auto_scripts\scripts\supershort\saved_models\shift_5
2025-05-10 12:29:06,712 - INFO - train_supershort.py:145 - 
========== 开始处理训练 Horizon (Shift) = 6 ==========
2025-05-10 12:29:11,798 - INFO - train_supershort.py:158 - Shift=6 的模型成功训练并保存到 D:\my-vue-project\wind-power-forecast\backend-autopredict\auto_scripts\scripts\supershort\saved_models\shift_6
2025-05-10 12:29:11,798 - INFO - train_supershort.py:145 - 
========== 开始处理训练 Horizon (Shift) = 7 ==========
2025-05-10 12:29:16,905 - INFO - train_supershort.py:158 - Shift=7 的模型成功训练并保存到 D:\my-vue-project\wind-power-forecast\backend-autopredict\auto_scripts\scripts\supershort\saved_models\shift_7
2025-05-10 12:29:16,905 - INFO - train_supershort.py:145 - 
========== 开始处理训练 Horizon (Shift) = 8 ==========
2025-05-10 12:29:21,777 - INFO - train_supershort.py:158 - Shift=8 的模型成功训练并保存到 D:\my-vue-project\wind-power-forecast\backend-autopredict\auto_scripts\scripts\supershort\saved_models\shift_8
2025-05-10 12:29:21,778 - INFO - train_supershort.py:145 - 
========== 开始处理训练 Horizon (Shift) = 9 ==========
2025-05-10 12:29:26,993 - INFO - train_supershort.py:158 - Shift=9 的模型成功训练并保存到 D:\my-vue-project\wind-power-forecast\backend-autopredict\auto_scripts\scripts\supershort\saved_models\shift_9
2025-05-10 12:29:26,993 - INFO - train_supershort.py:145 - 
========== 开始处理训练 Horizon (Shift) = 10 ==========
2025-05-10 12:29:32,025 - INFO - train_supershort.py:158 - Shift=10 的模型成功训练并保存到 D:\my-vue-project\wind-power-forecast\backend-autopredict\auto_scripts\scripts\supershort\saved_models\shift_10
2025-05-10 12:29:32,026 - INFO - train_supershort.py:145 - 
========== 开始处理训练 Horizon (Shift) = 11 ==========
2025-05-10 12:29:37,195 - INFO - train_supershort.py:158 - Shift=11 的模型成功训练并保存到 D:\my-vue-project\wind-power-forecast\backend-autopredict\auto_scripts\scripts\supershort\saved_models\shift_11
2025-05-10 12:29:37,195 - INFO - train_supershort.py:145 - 
========== 开始处理训练 Horizon (Shift) = 12 ==========
2025-05-10 12:29:42,546 - INFO - train_supershort.py:158 - Shift=12 的模型成功训练并保存到 D:\my-vue-project\wind-power-forecast\backend-autopredict\auto_scripts\scripts\supershort\saved_models\shift_12
2025-05-10 12:29:42,546 - INFO - train_supershort.py:145 - 
========== 开始处理训练 Horizon (Shift) = 13 ==========
2025-05-10 12:29:47,653 - INFO - train_supershort.py:158 - Shift=13 的模型成功训练并保存到 D:\my-vue-project\wind-power-forecast\backend-autopredict\auto_scripts\scripts\supershort\saved_models\shift_13
2025-05-10 12:29:47,653 - INFO - train_supershort.py:145 - 
========== 开始处理训练 Horizon (Shift) = 14 ==========
2025-05-10 12:29:52,747 - INFO - train_supershort.py:158 - Shift=14 的模型成功训练并保存到 D:\my-vue-project\wind-power-forecast\backend-autopredict\auto_scripts\scripts\supershort\saved_models\shift_14
2025-05-10 12:29:52,747 - INFO - train_supershort.py:145 - 
========== 开始处理训练 Horizon (Shift) = 15 ==========
2025-05-10 12:29:58,229 - INFO - train_supershort.py:158 - Shift=15 的模型成功训练并保存到 D:\my-vue-project\wind-power-forecast\backend-autopredict\auto_scripts\scripts\supershort\saved_models\shift_15
2025-05-10 12:29:58,229 - INFO - train_supershort.py:145 - 
========== 开始处理训练 Horizon (Shift) = 16 ==========
2025-05-10 12:30:03,458 - INFO - train_supershort.py:158 - Shift=16 的模型成功训练并保存到 D:\my-vue-project\wind-power-forecast\backend-autopredict\auto_scripts\scripts\supershort\saved_models\shift_16
2025-05-10 12:30:03,458 - INFO - train_supershort.py:145 - 
========== 开始处理训练 Horizon (Shift) = 17 ==========
2025-05-10 12:30:08,665 - INFO - train_supershort.py:158 - Shift=17 的模型成功训练并保存到 D:\my-vue-project\wind-power-forecast\backend-autopredict\auto_scripts\scripts\supershort\saved_models\shift_17
2025-05-10 12:30:08,665 - INFO - train_supershort.py:166 - 
========== 训练过程完成 ==========
2025-05-10 12:30:08,665 - INFO - train_supershort.py:167 - 总共成功训练并保存了 16 个模型。
2025-05-10 12:30:08,665 - INFO - train_supershort.py:175 - 成功训练并保存了所有预期的 16/16 个模型。
2025-05-10 12:30:08,709 - INFO - train_supershort.py:180 - TRAIN_SUPERSHORT.PY SCRIPT IS TRULY FINISHING NOW AND EXITING.
2025-05-10 12:32:33,771 - INFO - train_supershort.py:73 - 开始更新本地训练数据集 CSV...
2025-05-10 12:32:33,771 - INFO - data_processor_supershort.py:153 - Starting to check and update supershort training CSV: D:\my-vue-project\wind-power-forecast\backend-autopredict\auto_scripts\scripts\supershort\datasets\training_data_supershort.csv
2025-05-10 12:32:35,275 - INFO - data_processor_supershort.py:174 - Latest timestamp in existing supershort CSV 'D:\my-vue-project\wind-power-forecast\backend-autopredict\auto_scripts\scripts\supershort\datasets\training_data_supershort.csv': 2025-04-16 23:45:00
2025-05-10 12:32:35,275 - INFO - data_processor_supershort.py:189 - Querying TrainPreShort for new supershort data...
2025-05-10 12:32:35,505 - INFO - data_processor_supershort.py:198 - Retrieved 1245 new records from TrainPreShort for supershort CSV.
2025-05-10 12:32:35,505 - INFO - data_processor_supershort.py:200 - Querying ActualPower for new supershort data...
2025-05-10 12:32:35,508 - INFO - data_processor_supershort.py:211 - Retrieved 0 new records from ActualPower for supershort CSV.
2025-05-10 12:32:35,509 - INFO - data_processor_supershort.py:221 - No new data found in database to add to supershort CSV (or one table was empty).
2025-05-10 12:32:35,509 - INFO - train_supershort.py:93 - 从本地CSV文件加载训练数据: D:\my-vue-project\wind-power-forecast\backend-autopredict\auto_scripts\scripts\supershort\datasets\training_data_supershort.csv
2025-05-10 12:32:37,040 - INFO - train_supershort.py:98 - 成功从CSV加载 74496 条记录用于训练。
2025-05-10 12:32:37,040 - INFO - train_supershort.py:117 - 开始预处理训练数据...
2025-05-10 12:32:37,816 - INFO - train_supershort.py:123 - 训练数据预处理完成。
2025-05-10 12:32:37,842 - INFO - train_supershort.py:127 - 
数据总量 (预处理后): 74496
2025-05-10 12:32:37,842 - INFO - train_supershort.py:128 - 训练集大小: 74496 (使用全部加载和预处理后的数据)
2025-05-10 12:32:37,842 - INFO - train_supershort.py:137 - 模型将保存到: D:\my-vue-project\wind-power-forecast\backend-autopredict\auto_scripts\scripts\supershort\saved_models
2025-05-10 12:32:37,842 - INFO - train_supershort.py:145 - 
========== 开始处理训练 Horizon (Shift) = 2 ==========
2025-05-10 12:32:43,102 - INFO - train_supershort.py:158 - Shift=2 的模型成功训练并保存到 D:\my-vue-project\wind-power-forecast\backend-autopredict\auto_scripts\scripts\supershort\saved_models\shift_2
2025-05-10 12:32:43,102 - INFO - train_supershort.py:145 - 
========== 开始处理训练 Horizon (Shift) = 3 ==========
2025-05-10 12:32:48,251 - INFO - train_supershort.py:158 - Shift=3 的模型成功训练并保存到 D:\my-vue-project\wind-power-forecast\backend-autopredict\auto_scripts\scripts\supershort\saved_models\shift_3
2025-05-10 12:32:48,251 - INFO - train_supershort.py:145 - 
========== 开始处理训练 Horizon (Shift) = 4 ==========
2025-05-10 12:32:53,444 - INFO - train_supershort.py:158 - Shift=4 的模型成功训练并保存到 D:\my-vue-project\wind-power-forecast\backend-autopredict\auto_scripts\scripts\supershort\saved_models\shift_4
2025-05-10 12:32:53,444 - INFO - train_supershort.py:145 - 
========== 开始处理训练 Horizon (Shift) = 5 ==========
2025-05-10 12:32:58,700 - INFO - train_supershort.py:158 - Shift=5 的模型成功训练并保存到 D:\my-vue-project\wind-power-forecast\backend-autopredict\auto_scripts\scripts\supershort\saved_models\shift_5
2025-05-10 12:32:58,700 - INFO - train_supershort.py:145 - 
========== 开始处理训练 Horizon (Shift) = 6 ==========
2025-05-10 12:33:03,940 - INFO - train_supershort.py:158 - Shift=6 的模型成功训练并保存到 D:\my-vue-project\wind-power-forecast\backend-autopredict\auto_scripts\scripts\supershort\saved_models\shift_6
2025-05-10 12:33:03,941 - INFO - train_supershort.py:145 - 
========== 开始处理训练 Horizon (Shift) = 7 ==========
2025-05-10 12:33:09,330 - INFO - train_supershort.py:158 - Shift=7 的模型成功训练并保存到 D:\my-vue-project\wind-power-forecast\backend-autopredict\auto_scripts\scripts\supershort\saved_models\shift_7
2025-05-10 12:33:09,331 - INFO - train_supershort.py:145 - 
========== 开始处理训练 Horizon (Shift) = 8 ==========
2025-05-10 12:33:14,537 - INFO - train_supershort.py:158 - Shift=8 的模型成功训练并保存到 D:\my-vue-project\wind-power-forecast\backend-autopredict\auto_scripts\scripts\supershort\saved_models\shift_8
2025-05-10 12:33:14,537 - INFO - train_supershort.py:145 - 
========== 开始处理训练 Horizon (Shift) = 9 ==========
2025-05-10 12:33:19,791 - INFO - train_supershort.py:158 - Shift=9 的模型成功训练并保存到 D:\my-vue-project\wind-power-forecast\backend-autopredict\auto_scripts\scripts\supershort\saved_models\shift_9
2025-05-10 12:33:19,792 - INFO - train_supershort.py:145 - 
========== 开始处理训练 Horizon (Shift) = 10 ==========
2025-05-10 12:33:25,155 - INFO - train_supershort.py:158 - Shift=10 的模型成功训练并保存到 D:\my-vue-project\wind-power-forecast\backend-autopredict\auto_scripts\scripts\supershort\saved_models\shift_10
2025-05-10 12:33:25,155 - INFO - train_supershort.py:145 - 
========== 开始处理训练 Horizon (Shift) = 11 ==========
2025-05-10 12:33:30,367 - INFO - train_supershort.py:158 - Shift=11 的模型成功训练并保存到 D:\my-vue-project\wind-power-forecast\backend-autopredict\auto_scripts\scripts\supershort\saved_models\shift_11
2025-05-10 12:33:30,367 - INFO - train_supershort.py:145 - 
========== 开始处理训练 Horizon (Shift) = 12 ==========
2025-05-10 12:33:35,587 - INFO - train_supershort.py:158 - Shift=12 的模型成功训练并保存到 D:\my-vue-project\wind-power-forecast\backend-autopredict\auto_scripts\scripts\supershort\saved_models\shift_12
2025-05-10 12:33:35,587 - INFO - train_supershort.py:145 - 
========== 开始处理训练 Horizon (Shift) = 13 ==========
2025-05-10 12:33:40,795 - INFO - train_supershort.py:158 - Shift=13 的模型成功训练并保存到 D:\my-vue-project\wind-power-forecast\backend-autopredict\auto_scripts\scripts\supershort\saved_models\shift_13
2025-05-10 12:33:40,795 - INFO - train_supershort.py:145 - 
========== 开始处理训练 Horizon (Shift) = 14 ==========
2025-05-10 12:33:46,081 - INFO - train_supershort.py:158 - Shift=14 的模型成功训练并保存到 D:\my-vue-project\wind-power-forecast\backend-autopredict\auto_scripts\scripts\supershort\saved_models\shift_14
2025-05-10 12:33:46,081 - INFO - train_supershort.py:145 - 
========== 开始处理训练 Horizon (Shift) = 15 ==========
2025-05-10 12:33:51,363 - INFO - train_supershort.py:158 - Shift=15 的模型成功训练并保存到 D:\my-vue-project\wind-power-forecast\backend-autopredict\auto_scripts\scripts\supershort\saved_models\shift_15
2025-05-10 12:33:51,364 - INFO - train_supershort.py:145 - 
========== 开始处理训练 Horizon (Shift) = 16 ==========
2025-05-10 12:33:56,785 - INFO - train_supershort.py:158 - Shift=16 的模型成功训练并保存到 D:\my-vue-project\wind-power-forecast\backend-autopredict\auto_scripts\scripts\supershort\saved_models\shift_16
2025-05-10 12:33:56,785 - INFO - train_supershort.py:145 - 
========== 开始处理训练 Horizon (Shift) = 17 ==========
2025-05-10 12:34:02,128 - INFO - train_supershort.py:158 - Shift=17 的模型成功训练并保存到 D:\my-vue-project\wind-power-forecast\backend-autopredict\auto_scripts\scripts\supershort\saved_models\shift_17
2025-05-10 12:34:02,128 - INFO - train_supershort.py:166 - 
========== 训练过程完成 ==========
2025-05-10 12:34:02,128 - INFO - train_supershort.py:167 - 总共成功训练并保存了 16 个模型。
2025-05-10 12:34:02,128 - INFO - train_supershort.py:175 - 成功训练并保存了所有预期的 16/16 个模型。
2025-05-10 12:34:02,152 - INFO - train_supershort.py:180 - TRAIN_SUPERSHORT.PY SCRIPT IS TRULY FINISHING NOW AND EXITING.
2025-05-10 12:37:33,455 - INFO - train_supershort.py:73 - 开始更新本地训练数据集 CSV...
2025-05-10 12:37:33,455 - INFO - data_processor_supershort.py:153 - Starting to check and update supershort training CSV: D:\my-vue-project\wind-power-forecast\backend-autopredict\auto_scripts\scripts\supershort\datasets\training_data_supershort.csv
2025-05-10 12:37:34,974 - INFO - data_processor_supershort.py:174 - Latest timestamp in existing supershort CSV 'D:\my-vue-project\wind-power-forecast\backend-autopredict\auto_scripts\scripts\supershort\datasets\training_data_supershort.csv': 2025-04-16 23:45:00
2025-05-10 12:37:34,974 - INFO - data_processor_supershort.py:189 - Querying TrainPreShort for new supershort data...
2025-05-10 12:37:35,198 - INFO - data_processor_supershort.py:198 - Retrieved 1245 new records from TrainPreShort for supershort CSV.
2025-05-10 12:37:35,198 - INFO - data_processor_supershort.py:200 - Querying ActualPower for new supershort data...
2025-05-10 12:37:35,202 - INFO - data_processor_supershort.py:211 - Retrieved 0 new records from ActualPower for supershort CSV.
2025-05-10 12:37:35,202 - INFO - data_processor_supershort.py:221 - No new data found in database to add to supershort CSV (or one table was empty).
2025-05-10 12:37:35,202 - INFO - train_supershort.py:93 - 从本地CSV文件加载训练数据: D:\my-vue-project\wind-power-forecast\backend-autopredict\auto_scripts\scripts\supershort\datasets\training_data_supershort.csv
2025-05-10 12:37:36,746 - INFO - train_supershort.py:98 - 成功从CSV加载 74496 条记录用于训练。
2025-05-10 12:37:36,746 - INFO - train_supershort.py:117 - 开始预处理训练数据...
2025-05-10 12:37:37,545 - INFO - train_supershort.py:123 - 训练数据预处理完成。
2025-05-10 12:37:37,579 - INFO - train_supershort.py:127 - 
数据总量 (预处理后): 74496
2025-05-10 12:37:37,579 - INFO - train_supershort.py:128 - 训练集大小: 74496 (使用全部加载和预处理后的数据)
2025-05-10 12:37:37,579 - INFO - train_supershort.py:137 - 模型将保存到: D:\my-vue-project\wind-power-forecast\backend-autopredict\auto_scripts\scripts\supershort\saved_models
2025-05-10 12:37:37,579 - INFO - train_supershort.py:145 - 
========== 开始处理训练 Horizon (Shift) = 2 ==========
2025-05-10 12:37:42,896 - INFO - train_supershort.py:158 - Shift=2 的模型成功训练并保存到 D:\my-vue-project\wind-power-forecast\backend-autopredict\auto_scripts\scripts\supershort\saved_models\shift_2
2025-05-10 12:37:42,896 - INFO - train_supershort.py:145 - 
========== 开始处理训练 Horizon (Shift) = 3 ==========
2025-05-10 12:37:48,022 - INFO - train_supershort.py:158 - Shift=3 的模型成功训练并保存到 D:\my-vue-project\wind-power-forecast\backend-autopredict\auto_scripts\scripts\supershort\saved_models\shift_3
2025-05-10 12:37:48,022 - INFO - train_supershort.py:145 - 
========== 开始处理训练 Horizon (Shift) = 4 ==========
2025-05-10 12:37:53,074 - INFO - train_supershort.py:158 - Shift=4 的模型成功训练并保存到 D:\my-vue-project\wind-power-forecast\backend-autopredict\auto_scripts\scripts\supershort\saved_models\shift_4
2025-05-10 12:37:53,074 - INFO - train_supershort.py:145 - 
========== 开始处理训练 Horizon (Shift) = 5 ==========
2025-05-10 12:37:58,304 - INFO - train_supershort.py:158 - Shift=5 的模型成功训练并保存到 D:\my-vue-project\wind-power-forecast\backend-autopredict\auto_scripts\scripts\supershort\saved_models\shift_5
2025-05-10 12:37:58,305 - INFO - train_supershort.py:145 - 
========== 开始处理训练 Horizon (Shift) = 6 ==========
2025-05-10 12:38:03,410 - INFO - train_supershort.py:158 - Shift=6 的模型成功训练并保存到 D:\my-vue-project\wind-power-forecast\backend-autopredict\auto_scripts\scripts\supershort\saved_models\shift_6
2025-05-10 12:38:03,410 - INFO - train_supershort.py:145 - 
========== 开始处理训练 Horizon (Shift) = 7 ==========
2025-05-10 12:38:08,810 - INFO - train_supershort.py:158 - Shift=7 的模型成功训练并保存到 D:\my-vue-project\wind-power-forecast\backend-autopredict\auto_scripts\scripts\supershort\saved_models\shift_7
2025-05-10 12:38:08,810 - INFO - train_supershort.py:145 - 
========== 开始处理训练 Horizon (Shift) = 8 ==========
2025-05-10 12:38:14,197 - INFO - train_supershort.py:158 - Shift=8 的模型成功训练并保存到 D:\my-vue-project\wind-power-forecast\backend-autopredict\auto_scripts\scripts\supershort\saved_models\shift_8
2025-05-10 12:38:14,198 - INFO - train_supershort.py:145 - 
========== 开始处理训练 Horizon (Shift) = 9 ==========
2025-05-10 12:38:19,232 - INFO - train_supershort.py:158 - Shift=9 的模型成功训练并保存到 D:\my-vue-project\wind-power-forecast\backend-autopredict\auto_scripts\scripts\supershort\saved_models\shift_9
2025-05-10 12:38:19,232 - INFO - train_supershort.py:145 - 
========== 开始处理训练 Horizon (Shift) = 10 ==========
2025-05-10 12:38:24,198 - INFO - train_supershort.py:158 - Shift=10 的模型成功训练并保存到 D:\my-vue-project\wind-power-forecast\backend-autopredict\auto_scripts\scripts\supershort\saved_models\shift_10
2025-05-10 12:38:24,198 - INFO - train_supershort.py:145 - 
========== 开始处理训练 Horizon (Shift) = 11 ==========
2025-05-10 12:38:29,279 - INFO - train_supershort.py:158 - Shift=11 的模型成功训练并保存到 D:\my-vue-project\wind-power-forecast\backend-autopredict\auto_scripts\scripts\supershort\saved_models\shift_11
2025-05-10 12:38:29,279 - INFO - train_supershort.py:145 - 
========== 开始处理训练 Horizon (Shift) = 12 ==========
2025-05-10 12:38:34,365 - INFO - train_supershort.py:158 - Shift=12 的模型成功训练并保存到 D:\my-vue-project\wind-power-forecast\backend-autopredict\auto_scripts\scripts\supershort\saved_models\shift_12
2025-05-10 12:38:34,365 - INFO - train_supershort.py:145 - 
========== 开始处理训练 Horizon (Shift) = 13 ==========
2025-05-10 12:38:39,432 - INFO - train_supershort.py:158 - Shift=13 的模型成功训练并保存到 D:\my-vue-project\wind-power-forecast\backend-autopredict\auto_scripts\scripts\supershort\saved_models\shift_13
2025-05-10 12:38:39,432 - INFO - train_supershort.py:145 - 
========== 开始处理训练 Horizon (Shift) = 14 ==========
2025-05-10 12:38:44,553 - INFO - train_supershort.py:158 - Shift=14 的模型成功训练并保存到 D:\my-vue-project\wind-power-forecast\backend-autopredict\auto_scripts\scripts\supershort\saved_models\shift_14
2025-05-10 12:38:44,553 - INFO - train_supershort.py:145 - 
========== 开始处理训练 Horizon (Shift) = 15 ==========
2025-05-10 12:38:49,720 - INFO - train_supershort.py:158 - Shift=15 的模型成功训练并保存到 D:\my-vue-project\wind-power-forecast\backend-autopredict\auto_scripts\scripts\supershort\saved_models\shift_15
2025-05-10 12:38:49,721 - INFO - train_supershort.py:145 - 
========== 开始处理训练 Horizon (Shift) = 16 ==========
2025-05-10 12:38:54,807 - INFO - train_supershort.py:158 - Shift=16 的模型成功训练并保存到 D:\my-vue-project\wind-power-forecast\backend-autopredict\auto_scripts\scripts\supershort\saved_models\shift_16
2025-05-10 12:38:54,808 - INFO - train_supershort.py:145 - 
========== 开始处理训练 Horizon (Shift) = 17 ==========
2025-05-10 12:38:59,874 - INFO - train_supershort.py:158 - Shift=17 的模型成功训练并保存到 D:\my-vue-project\wind-power-forecast\backend-autopredict\auto_scripts\scripts\supershort\saved_models\shift_17
2025-05-10 12:38:59,874 - INFO - train_supershort.py:166 - 
========== 训练过程完成 ==========
2025-05-10 12:38:59,874 - INFO - train_supershort.py:167 - 总共成功训练并保存了 16 个模型。
2025-05-10 12:38:59,874 - INFO - train_supershort.py:175 - 成功训练并保存了所有预期的 16/16 个模型。
2025-05-10 12:38:59,900 - INFO - train_supershort.py:180 - TRAIN_SUPERSHORT.PY SCRIPT IS TRULY FINISHING NOW AND EXITING.
2025-05-10 12:42:43,481 - INFO - train_supershort.py:73 - 开始更新本地训练数据集 CSV...
2025-05-10 12:42:43,481 - INFO - data_processor_supershort.py:153 - Starting to check and update supershort training CSV: /app/auto_scripts/scripts/supershort/datasets/training_data_supershort.csv
2025-05-10 12:42:45,842 - INFO - data_processor_supershort.py:174 - Latest timestamp in existing supershort CSV '/app/auto_scripts/scripts/supershort/datasets/training_data_supershort.csv': 2025-04-16 23:45:00
2025-05-10 12:42:45,843 - INFO - data_processor_supershort.py:189 - Querying TrainPreShort for new supershort data...
2025-05-10 12:42:46,034 - INFO - data_processor_supershort.py:198 - Retrieved 1245 new records from TrainPreShort for supershort CSV.
2025-05-10 12:42:46,034 - INFO - data_processor_supershort.py:200 - Querying ActualPower for new supershort data...
2025-05-10 12:42:46,037 - INFO - data_processor_supershort.py:211 - Retrieved 0 new records from ActualPower for supershort CSV.
2025-05-10 12:42:46,038 - INFO - data_processor_supershort.py:221 - No new data found in database to add to supershort CSV (or one table was empty).
2025-05-10 12:42:46,039 - INFO - train_supershort.py:93 - 从本地CSV文件加载训练数据: /app/auto_scripts/scripts/supershort/datasets/training_data_supershort.csv
2025-05-10 12:42:47,931 - INFO - train_supershort.py:98 - 成功从CSV加载 74496 条记录用于训练。
2025-05-10 12:42:47,931 - INFO - train_supershort.py:117 - 开始预处理训练数据...
2025-05-10 12:42:48,713 - INFO - train_supershort.py:123 - 训练数据预处理完成。
2025-05-10 12:42:48,733 - INFO - train_supershort.py:127 - 
数据总量 (预处理后): 74496
2025-05-10 12:42:48,733 - INFO - train_supershort.py:128 - 训练集大小: 74496 (使用全部加载和预处理后的数据)
2025-05-10 12:42:48,733 - INFO - train_supershort.py:137 - 模型将保存到: /app/auto_scripts/scripts/supershort/saved_models
2025-05-10 12:42:48,734 - INFO - train_supershort.py:145 - 
========== 开始处理训练 Horizon (Shift) = 2 ==========
2025-05-10 12:42:55,119 - INFO - train_supershort.py:158 - Shift=2 的模型成功训练并保存到 /app/auto_scripts/scripts/supershort/saved_models/shift_2
2025-05-10 12:42:55,119 - INFO - train_supershort.py:145 - 
========== 开始处理训练 Horizon (Shift) = 3 ==========
2025-05-10 12:43:02,736 - INFO - train_supershort.py:158 - Shift=3 的模型成功训练并保存到 /app/auto_scripts/scripts/supershort/saved_models/shift_3
2025-05-10 12:43:02,736 - INFO - train_supershort.py:145 - 
========== 开始处理训练 Horizon (Shift) = 4 ==========
2025-05-10 12:43:08,948 - INFO - train_supershort.py:158 - Shift=4 的模型成功训练并保存到 /app/auto_scripts/scripts/supershort/saved_models/shift_4
2025-05-10 12:43:08,948 - INFO - train_supershort.py:145 - 
========== 开始处理训练 Horizon (Shift) = 5 ==========
2025-05-10 12:43:15,588 - INFO - train_supershort.py:158 - Shift=5 的模型成功训练并保存到 /app/auto_scripts/scripts/supershort/saved_models/shift_5
2025-05-10 12:43:15,588 - INFO - train_supershort.py:145 - 
========== 开始处理训练 Horizon (Shift) = 6 ==========
2025-05-10 12:43:22,433 - INFO - train_supershort.py:158 - Shift=6 的模型成功训练并保存到 /app/auto_scripts/scripts/supershort/saved_models/shift_6
2025-05-10 12:43:22,433 - INFO - train_supershort.py:145 - 
========== 开始处理训练 Horizon (Shift) = 7 ==========
2025-05-10 12:43:28,935 - INFO - train_supershort.py:158 - Shift=7 的模型成功训练并保存到 /app/auto_scripts/scripts/supershort/saved_models/shift_7
2025-05-10 12:43:28,935 - INFO - train_supershort.py:145 - 
========== 开始处理训练 Horizon (Shift) = 8 ==========
2025-05-10 12:43:36,299 - INFO - train_supershort.py:158 - Shift=8 的模型成功训练并保存到 /app/auto_scripts/scripts/supershort/saved_models/shift_8
2025-05-10 12:43:36,299 - INFO - train_supershort.py:145 - 
========== 开始处理训练 Horizon (Shift) = 9 ==========
2025-05-10 12:43:42,767 - INFO - train_supershort.py:158 - Shift=9 的模型成功训练并保存到 /app/auto_scripts/scripts/supershort/saved_models/shift_9
2025-05-10 12:43:42,767 - INFO - train_supershort.py:145 - 
========== 开始处理训练 Horizon (Shift) = 10 ==========
2025-05-10 12:43:51,845 - INFO - train_supershort.py:158 - Shift=10 的模型成功训练并保存到 /app/auto_scripts/scripts/supershort/saved_models/shift_10
2025-05-10 12:43:51,846 - INFO - train_supershort.py:145 - 
========== 开始处理训练 Horizon (Shift) = 11 ==========
2025-05-10 12:43:58,540 - INFO - train_supershort.py:158 - Shift=11 的模型成功训练并保存到 /app/auto_scripts/scripts/supershort/saved_models/shift_11
2025-05-10 12:43:58,540 - INFO - train_supershort.py:145 - 
========== 开始处理训练 Horizon (Shift) = 12 ==========
2025-05-10 12:44:06,854 - INFO - train_supershort.py:158 - Shift=12 的模型成功训练并保存到 /app/auto_scripts/scripts/supershort/saved_models/shift_12
2025-05-10 12:44:06,855 - INFO - train_supershort.py:145 - 
========== 开始处理训练 Horizon (Shift) = 13 ==========
2025-05-10 12:44:13,902 - INFO - train_supershort.py:158 - Shift=13 的模型成功训练并保存到 /app/auto_scripts/scripts/supershort/saved_models/shift_13
2025-05-10 12:44:13,902 - INFO - train_supershort.py:145 - 
========== 开始处理训练 Horizon (Shift) = 14 ==========
2025-05-10 12:44:21,983 - INFO - train_supershort.py:158 - Shift=14 的模型成功训练并保存到 /app/auto_scripts/scripts/supershort/saved_models/shift_14
2025-05-10 12:44:21,983 - INFO - train_supershort.py:145 - 
========== 开始处理训练 Horizon (Shift) = 15 ==========
2025-05-10 12:44:28,524 - INFO - train_supershort.py:158 - Shift=15 的模型成功训练并保存到 /app/auto_scripts/scripts/supershort/saved_models/shift_15
2025-05-10 12:44:28,524 - INFO - train_supershort.py:145 - 
========== 开始处理训练 Horizon (Shift) = 16 ==========
2025-05-10 12:44:35,644 - INFO - train_supershort.py:158 - Shift=16 的模型成功训练并保存到 /app/auto_scripts/scripts/supershort/saved_models/shift_16
2025-05-10 12:44:35,644 - INFO - train_supershort.py:145 - 
========== 开始处理训练 Horizon (Shift) = 17 ==========
2025-05-10 12:44:42,803 - INFO - train_supershort.py:158 - Shift=17 的模型成功训练并保存到 /app/auto_scripts/scripts/supershort/saved_models/shift_17
2025-05-10 12:44:42,803 - INFO - train_supershort.py:166 - 
========== 训练过程完成 ==========
2025-05-10 12:44:42,803 - INFO - train_supershort.py:167 - 总共成功训练并保存了 16 个模型。
2025-05-10 12:44:42,803 - INFO - train_supershort.py:175 - 成功训练并保存了所有预期的 16/16 个模型。
2025-05-10 12:44:42,804 - INFO - train_supershort.py:180 - TRAIN_SUPERSHORT.PY SCRIPT IS TRULY FINISHING NOW AND EXITING.
2025-05-10 15:59:56,882 - INFO - train_supershort.py:73 - 开始更新本地训练数据集 CSV...
2025-05-10 15:59:56,883 - INFO - data_processor_supershort.py:153 - Starting to check and update supershort training CSV: D:\my-vue-project\wind-power-forecast\backend-autopredict\auto_scripts\scripts\supershort\datasets\training_data_supershort.csv
2025-05-10 15:59:58,394 - INFO - data_processor_supershort.py:174 - Latest timestamp in existing supershort CSV 'D:\my-vue-project\wind-power-forecast\backend-autopredict\auto_scripts\scripts\supershort\datasets\training_data_supershort.csv': 2025-04-16 23:45:00
2025-05-10 15:59:58,396 - INFO - data_processor_supershort.py:189 - Querying TrainPreShort for new supershort data...
2025-05-10 15:59:58,509 - INFO - data_processor_supershort.py:198 - Retrieved 0 new records from TrainPreShort for supershort CSV.
2025-05-10 15:59:58,509 - INFO - data_processor_supershort.py:200 - Querying ActualPower for new supershort data...
2025-05-10 15:59:58,515 - INFO - data_processor_supershort.py:211 - Retrieved 0 new records from ActualPower for supershort CSV.
2025-05-10 15:59:58,516 - INFO - data_processor_supershort.py:221 - No new data found in database to add to supershort CSV (or one table was empty).
2025-05-10 15:59:58,516 - INFO - train_supershort.py:93 - 从本地CSV文件加载训练数据: D:\my-vue-project\wind-power-forecast\backend-autopredict\auto_scripts\scripts\supershort\datasets\training_data_supershort.csv
2025-05-10 16:00:00,064 - INFO - train_supershort.py:98 - 成功从CSV加载 74496 条记录用于训练。
2025-05-10 16:00:00,064 - INFO - train_supershort.py:117 - 开始预处理训练数据...
2025-05-10 16:00:00,830 - INFO - train_supershort.py:123 - 训练数据预处理完成。
2025-05-10 16:00:00,855 - INFO - train_supershort.py:127 - 
数据总量 (预处理后): 74496
2025-05-10 16:00:00,855 - INFO - train_supershort.py:128 - 训练集大小: 74496 (使用全部加载和预处理后的数据)
2025-05-10 16:00:00,856 - INFO - train_supershort.py:137 - 模型将保存到: D:\my-vue-project\wind-power-forecast\backend-autopredict\auto_scripts\scripts\supershort\saved_models
2025-05-10 16:00:00,856 - INFO - train_supershort.py:145 - 
========== 开始处理训练 Horizon (Shift) = 2 ==========
2025-05-10 16:00:29,949 - INFO - train_supershort.py:73 - 开始更新本地训练数据集 CSV...
2025-05-10 16:00:29,950 - INFO - data_processor_supershort.py:153 - Starting to check and update supershort training CSV: D:\my-vue-project\wind-power-forecast\backend-autopredict\auto_scripts\scripts\supershort\datasets\training_data_supershort.csv
2025-05-10 16:00:29,950 - INFO - data_processor_supershort.py:182 - Supershort CSV file 'D:\my-vue-project\wind-power-forecast\backend-autopredict\auto_scripts\scripts\supershort\datasets\training_data_supershort.csv' not found. Will attempt to create it from database.
2025-05-10 16:00:29,951 - INFO - data_processor_supershort.py:189 - Querying TrainPreShort for new supershort data...
2025-05-10 16:00:35,780 - INFO - data_processor_supershort.py:198 - Retrieved 67038 new records from TrainPreShort for supershort CSV.
2025-05-10 16:00:35,780 - INFO - data_processor_supershort.py:200 - Querying ActualPower for new supershort data...
2025-05-10 16:00:35,901 - INFO - data_processor_supershort.py:211 - Retrieved 74496 new records from ActualPower for supershort CSV.
2025-05-10 16:00:35,902 - INFO - data_processor_supershort.py:228 - Merging new data for supershort CSV...
2025-05-10 16:00:35,935 - INFO - data_processor_supershort.py:241 - Merged new data for supershort CSV, 67038 new records obtained.
2025-05-10 16:00:36,156 - INFO - data_processor_supershort.py:270 - Writing/Appending 67038 new records to supershort CSV: D:\my-vue-project\wind-power-forecast\backend-autopredict\auto_scripts\scripts\supershort\datasets\training_data_supershort.csv
2025-05-10 16:00:44,679 - INFO - data_processor_supershort.py:274 - Created new supershort CSV 'D:\my-vue-project\wind-power-forecast\backend-autopredict\auto_scripts\scripts\supershort\datasets\training_data_supershort.csv' with 67038 records.
2025-05-10 16:00:44,698 - INFO - train_supershort.py:93 - 从本地CSV文件加载训练数据: D:\my-vue-project\wind-power-forecast\backend-autopredict\auto_scripts\scripts\supershort\datasets\training_data_supershort.csv
2025-05-10 16:00:46,119 - INFO - train_supershort.py:98 - 成功从CSV加载 67038 条记录用于训练。
2025-05-10 16:00:46,119 - INFO - train_supershort.py:117 - 开始预处理训练数据...
2025-05-10 16:00:46,816 - INFO - train_supershort.py:123 - 训练数据预处理完成。
2025-05-10 16:00:46,838 - INFO - train_supershort.py:127 - 
数据总量 (预处理后): 67038
2025-05-10 16:00:46,839 - INFO - train_supershort.py:128 - 训练集大小: 67038 (使用全部加载和预处理后的数据)
2025-05-10 16:00:46,839 - INFO - train_supershort.py:137 - 模型将保存到: D:\my-vue-project\wind-power-forecast\backend-autopredict\auto_scripts\scripts\supershort\saved_models
2025-05-10 16:00:46,839 - INFO - train_supershort.py:145 - 
========== 开始处理训练 Horizon (Shift) = 2 ==========
2025-05-10 16:00:51,341 - INFO - train_supershort.py:158 - Shift=2 的模型成功训练并保存到 D:\my-vue-project\wind-power-forecast\backend-autopredict\auto_scripts\scripts\supershort\saved_models\shift_2
2025-05-10 16:00:51,341 - INFO - train_supershort.py:145 - 
========== 开始处理训练 Horizon (Shift) = 3 ==========
2025-05-10 16:00:55,981 - INFO - train_supershort.py:158 - Shift=3 的模型成功训练并保存到 D:\my-vue-project\wind-power-forecast\backend-autopredict\auto_scripts\scripts\supershort\saved_models\shift_3
2025-05-10 16:00:55,981 - INFO - train_supershort.py:145 - 
========== 开始处理训练 Horizon (Shift) = 4 ==========
2025-05-10 16:01:00,442 - INFO - train_supershort.py:158 - Shift=4 的模型成功训练并保存到 D:\my-vue-project\wind-power-forecast\backend-autopredict\auto_scripts\scripts\supershort\saved_models\shift_4
2025-05-10 16:01:00,442 - INFO - train_supershort.py:145 - 
========== 开始处理训练 Horizon (Shift) = 5 ==========
2025-05-10 16:01:04,989 - INFO - train_supershort.py:158 - Shift=5 的模型成功训练并保存到 D:\my-vue-project\wind-power-forecast\backend-autopredict\auto_scripts\scripts\supershort\saved_models\shift_5
2025-05-10 16:01:04,989 - INFO - train_supershort.py:145 - 
========== 开始处理训练 Horizon (Shift) = 6 ==========
2025-05-10 16:01:09,679 - INFO - train_supershort.py:158 - Shift=6 的模型成功训练并保存到 D:\my-vue-project\wind-power-forecast\backend-autopredict\auto_scripts\scripts\supershort\saved_models\shift_6
2025-05-10 16:01:09,680 - INFO - train_supershort.py:145 - 
========== 开始处理训练 Horizon (Shift) = 7 ==========
2025-05-10 16:01:14,310 - INFO - train_supershort.py:158 - Shift=7 的模型成功训练并保存到 D:\my-vue-project\wind-power-forecast\backend-autopredict\auto_scripts\scripts\supershort\saved_models\shift_7
2025-05-10 16:01:14,311 - INFO - train_supershort.py:145 - 
========== 开始处理训练 Horizon (Shift) = 8 ==========
2025-05-10 16:01:18,881 - INFO - train_supershort.py:158 - Shift=8 的模型成功训练并保存到 D:\my-vue-project\wind-power-forecast\backend-autopredict\auto_scripts\scripts\supershort\saved_models\shift_8
2025-05-10 16:01:18,882 - INFO - train_supershort.py:145 - 
========== 开始处理训练 Horizon (Shift) = 9 ==========
2025-05-10 16:01:23,477 - INFO - train_supershort.py:158 - Shift=9 的模型成功训练并保存到 D:\my-vue-project\wind-power-forecast\backend-autopredict\auto_scripts\scripts\supershort\saved_models\shift_9
2025-05-10 16:01:23,477 - INFO - train_supershort.py:145 - 
========== 开始处理训练 Horizon (Shift) = 10 ==========
2025-05-10 16:01:28,155 - INFO - train_supershort.py:158 - Shift=10 的模型成功训练并保存到 D:\my-vue-project\wind-power-forecast\backend-autopredict\auto_scripts\scripts\supershort\saved_models\shift_10
2025-05-10 16:01:28,156 - INFO - train_supershort.py:145 - 
========== 开始处理训练 Horizon (Shift) = 11 ==========
2025-05-10 16:01:32,663 - INFO - train_supershort.py:158 - Shift=11 的模型成功训练并保存到 D:\my-vue-project\wind-power-forecast\backend-autopredict\auto_scripts\scripts\supershort\saved_models\shift_11
2025-05-10 16:01:32,663 - INFO - train_supershort.py:145 - 
========== 开始处理训练 Horizon (Shift) = 12 ==========
2025-05-10 16:01:37,275 - INFO - train_supershort.py:158 - Shift=12 的模型成功训练并保存到 D:\my-vue-project\wind-power-forecast\backend-autopredict\auto_scripts\scripts\supershort\saved_models\shift_12
2025-05-10 16:01:37,275 - INFO - train_supershort.py:145 - 
========== 开始处理训练 Horizon (Shift) = 13 ==========
2025-05-10 16:01:42,109 - INFO - train_supershort.py:158 - Shift=13 的模型成功训练并保存到 D:\my-vue-project\wind-power-forecast\backend-autopredict\auto_scripts\scripts\supershort\saved_models\shift_13
2025-05-10 16:01:42,109 - INFO - train_supershort.py:145 - 
========== 开始处理训练 Horizon (Shift) = 14 ==========
2025-05-10 16:01:46,678 - INFO - train_supershort.py:158 - Shift=14 的模型成功训练并保存到 D:\my-vue-project\wind-power-forecast\backend-autopredict\auto_scripts\scripts\supershort\saved_models\shift_14
2025-05-10 16:01:46,679 - INFO - train_supershort.py:145 - 
========== 开始处理训练 Horizon (Shift) = 15 ==========
2025-05-10 16:01:51,244 - INFO - train_supershort.py:158 - Shift=15 的模型成功训练并保存到 D:\my-vue-project\wind-power-forecast\backend-autopredict\auto_scripts\scripts\supershort\saved_models\shift_15
2025-05-10 16:01:51,244 - INFO - train_supershort.py:145 - 
========== 开始处理训练 Horizon (Shift) = 16 ==========
2025-05-10 16:01:55,895 - INFO - train_supershort.py:158 - Shift=16 的模型成功训练并保存到 D:\my-vue-project\wind-power-forecast\backend-autopredict\auto_scripts\scripts\supershort\saved_models\shift_16
2025-05-10 16:01:55,895 - INFO - train_supershort.py:145 - 
========== 开始处理训练 Horizon (Shift) = 17 ==========
2025-05-10 16:02:00,614 - INFO - train_supershort.py:158 - Shift=17 的模型成功训练并保存到 D:\my-vue-project\wind-power-forecast\backend-autopredict\auto_scripts\scripts\supershort\saved_models\shift_17
2025-05-10 16:02:00,614 - INFO - train_supershort.py:166 - 
========== 训练过程完成 ==========
2025-05-10 16:02:00,614 - INFO - train_supershort.py:167 - 总共成功训练并保存了 16 个模型。
2025-05-10 16:02:00,614 - INFO - train_supershort.py:175 - 成功训练并保存了所有预期的 16/16 个模型。
2025-05-10 16:02:00,639 - INFO - train_supershort.py:180 - TRAIN_SUPERSHORT.PY SCRIPT IS TRULY FINISHING NOW AND EXITING.
2025-05-10 16:19:08,307 - INFO - train_supershort.py:73 - 开始更新本地训练数据集 CSV...
2025-05-10 16:19:08,308 - INFO - data_processor_supershort.py:153 - Starting to check and update supershort training CSV: D:\my-vue-project\wind-power-forecast\backend-autopredict\auto_scripts\scripts\supershort\datasets\training_data_supershort.csv
2025-05-10 16:19:09,683 - INFO - data_processor_supershort.py:174 - Latest timestamp in existing supershort CSV 'D:\my-vue-project\wind-power-forecast\backend-autopredict\auto_scripts\scripts\supershort\datasets\training_data_supershort.csv': 2025-01-29 23:45:00
2025-05-10 16:19:09,684 - INFO - data_processor_supershort.py:189 - Querying TrainPreShort for new supershort data...
2025-05-10 16:19:09,812 - INFO - data_processor_supershort.py:198 - Retrieved 0 new records from TrainPreShort for supershort CSV.
2025-05-10 16:19:09,813 - INFO - data_processor_supershort.py:200 - Querying ActualPower for new supershort data...
2025-05-10 16:19:09,826 - INFO - data_processor_supershort.py:211 - Retrieved 7392 new records from ActualPower for supershort CSV.
2025-05-10 16:19:09,826 - INFO - data_processor_supershort.py:221 - No new data found in database to add to supershort CSV (or one table was empty).
2025-05-10 16:19:09,836 - INFO - train_supershort.py:93 - 从本地CSV文件加载训练数据: D:\my-vue-project\wind-power-forecast\backend-autopredict\auto_scripts\scripts\supershort\datasets\training_data_supershort.csv
2025-05-10 16:19:11,168 - INFO - train_supershort.py:98 - 成功从CSV加载 67038 条记录用于训练。
2025-05-10 16:19:11,169 - INFO - train_supershort.py:117 - 开始预处理训练数据...
2025-05-10 16:19:11,915 - INFO - train_supershort.py:123 - 训练数据预处理完成。
2025-05-10 16:19:11,939 - INFO - train_supershort.py:127 - 
数据总量 (预处理后): 67038
2025-05-10 16:19:11,940 - INFO - train_supershort.py:128 - 训练集大小: 67038 (使用全部加载和预处理后的数据)
2025-05-10 16:19:11,940 - INFO - train_supershort.py:137 - 模型将保存到: D:\my-vue-project\wind-power-forecast\backend-autopredict\auto_scripts\scripts\supershort\saved_models
2025-05-10 16:19:11,941 - INFO - train_supershort.py:145 - 
========== 开始处理训练 Horizon (Shift) = 2 ==========
2025-05-10 16:19:16,554 - INFO - train_supershort.py:158 - Shift=2 的模型成功训练并保存到 D:\my-vue-project\wind-power-forecast\backend-autopredict\auto_scripts\scripts\supershort\saved_models\shift_2
2025-05-10 16:19:16,555 - INFO - train_supershort.py:145 - 
========== 开始处理训练 Horizon (Shift) = 3 ==========
2025-05-10 16:19:20,964 - INFO - train_supershort.py:158 - Shift=3 的模型成功训练并保存到 D:\my-vue-project\wind-power-forecast\backend-autopredict\auto_scripts\scripts\supershort\saved_models\shift_3
2025-05-10 16:19:20,964 - INFO - train_supershort.py:145 - 
========== 开始处理训练 Horizon (Shift) = 4 ==========
2025-05-10 16:19:25,463 - INFO - train_supershort.py:158 - Shift=4 的模型成功训练并保存到 D:\my-vue-project\wind-power-forecast\backend-autopredict\auto_scripts\scripts\supershort\saved_models\shift_4
2025-05-10 16:19:25,463 - INFO - train_supershort.py:145 - 
========== 开始处理训练 Horizon (Shift) = 5 ==========
2025-05-10 16:19:30,061 - INFO - train_supershort.py:158 - Shift=5 的模型成功训练并保存到 D:\my-vue-project\wind-power-forecast\backend-autopredict\auto_scripts\scripts\supershort\saved_models\shift_5
2025-05-10 16:19:30,062 - INFO - train_supershort.py:145 - 
========== 开始处理训练 Horizon (Shift) = 6 ==========
2025-05-10 16:19:35,206 - INFO - train_supershort.py:158 - Shift=6 的模型成功训练并保存到 D:\my-vue-project\wind-power-forecast\backend-autopredict\auto_scripts\scripts\supershort\saved_models\shift_6
2025-05-10 16:19:35,206 - INFO - train_supershort.py:145 - 
========== 开始处理训练 Horizon (Shift) = 7 ==========
2025-05-10 16:19:39,789 - INFO - train_supershort.py:158 - Shift=7 的模型成功训练并保存到 D:\my-vue-project\wind-power-forecast\backend-autopredict\auto_scripts\scripts\supershort\saved_models\shift_7
2025-05-10 16:19:39,789 - INFO - train_supershort.py:145 - 
========== 开始处理训练 Horizon (Shift) = 8 ==========
2025-05-10 16:19:51,020 - INFO - train_supershort.py:158 - Shift=8 的模型成功训练并保存到 D:\my-vue-project\wind-power-forecast\backend-autopredict\auto_scripts\scripts\supershort\saved_models\shift_8
2025-05-10 16:19:51,020 - INFO - train_supershort.py:145 - 
========== 开始处理训练 Horizon (Shift) = 9 ==========
2025-05-10 16:20:09,502 - INFO - train_supershort.py:158 - Shift=9 的模型成功训练并保存到 D:\my-vue-project\wind-power-forecast\backend-autopredict\auto_scripts\scripts\supershort\saved_models\shift_9
2025-05-10 16:20:09,503 - INFO - train_supershort.py:145 - 
========== 开始处理训练 Horizon (Shift) = 10 ==========
2025-05-10 16:20:28,293 - INFO - train_supershort.py:158 - Shift=10 的模型成功训练并保存到 D:\my-vue-project\wind-power-forecast\backend-autopredict\auto_scripts\scripts\supershort\saved_models\shift_10
2025-05-10 16:20:28,293 - INFO - train_supershort.py:145 - 
========== 开始处理训练 Horizon (Shift) = 11 ==========
2025-05-10 16:20:46,399 - INFO - train_supershort.py:158 - Shift=11 的模型成功训练并保存到 D:\my-vue-project\wind-power-forecast\backend-autopredict\auto_scripts\scripts\supershort\saved_models\shift_11
2025-05-10 16:20:46,399 - INFO - train_supershort.py:145 - 
========== 开始处理训练 Horizon (Shift) = 12 ==========
2025-05-10 16:21:04,630 - INFO - train_supershort.py:158 - Shift=12 的模型成功训练并保存到 D:\my-vue-project\wind-power-forecast\backend-autopredict\auto_scripts\scripts\supershort\saved_models\shift_12
2025-05-10 16:21:04,630 - INFO - train_supershort.py:145 - 
========== 开始处理训练 Horizon (Shift) = 13 ==========
2025-05-10 16:21:22,487 - INFO - train_supershort.py:158 - Shift=13 的模型成功训练并保存到 D:\my-vue-project\wind-power-forecast\backend-autopredict\auto_scripts\scripts\supershort\saved_models\shift_13
2025-05-10 16:21:22,487 - INFO - train_supershort.py:145 - 
========== 开始处理训练 Horizon (Shift) = 14 ==========
2025-05-10 16:21:40,057 - INFO - train_supershort.py:158 - Shift=14 的模型成功训练并保存到 D:\my-vue-project\wind-power-forecast\backend-autopredict\auto_scripts\scripts\supershort\saved_models\shift_14
2025-05-10 16:21:40,057 - INFO - train_supershort.py:145 - 
========== 开始处理训练 Horizon (Shift) = 15 ==========
2025-05-10 16:21:57,438 - INFO - train_supershort.py:158 - Shift=15 的模型成功训练并保存到 D:\my-vue-project\wind-power-forecast\backend-autopredict\auto_scripts\scripts\supershort\saved_models\shift_15
2025-05-10 16:21:57,438 - INFO - train_supershort.py:145 - 
========== 开始处理训练 Horizon (Shift) = 16 ==========
2025-05-10 16:22:16,170 - INFO - train_supershort.py:158 - Shift=16 的模型成功训练并保存到 D:\my-vue-project\wind-power-forecast\backend-autopredict\auto_scripts\scripts\supershort\saved_models\shift_16
2025-05-10 16:22:16,170 - INFO - train_supershort.py:145 - 
========== 开始处理训练 Horizon (Shift) = 17 ==========
2025-05-10 16:22:34,135 - INFO - train_supershort.py:158 - Shift=17 的模型成功训练并保存到 D:\my-vue-project\wind-power-forecast\backend-autopredict\auto_scripts\scripts\supershort\saved_models\shift_17
2025-05-10 16:22:34,136 - INFO - train_supershort.py:166 - 
========== 训练过程完成 ==========
2025-05-10 16:22:34,136 - INFO - train_supershort.py:167 - 总共成功训练并保存了 16 个模型。
2025-05-10 16:22:34,137 - INFO - train_supershort.py:175 - 成功训练并保存了所有预期的 16/16 个模型。
2025-05-10 16:22:34,164 - INFO - train_supershort.py:180 - TRAIN_SUPERSHORT.PY SCRIPT IS TRULY FINISHING NOW AND EXITING.
2025-05-10 20:04:00,620 - INFO - train_supershort.py:73 - 开始更新本地训练数据集 CSV...
2025-05-10 20:04:00,620 - INFO - data_processor_supershort.py:153 - Starting to check and update supershort training CSV: D:\my-vue-project\wind-power-forecast\backend-autopredict\auto_scripts\scripts\supershort\datasets\training_data_supershort.csv
2025-05-10 20:04:01,945 - INFO - data_processor_supershort.py:174 - Latest timestamp in existing supershort CSV 'D:\my-vue-project\wind-power-forecast\backend-autopredict\auto_scripts\scripts\supershort\datasets\training_data_supershort.csv': 2025-01-29 23:45:00
2025-05-10 20:04:01,946 - INFO - data_processor_supershort.py:189 - Querying TrainPreShort for new supershort data...
2025-05-10 20:04:02,069 - INFO - data_processor_supershort.py:198 - Retrieved 0 new records from TrainPreShort for supershort CSV.
2025-05-10 20:04:02,069 - INFO - data_processor_supershort.py:200 - Querying ActualPower for new supershort data...
2025-05-10 20:04:02,086 - INFO - data_processor_supershort.py:211 - Retrieved 7392 new records from ActualPower for supershort CSV.
2025-05-10 20:04:02,087 - INFO - data_processor_supershort.py:221 - No new data found in database to add to supershort CSV (or one table was empty).
2025-05-10 20:04:02,096 - INFO - train_supershort.py:93 - 从本地CSV文件加载训练数据: D:\my-vue-project\wind-power-forecast\backend-autopredict\auto_scripts\scripts\supershort\datasets\training_data_supershort.csv
2025-05-10 20:04:03,442 - INFO - train_supershort.py:98 - 成功从CSV加载 67038 条记录用于训练。
2025-05-10 20:04:03,442 - INFO - train_supershort.py:117 - 开始预处理训练数据...
2025-05-10 20:04:04,211 - INFO - train_supershort.py:123 - 训练数据预处理完成。
2025-05-10 20:04:04,232 - INFO - train_supershort.py:127 - 
数据总量 (预处理后): 67038
2025-05-10 20:04:04,233 - INFO - train_supershort.py:128 - 训练集大小: 67038 (使用全部加载和预处理后的数据)
2025-05-10 20:04:04,233 - INFO - train_supershort.py:137 - 模型将保存到: D:\my-vue-project\wind-power-forecast\backend-autopredict\auto_scripts\scripts\supershort\saved_models
2025-05-10 20:04:04,234 - INFO - train_supershort.py:145 - 
========== 开始处理训练 Horizon (Shift) = 2 ==========
2025-05-10 20:04:08,759 - INFO - train_supershort.py:158 - Shift=2 的模型成功训练并保存到 D:\my-vue-project\wind-power-forecast\backend-autopredict\auto_scripts\scripts\supershort\saved_models\shift_2
2025-05-10 20:04:08,759 - INFO - train_supershort.py:145 - 
========== 开始处理训练 Horizon (Shift) = 3 ==========
2025-05-10 20:04:12,432 - ERROR - train_supershort.py:164 - 训练或保存 Shift=3 模型时发生意外错误: [20:04:12] C:\buildkite-agent\builds\buildkite-windows-cpu-autoscaling-group-i-08cbc0333d8d4aae1-1\xgboost\xgboost-ci-windows\src\data\iterative_dmatrix.cc:232: Check failed: accumulated_rows == Info().num_row_ (134070 vs. 67035) : 
Traceback (most recent call last):
  File "D:\my-vue-project\wind-power-forecast\backend-autopredict\auto_scripts\scripts\supershort\train_supershort.py", line 152, in main
    if predictor.train(train_data): # train 方法现在返回 True/False
  File "D:\my-vue-project\wind-power-forecast\backend-autopredict\auto_scripts\scripts\supershort\predictor_model.py", line 207, in train
    self.model.fit(X_train_scaled, y_train)
  File "D:\my-vue-project\wind-power-forecast\backend\wind-power-env\lib\site-packages\xgboost\core.py", line 726, in inner_f
    return func(**kwargs)
  File "D:\my-vue-project\wind-power-forecast\backend\wind-power-env\lib\site-packages\xgboost\sklearn.py", line 1143, in fit
    train_dmatrix, evals = _wrap_evaluation_matrices(
  File "D:\my-vue-project\wind-power-forecast\backend\wind-power-env\lib\site-packages\xgboost\sklearn.py", line 603, in _wrap_evaluation_matrices
    train_dmatrix = create_dmatrix(
  File "D:\my-vue-project\wind-power-forecast\backend\wind-power-env\lib\site-packages\xgboost\sklearn.py", line 1065, in _create_dmatrix
    return QuantileDMatrix(
  File "D:\my-vue-project\wind-power-forecast\backend\wind-power-env\lib\site-packages\xgboost\core.py", line 726, in inner_f
    return func(**kwargs)
  File "D:\my-vue-project\wind-power-forecast\backend\wind-power-env\lib\site-packages\xgboost\core.py", line 1573, in __init__
    self._init(
  File "D:\my-vue-project\wind-power-forecast\backend\wind-power-env\lib\site-packages\xgboost\core.py", line 1634, in _init
    _check_call(ret)
  File "D:\my-vue-project\wind-power-forecast\backend\wind-power-env\lib\site-packages\xgboost\core.py", line 284, in _check_call
    raise XGBoostError(py_str(_LIB.XGBGetLastError()))
xgboost.core.XGBoostError: [20:04:12] C:\buildkite-agent\builds\buildkite-windows-cpu-autoscaling-group-i-08cbc0333d8d4aae1-1\xgboost\xgboost-ci-windows\src\data\iterative_dmatrix.cc:232: Check failed: accumulated_rows == Info().num_row_ (134070 vs. 67035) : 
2025-05-10 20:04:12,464 - INFO - train_supershort.py:145 - 
========== 开始处理训练 Horizon (Shift) = 4 ==========
2025-05-10 20:04:17,163 - INFO - train_supershort.py:158 - Shift=4 的模型成功训练并保存到 D:\my-vue-project\wind-power-forecast\backend-autopredict\auto_scripts\scripts\supershort\saved_models\shift_4
2025-05-10 20:04:17,164 - INFO - train_supershort.py:145 - 
========== 开始处理训练 Horizon (Shift) = 5 ==========
2025-05-10 20:04:21,873 - INFO - train_supershort.py:158 - Shift=5 的模型成功训练并保存到 D:\my-vue-project\wind-power-forecast\backend-autopredict\auto_scripts\scripts\supershort\saved_models\shift_5
2025-05-10 20:04:21,873 - INFO - train_supershort.py:145 - 
========== 开始处理训练 Horizon (Shift) = 6 ==========
2025-05-10 20:04:26,624 - INFO - train_supershort.py:158 - Shift=6 的模型成功训练并保存到 D:\my-vue-project\wind-power-forecast\backend-autopredict\auto_scripts\scripts\supershort\saved_models\shift_6
2025-05-10 20:04:26,625 - INFO - train_supershort.py:145 - 
========== 开始处理训练 Horizon (Shift) = 7 ==========
2025-05-10 20:04:31,518 - INFO - train_supershort.py:158 - Shift=7 的模型成功训练并保存到 D:\my-vue-project\wind-power-forecast\backend-autopredict\auto_scripts\scripts\supershort\saved_models\shift_7
2025-05-10 20:04:31,518 - INFO - train_supershort.py:145 - 
========== 开始处理训练 Horizon (Shift) = 8 ==========
2025-05-10 20:04:36,432 - INFO - train_supershort.py:158 - Shift=8 的模型成功训练并保存到 D:\my-vue-project\wind-power-forecast\backend-autopredict\auto_scripts\scripts\supershort\saved_models\shift_8
2025-05-10 20:04:36,432 - INFO - train_supershort.py:145 - 
========== 开始处理训练 Horizon (Shift) = 9 ==========
2025-05-10 20:04:56,158 - INFO - train_supershort.py:73 - 开始更新本地训练数据集 CSV...
2025-05-10 20:04:56,159 - INFO - data_processor_supershort.py:153 - Starting to check and update supershort training CSV: D:\my-vue-project\wind-power-forecast\backend-autopredict\auto_scripts\scripts\supershort\datasets\training_data_supershort.csv
2025-05-10 20:04:56,160 - INFO - data_processor_supershort.py:182 - Supershort CSV file 'D:\my-vue-project\wind-power-forecast\backend-autopredict\auto_scripts\scripts\supershort\datasets\training_data_supershort.csv' not found. Will attempt to create it from database.
2025-05-10 20:04:56,161 - INFO - data_processor_supershort.py:189 - Querying TrainPreShort for new supershort data...
2025-05-10 20:05:02,004 - INFO - data_processor_supershort.py:198 - Retrieved 67104 new records from TrainPreShort for supershort CSV.
2025-05-10 20:05:02,005 - INFO - data_processor_supershort.py:200 - Querying ActualPower for new supershort data...
2025-05-10 20:05:02,122 - INFO - data_processor_supershort.py:211 - Retrieved 74496 new records from ActualPower for supershort CSV.
2025-05-10 20:05:02,123 - INFO - data_processor_supershort.py:228 - Merging new data for supershort CSV...
2025-05-10 20:05:02,153 - INFO - data_processor_supershort.py:241 - Merged new data for supershort CSV, 67104 new records obtained.
2025-05-10 20:05:02,357 - INFO - data_processor_supershort.py:270 - Writing/Appending 67104 new records to supershort CSV: D:\my-vue-project\wind-power-forecast\backend-autopredict\auto_scripts\scripts\supershort\datasets\training_data_supershort.csv
2025-05-10 20:05:10,934 - INFO - data_processor_supershort.py:274 - Created new supershort CSV 'D:\my-vue-project\wind-power-forecast\backend-autopredict\auto_scripts\scripts\supershort\datasets\training_data_supershort.csv' with 67104 records.
2025-05-10 20:05:10,953 - INFO - train_supershort.py:93 - 从本地CSV文件加载训练数据: D:\my-vue-project\wind-power-forecast\backend-autopredict\auto_scripts\scripts\supershort\datasets\training_data_supershort.csv
2025-05-10 20:05:12,297 - INFO - train_supershort.py:98 - 成功从CSV加载 67104 条记录用于训练。
2025-05-10 20:05:12,298 - INFO - train_supershort.py:117 - 开始预处理训练数据...
2025-05-10 20:05:13,035 - INFO - train_supershort.py:123 - 训练数据预处理完成。
2025-05-10 20:05:13,057 - INFO - train_supershort.py:127 - 
数据总量 (预处理后): 67104
2025-05-10 20:05:13,058 - INFO - train_supershort.py:128 - 训练集大小: 67104 (使用全部加载和预处理后的数据)
2025-05-10 20:05:13,058 - INFO - train_supershort.py:137 - 模型将保存到: D:\my-vue-project\wind-power-forecast\backend-autopredict\auto_scripts\scripts\supershort\saved_models
2025-05-10 20:05:13,058 - INFO - train_supershort.py:145 - 
========== 开始处理训练 Horizon (Shift) = 2 ==========
2025-05-10 20:05:17,967 - INFO - train_supershort.py:158 - Shift=2 的模型成功训练并保存到 D:\my-vue-project\wind-power-forecast\backend-autopredict\auto_scripts\scripts\supershort\saved_models\shift_2
2025-05-10 20:05:17,968 - INFO - train_supershort.py:145 - 
========== 开始处理训练 Horizon (Shift) = 3 ==========
2025-05-10 20:05:22,551 - INFO - train_supershort.py:158 - Shift=3 的模型成功训练并保存到 D:\my-vue-project\wind-power-forecast\backend-autopredict\auto_scripts\scripts\supershort\saved_models\shift_3
2025-05-10 20:05:22,552 - INFO - train_supershort.py:145 - 
========== 开始处理训练 Horizon (Shift) = 4 ==========
2025-05-10 20:05:27,361 - INFO - train_supershort.py:158 - Shift=4 的模型成功训练并保存到 D:\my-vue-project\wind-power-forecast\backend-autopredict\auto_scripts\scripts\supershort\saved_models\shift_4
2025-05-10 20:05:27,361 - INFO - train_supershort.py:145 - 
========== 开始处理训练 Horizon (Shift) = 5 ==========
2025-05-10 20:05:32,127 - INFO - train_supershort.py:158 - Shift=5 的模型成功训练并保存到 D:\my-vue-project\wind-power-forecast\backend-autopredict\auto_scripts\scripts\supershort\saved_models\shift_5
2025-05-10 20:05:32,128 - INFO - train_supershort.py:145 - 
========== 开始处理训练 Horizon (Shift) = 6 ==========
2025-05-10 20:05:36,964 - INFO - train_supershort.py:158 - Shift=6 的模型成功训练并保存到 D:\my-vue-project\wind-power-forecast\backend-autopredict\auto_scripts\scripts\supershort\saved_models\shift_6
2025-05-10 20:05:36,965 - INFO - train_supershort.py:145 - 
========== 开始处理训练 Horizon (Shift) = 7 ==========
2025-05-10 20:05:41,845 - INFO - train_supershort.py:158 - Shift=7 的模型成功训练并保存到 D:\my-vue-project\wind-power-forecast\backend-autopredict\auto_scripts\scripts\supershort\saved_models\shift_7
2025-05-10 20:05:41,845 - INFO - train_supershort.py:145 - 
========== 开始处理训练 Horizon (Shift) = 8 ==========
2025-05-10 20:06:02,794 - INFO - train_supershort.py:158 - Shift=8 的模型成功训练并保存到 D:\my-vue-project\wind-power-forecast\backend-autopredict\auto_scripts\scripts\supershort\saved_models\shift_8
2025-05-10 20:06:02,833 - INFO - train_supershort.py:145 - 
========== 开始处理训练 Horizon (Shift) = 9 ==========
2025-05-10 20:06:23,266 - INFO - train_supershort.py:158 - Shift=9 的模型成功训练并保存到 D:\my-vue-project\wind-power-forecast\backend-autopredict\auto_scripts\scripts\supershort\saved_models\shift_9
2025-05-10 20:06:23,266 - INFO - train_supershort.py:145 - 
========== 开始处理训练 Horizon (Shift) = 10 ==========
2025-05-10 20:06:28,087 - INFO - train_supershort.py:158 - Shift=10 的模型成功训练并保存到 D:\my-vue-project\wind-power-forecast\backend-autopredict\auto_scripts\scripts\supershort\saved_models\shift_10
2025-05-10 20:06:28,087 - INFO - train_supershort.py:145 - 
========== 开始处理训练 Horizon (Shift) = 11 ==========
2025-05-10 20:06:32,890 - INFO - train_supershort.py:158 - Shift=11 的模型成功训练并保存到 D:\my-vue-project\wind-power-forecast\backend-autopredict\auto_scripts\scripts\supershort\saved_models\shift_11
2025-05-10 20:06:32,890 - INFO - train_supershort.py:145 - 
========== 开始处理训练 Horizon (Shift) = 12 ==========
2025-05-10 20:06:37,699 - INFO - train_supershort.py:158 - Shift=12 的模型成功训练并保存到 D:\my-vue-project\wind-power-forecast\backend-autopredict\auto_scripts\scripts\supershort\saved_models\shift_12
2025-05-10 20:06:37,699 - INFO - train_supershort.py:145 - 
========== 开始处理训练 Horizon (Shift) = 13 ==========
2025-05-10 20:06:42,453 - INFO - train_supershort.py:158 - Shift=13 的模型成功训练并保存到 D:\my-vue-project\wind-power-forecast\backend-autopredict\auto_scripts\scripts\supershort\saved_models\shift_13
2025-05-10 20:06:42,453 - INFO - train_supershort.py:145 - 
========== 开始处理训练 Horizon (Shift) = 14 ==========
2025-05-10 20:06:47,107 - INFO - train_supershort.py:158 - Shift=14 的模型成功训练并保存到 D:\my-vue-project\wind-power-forecast\backend-autopredict\auto_scripts\scripts\supershort\saved_models\shift_14
2025-05-10 20:06:47,107 - INFO - train_supershort.py:145 - 
========== 开始处理训练 Horizon (Shift) = 15 ==========
2025-05-10 20:06:51,783 - INFO - train_supershort.py:158 - Shift=15 的模型成功训练并保存到 D:\my-vue-project\wind-power-forecast\backend-autopredict\auto_scripts\scripts\supershort\saved_models\shift_15
2025-05-10 20:06:51,783 - INFO - train_supershort.py:145 - 
========== 开始处理训练 Horizon (Shift) = 16 ==========
2025-05-10 20:06:56,665 - INFO - train_supershort.py:158 - Shift=16 的模型成功训练并保存到 D:\my-vue-project\wind-power-forecast\backend-autopredict\auto_scripts\scripts\supershort\saved_models\shift_16
2025-05-10 20:06:56,665 - INFO - train_supershort.py:145 - 
========== 开始处理训练 Horizon (Shift) = 17 ==========
2025-05-10 20:07:01,338 - INFO - train_supershort.py:158 - Shift=17 的模型成功训练并保存到 D:\my-vue-project\wind-power-forecast\backend-autopredict\auto_scripts\scripts\supershort\saved_models\shift_17
2025-05-10 20:07:01,338 - INFO - train_supershort.py:166 - 
========== 训练过程完成 ==========
2025-05-10 20:07:01,338 - INFO - train_supershort.py:167 - 总共成功训练并保存了 16 个模型。
2025-05-10 20:07:01,338 - INFO - train_supershort.py:175 - 成功训练并保存了所有预期的 16/16 个模型。
2025-05-10 20:07:01,360 - INFO - train_supershort.py:180 - TRAIN_SUPERSHORT.PY SCRIPT IS TRULY FINISHING NOW AND EXITING.
