2025-04-03 09:38:19,754 - 
================================================================================
2025-04-03 09:38:19,754 - >>> 开始参数优化 <<<
2025-04-03 09:38:19,754 - ================================================================================

2025-04-03 09:38:19,754 - 开始LightGBM参数优化流程
2025-04-03 09:38:19,754 - 找到最新的数据文件: D:\my-vue-project\wind-power-forecast\backend\auto_scripts\dataset\dataset_middle\20250325.csv
2025-04-03 09:38:19,754 - 加载数据: D:\my-vue-project\wind-power-forecast\backend\auto_scripts\dataset\dataset_middle\20250325.csv
2025-04-03 09:38:20,484 - 数据加载完成，共 38172 条记录
2025-04-03 09:38:20,519 - 数据集划分完成，训练集: (34354, 304), 验证集: (3818, 304)
2025-04-03 09:38:20,758 - 特征工程完成，训练特征: (34351, 859), 验证特征: (3815, 859)
2025-04-03 09:38:21,060 - 数据标准化完成
2025-04-03 09:38:21,719 - 时间窗口创建完成，训练窗口: (34336, 16, 859), 验证窗口: (3800, 16, 859)
2025-04-03 09:38:21,719 - 调整时间戳长度与验证集窗口匹配: 3800
2025-04-03 09:38:21,719 - 当前参数版本: 20250321
2025-04-03 09:38:21,719 - 
================================================================================
2025-04-03 09:38:21,719 - >>> 优化 GBDT 算法参数 <<<
2025-04-03 09:38:21,719 - ================================================================================

2025-04-03 09:38:21,719 - 开始优化 GBDT 算法参数
2025-04-03 09:38:21,719 - 使用当前参数训练 GBDT 模型作为基准
2025-04-03 09:39:09,532 - 当前 GBDT 参数基准分数: score=0.7956, rmse=46.2606, k=0.6942
2025-04-03 09:39:09,532 - 开始 GBDT 的参数随机搜索
2025-04-03 09:39:09,908 - 开始为 GBDT 进行随机参数搜索 (10 次迭代)
2025-04-03 09:40:30,889 - [GBDT] 迭代 1/10: score=0.6891, rmse=95.6306, k=0.5890, 用时=80.98秒
2025-04-03 09:40:30,889 - [GBDT] 新的最佳分数: 0.6891, 参数: {'objective': 'regression', 'metric': 'rmse', 'random_state': 42, 'verbose': -1, 'boosting_type': 'gbdt', 'name': 'GBDT', 'device': 'gpu', 'gpu_platform_id': 0, 'gpu_device_id': 0, 'gpu_use_dp': False, 'num_leaves': np.int64(90), 'learning_rate': np.float64(0.01), 'feature_fraction': np.float64(0.9), 'max_depth': np.int64(9), 'n_estimators': np.int64(90)}
2025-04-03 09:41:09,310 - [GBDT] 迭代 2/10: score=0.7638, rmse=65.7779, k=0.6726, 用时=38.42秒
2025-04-03 09:41:09,314 - [GBDT] 新的最佳分数: 0.7638, 参数: {'objective': 'regression', 'metric': 'rmse', 'random_state': 42, 'verbose': -1, 'boosting_type': 'gbdt', 'name': 'GBDT', 'device': 'gpu', 'gpu_platform_id': 0, 'gpu_device_id': 0, 'gpu_use_dp': False, 'num_leaves': np.int64(40), 'learning_rate': np.float64(0.1), 'feature_fraction': np.float64(0.6), 'max_depth': np.int64(5), 'n_estimators': np.int64(90)}
2025-04-03 09:41:59,060 - [GBDT] 迭代 3/10: score=0.7446, rmse=74.1226, k=0.6526, 用时=49.75秒
2025-04-03 09:42:45,793 - 
================================================================================
2025-04-03 09:42:45,793 - >>> 开始参数优化 <<<
2025-04-03 09:42:45,793 - ================================================================================

2025-04-03 09:42:45,793 - 开始LightGBM参数优化流程
2025-04-03 09:42:45,793 - 找到最新的数据文件: D:\my-vue-project\wind-power-forecast\backend\auto_scripts\dataset\dataset_middle\20250325.csv
2025-04-03 09:42:45,793 - 加载数据: D:\my-vue-project\wind-power-forecast\backend\auto_scripts\dataset\dataset_middle\20250325.csv
2025-04-03 09:42:46,486 - 数据加载完成，共 38172 条记录
2025-04-03 09:42:46,520 - 数据集划分完成，训练集: (34354, 304), 验证集: (3818, 304)
2025-04-03 09:42:46,759 - 特征工程完成，训练特征: (34351, 859), 验证特征: (3815, 859)
2025-04-03 09:42:47,052 - 数据标准化完成
2025-04-03 09:42:47,719 - 时间窗口创建完成，训练窗口: (34336, 16, 859), 验证窗口: (3800, 16, 859)
2025-04-03 09:42:47,719 - 调整时间戳长度与验证集窗口匹配: 3800
2025-04-03 09:42:47,719 - 当前参数版本: 20250321
2025-04-03 09:42:47,719 - 
================================================================================
2025-04-03 09:42:47,719 - >>> 优化 GBDT 算法参数 <<<
2025-04-03 09:42:47,719 - ================================================================================

2025-04-03 09:42:47,719 - 开始优化 GBDT 算法参数
2025-04-03 09:42:47,719 - 使用当前参数训练 GBDT 模型作为基准
2025-04-03 09:43:33,933 - 当前 GBDT 参数基准分数: score=0.7956, rmse=46.2606, k=0.6942
2025-04-03 09:43:33,933 - 开始 GBDT 的参数随机搜索
2025-04-03 09:43:34,287 - 开始为 GBDT 进行随机参数搜索 (10 次迭代)
2025-04-03 09:44:04,332 - [GBDT] 迭代 1/10: score=0.7508, rmse=69.9884, k=0.6558, 用时=30.04秒
2025-04-03 09:44:04,332 - [GBDT] 新的最佳分数: 0.7508, 参数: {'objective': 'regression', 'metric': 'rmse', 'random_state': 42, 'verbose': -1, 'boosting_type': 'gbdt', 'name': 'GBDT', 'device': 'gpu', 'gpu_platform_id': 0, 'gpu_device_id': 0, 'gpu_use_dp': False, 'num_leaves': np.int64(40), 'learning_rate': np.float64(0.2), 'feature_fraction': np.float64(0.6), 'max_depth': np.int64(4), 'n_estimators': np.int64(90)}
2025-04-03 09:44:50,240 - [GBDT] 迭代 2/10: score=0.7458, rmse=73.6061, k=0.6538, 用时=45.91秒
2025-04-03 09:45:41,540 - [GBDT] 迭代 3/10: score=0.7443, rmse=73.0755, k=0.6498, 用时=51.30秒
2025-04-03 09:46:34,055 - [GBDT] 迭代 4/10: score=0.7657, rmse=66.0557, k=0.6770, 用时=52.51秒
2025-04-03 09:46:34,060 - [GBDT] 新的最佳分数: 0.7657, 参数: {'objective': 'regression', 'metric': 'rmse', 'random_state': 42, 'verbose': -1, 'boosting_type': 'gbdt', 'name': 'GBDT', 'device': 'gpu', 'gpu_platform_id': 0, 'gpu_device_id': 0, 'gpu_use_dp': False, 'num_leaves': np.int64(30), 'learning_rate': np.float64(0.1), 'feature_fraction': np.float64(0.8), 'max_depth': np.int64(5), 'n_estimators': np.int64(70)}
2025-04-03 09:47:51,560 - [GBDT] 迭代 5/10: score=0.6461, rmse=109.4471, k=0.5335, 用时=77.50秒
2025-04-03 09:48:51,186 - [GBDT] 迭代 6/10: score=0.7424, rmse=73.4362, k=0.6467, 用时=59.63秒
2025-04-03 09:50:00,386 - [GBDT] 迭代 7/10: score=0.7651, rmse=66.8390, k=0.6776, 用时=69.20秒
2025-04-03 09:51:11,966 - [GBDT] 迭代 8/10: score=0.7409, rmse=76.7323, k=0.6510, 用时=71.58秒
2025-04-03 09:53:09,367 - [GBDT] 迭代 9/10: score=0.7500, rmse=70.8857, k=0.6564, 用时=117.40秒
2025-04-03 09:54:47,596 - [GBDT] 迭代 10/10: score=0.6689, rmse=102.4207, k=0.5636, 用时=98.23秒
2025-04-03 09:54:47,596 - 发现更好的模型类型: GBDT, 分数: 0.7657
2025-04-03 09:54:47,657 - 找到 GBDT 的最佳参数: {'objective': 'regression', 'metric': 'rmse', 'random_state': 42, 'verbose': -1, 'boosting_type': 'gbdt', 'name': 'GBDT', 'device': 'gpu', 'gpu_platform_id': 0, 'gpu_device_id': 0, 'gpu_use_dp': False, 'num_leaves': np.int64(30), 'learning_rate': np.float64(0.1), 'feature_fraction': np.float64(0.8), 'max_depth': np.int64(5), 'n_estimators': np.int64(70)}
2025-04-03 09:56:54,993 - 新 GBDT 参数评分: score=0.7945, rmse=47.0688, k=0.6937
2025-04-03 09:56:54,993 - 
================================================================================
2025-04-03 09:56:54,993 - >>> 优化 DART 算法参数 <<<
2025-04-03 09:56:54,993 - ================================================================================

2025-04-03 09:56:54,993 - 开始优化 DART 算法参数
2025-04-03 09:56:54,993 - 使用当前参数训练 DART 模型作为基准
2025-04-03 09:58:41,517 - 当前 DART 参数基准分数: score=0.7903, rmse=59.3663, k=0.7118
2025-04-03 09:58:41,517 - 开始 DART 的参数随机搜索
2025-04-03 09:58:41,946 - 开始为 DART 进行随机参数搜索 (10 次迭代)
2025-04-03 09:59:57,366 - [DART] 迭代 1/10: score=0.7425, rmse=76.5795, k=0.6538, 用时=75.42秒
2025-04-03 09:59:57,366 - [DART] 新的最佳分数: 0.7425, 参数: {'objective': 'regression', 'metric': 'rmse', 'random_state': 42, 'verbose': -1, 'boosting_type': 'dart', 'name': 'DART', 'device': 'gpu', 'gpu_platform_id': 0, 'gpu_device_id': 0, 'gpu_use_dp': False, 'num_leaves': np.int64(20), 'learning_rate': np.float64(0.1), 'feature_fraction': np.float64(0.7), 'max_depth': np.int64(3), 'n_estimators': np.int64(90), 'drop_rate': np.float64(0.2), 'skip_drop': np.float64(0.7)}
2025-04-03 10:01:46,450 - [DART] 迭代 2/10: score=0.6797, rmse=100.8474, k=0.5818, 用时=109.08秒
2025-04-03 10:03:56,316 - [DART] 迭代 3/10: score=0.7193, rmse=86.1630, k=0.6285, 用时=129.86秒
2025-04-03 10:05:36,907 - [DART] 迭代 4/10: score=0.7014, rmse=92.5701, k=0.6068, 用时=100.59秒
2025-04-03 10:07:57,678 - [DART] 迭代 5/10: score=0.6193, rmse=122.1903, k=0.5081, 用时=140.77秒
2025-04-03 10:10:11,957 - [DART] 迭代 6/10: score=0.7097, rmse=89.1185, k=0.6160, 用时=134.28秒
2025-04-03 10:12:16,071 - [DART] 迭代 7/10: score=0.7489, rmse=74.0711, k=0.6612, 用时=124.11秒
2025-04-03 10:12:16,074 - [DART] 新的最佳分数: 0.7489, 参数: {'objective': 'regression', 'metric': 'rmse', 'random_state': 42, 'verbose': -1, 'boosting_type': 'dart', 'name': 'DART', 'device': 'gpu', 'gpu_platform_id': 0, 'gpu_device_id': 0, 'gpu_use_dp': False, 'num_leaves': np.int64(90), 'learning_rate': np.float64(0.2), 'feature_fraction': np.float64(0.7), 'max_depth': np.int64(3), 'n_estimators': np.int64(150), 'drop_rate': np.float64(0.3), 'skip_drop': np.float64(0.5)}
2025-04-03 17:59:27,953 - 
================================================================================
2025-04-03 17:59:27,953 - >>> 开始参数优化 <<<
2025-04-03 17:59:27,953 - ================================================================================

2025-04-03 17:59:27,954 - 开始LightGBM参数优化流程
2025-04-03 17:59:27,954 - 找到最新的数据文件: D:\my-vue-project\wind-power-forecast\backend\auto_scripts\dataset\dataset_middle\20250325.csv
2025-04-03 17:59:27,954 - 加载数据: D:\my-vue-project\wind-power-forecast\backend\auto_scripts\dataset\dataset_middle\20250325.csv
2025-04-03 17:59:28,664 - 数据加载完成，共 38172 条记录
2025-04-03 17:59:28,697 - 数据集划分完成，训练集: (34354, 304), 验证集: (3818, 304)
2025-04-03 17:59:28,967 - 特征工程完成，训练特征: (34351, 859), 验证特征: (3815, 859)
2025-04-03 17:59:29,284 - 数据标准化完成
2025-04-03 17:59:29,968 - 时间窗口创建完成，训练窗口: (34336, 16, 859), 验证窗口: (3800, 16, 859)
2025-04-03 17:59:29,968 - 调整时间戳长度与验证集窗口匹配: 3800
2025-04-03 17:59:29,968 - 当前参数版本: 20250321
2025-04-03 17:59:29,968 - 
================================================================================
2025-04-03 17:59:29,968 - >>> 优化 GBDT 算法参数 <<<
2025-04-03 17:59:29,968 - ================================================================================

2025-04-03 17:59:29,968 - 开始优化 GBDT 算法参数
2025-04-03 17:59:29,968 - 使用当前参数训练 GBDT 模型作为基准
2025-04-03 18:00:18,276 - 当前 GBDT 参数基准分数: score=0.7956, rmse=46.2606, k=0.6942
2025-04-03 18:00:18,277 - 开始 GBDT 的参数随机搜索
2025-04-03 18:00:18,667 - 开始为 GBDT 进行随机参数搜索 (10 次迭代)
