2025-03-27 23:21:39,367 - 
================================================================================
2025-03-27 23:21:39,367 - >>> 开始参数优化 <<<
2025-03-27 23:21:39,367 - ================================================================================

2025-03-27 23:21:39,367 - 开始LightGBM参数优化流程
2025-03-27 23:21:39,367 - 找到最新的数据文件: D:\my-vue-project\wind-power-forecast\backend\auto_scripts\dataset\dataset_middle\20250325.csv
2025-03-27 23:21:39,367 - 加载数据: D:\my-vue-project\wind-power-forecast\backend\auto_scripts\dataset\dataset_middle\20250325.csv
2025-03-27 23:21:40,050 - 数据加载完成，共 38172 条记录
2025-03-27 23:21:40,082 - 数据集划分完成，训练集: (34354, 304), 验证集: (3818, 304)
2025-03-27 23:21:40,319 - 特征工程完成，训练特征: (34351, 859), 验证特征: (3815, 859)
2025-03-27 23:21:40,642 - 数据标准化完成
2025-03-27 23:21:41,320 - 时间窗口创建完成，训练窗口: (34336, 16, 859), 验证窗口: (3800, 16, 859)
2025-03-27 23:21:41,321 - 调整时间戳长度与验证集窗口匹配: 3800
2025-03-27 23:21:41,321 - 当前参数版本: 20250321
2025-03-27 23:21:41,321 - 
================================================================================
2025-03-27 23:21:41,321 - >>> 优化 GBDT 算法参数 <<<
2025-03-27 23:21:41,321 - ================================================================================

2025-03-27 23:21:41,321 - 开始优化 GBDT 算法参数
2025-03-27 23:21:41,321 - 使用当前参数训练 GBDT 模型作为基准
2025-03-27 23:22:27,496 - 当前 GBDT 参数基准分数: score=0.7956, rmse=46.2606, k=0.6942
2025-03-27 23:22:27,497 - 开始 GBDT 的参数随机搜索
2025-03-27 23:22:27,888 - 开始为 GBDT 进行随机参数搜索 (10 次迭代)
2025-03-27 23:23:01,485 - [GBDT] 迭代 1/10: score=0.7634, rmse=65.5246, k=0.6712, 用时=33.60秒
2025-03-27 23:23:01,485 - [GBDT] 新的最佳分数: 0.7634, 参数: {'objective': 'regression', 'metric': 'rmse', 'random_state': 42, 'verbose': -1, 'boosting_type': 'gbdt', 'name': 'GBDT', 'device': 'gpu', 'gpu_platform_id': 0, 'gpu_device_id': 0, 'gpu_use_dp': False, 'num_leaves': np.int64(70), 'learning_rate': np.float64(0.1), 'feature_fraction': np.float64(0.8), 'max_depth': np.int64(5), 'n_estimators': np.int64(150)}
2025-03-27 23:23:45,302 - [GBDT] 迭代 2/10: score=0.7358, rmse=79.7098, k=0.6473, 用时=43.82秒
2025-03-27 23:24:41,104 - [GBDT] 迭代 3/10: score=0.7326, rmse=78.7035, k=0.6388, 用时=55.80秒
2025-03-27 23:25:35,071 - [GBDT] 迭代 4/10: score=0.7612, rmse=68.0968, k=0.6726, 用时=53.97秒
2025-03-27 23:26:30,759 - [GBDT] 迭代 5/10: score=0.7372, rmse=75.7695, k=0.6415, 用时=55.69秒
2025-03-27 23:27:33,561 - [GBDT] 迭代 6/10: score=0.7460, rmse=71.9448, k=0.6507, 用时=62.80秒
