2025-03-24 09:28:45,118 - 
================================================================================
2025-03-24 09:28:45,119 - >>> 自动训练预测系统启动 <<<
2025-03-24 09:28:45,119 - ================================================================================

2025-03-24 09:28:45,119 - 自动训练预测系统启动
2025-03-24 09:28:45,119 - 今天的日期是: 20250324
2025-03-24 09:28:45,119 - 创建监视线程...
2025-03-24 09:28:45,119 - 启动训练线程...
2025-03-24 09:28:45,119 - 启动预测线程...
2025-03-24 09:28:45,119 - 
================================================================================
2025-03-24 09:28:45,120 - >>> 启动训练监视线程 <<<
2025-03-24 09:28:45,120 - ================================================================================

2025-03-24 09:28:45,120 - 等待线程完成...
2025-03-24 09:28:45,120 - 
================================================================================
2025-03-24 09:28:45,120 - 启动训练监视线程
2025-03-24 09:28:45,120 - >>> 启动预测监视线程 <<<
2025-03-24 09:28:45,120 - ================================================================================

2025-03-24 09:28:45,120 - 启动预测监视线程
2025-03-24 09:28:45,121 - 训练文件路径: D:\my-vue-project\wind-power-forecast\backend\auto_scripts\dataset\dataset_short\20250324.csv
2025-03-24 09:28:45,121 - 模型存储目录: D:\my-vue-project\wind-power-forecast\backend\auto_scripts\models\shortmodel\20250324
2025-03-24 09:28:45,121 - 训练完成标志文件: D:\my-vue-project\wind-power-forecast\backend\auto_scripts\scripts\short\logs\auto_pre_train\20250324_train_done.flag
2025-03-24 09:28:45,121 - 开始监视 D:\my-vue-project\wind-power-forecast\backend\auto_scripts\dataset\dataset_short 文件夹以进行训练...
2025-03-24 09:28:45,121 - 预测数据文件路径: D:\my-vue-project\wind-power-forecast\backend\auto_scripts\precsv\shortcsv\20250324.csv
2025-03-24 09:28:45,121 - 模型目录: D:\my-vue-project\wind-power-forecast\backend\auto_scripts\models\shortmodel\20250324
2025-03-24 09:28:45,121 - 预测完成标志文件: D:\my-vue-project\wind-power-forecast\backend\auto_scripts\scripts\short\logs\auto_pre_train\20250324_predict_done.flag
2025-03-24 09:28:45,121 - 开始监视 D:\my-vue-project\wind-power-forecast\backend\auto_scripts\precsv\shortcsv 文件夹以进行预测...
2025-03-24 09:28:45,121 - ❌ 未找到训练 CSV 文件: D:\my-vue-project\wind-power-forecast\backend\auto_scripts\dataset\dataset_short\20250324.csv，等待 30 秒后重试...
2025-03-24 09:28:45,121 - 检查模型目录: D:\my-vue-project\wind-power-forecast\backend\auto_scripts\models\shortmodel\20250324
2025-03-24 09:28:45,121 - 未找到best_models目录，检查传统模型文件
2025-03-24 09:28:45,122 - 未找到任何可用模型文件
2025-03-24 09:28:45,122 - ⏳ 未有可用模型，等待模型训练完成...
2025-03-24 09:29:15,135 - 检查模型目录: D:\my-vue-project\wind-power-forecast\backend\auto_scripts\models\shortmodel\20250324
2025-03-24 09:29:15,136 - ❌ 未找到训练 CSV 文件: D:\my-vue-project\wind-power-forecast\backend\auto_scripts\dataset\dataset_short\20250324.csv，等待 30 秒后重试...
2025-03-24 09:29:15,137 - 未找到best_models目录，检查传统模型文件
2025-03-24 09:29:15,137 - 未找到任何可用模型文件
2025-03-24 09:29:15,137 - ⏳ 未有可用模型，等待模型训练完成...
2025-03-24 09:29:45,146 - 检查模型目录: D:\my-vue-project\wind-power-forecast\backend\auto_scripts\models\shortmodel\20250324
2025-03-24 09:29:45,146 - ❌ 未找到训练 CSV 文件: D:\my-vue-project\wind-power-forecast\backend\auto_scripts\dataset\dataset_short\20250324.csv，等待 30 秒后重试...
2025-03-24 09:29:45,146 - 未找到best_models目录，检查传统模型文件
2025-03-24 09:29:45,147 - 未找到任何可用模型文件
2025-03-24 09:29:45,147 - ⏳ 未有可用模型，等待模型训练完成...
2025-03-24 09:30:15,149 - 检查模型目录: D:\my-vue-project\wind-power-forecast\backend\auto_scripts\models\shortmodel\20250324
2025-03-24 09:30:15,149 - ❌ 未找到训练 CSV 文件: D:\my-vue-project\wind-power-forecast\backend\auto_scripts\dataset\dataset_short\20250324.csv，等待 30 秒后重试...
2025-03-24 09:30:15,149 - 未找到best_models目录，检查传统模型文件
2025-03-24 09:30:15,150 - 未找到任何可用模型文件
2025-03-24 09:30:15,150 - ⏳ 未有可用模型，等待模型训练完成...
2025-03-24 09:30:45,161 - 检查模型目录: D:\my-vue-project\wind-power-forecast\backend\auto_scripts\models\shortmodel\20250324
2025-03-24 09:30:45,161 - ❌ 未找到训练 CSV 文件: D:\my-vue-project\wind-power-forecast\backend\auto_scripts\dataset\dataset_short\20250324.csv，等待 30 秒后重试...
2025-03-24 09:30:45,161 - 未找到best_models目录，检查传统模型文件
2025-03-24 09:30:45,162 - 未找到任何可用模型文件
2025-03-24 09:30:45,162 - ⏳ 未有可用模型，等待模型训练完成...
2025-03-24 09:31:15,171 - 检查模型目录: D:\my-vue-project\wind-power-forecast\backend\auto_scripts\models\shortmodel\20250324
2025-03-24 09:31:15,171 - ❌ 未找到训练 CSV 文件: D:\my-vue-project\wind-power-forecast\backend\auto_scripts\dataset\dataset_short\20250324.csv，等待 30 秒后重试...
2025-03-24 09:31:15,171 - 未找到best_models目录，检查传统模型文件
2025-03-24 09:31:15,171 - 未找到任何可用模型文件
2025-03-24 09:31:15,171 - ⏳ 未有可用模型，等待模型训练完成...
2025-03-24 09:31:45,183 - 检查模型目录: D:\my-vue-project\wind-power-forecast\backend\auto_scripts\models\shortmodel\20250324
2025-03-24 09:31:45,183 - ❌ 未找到训练 CSV 文件: D:\my-vue-project\wind-power-forecast\backend\auto_scripts\dataset\dataset_short\20250324.csv，等待 30 秒后重试...
2025-03-24 09:31:45,183 - 未找到best_models目录，检查传统模型文件
2025-03-24 09:31:45,183 - 未找到任何可用模型文件
2025-03-24 09:31:45,183 - ⏳ 未有可用模型，等待模型训练完成...
2025-03-24 09:32:15,196 - 检查模型目录: D:\my-vue-project\wind-power-forecast\backend\auto_scripts\models\shortmodel\20250324
2025-03-24 09:32:15,196 - ❌ 未找到训练 CSV 文件: D:\my-vue-project\wind-power-forecast\backend\auto_scripts\dataset\dataset_short\20250324.csv，等待 30 秒后重试...
2025-03-24 09:32:15,196 - 未找到best_models目录，检查传统模型文件
2025-03-24 09:32:15,197 - 未找到任何可用模型文件
2025-03-24 09:32:15,197 - ⏳ 未有可用模型，等待模型训练完成...
2025-03-24 09:32:45,202 - 检查模型目录: D:\my-vue-project\wind-power-forecast\backend\auto_scripts\models\shortmodel\20250324
2025-03-24 09:32:45,202 - ❌ 未找到训练 CSV 文件: D:\my-vue-project\wind-power-forecast\backend\auto_scripts\dataset\dataset_short\20250324.csv，等待 30 秒后重试...
2025-03-24 09:32:45,203 - 未找到best_models目录，检查传统模型文件
2025-03-24 09:32:45,204 - 未找到任何可用模型文件
2025-03-24 09:32:45,204 - ⏳ 未有可用模型，等待模型训练完成...
2025-03-24 09:33:15,217 - 检查模型目录: D:\my-vue-project\wind-power-forecast\backend\auto_scripts\models\shortmodel\20250324
2025-03-24 09:33:15,217 - ✅ 发现新的训练文件：D:\my-vue-project\wind-power-forecast\backend\auto_scripts\dataset\dataset_short\20250324.csv，执行训练...
2025-03-24 09:33:15,217 - 
================================================================================
2025-03-24 09:33:15,217 - 未找到best_models目录，检查传统模型文件
2025-03-24 09:33:15,218 - >>> 开始模型训练 <<<
2025-03-24 09:33:15,218 - ================================================================================

2025-03-24 09:33:15,218 - 配置信息:
2025-03-24 09:33:15,218 - 未找到任何可用模型文件
2025-03-24 09:33:15,218 -   - 窗口大小: 16
2025-03-24 09:33:15,218 - ⏳ 未有可用模型，等待模型训练完成...
2025-03-24 09:33:15,218 -   - 滞后特征数: 4
2025-03-24 09:33:15,218 -   - 训练集比例: 0.9
2025-03-24 09:33:15,218 -   - 输出目录: D:\my-vue-project\wind-power-forecast\backend\auto_scripts\train_predictions\short_predictions
2025-03-24 09:33:15,219 -   - 模型存储路径: D:\my-vue-project\wind-power-forecast\backend\auto_scripts\models\shortmodel\20250324
2025-03-24 09:33:15,219 - 输出结果将保存到: D:\my-vue-project\wind-power-forecast\backend\auto_scripts\train_predictions\short_predictions
2025-03-24 09:33:15,219 - 
================================================================================
2025-03-24 09:33:15,219 - >>> 数据加载与预处理 <<<
2025-03-24 09:33:15,219 - ================================================================================

2025-03-24 09:33:15,219 - 加载数据文件: D:\my-vue-project\wind-power-forecast\backend\auto_scripts\dataset\dataset_short\20250324.csv
2025-03-24 09:33:15,219 - 开始加载和预处理数据...
2025-03-24 09:33:15,431 - 数据加载完成，共 2973 条记录
2025-03-24 09:33:15,471 - 数据前5行预览: 
        Timestamp    129.128_1    129.128_2  ...  ws200_15  wp_true    ws_all
0  2024/3/18 0:00  15974.26563  16293.82813  ...  9.731182   227.36  8.047185
1  2024/3/18 0:15  15974.26563  16293.82813  ...  9.603328   247.36  8.295189
2  2024/3/18 0:30  15974.26563  16293.82813  ...  9.476844   255.30  8.392767
3  2024/3/18 0:45  15974.26563  16293.82813  ...  9.351785   267.26  8.539846
4  2024/3/18 1:00  15974.26563  16293.82813  ...  9.228210   279.18  8.687130

[5 rows x 303 columns]
2025-03-24 09:33:15,476 - 数据集时间范围: 2024-03-18 至 2024-04-17, 共 1 个月
2025-03-24 09:33:15,476 - 根据数据集实际时间范围(1个月)，优化months_list: [1, 3, 6, 9, 12, None] -> [1, None]
2025-03-24 09:33:15,476 - 将使用以下时间段训练模型: [1, None]
2025-03-24 09:33:15,476 - 
================================================================================
2025-03-24 09:33:15,476 - >>> 开始多数据集训练 <<<
2025-03-24 09:33:15,476 - ================================================================================

2025-03-24 09:33:15,476 - 将使用多种时间跨度的数据训练模型...
2025-03-24 09:33:15,476 - 
--------------------------------------------------
【使用多个数据集训练模型】
--------------------------------------------------
2025-03-24 09:33:15,477 - 最佳模型将保存到: D:\my-vue-project\wind-power-forecast\backend\auto_scripts\models\shortmodel\20250324\best_models
2025-03-24 09:33:15,477 - 获取统一参数成功，包含 3 种模型类型
2025-03-24 09:33:15,478 - 
--------------------------------------------------
【训练数据集: 1个月】
--------------------------------------------------
2025-03-24 09:33:15,478 - 使用1个月的数据进行训练...
2025-03-24 09:33:15,478 - 过滤数据为最近1个月...
2025-03-24 09:33:15,480 - 过滤后的数据量: 2973
2025-03-24 09:33:15,482 - 对1个月数据进行预处理...
2025-03-24 09:33:15,491 - 预处理后的特征维度: (2973, 304), 目标变量维度: (2973,)
2025-03-24 09:33:15,491 - 数据集划分完成，训练集: (2675, 304), 验证集: (298, 304)
2025-03-24 09:33:15,491 - 提取了 298 个验证集时间戳，用于时间加权评估
2025-03-24 09:33:15,491 - 执行特征工程，滞后特征数: 4...
2025-03-24 09:33:15,583 - 特征工程后的特征维度 - 训练集: (2672, 859), 验证集: (295, 859)
2025-03-24 09:33:15,584 - 数据标准化...
2025-03-24 09:33:15,648 - 数据标准化完成
2025-03-24 09:33:15,648 - 创建时间窗口，窗口大小: 16...
2025-03-24 09:33:15,746 - 时间窗口创建完成 - 训练集: (2657, 16, 859), 验证集: (280, 16, 859)
2025-03-24 09:33:15,746 - 调整时间戳长度以匹配窗口化后的验证集 - 原始长度: 298, 目标长度: 280
2025-03-24 09:33:15,746 - 时间戳已截断至匹配窗口化后的验证集长度: 280
2025-03-24 09:33:15,748 - 为1个月数据创建模型目录: D:\my-vue-project\wind-power-forecast\backend\auto_scripts\models\shortmodel\20250324\1months
2025-03-24 09:33:15,748 - 开始训练1个月数据的模型...
2025-03-24 09:33:15,748 - 
--------------------------------------------------
【开始模型训练与评估】
--------------------------------------------------
2025-03-24 09:33:15,749 - 模型和 scaler 将被保存到目录: D:\my-vue-project\wind-power-forecast\backend\auto_scripts\models\shortmodel\20250324\1months
2025-03-24 09:33:15,749 - 
--------------------------------------------------
【训练 GBDT 模型】
--------------------------------------------------
2025-03-24 09:33:15,749 - 模型参数: {'boosting_type': 'gbdt', 'objective': 'regression', 'metric': 'rmse', 'num_leaves': 31, 'learning_rate': 0.05, 'feature_fraction': 0.9, 'name': 'GBDT'}
2025-03-24 09:33:15,749 - 开始训练 GBDT 模型...
2025-03-24 09:33:45,228 - 检查模型目录: D:\my-vue-project\wind-power-forecast\backend\auto_scripts\models\shortmodel\20250324
2025-03-24 09:33:45,228 - 发现best_models目录: D:\my-vue-project\wind-power-forecast\backend\auto_scripts\models\shortmodel\20250324\best_models
2025-03-24 09:33:45,229 - 未找到GBDT模型文件
2025-03-24 09:33:45,229 - 未找到DART模型文件
2025-03-24 09:33:45,229 - 未找到GOSS模型文件
2025-03-24 09:33:45,230 - 未找到任何可用模型文件
2025-03-24 09:33:45,230 - ⏳ 未有可用模型，等待模型训练完成...
2025-03-24 09:33:59,116 - GBDT 模型训练完成
2025-03-24 09:33:59,116 - 使用 GBDT 模型预测验证集...
2025-03-24 09:33:59,126 - 使用时间加权方式计算模型评分...
2025-03-24 09:33:59,129 - GBDT 评估结果 - RMSE: 67.1426, K: 0.4608, 加权评分: 0.6513
2025-03-24 09:33:59,129 - ✅ GBDT 成为当前最佳模型 (基于加权评分)
2025-03-24 09:33:59,140 - GBDT 模型已保存到 D:\my-vue-project\wind-power-forecast\backend\auto_scripts\models\shortmodel\20250324\1months\GBDT.joblib
2025-03-24 09:33:59,140 - 
--------------------------------------------------
【训练 DART 模型】
--------------------------------------------------
2025-03-24 09:33:59,140 - 模型参数: {'boosting_type': 'dart', 'objective': 'regression', 'metric': 'rmse', 'num_leaves': 31, 'learning_rate': 0.05, 'feature_fraction': 0.9, 'drop_rate': 0.1, 'name': 'DART'}
2025-03-24 09:33:59,141 - 开始训练 DART 模型...
2025-03-24 09:34:15,239 - 检查模型目录: D:\my-vue-project\wind-power-forecast\backend\auto_scripts\models\shortmodel\20250324
2025-03-24 09:34:15,240 - 发现best_models目录: D:\my-vue-project\wind-power-forecast\backend\auto_scripts\models\shortmodel\20250324\best_models
2025-03-24 09:34:15,240 - 未找到GBDT模型文件
2025-03-24 09:34:15,240 - 未找到DART模型文件
2025-03-24 09:34:15,241 - 未找到GOSS模型文件
2025-03-24 09:34:15,241 - 未找到任何可用模型文件
2025-03-24 09:34:15,241 - ⏳ 未有可用模型，等待模型训练完成...
2025-03-24 09:34:43,146 - DART 模型训练完成
2025-03-24 09:34:43,146 - 使用 DART 模型预测验证集...
2025-03-24 09:34:43,156 - 使用时间加权方式计算模型评分...
2025-03-24 09:34:43,158 - DART 评估结果 - RMSE: 62.3280, K: 0.6255, 加权评分: 0.7416
2025-03-24 09:34:43,158 - ✅ DART 成为当前最佳模型 (基于加权评分)
2025-03-24 09:34:43,170 - DART 模型已保存到 D:\my-vue-project\wind-power-forecast\backend\auto_scripts\models\shortmodel\20250324\1months\DART.joblib
2025-03-24 09:34:43,170 - 
--------------------------------------------------
【训练 GOSS 模型】
--------------------------------------------------
2025-03-24 09:34:43,170 - 模型参数: {'boosting_type': 'goss', 'objective': 'regression', 'metric': 'rmse', 'num_leaves': 31, 'learning_rate': 0.05, 'feature_fraction': 0.9, 'top_rate': 0.2, 'other_rate': 0.1, 'name': 'GOSS'}
2025-03-24 09:34:43,170 - 开始训练 GOSS 模型...
2025-03-24 09:34:45,256 - 检查模型目录: D:\my-vue-project\wind-power-forecast\backend\auto_scripts\models\shortmodel\20250324
2025-03-24 09:34:45,256 - 发现best_models目录: D:\my-vue-project\wind-power-forecast\backend\auto_scripts\models\shortmodel\20250324\best_models
2025-03-24 09:34:45,257 - 未找到GBDT模型文件
2025-03-24 09:34:45,257 - 未找到DART模型文件
2025-03-24 09:34:45,257 - 未找到GOSS模型文件
2025-03-24 09:34:45,258 - 未找到任何可用模型文件
2025-03-24 09:34:45,258 - ⏳ 未有可用模型，等待模型训练完成...
2025-03-24 09:35:15,270 - 检查模型目录: D:\my-vue-project\wind-power-forecast\backend\auto_scripts\models\shortmodel\20250324
2025-03-24 09:35:15,270 - 发现best_models目录: D:\my-vue-project\wind-power-forecast\backend\auto_scripts\models\shortmodel\20250324\best_models
2025-03-24 09:35:15,270 - 未找到GBDT模型文件
2025-03-24 09:35:15,270 - 未找到DART模型文件
2025-03-24 09:35:15,270 - 未找到GOSS模型文件
2025-03-24 09:35:15,271 - 未找到任何可用模型文件
2025-03-24 09:35:15,271 - ⏳ 未有可用模型，等待模型训练完成...
2025-03-24 09:35:17,758 - GOSS 模型训练完成
2025-03-24 09:35:17,758 - 使用 GOSS 模型预测验证集...
2025-03-24 09:35:17,769 - 使用时间加权方式计算模型评分...
2025-03-24 09:35:17,771 - GOSS 评估结果 - RMSE: 68.3105, K: 0.4494, 加权评分: 0.6442
2025-03-24 09:35:17,791 - GOSS 模型已保存到 D:\my-vue-project\wind-power-forecast\backend\auto_scripts\models\shortmodel\20250324\1months\GOSS.joblib
2025-03-24 09:35:17,793 - Scaler 已保存到 D:\my-vue-project\wind-power-forecast\backend\auto_scripts\models\shortmodel\20250324\1months\scaler.joblib
2025-03-24 09:35:17,805 - 最佳模型 'DART' 已额外保存到 D:\my-vue-project\wind-power-forecast\backend\auto_scripts\models\shortmodel\20250324\1months\model.joblib
2025-03-24 09:35:17,806 - 1个月数据的模型训练完成
2025-03-24 09:35:17,806 - 
--------------------------------------------------
【更新每种算法的最佳模型】
--------------------------------------------------
2025-03-24 09:35:17,806 - ✅ 发现更好的GBDT模型 (来自1个月数据)
2025-03-24 09:35:17,806 -    新评分: 0.6513, 旧评分: -inf
2025-03-24 09:35:17,806 - ✅ 发现更好的DART模型 (来自1个月数据)
2025-03-24 09:35:17,806 -    新评分: 0.7416, 旧评分: -inf
2025-03-24 09:35:17,806 - ✅ 发现更好的GOSS模型 (来自1个月数据)
2025-03-24 09:35:17,806 -    新评分: 0.6442, 旧评分: -inf
2025-03-24 09:35:17,806 - 
--------------------------------------------------
【训练数据集: 全部数据】
--------------------------------------------------
2025-03-24 09:35:17,806 - 使用全部数据的数据进行训练...
2025-03-24 09:35:17,806 - 使用全部数据...
2025-03-24 09:35:17,807 - 过滤后的数据量: 2973
2025-03-24 09:35:17,807 - 对全部数据数据进行预处理...
2025-03-24 09:35:17,815 - 预处理后的特征维度: (2973, 304), 目标变量维度: (2973,)
2025-03-24 09:35:17,816 - 数据集划分完成，训练集: (2675, 304), 验证集: (298, 304)
2025-03-24 09:35:17,816 - 提取了 298 个验证集时间戳，用于时间加权评估
2025-03-24 09:35:17,816 - 执行特征工程，滞后特征数: 4...
2025-03-24 09:35:17,964 - 特征工程后的特征维度 - 训练集: (2672, 859), 验证集: (295, 859)
2025-03-24 09:35:17,965 - 数据标准化...
2025-03-24 09:35:18,032 - 数据标准化完成
2025-03-24 09:35:18,032 - 创建时间窗口，窗口大小: 16...
2025-03-24 09:35:18,137 - 时间窗口创建完成 - 训练集: (2657, 16, 859), 验证集: (280, 16, 859)
2025-03-24 09:35:18,137 - 调整时间戳长度以匹配窗口化后的验证集 - 原始长度: 298, 目标长度: 280
2025-03-24 09:35:18,137 - 时间戳已截断至匹配窗口化后的验证集长度: 280
2025-03-24 09:35:18,138 - 为全部数据数据创建模型目录: D:\my-vue-project\wind-power-forecast\backend\auto_scripts\models\shortmodel\20250324\all_data
2025-03-24 09:35:18,138 - 开始训练全部数据数据的模型...
2025-03-24 09:35:18,138 - 
--------------------------------------------------
【开始模型训练与评估】
--------------------------------------------------
2025-03-24 09:35:18,138 - 模型和 scaler 将被保存到目录: D:\my-vue-project\wind-power-forecast\backend\auto_scripts\models\shortmodel\20250324\all_data
2025-03-24 09:35:18,138 - 
--------------------------------------------------
【训练 GBDT 模型】
--------------------------------------------------
2025-03-24 09:35:18,139 - 模型参数: {'boosting_type': 'gbdt', 'objective': 'regression', 'metric': 'rmse', 'num_leaves': 31, 'learning_rate': 0.05, 'feature_fraction': 0.9, 'name': 'GBDT'}
2025-03-24 09:35:18,139 - 开始训练 GBDT 模型...
2025-03-24 09:35:45,284 - 检查模型目录: D:\my-vue-project\wind-power-forecast\backend\auto_scripts\models\shortmodel\20250324
2025-03-24 09:35:45,284 - 发现best_models目录: D:\my-vue-project\wind-power-forecast\backend\auto_scripts\models\shortmodel\20250324\best_models
2025-03-24 09:35:45,284 - 未找到GBDT模型文件
2025-03-24 09:35:45,284 - 未找到DART模型文件
2025-03-24 09:35:45,284 - 未找到GOSS模型文件
2025-03-24 09:35:45,285 - 未找到任何可用模型文件
2025-03-24 09:35:45,285 - ⏳ 未有可用模型，等待模型训练完成...
2025-03-24 09:36:01,179 - GBDT 模型训练完成
2025-03-24 09:36:01,179 - 使用 GBDT 模型预测验证集...
2025-03-24 09:36:01,190 - 使用时间加权方式计算模型评分...
2025-03-24 09:36:01,192 - GBDT 评估结果 - RMSE: 67.1426, K: 0.4608, 加权评分: 0.6513
2025-03-24 09:36:01,192 - ✅ GBDT 成为当前最佳模型 (基于加权评分)
2025-03-24 09:36:01,205 - GBDT 模型已保存到 D:\my-vue-project\wind-power-forecast\backend\auto_scripts\models\shortmodel\20250324\all_data\GBDT.joblib
2025-03-24 09:36:01,205 - 
--------------------------------------------------
【训练 DART 模型】
--------------------------------------------------
2025-03-24 09:36:01,206 - 模型参数: {'boosting_type': 'dart', 'objective': 'regression', 'metric': 'rmse', 'num_leaves': 31, 'learning_rate': 0.05, 'feature_fraction': 0.9, 'drop_rate': 0.1, 'name': 'DART'}
2025-03-24 09:36:01,206 - 开始训练 DART 模型...
2025-03-24 09:36:15,293 - 检查模型目录: D:\my-vue-project\wind-power-forecast\backend\auto_scripts\models\shortmodel\20250324
2025-03-24 09:36:15,293 - 发现best_models目录: D:\my-vue-project\wind-power-forecast\backend\auto_scripts\models\shortmodel\20250324\best_models
2025-03-24 09:36:15,293 - 未找到GBDT模型文件
2025-03-24 09:36:15,293 - 未找到DART模型文件
2025-03-24 09:36:15,294 - 未找到GOSS模型文件
2025-03-24 09:36:15,294 - 未找到任何可用模型文件
2025-03-24 09:36:15,294 - ⏳ 未有可用模型，等待模型训练完成...
2025-03-24 09:36:31,426 - DART 模型训练完成
2025-03-24 09:36:31,426 - 使用 DART 模型预测验证集...
2025-03-24 09:36:31,436 - 使用时间加权方式计算模型评分...
2025-03-24 09:36:31,438 - DART 评估结果 - RMSE: 62.3280, K: 0.6255, 加权评分: 0.7416
2025-03-24 09:36:31,439 - ✅ DART 成为当前最佳模型 (基于加权评分)
2025-03-24 09:36:31,449 - DART 模型已保存到 D:\my-vue-project\wind-power-forecast\backend\auto_scripts\models\shortmodel\20250324\all_data\DART.joblib
2025-03-24 09:36:31,449 - 
--------------------------------------------------
【训练 GOSS 模型】
--------------------------------------------------
2025-03-24 09:36:31,449 - 模型参数: {'boosting_type': 'goss', 'objective': 'regression', 'metric': 'rmse', 'num_leaves': 31, 'learning_rate': 0.05, 'feature_fraction': 0.9, 'top_rate': 0.2, 'other_rate': 0.1, 'name': 'GOSS'}
2025-03-24 09:36:31,449 - 开始训练 GOSS 模型...
2025-03-24 09:36:45,299 - 检查模型目录: D:\my-vue-project\wind-power-forecast\backend\auto_scripts\models\shortmodel\20250324
2025-03-24 09:36:45,299 - 发现best_models目录: D:\my-vue-project\wind-power-forecast\backend\auto_scripts\models\shortmodel\20250324\best_models
2025-03-24 09:36:45,299 - 未找到GBDT模型文件
2025-03-24 09:36:45,300 - 未找到DART模型文件
2025-03-24 09:36:45,300 - 未找到GOSS模型文件
2025-03-24 09:36:45,300 - 未找到任何可用模型文件
2025-03-24 09:36:45,300 - ⏳ 未有可用模型，等待模型训练完成...
2025-03-24 09:36:51,716 - GOSS 模型训练完成
2025-03-24 09:36:51,716 - 使用 GOSS 模型预测验证集...
2025-03-24 09:36:51,724 - 使用时间加权方式计算模型评分...
2025-03-24 09:36:51,727 - GOSS 评估结果 - RMSE: 68.3105, K: 0.4494, 加权评分: 0.6442
2025-03-24 09:36:51,739 - GOSS 模型已保存到 D:\my-vue-project\wind-power-forecast\backend\auto_scripts\models\shortmodel\20250324\all_data\GOSS.joblib
2025-03-24 09:36:51,741 - Scaler 已保存到 D:\my-vue-project\wind-power-forecast\backend\auto_scripts\models\shortmodel\20250324\all_data\scaler.joblib
2025-03-24 09:36:51,748 - 最佳模型 'DART' 已额外保存到 D:\my-vue-project\wind-power-forecast\backend\auto_scripts\models\shortmodel\20250324\all_data\model.joblib
2025-03-24 09:36:51,748 - 全部数据数据的模型训练完成
2025-03-24 09:36:51,748 - 
--------------------------------------------------
【更新每种算法的最佳模型】
--------------------------------------------------
2025-03-24 09:36:51,748 - ❌ 全部数据数据的GBDT模型不是最佳模型
2025-03-24 09:36:51,748 -    当前评分: 0.6513, 最佳评分: 0.6513
2025-03-24 09:36:51,748 - ❌ 全部数据数据的DART模型不是最佳模型
2025-03-24 09:36:51,748 -    当前评分: 0.7416, 最佳评分: 0.7416
2025-03-24 09:36:51,748 - ❌ 全部数据数据的GOSS模型不是最佳模型
2025-03-24 09:36:51,748 -    当前评分: 0.6442, 最佳评分: 0.6442
2025-03-24 09:36:51,748 - 
--------------------------------------------------
【保存每种算法的最佳模型】
--------------------------------------------------
2025-03-24 09:36:51,758 - 最佳GBDT模型 (使用1个月数据) 已保存到 D:\my-vue-project\wind-power-forecast\backend\auto_scripts\models\shortmodel\20250324\best_models\GBDT.joblib
2025-03-24 09:36:51,758 - RMSE: 67.1426, K: 0.4608, 评分: 0.6513
2025-03-24 09:36:51,766 - 最佳DART模型 (使用1个月数据) 已保存到 D:\my-vue-project\wind-power-forecast\backend\auto_scripts\models\shortmodel\20250324\best_models\DART.joblib
2025-03-24 09:36:51,766 - RMSE: 62.3280, K: 0.6255, 评分: 0.7416
2025-03-24 09:36:51,781 - 最佳GOSS模型 (使用1个月数据) 已保存到 D:\my-vue-project\wind-power-forecast\backend\auto_scripts\models\shortmodel\20250324\best_models\GOSS.joblib
2025-03-24 09:36:51,781 - RMSE: 68.3105, K: 0.4494, 评分: 0.6442
2025-03-24 09:36:51,795 - 多数据集训练完成! 已为每种算法选择最佳模型
2025-03-24 09:36:51,796 -   - 最佳GBDT模型: 使用1个月数据, RMSE=67.1426, K=0.4608, 评分=0.6513
2025-03-24 09:36:51,796 -   - 最佳DART模型: 使用1个月数据, RMSE=62.3280, K=0.6255, 评分=0.7416
2025-03-24 09:36:51,796 -   - 最佳GOSS模型: 使用1个月数据, RMSE=68.3105, K=0.4494, 评分=0.6442
2025-03-24 09:36:51,796 - 
================================================================================
2025-03-24 09:36:51,796 - >>> 开始计算模型权重 <<<
2025-03-24 09:36:51,796 - ================================================================================

2025-03-24 09:36:51,796 - 开始计算模型权重
2025-03-24 09:36:51,796 - 从训练数据集中提取最后三天数据进行权重优化
2025-03-24 09:36:51,797 - ✅ 已从训练数据集提取最后三天数据，共 289 条记录
2025-03-24 09:36:51,797 - 开始计算最优模型权重...
2025-03-24 09:36:51,797 - 
--------------------------------------------------
【计算模型权重】
--------------------------------------------------
2025-03-24 09:36:51,820 - 加载最佳模型和对应的scaler...
2025-03-24 09:36:51,820 - ✅ 已加载 GBDT 模型和scaler
2025-03-24 09:36:51,820 - ✅ 已加载 DART 模型和scaler
2025-03-24 09:36:51,820 - ✅ 已加载 GOSS 模型和scaler
2025-03-24 09:36:51,820 - 预处理验证数据，共 289 条记录...
2025-03-24 09:36:51,823 - 验证数据预处理完成，特征维度: (289, 304)
2025-03-24 09:36:51,858 - 验证数据特征工程完成，特征维度: (286, 859)
2025-03-24 09:36:51,858 - 使用各模型进行预测...
2025-03-24 09:36:51,866 - 使用 GBDT 模型预测...
2025-03-24 09:36:51,874 - ✅ GBDT 模型预测完成，预测结果数量: 271
2025-03-24 09:36:51,884 - 使用 DART 模型预测...
2025-03-24 09:36:51,892 - ✅ DART 模型预测完成，预测结果数量: 271
2025-03-24 09:36:51,900 - 使用 GOSS 模型预测...
2025-03-24 09:36:51,907 - ✅ GOSS 模型预测完成，预测结果数量: 271
2025-03-24 09:36:51,907 - 对齐预测结果，使用最小长度: 271
2025-03-24 09:36:51,907 - 创建线性回归的特征矩阵 (271, 3) 和目标向量 (271,)
2025-03-24 09:36:51,907 - 训练线性回归模型计算最优权重...
2025-03-24 09:36:51,908 - 线性回归得到的权重: {'GBDT': np.float64(0.3378826776996291), 'DART': np.float64(0.18465658902121768), 'GOSS': np.float64(0.0), 'INTERCEPT': np.float64(98.07836551790079)}
2025-03-24 09:36:51,908 - 最终计算的模型权重: {'GBDT': np.float64(0.3378826776996291), 'DART': np.float64(0.18465658902121768), 'GOSS': np.float64(0.0), 'INTERCEPT': np.float64(98.07836551790079)}
2025-03-24 09:36:51,910 - 计算得到的最优权重: {'GBDT': np.float64(0.3378826776996291), 'DART': np.float64(0.18465658902121768), 'GOSS': np.float64(0.0), 'INTERCEPT': np.float64(98.07836551790079)}
2025-03-24 09:36:51,910 - 模型权重已保存到: D:\my-vue-project\wind-power-forecast\backend\auto_scripts\models\shortmodel\20250324\model_weights.joblib
2025-03-24 09:36:51,915 - 训练完成，已创建标志文件: D:\my-vue-project\wind-power-forecast\backend\auto_scripts\scripts\short\logs\auto_pre_train\20250324_train_done.flag
2025-03-24 09:36:51,915 - ✅ 训练完成，已创建标志文件
2025-03-24 09:36:51,915 - 检查模型目录: D:\my-vue-project\wind-power-forecast\backend\auto_scripts\models\shortmodel\20250324
2025-03-24 09:36:51,915 - 发现best_models目录: D:\my-vue-project\wind-power-forecast\backend\auto_scripts\models\shortmodel\20250324\best_models
2025-03-24 09:36:51,915 - 发现GBDT模型文件: D:\my-vue-project\wind-power-forecast\backend\auto_scripts\models\shortmodel\20250324\best_models\GBDT.joblib
2025-03-24 09:36:51,915 - ✅ 模型已成功保存到 D:\my-vue-project\wind-power-forecast\backend\auto_scripts\models\shortmodel\20250324，模型可用。
2025-03-24 09:37:15,308 - ❌ 未找到预测 CSV 文件: D:\my-vue-project\wind-power-forecast\backend\auto_scripts\precsv\shortcsv\20250324.csv，等待 30 秒后重试...
2025-03-24 09:37:45,317 - ❌ 未找到预测 CSV 文件: D:\my-vue-project\wind-power-forecast\backend\auto_scripts\precsv\shortcsv\20250324.csv，等待 30 秒后重试...
2025-03-24 09:38:15,323 - ❌ 未找到预测 CSV 文件: D:\my-vue-project\wind-power-forecast\backend\auto_scripts\precsv\shortcsv\20250324.csv，等待 30 秒后重试...
2025-03-24 09:38:45,334 - ❌ 未找到预测 CSV 文件: D:\my-vue-project\wind-power-forecast\backend\auto_scripts\precsv\shortcsv\20250324.csv，等待 30 秒后重试...
2025-03-24 09:39:15,343 - ❌ 未找到预测 CSV 文件: D:\my-vue-project\wind-power-forecast\backend\auto_scripts\precsv\shortcsv\20250324.csv，等待 30 秒后重试...
2025-03-24 09:40:27,032 - 
================================================================================
2025-03-24 09:40:27,032 - >>> 自动训练预测系统启动 <<<
2025-03-24 09:40:27,032 - ================================================================================

2025-03-24 09:40:27,032 - 自动训练预测系统启动
2025-03-24 09:40:27,032 - 今天的日期是: 20250324
2025-03-24 09:40:27,032 - 创建监视线程...
2025-03-24 09:40:27,032 - 启动训练线程...
2025-03-24 09:40:27,032 - 启动预测线程...
2025-03-24 09:40:27,033 - 
================================================================================
2025-03-24 09:40:27,033 - >>> 启动训练监视线程 <<<
2025-03-24 09:40:27,033 - 等待线程完成...
2025-03-24 09:40:27,033 - ================================================================================

2025-03-24 09:40:27,033 - 
================================================================================
2025-03-24 09:40:27,033 - 启动训练监视线程
2025-03-24 09:40:27,033 - >>> 启动预测监视线程 <<<
2025-03-24 09:40:27,033 - ================================================================================

2025-03-24 09:40:27,033 - 启动预测监视线程
2025-03-24 09:40:27,033 - 训练文件路径: D:\my-vue-project\wind-power-forecast\backend\auto_scripts\dataset\dataset_short\20250324.csv
2025-03-24 09:40:27,034 - 模型存储目录: D:\my-vue-project\wind-power-forecast\backend\auto_scripts\models\shortmodel\20250324
2025-03-24 09:40:27,034 - 训练完成标志文件: D:\my-vue-project\wind-power-forecast\backend\auto_scripts\scripts\short\logs\auto_pre_train\20250324_train_done.flag
2025-03-24 09:40:27,034 - 预测数据文件路径: D:\my-vue-project\wind-power-forecast\backend\auto_scripts\precsv\shortcsv\20250324.csv
2025-03-24 09:40:27,034 - 开始监视 D:\my-vue-project\wind-power-forecast\backend\auto_scripts\dataset\dataset_short 文件夹以进行训练...
2025-03-24 09:40:27,034 - 模型目录: D:\my-vue-project\wind-power-forecast\backend\auto_scripts\models\shortmodel\20250324
2025-03-24 09:40:27,034 - 预测完成标志文件: D:\my-vue-project\wind-power-forecast\backend\auto_scripts\scripts\short\logs\auto_pre_train\20250324_predict_done.flag
2025-03-24 09:40:27,034 - 开始监视 D:\my-vue-project\wind-power-forecast\backend\auto_scripts\precsv\shortcsv 文件夹以进行预测...
2025-03-24 09:40:27,034 - 检测到20250324的训练已经执行过 (标志文件: D:\my-vue-project\wind-power-forecast\backend\auto_scripts\scripts\short\logs\auto_pre_train\20250324_train_done.flag)
2025-03-24 09:40:27,034 - ⚠️ 检测到今天的训练已经执行过，跳过...
2025-03-24 09:40:27,034 - 检查模型目录: D:\my-vue-project\wind-power-forecast\backend\auto_scripts\models\shortmodel\20250324
2025-03-24 09:40:27,034 - 检查模型目录: D:\my-vue-project\wind-power-forecast\backend\auto_scripts\models\shortmodel\20250324
2025-03-24 09:40:27,034 - 发现best_models目录: D:\my-vue-project\wind-power-forecast\backend\auto_scripts\models\shortmodel\20250324\best_models
2025-03-24 09:40:27,035 - 发现best_models目录: D:\my-vue-project\wind-power-forecast\backend\auto_scripts\models\shortmodel\20250324\best_models
2025-03-24 09:40:27,035 - 发现GBDT模型文件: D:\my-vue-project\wind-power-forecast\backend\auto_scripts\models\shortmodel\20250324\best_models\GBDT.joblib
2025-03-24 09:40:27,035 - ✅ 模型已设置为可用状态
2025-03-24 09:40:27,035 - 发现GBDT模型文件: D:\my-vue-project\wind-power-forecast\backend\auto_scripts\models\shortmodel\20250324\best_models\GBDT.joblib
2025-03-24 09:40:27,035 - ❌ 未找到预测 CSV 文件: D:\my-vue-project\wind-power-forecast\backend\auto_scripts\precsv\shortcsv\20250324.csv，等待 30 秒后重试...
2025-03-24 09:40:57,036 - ❌ 未找到预测 CSV 文件: D:\my-vue-project\wind-power-forecast\backend\auto_scripts\precsv\shortcsv\20250324.csv，等待 30 秒后重试...
2025-03-24 09:41:27,046 - ❌ 未找到预测 CSV 文件: D:\my-vue-project\wind-power-forecast\backend\auto_scripts\precsv\shortcsv\20250324.csv，等待 30 秒后重试...
2025-03-24 09:41:57,058 - ❌ 未找到预测 CSV 文件: D:\my-vue-project\wind-power-forecast\backend\auto_scripts\precsv\shortcsv\20250324.csv，等待 30 秒后重试...
2025-03-24 09:42:27,067 - ❌ 未找到预测 CSV 文件: D:\my-vue-project\wind-power-forecast\backend\auto_scripts\precsv\shortcsv\20250324.csv，等待 30 秒后重试...
2025-03-24 09:42:57,075 - ❌ 未找到预测 CSV 文件: D:\my-vue-project\wind-power-forecast\backend\auto_scripts\precsv\shortcsv\20250324.csv，等待 30 秒后重试...
2025-03-24 09:43:55,888 - 
================================================================================
2025-03-24 09:43:55,888 - >>> 自动训练预测系统启动 <<<
2025-03-24 09:43:55,888 - ================================================================================

2025-03-24 09:43:55,888 - 自动训练预测系统启动
2025-03-24 09:43:55,888 - 今天的日期是: 20250324
2025-03-24 09:43:55,888 - 创建监视线程...
2025-03-24 09:43:55,888 - 启动训练线程...
2025-03-24 09:43:55,889 - 启动预测线程...
2025-03-24 09:43:55,889 - 
================================================================================
2025-03-24 09:43:55,889 - >>> 启动训练监视线程 <<<
2025-03-24 09:43:55,889 - 等待线程完成...
2025-03-24 09:43:55,889 - ================================================================================

2025-03-24 09:43:55,889 - 
================================================================================
2025-03-24 09:43:55,889 - 启动训练监视线程
2025-03-24 09:43:55,889 - >>> 启动预测监视线程 <<<
2025-03-24 09:43:55,890 - ================================================================================

2025-03-24 09:43:55,890 - 启动预测监视线程
2025-03-24 09:43:55,890 - 训练文件路径: D:\my-vue-project\wind-power-forecast\backend\auto_scripts\dataset\dataset_short\20250324.csv
2025-03-24 09:43:55,890 - 模型存储目录: D:\my-vue-project\wind-power-forecast\backend\auto_scripts\models\shortmodel\20250324
2025-03-24 09:43:55,890 - 训练完成标志文件: D:\my-vue-project\wind-power-forecast\backend\auto_scripts\scripts\short\logs\auto_pre_train\20250324_train_done.flag
2025-03-24 09:43:55,890 - 开始监视 D:\my-vue-project\wind-power-forecast\backend\auto_scripts\dataset\dataset_short 文件夹以进行训练...
2025-03-24 09:43:55,890 - 预测数据文件路径: D:\my-vue-project\wind-power-forecast\backend\auto_scripts\precsv\shortcsv\20250324.csv
2025-03-24 09:43:55,890 - 检测到20250324的训练已经执行过 (标志文件: D:\my-vue-project\wind-power-forecast\backend\auto_scripts\scripts\short\logs\auto_pre_train\20250324_train_done.flag)
2025-03-24 09:43:55,890 - 模型目录: D:\my-vue-project\wind-power-forecast\backend\auto_scripts\models\shortmodel\20250324
2025-03-24 09:43:55,890 - ⚠️ 检测到今天的训练已经执行过，跳过...
2025-03-24 09:43:55,890 - 预测完成标志文件: D:\my-vue-project\wind-power-forecast\backend\auto_scripts\scripts\short\logs\auto_pre_train\20250324_predict_done.flag
2025-03-24 09:43:55,890 - 开始监视 D:\my-vue-project\wind-power-forecast\backend\auto_scripts\precsv\shortcsv 文件夹以进行预测...
2025-03-24 09:43:55,890 - 检查模型目录: D:\my-vue-project\wind-power-forecast\backend\auto_scripts\models\shortmodel\20250324
2025-03-24 09:43:55,891 - 检查模型目录: D:\my-vue-project\wind-power-forecast\backend\auto_scripts\models\shortmodel\20250324
2025-03-24 09:43:55,891 - 发现best_models目录: D:\my-vue-project\wind-power-forecast\backend\auto_scripts\models\shortmodel\20250324\best_models
2025-03-24 09:43:55,891 - 发现best_models目录: D:\my-vue-project\wind-power-forecast\backend\auto_scripts\models\shortmodel\20250324\best_models
2025-03-24 09:43:55,891 - 发现GBDT模型文件: D:\my-vue-project\wind-power-forecast\backend\auto_scripts\models\shortmodel\20250324\best_models\GBDT.joblib
2025-03-24 09:43:55,891 - 发现GBDT模型文件: D:\my-vue-project\wind-power-forecast\backend\auto_scripts\models\shortmodel\20250324\best_models\GBDT.joblib
2025-03-24 09:43:55,891 - ✅ 模型已设置为可用状态
2025-03-24 09:43:55,891 - ❌ 未找到预测 CSV 文件: D:\my-vue-project\wind-power-forecast\backend\auto_scripts\precsv\shortcsv\20250324.csv，等待 30 秒后重试...
2025-03-24 09:44:25,899 - ❌ 未找到预测 CSV 文件: D:\my-vue-project\wind-power-forecast\backend\auto_scripts\precsv\shortcsv\20250324.csv，等待 30 秒后重试...
2025-03-24 09:44:55,915 - ❌ 未找到预测 CSV 文件: D:\my-vue-project\wind-power-forecast\backend\auto_scripts\precsv\shortcsv\20250324.csv，等待 30 秒后重试...
2025-03-24 09:45:25,932 - ❌ 未找到预测 CSV 文件: D:\my-vue-project\wind-power-forecast\backend\auto_scripts\precsv\shortcsv\20250324.csv，等待 30 秒后重试...
2025-03-24 09:45:55,938 - ❌ 未找到预测 CSV 文件: D:\my-vue-project\wind-power-forecast\backend\auto_scripts\precsv\shortcsv\20250324.csv，等待 30 秒后重试...
2025-03-24 09:46:25,945 - ❌ 未找到预测 CSV 文件: D:\my-vue-project\wind-power-forecast\backend\auto_scripts\precsv\shortcsv\20250324.csv，等待 30 秒后重试...
2025-03-24 09:46:55,953 - ❌ 未找到预测 CSV 文件: D:\my-vue-project\wind-power-forecast\backend\auto_scripts\precsv\shortcsv\20250324.csv，等待 30 秒后重试...
2025-03-24 09:47:25,966 - ❌ 未找到预测 CSV 文件: D:\my-vue-project\wind-power-forecast\backend\auto_scripts\precsv\shortcsv\20250324.csv，等待 30 秒后重试...
2025-03-24 09:47:55,976 - ❌ 未找到预测 CSV 文件: D:\my-vue-project\wind-power-forecast\backend\auto_scripts\precsv\shortcsv\20250324.csv，等待 30 秒后重试...
2025-03-24 09:48:25,991 - ❌ 未找到预测 CSV 文件: D:\my-vue-project\wind-power-forecast\backend\auto_scripts\precsv\shortcsv\20250324.csv，等待 30 秒后重试...
2025-03-24 09:58:58,400 - 
================================================================================
2025-03-24 09:58:58,400 - >>> 自动训练预测系统启动 <<<
2025-03-24 09:58:58,400 - ================================================================================

2025-03-24 09:58:58,400 - 自动训练预测系统启动
2025-03-24 09:58:58,400 - 今天的日期是: 20250324
2025-03-24 09:58:58,400 - 创建监视线程...
2025-03-24 09:58:58,400 - 启动训练线程...
2025-03-24 09:58:58,401 - 启动预测线程...
2025-03-24 09:58:58,401 - 
================================================================================
2025-03-24 09:58:58,401 - >>> 启动训练监视线程 <<<
2025-03-24 09:58:58,401 - ================================================================================

2025-03-24 09:58:58,401 - 启动训练监视线程
2025-03-24 09:58:58,401 - 等待线程完成...
2025-03-24 09:58:58,402 - 
================================================================================
2025-03-24 09:58:58,402 - >>> 启动预测监视线程 <<<
2025-03-24 09:58:58,402 - ================================================================================

2025-03-24 09:58:58,402 - 启动预测监视线程
2025-03-24 09:58:58,402 - 训练文件路径: D:\my-vue-project\wind-power-forecast\backend\auto_scripts\dataset\dataset_short\20250324.csv
2025-03-24 09:58:58,402 - 模型存储目录: D:\my-vue-project\wind-power-forecast\backend\auto_scripts\models\shortmodel\20250324
2025-03-24 09:58:58,402 - 训练完成标志文件: D:\my-vue-project\wind-power-forecast\backend\auto_scripts\scripts\short\logs\auto_pre_train\20250324_train_done.flag
2025-03-24 09:58:58,402 - 开始监视 D:\my-vue-project\wind-power-forecast\backend\auto_scripts\dataset\dataset_short 文件夹以进行训练...
2025-03-24 09:58:58,402 - 预测数据文件路径: D:\my-vue-project\wind-power-forecast\backend\auto_scripts\precsv\shortcsv\20250324.csv
2025-03-24 09:58:58,402 - 模型目录: D:\my-vue-project\wind-power-forecast\backend\auto_scripts\models\shortmodel\20250324
2025-03-24 09:58:58,402 - 检测到20250324的训练已经执行过 (标志文件: D:\my-vue-project\wind-power-forecast\backend\auto_scripts\scripts\short\logs\auto_pre_train\20250324_train_done.flag)
2025-03-24 09:58:58,402 - 预测完成标志文件: D:\my-vue-project\wind-power-forecast\backend\auto_scripts\scripts\short\logs\auto_pre_train\20250324_predict_done.flag
2025-03-24 09:58:58,403 - ⚠️ 检测到今天的训练已经执行过，跳过...
2025-03-24 09:58:58,403 - 开始监视 D:\my-vue-project\wind-power-forecast\backend\auto_scripts\precsv\shortcsv 文件夹以进行预测...
2025-03-24 09:58:58,403 - 检查模型目录: D:\my-vue-project\wind-power-forecast\backend\auto_scripts\models\shortmodel\20250324
2025-03-24 09:58:58,403 - 检查模型目录: D:\my-vue-project\wind-power-forecast\backend\auto_scripts\models\shortmodel\20250324
2025-03-24 09:58:58,403 - 发现best_models目录: D:\my-vue-project\wind-power-forecast\backend\auto_scripts\models\shortmodel\20250324\best_models
2025-03-24 09:58:58,403 - 发现best_models目录: D:\my-vue-project\wind-power-forecast\backend\auto_scripts\models\shortmodel\20250324\best_models
2025-03-24 09:58:58,403 - 发现GBDT模型文件: D:\my-vue-project\wind-power-forecast\backend\auto_scripts\models\shortmodel\20250324\best_models\GBDT.joblib
2025-03-24 09:58:58,403 - 发现GBDT模型文件: D:\my-vue-project\wind-power-forecast\backend\auto_scripts\models\shortmodel\20250324\best_models\GBDT.joblib
2025-03-24 09:58:58,404 - ✅ 模型已设置为可用状态
2025-03-24 09:58:58,404 - ❌ 未找到预测 CSV 文件: D:\my-vue-project\wind-power-forecast\backend\auto_scripts\precsv\shortcsv\20250324.csv，等待 30 秒后重试...
2025-03-24 09:59:28,413 - ❌ 未找到预测 CSV 文件: D:\my-vue-project\wind-power-forecast\backend\auto_scripts\precsv\shortcsv\20250324.csv，等待 30 秒后重试...
2025-03-24 09:59:58,414 - ❌ 未找到预测 CSV 文件: D:\my-vue-project\wind-power-forecast\backend\auto_scripts\precsv\shortcsv\20250324.csv，等待 30 秒后重试...
2025-03-24 10:00:28,417 - ❌ 未找到预测 CSV 文件: D:\my-vue-project\wind-power-forecast\backend\auto_scripts\precsv\shortcsv\20250324.csv，等待 30 秒后重试...
2025-03-24 10:00:58,430 - ❌ 未找到预测 CSV 文件: D:\my-vue-project\wind-power-forecast\backend\auto_scripts\precsv\shortcsv\20250324.csv，等待 30 秒后重试...
2025-03-24 10:01:28,431 - ❌ 未找到预测 CSV 文件: D:\my-vue-project\wind-power-forecast\backend\auto_scripts\precsv\shortcsv\20250324.csv，等待 30 秒后重试...
2025-03-24 10:01:58,437 - ❌ 未找到预测 CSV 文件: D:\my-vue-project\wind-power-forecast\backend\auto_scripts\precsv\shortcsv\20250324.csv，等待 30 秒后重试...
2025-03-24 10:02:28,442 - ❌ 未找到预测 CSV 文件: D:\my-vue-project\wind-power-forecast\backend\auto_scripts\precsv\shortcsv\20250324.csv，等待 30 秒后重试...
2025-03-24 10:02:58,448 - ❌ 未找到预测 CSV 文件: D:\my-vue-project\wind-power-forecast\backend\auto_scripts\precsv\shortcsv\20250324.csv，等待 30 秒后重试...
2025-03-24 10:03:28,453 - ❌ 未找到预测 CSV 文件: D:\my-vue-project\wind-power-forecast\backend\auto_scripts\precsv\shortcsv\20250324.csv，等待 30 秒后重试...
2025-03-24 10:03:58,459 - ❌ 未找到预测 CSV 文件: D:\my-vue-project\wind-power-forecast\backend\auto_scripts\precsv\shortcsv\20250324.csv，等待 30 秒后重试...
2025-03-24 10:04:28,462 - ❌ 未找到预测 CSV 文件: D:\my-vue-project\wind-power-forecast\backend\auto_scripts\precsv\shortcsv\20250324.csv，等待 30 秒后重试...
2025-03-24 10:04:58,467 - ❌ 未找到预测 CSV 文件: D:\my-vue-project\wind-power-forecast\backend\auto_scripts\precsv\shortcsv\20250324.csv，等待 30 秒后重试...
2025-03-24 10:05:28,470 - ❌ 未找到预测 CSV 文件: D:\my-vue-project\wind-power-forecast\backend\auto_scripts\precsv\shortcsv\20250324.csv，等待 30 秒后重试...
2025-03-24 10:05:58,485 - ❌ 未找到预测 CSV 文件: D:\my-vue-project\wind-power-forecast\backend\auto_scripts\precsv\shortcsv\20250324.csv，等待 30 秒后重试...
2025-03-24 10:06:28,500 - ❌ 未找到预测 CSV 文件: D:\my-vue-project\wind-power-forecast\backend\auto_scripts\precsv\shortcsv\20250324.csv，等待 30 秒后重试...
2025-03-24 10:06:58,503 - ❌ 未找到预测 CSV 文件: D:\my-vue-project\wind-power-forecast\backend\auto_scripts\precsv\shortcsv\20250324.csv，等待 30 秒后重试...
2025-03-24 10:07:28,512 - ❌ 未找到预测 CSV 文件: D:\my-vue-project\wind-power-forecast\backend\auto_scripts\precsv\shortcsv\20250324.csv，等待 30 秒后重试...
2025-03-24 10:07:58,513 - ❌ 未找到预测 CSV 文件: D:\my-vue-project\wind-power-forecast\backend\auto_scripts\precsv\shortcsv\20250324.csv，等待 30 秒后重试...
2025-03-24 10:08:28,515 - ❌ 未找到预测 CSV 文件: D:\my-vue-project\wind-power-forecast\backend\auto_scripts\precsv\shortcsv\20250324.csv，等待 30 秒后重试...
2025-03-24 10:08:58,523 - ❌ 未找到预测 CSV 文件: D:\my-vue-project\wind-power-forecast\backend\auto_scripts\precsv\shortcsv\20250324.csv，等待 30 秒后重试...
2025-03-24 10:09:28,528 - ❌ 未找到预测 CSV 文件: D:\my-vue-project\wind-power-forecast\backend\auto_scripts\precsv\shortcsv\20250324.csv，等待 30 秒后重试...
2025-03-24 10:09:58,536 - ❌ 未找到预测 CSV 文件: D:\my-vue-project\wind-power-forecast\backend\auto_scripts\precsv\shortcsv\20250324.csv，等待 30 秒后重试...
2025-03-24 10:10:28,541 - ❌ 未找到预测 CSV 文件: D:\my-vue-project\wind-power-forecast\backend\auto_scripts\precsv\shortcsv\20250324.csv，等待 30 秒后重试...
2025-03-24 10:10:58,545 - ❌ 未找到预测 CSV 文件: D:\my-vue-project\wind-power-forecast\backend\auto_scripts\precsv\shortcsv\20250324.csv，等待 30 秒后重试...
2025-03-24 10:11:28,551 - ❌ 未找到预测 CSV 文件: D:\my-vue-project\wind-power-forecast\backend\auto_scripts\precsv\shortcsv\20250324.csv，等待 30 秒后重试...
2025-03-24 10:11:58,556 - ❌ 未找到预测 CSV 文件: D:\my-vue-project\wind-power-forecast\backend\auto_scripts\precsv\shortcsv\20250324.csv，等待 30 秒后重试...
2025-03-24 10:12:28,563 - ❌ 未找到预测 CSV 文件: D:\my-vue-project\wind-power-forecast\backend\auto_scripts\precsv\shortcsv\20250324.csv，等待 30 秒后重试...
2025-03-24 10:12:58,578 - ❌ 未找到预测 CSV 文件: D:\my-vue-project\wind-power-forecast\backend\auto_scripts\precsv\shortcsv\20250324.csv，等待 30 秒后重试...
2025-03-24 10:13:28,588 - ❌ 未找到预测 CSV 文件: D:\my-vue-project\wind-power-forecast\backend\auto_scripts\precsv\shortcsv\20250324.csv，等待 30 秒后重试...
2025-03-24 10:13:58,593 - ❌ 未找到预测 CSV 文件: D:\my-vue-project\wind-power-forecast\backend\auto_scripts\precsv\shortcsv\20250324.csv，等待 30 秒后重试...
2025-03-24 10:14:28,601 - ❌ 未找到预测 CSV 文件: D:\my-vue-project\wind-power-forecast\backend\auto_scripts\precsv\shortcsv\20250324.csv，等待 30 秒后重试...
2025-03-24 10:14:58,605 - ❌ 未找到预测 CSV 文件: D:\my-vue-project\wind-power-forecast\backend\auto_scripts\precsv\shortcsv\20250324.csv，等待 30 秒后重试...
2025-03-24 10:15:28,613 - ❌ 未找到预测 CSV 文件: D:\my-vue-project\wind-power-forecast\backend\auto_scripts\precsv\shortcsv\20250324.csv，等待 30 秒后重试...
2025-03-24 10:15:58,619 - ❌ 未找到预测 CSV 文件: D:\my-vue-project\wind-power-forecast\backend\auto_scripts\precsv\shortcsv\20250324.csv，等待 30 秒后重试...
2025-03-24 10:16:28,630 - ❌ 未找到预测 CSV 文件: D:\my-vue-project\wind-power-forecast\backend\auto_scripts\precsv\shortcsv\20250324.csv，等待 30 秒后重试...
2025-03-24 10:16:58,640 - ❌ 未找到预测 CSV 文件: D:\my-vue-project\wind-power-forecast\backend\auto_scripts\precsv\shortcsv\20250324.csv，等待 30 秒后重试...
2025-03-24 10:17:28,655 - ❌ 未找到预测 CSV 文件: D:\my-vue-project\wind-power-forecast\backend\auto_scripts\precsv\shortcsv\20250324.csv，等待 30 秒后重试...
2025-03-24 10:17:58,670 - ❌ 未找到预测 CSV 文件: D:\my-vue-project\wind-power-forecast\backend\auto_scripts\precsv\shortcsv\20250324.csv，等待 30 秒后重试...
2025-03-24 10:18:28,683 - ❌ 未找到预测 CSV 文件: D:\my-vue-project\wind-power-forecast\backend\auto_scripts\precsv\shortcsv\20250324.csv，等待 30 秒后重试...
2025-03-24 10:18:58,685 - ✅ 发现新的预测文件：D:\my-vue-project\wind-power-forecast\backend\auto_scripts\precsv\shortcsv\20250324.csv，执行预测...
2025-03-24 10:18:58,685 - 
============================================================
【风电功率预测开始】
============================================================
2025-03-24 10:18:58,685 - 配置信息:
2025-03-24 10:18:58,686 -   - 数据文件: D:\my-vue-project\wind-power-forecast\backend\auto_scripts\precsv\shortcsv\20250324.csv
2025-03-24 10:18:58,686 -   - 模型目录: D:\my-vue-project\wind-power-forecast\backend\auto_scripts\models\shortmodel\20250324
2025-03-24 10:18:58,686 -   - 窗口大小: 16
2025-03-24 10:18:58,686 -   - 滞后特征数: 4
2025-03-24 10:18:58,686 - 
============================================================
【预处理新数据】
============================================================
2025-03-24 10:18:58,686 - 加载数据文件: D:\my-vue-project\wind-power-forecast\backend\auto_scripts\precsv\shortcsv\20250324.csv
2025-03-24 10:18:58,700 - 数据加载完成，去除缺失值后共 111 条记录
2025-03-24 10:18:58,823 - 数据前5行预览:
         Timestamp    129.128_1    129.128_2  ...  ws200_13   ws200_14   ws200_15
0  2024/4/16 19:30  15974.26563  16293.82813  ...  9.588719  10.699799  12.128573
1  2024/4/16 19:45  15974.26563  16293.82813  ...  9.553943  10.777429  12.265793
2  2024/4/16 20:00  15974.26563  16293.82813  ...  9.541195  10.863499  12.404554
3  2024/4/16 20:15  15974.26563  16293.82813  ...  9.280917  10.585079  12.259521
4  2024/4/16 20:30  15974.26563  16293.82813  ...  9.020693  10.307371  12.115601

[5 rows x 301 columns]
2025-03-24 10:18:58,823 - 预处理数据...
2025-03-24 10:18:58,827 - 预处理完成，特征维度: (111, 304)
2025-03-24 10:18:58,827 - 执行特征工程，滞后特征数: 4...
2025-03-24 10:18:58,897 - 特征工程完成，特征维度: (108, 859)
2025-03-24 10:18:58,897 - 新数据预处理完成，共 108 个样本
2025-03-24 10:18:58,898 - ✅ 发现最佳模型目录: D:\my-vue-project\wind-power-forecast\backend\auto_scripts\models\shortmodel\20250324\best_models，尝试使用多模型加权预测
2025-03-24 10:18:58,898 - 
============================================================
【加载多个模型】
============================================================
2025-03-24 10:18:58,898 - 从目录加载模型和 scaler: D:\my-vue-project\wind-power-forecast\backend\auto_scripts\models\shortmodel\20250324\best_models
2025-03-24 10:18:58,898 - 加载 GBDT 模型和 scaler...
2025-03-24 10:18:58,909 - ✅ 已成功加载 GBDT 模型和对应的 scaler
2025-03-24 10:18:58,910 - 加载 DART 模型和 scaler...
2025-03-24 10:18:58,918 - ✅ 已成功加载 DART 模型和对应的 scaler
2025-03-24 10:18:58,918 - 加载 GOSS 模型和 scaler...
2025-03-24 10:18:58,927 - ✅ 已成功加载 GOSS 模型和对应的 scaler
2025-03-24 10:18:58,927 - 加载完成，共加载了 3 个模型: GBDT, DART, GOSS
2025-03-24 10:18:58,927 - 尝试加载模型权重文件: D:\my-vue-project\wind-power-forecast\backend\auto_scripts\models\shortmodel\20250324\model_weights.joblib
2025-03-24 10:18:58,927 - ✅ 已加载模型权重: {'GBDT': np.float64(0.3378826776996291), 'DART': np.float64(0.18465658902121768), 'GOSS': np.float64(0.0), 'INTERCEPT': np.float64(98.07836551790079)}
2025-03-24 10:18:58,928 - 
============================================================
【使用多模型加权预测】
============================================================
2025-03-24 10:18:58,928 - 使用自定义权重: {'GBDT': np.float64(0.3378826776996291), 'DART': np.float64(0.18465658902121768), 'GOSS': np.float64(0.0), 'INTERCEPT': np.float64(98.07836551790079)}
2025-03-24 10:18:58,928 - 使用 GBDT 模型进行预测 (权重: 0.3379)...
2025-03-24 10:18:58,932 - GBDT: 数据标准化完成
2025-03-24 10:18:58,935 - GBDT: 时间窗口创建完成，窗口数量: 93
2025-03-24 10:18:58,984 - ✅ GBDT 模型预测完成，生成了 93 个预测值
2025-03-24 10:18:58,984 -    统计: 最小值=201.69, 最大值=273.76, 平均值=250.31
2025-03-24 10:18:58,984 - 使用 DART 模型进行预测 (权重: 0.1847)...
2025-03-24 10:18:58,987 - DART: 数据标准化完成
2025-03-24 10:18:58,989 - DART: 时间窗口创建完成，窗口数量: 93
2025-03-24 10:18:58,991 - ✅ DART 模型预测完成，生成了 93 个预测值
2025-03-24 10:18:58,991 -    统计: 最小值=160.99, 最大值=218.68, 平均值=199.97
2025-03-24 10:18:58,992 - ❌ GOSS 模型权重为0，跳过
2025-03-24 10:18:58,992 - 所有预测结果对齐到最小长度: 93
2025-03-24 10:18:58,992 - 开始计算加权平均预测结果...
2025-03-24 10:18:58,992 -   加入 GBDT 模型贡献 (权重: 0.3379)
2025-03-24 10:18:58,992 -   加入 DART 模型贡献 (权重: 0.1847)
2025-03-24 10:18:58,992 -   加入常数偏置项 (值: 98.0784)
2025-03-24 10:18:58,992 - 加权平均预测完成，生成了 93 个预测值
2025-03-24 10:18:58,992 - 加权预测结果统计: 最小值=195.95, 最大值=230.83, 平均值=219.58
2025-03-24 10:18:58,992 - ✅ 多模型加权预测完成，使用模型: GBDT, DART, GOSS
2025-03-24 10:18:58,992 - 
============================================================
【保存预测结果】
============================================================
2025-03-24 10:18:58,993 - 创建输出目录: D:\my-vue-project\wind-power-forecast\backend\auto_scripts\results\shortresult\20250324
2025-03-24 10:18:58,993 - 预测结果数据框创建完成，共 93 行
2025-03-24 10:18:58,998 - ✅ 预测结果已保存到文件: D:\my-vue-project\wind-power-forecast\backend\auto_scripts\results\shortresult\20250324\20250324.csv
2025-03-24 10:18:58,999 - 尝试将预测结果导入数据库...
2025-03-24 10:18:58,999 - 发送HTTP请求到: http://localhost:5000/prediction2database/batch_shortl_power
2025-03-24 10:19:50,148 - 
================================================================================
2025-03-24 10:19:50,148 - >>> 自动训练预测系统启动 <<<
2025-03-24 10:19:50,148 - ================================================================================

2025-03-24 10:19:50,148 - 自动训练预测系统启动
2025-03-24 10:19:50,149 - 今天的日期是: 20250324
2025-03-24 10:19:50,149 - 创建监视线程...
2025-03-24 10:19:50,149 - 启动训练线程...
2025-03-24 10:19:50,149 - 启动预测线程...
2025-03-24 10:19:50,149 - 
================================================================================
2025-03-24 10:19:50,149 - >>> 启动训练监视线程 <<<
2025-03-24 10:19:50,149 - ================================================================================

2025-03-24 10:19:50,150 - 启动训练监视线程
2025-03-24 10:19:50,150 - 
================================================================================
2025-03-24 10:19:50,150 - 等待线程完成...
2025-03-24 10:19:50,150 - >>> 启动预测监视线程 <<<
2025-03-24 10:19:50,150 - ================================================================================

2025-03-24 10:19:50,150 - 启动预测监视线程
2025-03-24 10:19:50,150 - 训练文件路径: D:\my-vue-project\wind-power-forecast\backend\auto_scripts\dataset\dataset_short\20250324.csv
2025-03-24 10:19:50,150 - 模型存储目录: D:\my-vue-project\wind-power-forecast\backend\auto_scripts\models\shortmodel\20250324
2025-03-24 10:19:50,150 - 训练完成标志文件: D:\my-vue-project\wind-power-forecast\backend\auto_scripts\scripts\short\logs\auto_pre_train\20250324_train_done.flag
2025-03-24 10:19:50,150 - 开始监视 D:\my-vue-project\wind-power-forecast\backend\auto_scripts\dataset\dataset_short 文件夹以进行训练...
2025-03-24 10:19:50,150 - 预测数据文件路径: D:\my-vue-project\wind-power-forecast\backend\auto_scripts\precsv\shortcsv\20250324.csv
2025-03-24 10:19:50,150 - 检测到20250324的训练已经执行过 (标志文件: D:\my-vue-project\wind-power-forecast\backend\auto_scripts\scripts\short\logs\auto_pre_train\20250324_train_done.flag)
2025-03-24 10:19:50,150 - 模型目录: D:\my-vue-project\wind-power-forecast\backend\auto_scripts\models\shortmodel\20250324
2025-03-24 10:19:50,151 - ⚠️ 检测到今天的训练已经执行过，跳过...
2025-03-24 10:19:50,151 - 预测完成标志文件: D:\my-vue-project\wind-power-forecast\backend\auto_scripts\scripts\short\logs\auto_pre_train\20250324_predict_done.flag
2025-03-24 10:19:50,151 - 检查模型目录: D:\my-vue-project\wind-power-forecast\backend\auto_scripts\models\shortmodel\20250324
2025-03-24 10:19:50,151 - 开始监视 D:\my-vue-project\wind-power-forecast\backend\auto_scripts\precsv\shortcsv 文件夹以进行预测...
2025-03-24 10:19:50,151 - 发现best_models目录: D:\my-vue-project\wind-power-forecast\backend\auto_scripts\models\shortmodel\20250324\best_models
2025-03-24 10:19:50,151 - 检查模型目录: D:\my-vue-project\wind-power-forecast\backend\auto_scripts\models\shortmodel\20250324
2025-03-24 10:19:50,152 - 发现GBDT模型文件: D:\my-vue-project\wind-power-forecast\backend\auto_scripts\models\shortmodel\20250324\best_models\GBDT.joblib
2025-03-24 10:19:50,152 - ✅ 模型已设置为可用状态
2025-03-24 10:19:50,152 - 发现best_models目录: D:\my-vue-project\wind-power-forecast\backend\auto_scripts\models\shortmodel\20250324\best_models
2025-03-24 10:19:50,152 - 发现GBDT模型文件: D:\my-vue-project\wind-power-forecast\backend\auto_scripts\models\shortmodel\20250324\best_models\GBDT.joblib
2025-03-24 10:19:50,152 - ✅ 发现新的预测文件：D:\my-vue-project\wind-power-forecast\backend\auto_scripts\precsv\shortcsv\20250324.csv，执行预测...
2025-03-24 10:19:50,152 - 
============================================================
【风电功率预测开始】
============================================================
2025-03-24 10:19:50,152 - 配置信息:
2025-03-24 10:19:50,152 -   - 数据文件: D:\my-vue-project\wind-power-forecast\backend\auto_scripts\precsv\shortcsv\20250324.csv
2025-03-24 10:19:50,152 -   - 模型目录: D:\my-vue-project\wind-power-forecast\backend\auto_scripts\models\shortmodel\20250324
2025-03-24 10:19:50,152 -   - 窗口大小: 16
2025-03-24 10:19:50,152 -   - 滞后特征数: 4
2025-03-24 10:19:50,153 - 
============================================================
【预处理新数据】
============================================================
2025-03-24 10:19:50,153 - 加载数据文件: D:\my-vue-project\wind-power-forecast\backend\auto_scripts\precsv\shortcsv\20250324.csv
2025-03-24 10:19:50,160 - 数据加载完成，去除缺失值后共 111 条记录
2025-03-24 10:19:50,219 - 数据前5行预览:
         Timestamp    129.128_1    129.128_2  ...  ws200_13   ws200_14   ws200_15
0  2024/4/16 19:30  15974.26563  16293.82813  ...  9.588719  10.699799  12.128573
1  2024/4/16 19:45  15974.26563  16293.82813  ...  9.553943  10.777429  12.265793
2  2024/4/16 20:00  15974.26563  16293.82813  ...  9.541195  10.863499  12.404554
3  2024/4/16 20:15  15974.26563  16293.82813  ...  9.280917  10.585079  12.259521
4  2024/4/16 20:30  15974.26563  16293.82813  ...  9.020693  10.307371  12.115601

[5 rows x 301 columns]
2025-03-24 10:19:50,219 - 预处理数据...
2025-03-24 10:19:50,221 - 预处理完成，特征维度: (111, 304)
2025-03-24 10:19:50,221 - 执行特征工程，滞后特征数: 4...
2025-03-24 10:19:50,253 - 特征工程完成，特征维度: (108, 859)
2025-03-24 10:19:50,254 - 新数据预处理完成，共 108 个样本
2025-03-24 10:19:50,254 - ✅ 发现最佳模型目录: D:\my-vue-project\wind-power-forecast\backend\auto_scripts\models\shortmodel\20250324\best_models，尝试使用多模型加权预测
2025-03-24 10:19:50,254 - 
============================================================
【加载多个模型】
============================================================
2025-03-24 10:19:50,254 - 从目录加载模型和 scaler: D:\my-vue-project\wind-power-forecast\backend\auto_scripts\models\shortmodel\20250324\best_models
2025-03-24 10:19:50,254 - 加载 GBDT 模型和 scaler...
2025-03-24 10:19:50,260 - ✅ 已成功加载 GBDT 模型和对应的 scaler
2025-03-24 10:19:50,261 - 加载 DART 模型和 scaler...
2025-03-24 10:19:50,266 - ✅ 已成功加载 DART 模型和对应的 scaler
2025-03-24 10:19:50,267 - 加载 GOSS 模型和 scaler...
2025-03-24 10:19:50,276 - ✅ 已成功加载 GOSS 模型和对应的 scaler
2025-03-24 10:19:50,277 - 加载完成，共加载了 3 个模型: GBDT, DART, GOSS
2025-03-24 10:19:50,277 - 尝试加载模型权重文件: D:\my-vue-project\wind-power-forecast\backend\auto_scripts\models\shortmodel\20250324\model_weights.joblib
2025-03-24 10:19:50,277 - ✅ 已加载模型权重: {'GBDT': np.float64(0.3378826776996291), 'DART': np.float64(0.18465658902121768), 'GOSS': np.float64(0.0), 'INTERCEPT': np.float64(98.07836551790079)}
2025-03-24 10:19:50,277 - 
============================================================
【使用多模型加权预测】
============================================================
2025-03-24 10:19:50,277 - 使用自定义权重: {'GBDT': np.float64(0.3378826776996291), 'DART': np.float64(0.18465658902121768), 'GOSS': np.float64(0.0), 'INTERCEPT': np.float64(98.07836551790079)}
2025-03-24 10:19:50,277 - 使用 GBDT 模型进行预测 (权重: 0.3379)...
2025-03-24 10:19:50,283 - GBDT: 数据标准化完成
2025-03-24 10:19:50,285 - GBDT: 时间窗口创建完成，窗口数量: 93
2025-03-24 10:19:50,340 - ✅ GBDT 模型预测完成，生成了 93 个预测值
2025-03-24 10:19:50,340 -    统计: 最小值=201.69, 最大值=273.76, 平均值=250.31
2025-03-24 10:19:50,340 - 使用 DART 模型进行预测 (权重: 0.1847)...
2025-03-24 10:19:50,344 - DART: 数据标准化完成
2025-03-24 10:19:50,347 - DART: 时间窗口创建完成，窗口数量: 93
2025-03-24 10:19:50,350 - ✅ DART 模型预测完成，生成了 93 个预测值
2025-03-24 10:19:50,350 -    统计: 最小值=160.99, 最大值=218.68, 平均值=199.97
2025-03-24 10:19:50,350 - ❌ GOSS 模型权重为0，跳过
2025-03-24 10:19:50,350 - 所有预测结果对齐到最小长度: 93
2025-03-24 10:19:50,350 - 开始计算加权平均预测结果...
2025-03-24 10:19:50,350 -   加入 GBDT 模型贡献 (权重: 0.3379)
2025-03-24 10:19:50,350 -   加入 DART 模型贡献 (权重: 0.1847)
2025-03-24 10:19:50,350 -   加入常数偏置项 (值: 98.0784)
2025-03-24 10:19:50,350 - 加权平均预测完成，生成了 93 个预测值
2025-03-24 10:19:50,350 - 加权预测结果统计: 最小值=195.95, 最大值=230.83, 平均值=219.58
2025-03-24 10:19:50,351 - ✅ 多模型加权预测完成，使用模型: GBDT, DART, GOSS
2025-03-24 10:19:50,351 - 
============================================================
【保存预测结果】
============================================================
2025-03-24 10:19:50,351 - 创建输出目录: D:\my-vue-project\wind-power-forecast\backend\auto_scripts\results\shortresult\20250324
2025-03-24 10:19:50,352 - 预测结果数据框创建完成，共 93 行
2025-03-24 10:19:50,353 - ✅ 预测结果已保存到文件: D:\my-vue-project\wind-power-forecast\backend\auto_scripts\results\shortresult\20250324\20250324.csv
2025-03-24 10:19:50,353 - 尝试将预测结果导入数据库...
2025-03-24 10:19:50,354 - 发送HTTP请求到: http://localhost:5000/prediction2database/batch_shortl_power
2025-03-24 10:19:52,534 - ✅ 数据已成功导入数据库
2025-03-24 10:19:52,534 -    总记录数: 93, 更新: 93, 插入: 0
2025-03-24 10:19:52,535 - ✅ 预测结果已保存到: D:\my-vue-project\wind-power-forecast\backend\auto_scripts\results\shortresult\20250324\20250324.csv
2025-03-24 10:19:52,535 - 
============================================================
【风电功率预测完成】
============================================================
2025-03-24 10:19:52,535 - 风电功率预测完成
2025-03-24 10:19:52,536 - 预测完成，已创建标志文件: D:\my-vue-project\wind-power-forecast\backend\auto_scripts\scripts\short\logs\auto_pre_train\20250324_predict_done.flag
2025-03-24 10:19:52,536 - ✅ 预测执行完成
2025-03-24 10:19:52,536 - 
================================================================================
2025-03-24 10:19:52,537 - >>> 系统任务完成 <<<
2025-03-24 10:19:52,537 - ================================================================================

2025-03-24 10:19:52,537 - 系统任务完成
2025-03-24 10:19:52,537 - 今天的训练和预测任务已完成。
