2025-03-27 23:21:34,884 - 
================================================================================
2025-03-27 23:21:34,884 - >>> 自动训练预测系统启动 <<<
2025-03-27 23:21:34,884 - ================================================================================

2025-03-27 23:21:34,884 - 自动训练预测系统启动
2025-03-27 23:21:34,884 - 今天的日期是: 20250327
2025-03-27 23:21:34,884 - 创建监视线程...
2025-03-27 23:21:34,884 - 启动训练线程...
2025-03-27 23:21:34,885 - 启动预测线程...
2025-03-27 23:21:34,885 - 
================================================================================
2025-03-27 23:21:34,885 - >>> 启动训练监视线程 <<<
2025-03-27 23:21:34,885 - ================================================================================

2025-03-27 23:21:34,885 - 等待线程完成...
2025-03-27 23:21:34,885 - 
================================================================================
2025-03-27 23:21:34,885 - 启动训练监视线程
2025-03-27 23:21:34,885 - >>> 启动预测监视线程 <<<
2025-03-27 23:21:34,885 - ================================================================================

2025-03-27 23:21:34,886 - 启动预测监视线程
2025-03-27 23:21:34,886 - 训练文件路径: D:\my-vue-project\wind-power-forecast\backend\auto_scripts\dataset\dataset_short\20250327.csv
2025-03-27 23:21:34,886 - 模型存储目录: D:\my-vue-project\wind-power-forecast\backend\auto_scripts\models\shortmodel\20250327
2025-03-27 23:21:34,886 - 训练完成标志文件: D:\my-vue-project\wind-power-forecast\backend\auto_scripts\scripts\short\logs\auto_pre_train\20250327_train_done.flag
2025-03-27 23:21:34,886 - 预测数据文件路径: D:\my-vue-project\wind-power-forecast\backend\auto_scripts\precsv\shortcsv\20250327.csv
2025-03-27 23:21:34,886 - 开始监视 D:\my-vue-project\wind-power-forecast\backend\auto_scripts\dataset\dataset_short 文件夹以进行训练...
2025-03-27 23:21:34,886 - 模型目录: D:\my-vue-project\wind-power-forecast\backend\auto_scripts\models\shortmodel\20250327
2025-03-27 23:21:34,887 - 预测完成标志文件: D:\my-vue-project\wind-power-forecast\backend\auto_scripts\scripts\short\logs\auto_pre_train\20250327_predict_done.flag
2025-03-27 23:21:34,887 - 开始监视 D:\my-vue-project\wind-power-forecast\backend\auto_scripts\precsv\shortcsv 文件夹以进行预测...
2025-03-27 23:21:34,887 - ❌ 未找到训练 CSV 文件: D:\my-vue-project\wind-power-forecast\backend\auto_scripts\dataset\dataset_short\20250327.csv，等待 30 秒后重试...
2025-03-27 23:21:34,887 - 检查模型目录: D:\my-vue-project\wind-power-forecast\backend\auto_scripts\models\shortmodel\20250327
2025-03-27 23:21:34,887 - 未找到best_models目录，检查传统模型文件
2025-03-27 23:21:34,887 - 未找到任何可用模型文件
2025-03-27 23:21:34,887 - ⏳ 未有可用模型，等待模型训练完成...
2025-03-27 23:22:04,888 - 检查模型目录: D:\my-vue-project\wind-power-forecast\backend\auto_scripts\models\shortmodel\20250327
2025-03-27 23:22:04,888 - ❌ 未找到训练 CSV 文件: D:\my-vue-project\wind-power-forecast\backend\auto_scripts\dataset\dataset_short\20250327.csv，等待 30 秒后重试...
2025-03-27 23:22:04,889 - 未找到best_models目录，检查传统模型文件
2025-03-27 23:22:04,889 - 未找到任何可用模型文件
2025-03-27 23:22:04,889 - ⏳ 未有可用模型，等待模型训练完成...
2025-03-27 23:22:34,890 - 检查模型目录: D:\my-vue-project\wind-power-forecast\backend\auto_scripts\models\shortmodel\20250327
2025-03-27 23:22:34,890 - ❌ 未找到训练 CSV 文件: D:\my-vue-project\wind-power-forecast\backend\auto_scripts\dataset\dataset_short\20250327.csv，等待 30 秒后重试...
2025-03-27 23:22:34,890 - 未找到best_models目录，检查传统模型文件
2025-03-27 23:22:34,890 - 未找到任何可用模型文件
2025-03-27 23:22:34,890 - ⏳ 未有可用模型，等待模型训练完成...
2025-03-27 23:23:04,899 - 检查模型目录: D:\my-vue-project\wind-power-forecast\backend\auto_scripts\models\shortmodel\20250327
2025-03-27 23:23:04,899 - ❌ 未找到训练 CSV 文件: D:\my-vue-project\wind-power-forecast\backend\auto_scripts\dataset\dataset_short\20250327.csv，等待 30 秒后重试...
2025-03-27 23:23:04,899 - 未找到best_models目录，检查传统模型文件
2025-03-27 23:23:04,900 - 未找到任何可用模型文件
2025-03-27 23:23:04,900 - ⏳ 未有可用模型，等待模型训练完成...
2025-03-27 23:23:34,915 - 检查模型目录: D:\my-vue-project\wind-power-forecast\backend\auto_scripts\models\shortmodel\20250327
2025-03-27 23:23:34,915 - ❌ 未找到训练 CSV 文件: D:\my-vue-project\wind-power-forecast\backend\auto_scripts\dataset\dataset_short\20250327.csv，等待 30 秒后重试...
2025-03-27 23:23:34,915 - 未找到best_models目录，检查传统模型文件
2025-03-27 23:23:34,916 - 未找到任何可用模型文件
2025-03-27 23:23:34,916 - ⏳ 未有可用模型，等待模型训练完成...
2025-03-27 23:24:04,919 - 检查模型目录: D:\my-vue-project\wind-power-forecast\backend\auto_scripts\models\shortmodel\20250327
2025-03-27 23:24:04,919 - ❌ 未找到训练 CSV 文件: D:\my-vue-project\wind-power-forecast\backend\auto_scripts\dataset\dataset_short\20250327.csv，等待 30 秒后重试...
2025-03-27 23:24:04,919 - 未找到best_models目录，检查传统模型文件
2025-03-27 23:24:04,919 - 未找到任何可用模型文件
2025-03-27 23:24:04,919 - ⏳ 未有可用模型，等待模型训练完成...
2025-03-27 23:24:34,933 - 检查模型目录: D:\my-vue-project\wind-power-forecast\backend\auto_scripts\models\shortmodel\20250327
2025-03-27 23:24:34,934 - ❌ 未找到训练 CSV 文件: D:\my-vue-project\wind-power-forecast\backend\auto_scripts\dataset\dataset_short\20250327.csv，等待 30 秒后重试...
2025-03-27 23:24:34,934 - 未找到best_models目录，检查传统模型文件
2025-03-27 23:24:34,934 - 未找到任何可用模型文件
2025-03-27 23:24:34,934 - ⏳ 未有可用模型，等待模型训练完成...
2025-03-27 23:25:04,943 - 检查模型目录: D:\my-vue-project\wind-power-forecast\backend\auto_scripts\models\shortmodel\20250327
2025-03-27 23:25:04,943 - ❌ 未找到训练 CSV 文件: D:\my-vue-project\wind-power-forecast\backend\auto_scripts\dataset\dataset_short\20250327.csv，等待 30 秒后重试...
2025-03-27 23:25:04,943 - 未找到best_models目录，检查传统模型文件
2025-03-27 23:25:04,943 - 未找到任何可用模型文件
2025-03-27 23:25:04,943 - ⏳ 未有可用模型，等待模型训练完成...
2025-03-27 23:25:34,954 - 检查模型目录: D:\my-vue-project\wind-power-forecast\backend\auto_scripts\models\shortmodel\20250327
2025-03-27 23:25:34,954 - ❌ 未找到训练 CSV 文件: D:\my-vue-project\wind-power-forecast\backend\auto_scripts\dataset\dataset_short\20250327.csv，等待 30 秒后重试...
2025-03-27 23:25:34,954 - 未找到best_models目录，检查传统模型文件
2025-03-27 23:25:34,954 - 未找到任何可用模型文件
2025-03-27 23:25:34,954 - ⏳ 未有可用模型，等待模型训练完成...
2025-03-27 23:26:04,964 - ❌ 未找到训练 CSV 文件: D:\my-vue-project\wind-power-forecast\backend\auto_scripts\dataset\dataset_short\20250327.csv，等待 30 秒后重试...
2025-03-27 23:26:04,964 - 检查模型目录: D:\my-vue-project\wind-power-forecast\backend\auto_scripts\models\shortmodel\20250327
2025-03-27 23:26:04,964 - 未找到best_models目录，检查传统模型文件
2025-03-27 23:26:04,964 - 未找到任何可用模型文件
2025-03-27 23:26:04,964 - ⏳ 未有可用模型，等待模型训练完成...
2025-03-27 23:26:34,975 - 检查模型目录: D:\my-vue-project\wind-power-forecast\backend\auto_scripts\models\shortmodel\20250327
2025-03-27 23:26:34,975 - ❌ 未找到训练 CSV 文件: D:\my-vue-project\wind-power-forecast\backend\auto_scripts\dataset\dataset_short\20250327.csv，等待 30 秒后重试...
2025-03-27 23:26:34,975 - 未找到best_models目录，检查传统模型文件
2025-03-27 23:26:34,975 - 未找到任何可用模型文件
2025-03-27 23:26:34,975 - ⏳ 未有可用模型，等待模型训练完成...
2025-03-27 23:27:04,988 - 检查模型目录: D:\my-vue-project\wind-power-forecast\backend\auto_scripts\models\shortmodel\20250327
2025-03-27 23:27:04,988 - ❌ 未找到训练 CSV 文件: D:\my-vue-project\wind-power-forecast\backend\auto_scripts\dataset\dataset_short\20250327.csv，等待 30 秒后重试...
2025-03-27 23:27:04,988 - 未找到best_models目录，检查传统模型文件
2025-03-27 23:27:04,988 - 未找到任何可用模型文件
2025-03-27 23:27:04,988 - ⏳ 未有可用模型，等待模型训练完成...
2025-03-27 23:27:35,003 - 检查模型目录: D:\my-vue-project\wind-power-forecast\backend\auto_scripts\models\shortmodel\20250327
2025-03-27 23:27:35,003 - 未找到best_models目录，检查传统模型文件
2025-03-27 23:27:35,003 - ❌ 未找到训练 CSV 文件: D:\my-vue-project\wind-power-forecast\backend\auto_scripts\dataset\dataset_short\20250327.csv，等待 30 秒后重试...
2025-03-27 23:27:35,003 - 未找到任何可用模型文件
2025-03-27 23:27:35,003 - ⏳ 未有可用模型，等待模型训练完成...
