2025-04-01 21:57:52,986 - 
================================================================================
2025-04-01 21:57:52,986 - >>> 自动训练预测系统启动 <<<
2025-04-01 21:57:52,986 - ================================================================================

2025-04-01 21:57:52,986 - 自动训练预测系统启动
2025-04-01 21:57:52,986 - 今天的日期是: 20250401
2025-04-01 21:57:52,987 - 创建监视线程...
2025-04-01 21:57:52,987 - 启动训练线程...
2025-04-01 21:57:52,987 - 启动预测线程...
2025-04-01 21:57:52,987 - 
================================================================================
2025-04-01 21:57:52,987 - >>> 启动训练监视线程 <<<
2025-04-01 21:57:52,987 - ================================================================================

2025-04-01 21:57:52,988 - 等待线程完成...
2025-04-01 21:57:52,988 - 
================================================================================
2025-04-01 21:57:52,988 - 启动训练监视线程
2025-04-01 21:57:52,988 - >>> 启动预测监视线程 <<<
2025-04-01 21:57:52,988 - ================================================================================

2025-04-01 21:57:52,988 - 启动预测监视线程
2025-04-01 21:57:52,988 - 训练文件路径: D:\my-vue-project\wind-power-forecast\backend\auto_scripts\dataset\dataset_short\20250401.csv
2025-04-01 21:57:52,988 - 模型存储目录: D:\my-vue-project\wind-power-forecast\backend\auto_scripts\models\shortmodel\20250401
2025-04-01 21:57:52,989 - 预测数据文件路径: D:\my-vue-project\wind-power-forecast\backend\auto_scripts\precsv\shortcsv\20250401.csv
2025-04-01 21:57:52,989 - 训练完成标志文件: D:\my-vue-project\wind-power-forecast\backend\auto_scripts\scripts\short\logs\auto_pre_train\20250401_train_done.flag
2025-04-01 21:57:52,989 - 模型目录: D:\my-vue-project\wind-power-forecast\backend\auto_scripts\models\shortmodel\20250401
2025-04-01 21:57:52,989 - 开始监视 D:\my-vue-project\wind-power-forecast\backend\auto_scripts\dataset\dataset_short 文件夹以进行训练...
2025-04-01 21:57:52,989 - 预测完成标志文件: D:\my-vue-project\wind-power-forecast\backend\auto_scripts\scripts\short\logs\auto_pre_train\20250401_predict_done.flag
2025-04-01 21:57:52,989 - 开始监视 D:\my-vue-project\wind-power-forecast\backend\auto_scripts\precsv\shortcsv 文件夹以进行预测...
2025-04-01 21:57:52,989 - ❌ 未找到训练 CSV 文件: D:\my-vue-project\wind-power-forecast\backend\auto_scripts\dataset\dataset_short\20250401.csv，等待 30 秒后重试...
2025-04-01 21:57:52,989 - 检查模型目录: D:\my-vue-project\wind-power-forecast\backend\auto_scripts\models\shortmodel\20250401
2025-04-01 21:57:52,989 - 未找到best_models目录，检查传统模型文件
2025-04-01 21:57:52,989 - 未找到任何可用模型文件
2025-04-01 21:57:52,990 - ⏳ 未有可用模型，等待模型训练完成...
2025-04-01 21:58:22,999 - 检查模型目录: D:\my-vue-project\wind-power-forecast\backend\auto_scripts\models\shortmodel\20250401
2025-04-01 21:58:23,000 - ❌ 未找到训练 CSV 文件: D:\my-vue-project\wind-power-forecast\backend\auto_scripts\dataset\dataset_short\20250401.csv，等待 30 秒后重试...
2025-04-01 21:58:23,000 - 未找到best_models目录，检查传统模型文件
2025-04-01 21:58:23,000 - 未找到任何可用模型文件
2025-04-01 21:58:23,001 - ⏳ 未有可用模型，等待模型训练完成...
2025-04-01 21:58:53,002 - 检查模型目录: D:\my-vue-project\wind-power-forecast\backend\auto_scripts\models\shortmodel\20250401
2025-04-01 21:58:53,003 - ❌ 未找到训练 CSV 文件: D:\my-vue-project\wind-power-forecast\backend\auto_scripts\dataset\dataset_short\20250401.csv，等待 30 秒后重试...
2025-04-01 21:58:53,003 - 未找到best_models目录，检查传统模型文件
2025-04-01 21:58:53,003 - 未找到任何可用模型文件
2025-04-01 21:58:53,003 - ⏳ 未有可用模型，等待模型训练完成...
2025-04-01 21:59:23,009 - 检查模型目录: D:\my-vue-project\wind-power-forecast\backend\auto_scripts\models\shortmodel\20250401
2025-04-01 21:59:23,009 - ❌ 未找到训练 CSV 文件: D:\my-vue-project\wind-power-forecast\backend\auto_scripts\dataset\dataset_short\20250401.csv，等待 30 秒后重试...
2025-04-01 21:59:23,010 - 未找到best_models目录，检查传统模型文件
2025-04-01 21:59:23,010 - 未找到任何可用模型文件
2025-04-01 21:59:23,010 - ⏳ 未有可用模型，等待模型训练完成...
2025-04-01 21:59:53,014 - 检查模型目录: D:\my-vue-project\wind-power-forecast\backend\auto_scripts\models\shortmodel\20250401
2025-04-01 21:59:53,014 - ❌ 未找到训练 CSV 文件: D:\my-vue-project\wind-power-forecast\backend\auto_scripts\dataset\dataset_short\20250401.csv，等待 30 秒后重试...
2025-04-01 21:59:53,014 - 未找到best_models目录，检查传统模型文件
2025-04-01 21:59:53,014 - 未找到任何可用模型文件
2025-04-01 21:59:53,015 - ⏳ 未有可用模型，等待模型训练完成...
2025-04-01 22:00:23,021 - 检查模型目录: D:\my-vue-project\wind-power-forecast\backend\auto_scripts\models\shortmodel\20250401
2025-04-01 22:00:23,021 - ❌ 未找到训练 CSV 文件: D:\my-vue-project\wind-power-forecast\backend\auto_scripts\dataset\dataset_short\20250401.csv，等待 30 秒后重试...
2025-04-01 22:00:23,022 - 未找到best_models目录，检查传统模型文件
2025-04-01 22:00:23,022 - 未找到任何可用模型文件
2025-04-01 22:00:23,022 - ⏳ 未有可用模型，等待模型训练完成...
2025-04-01 22:00:53,024 - 检查模型目录: D:\my-vue-project\wind-power-forecast\backend\auto_scripts\models\shortmodel\20250401
2025-04-01 22:00:53,024 - ❌ 未找到训练 CSV 文件: D:\my-vue-project\wind-power-forecast\backend\auto_scripts\dataset\dataset_short\20250401.csv，等待 30 秒后重试...
2025-04-01 22:00:53,024 - 未找到best_models目录，检查传统模型文件
2025-04-01 22:00:53,024 - 未找到任何可用模型文件
2025-04-01 22:00:53,025 - ⏳ 未有可用模型，等待模型训练完成...
2025-04-01 22:01:23,028 - 检查模型目录: D:\my-vue-project\wind-power-forecast\backend\auto_scripts\models\shortmodel\20250401
2025-04-01 22:01:23,029 - 未找到best_models目录，检查传统模型文件
2025-04-01 22:01:23,029 - ❌ 未找到训练 CSV 文件: D:\my-vue-project\wind-power-forecast\backend\auto_scripts\dataset\dataset_short\20250401.csv，等待 30 秒后重试...
2025-04-01 22:01:23,030 - 未找到任何可用模型文件
2025-04-01 22:01:23,030 - ⏳ 未有可用模型，等待模型训练完成...
2025-04-01 22:01:53,050 - 检查模型目录: D:\my-vue-project\wind-power-forecast\backend\auto_scripts\models\shortmodel\20250401
2025-04-01 22:01:53,050 - ❌ 未找到训练 CSV 文件: D:\my-vue-project\wind-power-forecast\backend\auto_scripts\dataset\dataset_short\20250401.csv，等待 30 秒后重试...
2025-04-01 22:01:53,054 - 未找到best_models目录，检查传统模型文件
2025-04-01 22:01:53,054 - 未找到任何可用模型文件
2025-04-01 22:01:53,054 - ⏳ 未有可用模型，等待模型训练完成...
2025-04-01 22:02:23,063 - 检查模型目录: D:\my-vue-project\wind-power-forecast\backend\auto_scripts\models\shortmodel\20250401
2025-04-01 22:02:23,064 - 未找到best_models目录，检查传统模型文件
2025-04-01 22:02:23,064 - ❌ 未找到训练 CSV 文件: D:\my-vue-project\wind-power-forecast\backend\auto_scripts\dataset\dataset_short\20250401.csv，等待 30 秒后重试...
2025-04-01 22:02:23,066 - 未找到任何可用模型文件
2025-04-01 22:02:23,066 - ⏳ 未有可用模型，等待模型训练完成...
2025-04-01 22:02:53,076 - 检查模型目录: D:\my-vue-project\wind-power-forecast\backend\auto_scripts\models\shortmodel\20250401
2025-04-01 22:02:53,076 - ❌ 未找到训练 CSV 文件: D:\my-vue-project\wind-power-forecast\backend\auto_scripts\dataset\dataset_short\20250401.csv，等待 30 秒后重试...
2025-04-01 22:02:53,077 - 未找到best_models目录，检查传统模型文件
2025-04-01 22:02:53,077 - 未找到任何可用模型文件
2025-04-01 22:02:53,077 - ⏳ 未有可用模型，等待模型训练完成...
2025-04-01 22:03:23,082 - 检查模型目录: D:\my-vue-project\wind-power-forecast\backend\auto_scripts\models\shortmodel\20250401
2025-04-01 22:03:23,083 - ❌ 未找到训练 CSV 文件: D:\my-vue-project\wind-power-forecast\backend\auto_scripts\dataset\dataset_short\20250401.csv，等待 30 秒后重试...
2025-04-01 22:03:23,083 - 未找到best_models目录，检查传统模型文件
2025-04-01 22:03:23,084 - 未找到任何可用模型文件
2025-04-01 22:03:23,084 - ⏳ 未有可用模型，等待模型训练完成...
2025-04-01 22:03:53,091 - 检查模型目录: D:\my-vue-project\wind-power-forecast\backend\auto_scripts\models\shortmodel\20250401
2025-04-01 22:03:53,091 - ❌ 未找到训练 CSV 文件: D:\my-vue-project\wind-power-forecast\backend\auto_scripts\dataset\dataset_short\20250401.csv，等待 30 秒后重试...
2025-04-01 22:03:53,092 - 未找到best_models目录，检查传统模型文件
2025-04-01 22:03:53,093 - 未找到任何可用模型文件
2025-04-01 22:03:53,093 - ⏳ 未有可用模型，等待模型训练完成...
2025-04-01 22:04:23,097 - 检查模型目录: D:\my-vue-project\wind-power-forecast\backend\auto_scripts\models\shortmodel\20250401
2025-04-01 22:04:23,097 - ❌ 未找到训练 CSV 文件: D:\my-vue-project\wind-power-forecast\backend\auto_scripts\dataset\dataset_short\20250401.csv，等待 30 秒后重试...
2025-04-01 22:04:23,097 - 未找到best_models目录，检查传统模型文件
2025-04-01 22:04:23,097 - 未找到任何可用模型文件
2025-04-01 22:04:23,097 - ⏳ 未有可用模型，等待模型训练完成...
2025-04-01 22:04:53,112 - 检查模型目录: D:\my-vue-project\wind-power-forecast\backend\auto_scripts\models\shortmodel\20250401
2025-04-01 22:04:53,112 - ❌ 未找到训练 CSV 文件: D:\my-vue-project\wind-power-forecast\backend\auto_scripts\dataset\dataset_short\20250401.csv，等待 30 秒后重试...
2025-04-01 22:04:53,113 - 未找到best_models目录，检查传统模型文件
2025-04-01 22:04:53,113 - 未找到任何可用模型文件
2025-04-01 22:04:53,113 - ⏳ 未有可用模型，等待模型训练完成...
2025-04-01 22:05:23,124 - 检查模型目录: D:\my-vue-project\wind-power-forecast\backend\auto_scripts\models\shortmodel\20250401
2025-04-01 22:05:23,124 - ❌ 未找到训练 CSV 文件: D:\my-vue-project\wind-power-forecast\backend\auto_scripts\dataset\dataset_short\20250401.csv，等待 30 秒后重试...
2025-04-01 22:05:23,124 - 未找到best_models目录，检查传统模型文件
2025-04-01 22:05:23,125 - 未找到任何可用模型文件
2025-04-01 22:05:23,125 - ⏳ 未有可用模型，等待模型训练完成...
2025-04-01 22:05:53,139 - 检查模型目录: D:\my-vue-project\wind-power-forecast\backend\auto_scripts\models\shortmodel\20250401
2025-04-01 22:05:53,139 - ❌ 未找到训练 CSV 文件: D:\my-vue-project\wind-power-forecast\backend\auto_scripts\dataset\dataset_short\20250401.csv，等待 30 秒后重试...
2025-04-01 22:05:53,139 - 未找到best_models目录，检查传统模型文件
2025-04-01 22:05:53,139 - 未找到任何可用模型文件
2025-04-01 22:05:53,139 - ⏳ 未有可用模型，等待模型训练完成...
2025-04-01 22:06:23,143 - 检查模型目录: D:\my-vue-project\wind-power-forecast\backend\auto_scripts\models\shortmodel\20250401
2025-04-01 22:06:23,144 - ❌ 未找到训练 CSV 文件: D:\my-vue-project\wind-power-forecast\backend\auto_scripts\dataset\dataset_short\20250401.csv，等待 30 秒后重试...
2025-04-01 22:06:23,144 - 未找到best_models目录，检查传统模型文件
2025-04-01 22:06:23,145 - 未找到任何可用模型文件
2025-04-01 22:06:23,145 - ⏳ 未有可用模型，等待模型训练完成...
2025-04-01 22:06:53,146 - 检查模型目录: D:\my-vue-project\wind-power-forecast\backend\auto_scripts\models\shortmodel\20250401
2025-04-01 22:06:53,146 - ❌ 未找到训练 CSV 文件: D:\my-vue-project\wind-power-forecast\backend\auto_scripts\dataset\dataset_short\20250401.csv，等待 30 秒后重试...
2025-04-01 22:06:53,146 - 未找到best_models目录，检查传统模型文件
2025-04-01 22:06:53,146 - 未找到任何可用模型文件
2025-04-01 22:06:53,146 - ⏳ 未有可用模型，等待模型训练完成...
2025-04-01 22:07:23,156 - 检查模型目录: D:\my-vue-project\wind-power-forecast\backend\auto_scripts\models\shortmodel\20250401
2025-04-01 22:07:23,157 - ❌ 未找到训练 CSV 文件: D:\my-vue-project\wind-power-forecast\backend\auto_scripts\dataset\dataset_short\20250401.csv，等待 30 秒后重试...
2025-04-01 22:07:23,158 - 未找到best_models目录，检查传统模型文件
2025-04-01 22:07:23,160 - 未找到任何可用模型文件
2025-04-01 22:07:23,160 - ⏳ 未有可用模型，等待模型训练完成...
2025-04-01 22:07:53,167 - 检查模型目录: D:\my-vue-project\wind-power-forecast\backend\auto_scripts\models\shortmodel\20250401
2025-04-01 22:07:53,169 - ❌ 未找到训练 CSV 文件: D:\my-vue-project\wind-power-forecast\backend\auto_scripts\dataset\dataset_short\20250401.csv，等待 30 秒后重试...
2025-04-01 22:07:53,169 - 未找到best_models目录，检查传统模型文件
2025-04-01 22:07:53,171 - 未找到任何可用模型文件
2025-04-01 22:07:53,171 - ⏳ 未有可用模型，等待模型训练完成...
2025-04-01 22:08:23,170 - ❌ 未找到训练 CSV 文件: D:\my-vue-project\wind-power-forecast\backend\auto_scripts\dataset\dataset_short\20250401.csv，等待 30 秒后重试...
2025-04-01 22:08:23,185 - 检查模型目录: D:\my-vue-project\wind-power-forecast\backend\auto_scripts\models\shortmodel\20250401
2025-04-01 22:08:23,185 - 未找到best_models目录，检查传统模型文件
2025-04-01 22:08:23,185 - 未找到任何可用模型文件
2025-04-01 22:08:23,185 - ⏳ 未有可用模型，等待模型训练完成...
2025-04-01 22:08:53,186 - ❌ 未找到训练 CSV 文件: D:\my-vue-project\wind-power-forecast\backend\auto_scripts\dataset\dataset_short\20250401.csv，等待 30 秒后重试...
2025-04-01 22:08:53,201 - 检查模型目录: D:\my-vue-project\wind-power-forecast\backend\auto_scripts\models\shortmodel\20250401
2025-04-01 22:08:53,201 - 未找到best_models目录，检查传统模型文件
2025-04-01 22:08:53,201 - 未找到任何可用模型文件
2025-04-01 22:08:53,201 - ⏳ 未有可用模型，等待模型训练完成...
2025-04-01 22:09:23,194 - ❌ 未找到训练 CSV 文件: D:\my-vue-project\wind-power-forecast\backend\auto_scripts\dataset\dataset_short\20250401.csv，等待 30 秒后重试...
2025-04-01 22:09:23,210 - 检查模型目录: D:\my-vue-project\wind-power-forecast\backend\auto_scripts\models\shortmodel\20250401
2025-04-01 22:09:23,210 - 未找到best_models目录，检查传统模型文件
2025-04-01 22:09:23,210 - 未找到任何可用模型文件
2025-04-01 22:09:23,211 - ⏳ 未有可用模型，等待模型训练完成...
2025-04-01 22:09:53,206 - ❌ 未找到训练 CSV 文件: D:\my-vue-project\wind-power-forecast\backend\auto_scripts\dataset\dataset_short\20250401.csv，等待 30 秒后重试...
2025-04-01 22:09:53,222 - 检查模型目录: D:\my-vue-project\wind-power-forecast\backend\auto_scripts\models\shortmodel\20250401
2025-04-01 22:09:53,222 - 未找到best_models目录，检查传统模型文件
2025-04-01 22:09:53,222 - 未找到任何可用模型文件
2025-04-01 22:09:53,222 - ⏳ 未有可用模型，等待模型训练完成...
2025-04-01 22:10:23,210 - ❌ 未找到训练 CSV 文件: D:\my-vue-project\wind-power-forecast\backend\auto_scripts\dataset\dataset_short\20250401.csv，等待 30 秒后重试...
2025-04-01 22:10:23,225 - 检查模型目录: D:\my-vue-project\wind-power-forecast\backend\auto_scripts\models\shortmodel\20250401
2025-04-01 22:10:23,225 - 未找到best_models目录，检查传统模型文件
2025-04-01 22:10:23,225 - 未找到任何可用模型文件
2025-04-01 22:10:23,225 - ⏳ 未有可用模型，等待模型训练完成...
2025-04-01 22:10:53,219 - ❌ 未找到训练 CSV 文件: D:\my-vue-project\wind-power-forecast\backend\auto_scripts\dataset\dataset_short\20250401.csv，等待 30 秒后重试...
2025-04-01 22:10:53,235 - 检查模型目录: D:\my-vue-project\wind-power-forecast\backend\auto_scripts\models\shortmodel\20250401
2025-04-01 22:10:53,235 - 未找到best_models目录，检查传统模型文件
2025-04-01 22:10:53,235 - 未找到任何可用模型文件
2025-04-01 22:10:53,235 - ⏳ 未有可用模型，等待模型训练完成...
2025-04-01 22:11:23,223 - ❌ 未找到训练 CSV 文件: D:\my-vue-project\wind-power-forecast\backend\auto_scripts\dataset\dataset_short\20250401.csv，等待 30 秒后重试...
2025-04-01 22:11:23,238 - 检查模型目录: D:\my-vue-project\wind-power-forecast\backend\auto_scripts\models\shortmodel\20250401
2025-04-01 22:11:23,239 - 未找到best_models目录，检查传统模型文件
2025-04-01 22:11:23,239 - 未找到任何可用模型文件
2025-04-01 22:11:23,240 - ⏳ 未有可用模型，等待模型训练完成...
2025-04-01 22:11:53,233 - ❌ 未找到训练 CSV 文件: D:\my-vue-project\wind-power-forecast\backend\auto_scripts\dataset\dataset_short\20250401.csv，等待 30 秒后重试...
2025-04-01 22:11:53,248 - 检查模型目录: D:\my-vue-project\wind-power-forecast\backend\auto_scripts\models\shortmodel\20250401
2025-04-01 22:11:53,248 - 未找到best_models目录，检查传统模型文件
2025-04-01 22:11:53,248 - 未找到任何可用模型文件
2025-04-01 22:11:53,248 - ⏳ 未有可用模型，等待模型训练完成...
2025-04-01 22:12:23,238 - ❌ 未找到训练 CSV 文件: D:\my-vue-project\wind-power-forecast\backend\auto_scripts\dataset\dataset_short\20250401.csv，等待 30 秒后重试...
2025-04-01 22:12:23,253 - 检查模型目录: D:\my-vue-project\wind-power-forecast\backend\auto_scripts\models\shortmodel\20250401
2025-04-01 22:12:23,254 - 未找到best_models目录，检查传统模型文件
2025-04-01 22:12:23,255 - 未找到任何可用模型文件
2025-04-01 22:12:23,256 - ⏳ 未有可用模型，等待模型训练完成...
2025-04-01 22:12:53,245 - ❌ 未找到训练 CSV 文件: D:\my-vue-project\wind-power-forecast\backend\auto_scripts\dataset\dataset_short\20250401.csv，等待 30 秒后重试...
2025-04-01 22:12:53,262 - 检查模型目录: D:\my-vue-project\wind-power-forecast\backend\auto_scripts\models\shortmodel\20250401
2025-04-01 22:12:53,262 - 未找到best_models目录，检查传统模型文件
2025-04-01 22:12:53,263 - 未找到任何可用模型文件
2025-04-01 22:12:53,263 - ⏳ 未有可用模型，等待模型训练完成...
2025-04-01 22:13:23,253 - ❌ 未找到训练 CSV 文件: D:\my-vue-project\wind-power-forecast\backend\auto_scripts\dataset\dataset_short\20250401.csv，等待 30 秒后重试...
2025-04-01 22:13:23,268 - 检查模型目录: D:\my-vue-project\wind-power-forecast\backend\auto_scripts\models\shortmodel\20250401
2025-04-01 22:13:23,268 - 未找到best_models目录，检查传统模型文件
2025-04-01 22:13:23,268 - 未找到任何可用模型文件
2025-04-01 22:13:23,269 - ⏳ 未有可用模型，等待模型训练完成...
2025-04-01 22:13:53,267 - ❌ 未找到训练 CSV 文件: D:\my-vue-project\wind-power-forecast\backend\auto_scripts\dataset\dataset_short\20250401.csv，等待 30 秒后重试...
2025-04-01 22:13:53,283 - 检查模型目录: D:\my-vue-project\wind-power-forecast\backend\auto_scripts\models\shortmodel\20250401
2025-04-01 22:13:53,284 - 未找到best_models目录，检查传统模型文件
2025-04-01 22:13:53,285 - 未找到任何可用模型文件
2025-04-01 22:13:53,286 - ⏳ 未有可用模型，等待模型训练完成...
2025-04-01 22:14:23,279 - ❌ 未找到训练 CSV 文件: D:\my-vue-project\wind-power-forecast\backend\auto_scripts\dataset\dataset_short\20250401.csv，等待 30 秒后重试...
2025-04-01 22:14:23,295 - 检查模型目录: D:\my-vue-project\wind-power-forecast\backend\auto_scripts\models\shortmodel\20250401
2025-04-01 22:14:23,295 - 未找到best_models目录，检查传统模型文件
2025-04-01 22:14:23,295 - 未找到任何可用模型文件
2025-04-01 22:14:23,295 - ⏳ 未有可用模型，等待模型训练完成...
2025-04-01 22:14:53,287 - ❌ 未找到训练 CSV 文件: D:\my-vue-project\wind-power-forecast\backend\auto_scripts\dataset\dataset_short\20250401.csv，等待 30 秒后重试...
2025-04-01 22:14:53,303 - 检查模型目录: D:\my-vue-project\wind-power-forecast\backend\auto_scripts\models\shortmodel\20250401
2025-04-01 22:14:53,303 - 未找到best_models目录，检查传统模型文件
2025-04-01 22:14:53,303 - 未找到任何可用模型文件
2025-04-01 22:14:53,303 - ⏳ 未有可用模型，等待模型训练完成...
2025-04-01 22:15:23,291 - ❌ 未找到训练 CSV 文件: D:\my-vue-project\wind-power-forecast\backend\auto_scripts\dataset\dataset_short\20250401.csv，等待 30 秒后重试...
2025-04-01 22:15:23,306 - 检查模型目录: D:\my-vue-project\wind-power-forecast\backend\auto_scripts\models\shortmodel\20250401
2025-04-01 22:15:23,306 - 未找到best_models目录，检查传统模型文件
2025-04-01 22:15:23,306 - 未找到任何可用模型文件
2025-04-01 22:15:23,306 - ⏳ 未有可用模型，等待模型训练完成...
2025-04-01 22:15:53,300 - ❌ 未找到训练 CSV 文件: D:\my-vue-project\wind-power-forecast\backend\auto_scripts\dataset\dataset_short\20250401.csv，等待 30 秒后重试...
2025-04-01 22:15:53,316 - 检查模型目录: D:\my-vue-project\wind-power-forecast\backend\auto_scripts\models\shortmodel\20250401
2025-04-01 22:15:53,316 - 未找到best_models目录，检查传统模型文件
2025-04-01 22:15:53,316 - 未找到任何可用模型文件
2025-04-01 22:15:53,316 - ⏳ 未有可用模型，等待模型训练完成...
2025-04-01 22:16:23,307 - ❌ 未找到训练 CSV 文件: D:\my-vue-project\wind-power-forecast\backend\auto_scripts\dataset\dataset_short\20250401.csv，等待 30 秒后重试...
2025-04-01 22:16:23,322 - 检查模型目录: D:\my-vue-project\wind-power-forecast\backend\auto_scripts\models\shortmodel\20250401
2025-04-01 22:16:23,322 - 未找到best_models目录，检查传统模型文件
2025-04-01 22:16:23,322 - 未找到任何可用模型文件
2025-04-01 22:16:23,322 - ⏳ 未有可用模型，等待模型训练完成...
2025-04-01 22:16:53,309 - ❌ 未找到训练 CSV 文件: D:\my-vue-project\wind-power-forecast\backend\auto_scripts\dataset\dataset_short\20250401.csv，等待 30 秒后重试...
2025-04-01 22:16:53,325 - 检查模型目录: D:\my-vue-project\wind-power-forecast\backend\auto_scripts\models\shortmodel\20250401
2025-04-01 22:16:53,325 - 未找到best_models目录，检查传统模型文件
2025-04-01 22:16:53,325 - 未找到任何可用模型文件
2025-04-01 22:16:53,325 - ⏳ 未有可用模型，等待模型训练完成...
2025-04-01 22:17:23,318 - ❌ 未找到训练 CSV 文件: D:\my-vue-project\wind-power-forecast\backend\auto_scripts\dataset\dataset_short\20250401.csv，等待 30 秒后重试...
2025-04-01 22:17:23,333 - 检查模型目录: D:\my-vue-project\wind-power-forecast\backend\auto_scripts\models\shortmodel\20250401
2025-04-01 22:17:23,334 - 未找到best_models目录，检查传统模型文件
2025-04-01 22:17:23,334 - 未找到任何可用模型文件
2025-04-01 22:17:23,334 - ⏳ 未有可用模型，等待模型训练完成...
2025-04-01 22:17:53,322 - ❌ 未找到训练 CSV 文件: D:\my-vue-project\wind-power-forecast\backend\auto_scripts\dataset\dataset_short\20250401.csv，等待 30 秒后重试...
2025-04-01 22:17:53,338 - 检查模型目录: D:\my-vue-project\wind-power-forecast\backend\auto_scripts\models\shortmodel\20250401
2025-04-01 22:17:53,338 - 未找到best_models目录，检查传统模型文件
2025-04-01 22:17:53,338 - 未找到任何可用模型文件
2025-04-01 22:17:53,338 - ⏳ 未有可用模型，等待模型训练完成...
2025-04-01 22:18:23,324 - ❌ 未找到训练 CSV 文件: D:\my-vue-project\wind-power-forecast\backend\auto_scripts\dataset\dataset_short\20250401.csv，等待 30 秒后重试...
2025-04-01 22:18:23,340 - 检查模型目录: D:\my-vue-project\wind-power-forecast\backend\auto_scripts\models\shortmodel\20250401
2025-04-01 22:18:23,340 - 未找到best_models目录，检查传统模型文件
2025-04-01 22:18:23,340 - 未找到任何可用模型文件
2025-04-01 22:18:23,340 - ⏳ 未有可用模型，等待模型训练完成...
2025-04-01 22:18:53,325 - ❌ 未找到训练 CSV 文件: D:\my-vue-project\wind-power-forecast\backend\auto_scripts\dataset\dataset_short\20250401.csv，等待 30 秒后重试...
2025-04-01 22:18:53,355 - 检查模型目录: D:\my-vue-project\wind-power-forecast\backend\auto_scripts\models\shortmodel\20250401
2025-04-01 22:18:53,355 - 未找到best_models目录，检查传统模型文件
2025-04-01 22:18:53,355 - 未找到任何可用模型文件
2025-04-01 22:18:53,355 - ⏳ 未有可用模型，等待模型训练完成...
2025-04-01 22:19:23,340 - ❌ 未找到训练 CSV 文件: D:\my-vue-project\wind-power-forecast\backend\auto_scripts\dataset\dataset_short\20250401.csv，等待 30 秒后重试...
2025-04-01 22:19:23,371 - 检查模型目录: D:\my-vue-project\wind-power-forecast\backend\auto_scripts\models\shortmodel\20250401
2025-04-01 22:19:23,372 - 未找到best_models目录，检查传统模型文件
2025-04-01 22:19:23,373 - 未找到任何可用模型文件
2025-04-01 22:19:23,374 - ⏳ 未有可用模型，等待模型训练完成...
2025-04-01 22:19:53,341 - ❌ 未找到训练 CSV 文件: D:\my-vue-project\wind-power-forecast\backend\auto_scripts\dataset\dataset_short\20250401.csv，等待 30 秒后重试...
2025-04-01 22:19:53,389 - 检查模型目录: D:\my-vue-project\wind-power-forecast\backend\auto_scripts\models\shortmodel\20250401
2025-04-01 22:19:53,389 - 未找到best_models目录，检查传统模型文件
2025-04-01 22:19:53,389 - 未找到任何可用模型文件
2025-04-01 22:19:53,389 - ⏳ 未有可用模型，等待模型训练完成...
2025-04-01 22:20:23,346 - ❌ 未找到训练 CSV 文件: D:\my-vue-project\wind-power-forecast\backend\auto_scripts\dataset\dataset_short\20250401.csv，等待 30 秒后重试...
2025-04-01 22:20:23,393 - 检查模型目录: D:\my-vue-project\wind-power-forecast\backend\auto_scripts\models\shortmodel\20250401
2025-04-01 22:20:23,393 - 未找到best_models目录，检查传统模型文件
2025-04-01 22:20:23,393 - 未找到任何可用模型文件
2025-04-01 22:20:23,394 - ⏳ 未有可用模型，等待模型训练完成...
2025-04-01 22:20:53,360 - ❌ 未找到训练 CSV 文件: D:\my-vue-project\wind-power-forecast\backend\auto_scripts\dataset\dataset_short\20250401.csv，等待 30 秒后重试...
2025-04-01 22:20:53,406 - 检查模型目录: D:\my-vue-project\wind-power-forecast\backend\auto_scripts\models\shortmodel\20250401
2025-04-01 22:20:53,407 - 未找到best_models目录，检查传统模型文件
2025-04-01 22:20:53,407 - 未找到任何可用模型文件
2025-04-01 22:20:53,407 - ⏳ 未有可用模型，等待模型训练完成...
2025-04-01 22:21:23,369 - ❌ 未找到训练 CSV 文件: D:\my-vue-project\wind-power-forecast\backend\auto_scripts\dataset\dataset_short\20250401.csv，等待 30 秒后重试...
2025-04-01 22:21:23,415 - 检查模型目录: D:\my-vue-project\wind-power-forecast\backend\auto_scripts\models\shortmodel\20250401
2025-04-01 22:21:23,415 - 未找到best_models目录，检查传统模型文件
2025-04-01 22:21:23,415 - 未找到任何可用模型文件
2025-04-01 22:21:23,415 - ⏳ 未有可用模型，等待模型训练完成...
2025-04-01 22:21:53,373 - ❌ 未找到训练 CSV 文件: D:\my-vue-project\wind-power-forecast\backend\auto_scripts\dataset\dataset_short\20250401.csv，等待 30 秒后重试...
2025-04-01 22:21:53,417 - 检查模型目录: D:\my-vue-project\wind-power-forecast\backend\auto_scripts\models\shortmodel\20250401
2025-04-01 22:21:53,417 - 未找到best_models目录，检查传统模型文件
2025-04-01 22:21:53,417 - 未找到任何可用模型文件
2025-04-01 22:21:53,417 - ⏳ 未有可用模型，等待模型训练完成...
2025-04-01 22:22:23,386 - ❌ 未找到训练 CSV 文件: D:\my-vue-project\wind-power-forecast\backend\auto_scripts\dataset\dataset_short\20250401.csv，等待 30 秒后重试...
2025-04-01 22:22:23,433 - 检查模型目录: D:\my-vue-project\wind-power-forecast\backend\auto_scripts\models\shortmodel\20250401
2025-04-01 22:22:23,433 - 未找到best_models目录，检查传统模型文件
2025-04-01 22:22:23,433 - 未找到任何可用模型文件
2025-04-01 22:22:23,433 - ⏳ 未有可用模型，等待模型训练完成...
2025-04-01 22:22:53,393 - ❌ 未找到训练 CSV 文件: D:\my-vue-project\wind-power-forecast\backend\auto_scripts\dataset\dataset_short\20250401.csv，等待 30 秒后重试...
2025-04-01 22:22:53,439 - 检查模型目录: D:\my-vue-project\wind-power-forecast\backend\auto_scripts\models\shortmodel\20250401
2025-04-01 22:22:53,439 - 未找到best_models目录，检查传统模型文件
2025-04-01 22:22:53,439 - 未找到任何可用模型文件
2025-04-01 22:22:53,439 - ⏳ 未有可用模型，等待模型训练完成...
2025-04-01 22:23:23,400 - ❌ 未找到训练 CSV 文件: D:\my-vue-project\wind-power-forecast\backend\auto_scripts\dataset\dataset_short\20250401.csv，等待 30 秒后重试...
2025-04-01 22:23:23,446 - 检查模型目录: D:\my-vue-project\wind-power-forecast\backend\auto_scripts\models\shortmodel\20250401
2025-04-01 22:23:23,447 - 未找到best_models目录，检查传统模型文件
2025-04-01 22:23:23,447 - 未找到任何可用模型文件
2025-04-01 22:23:23,447 - ⏳ 未有可用模型，等待模型训练完成...
2025-04-01 22:23:53,402 - ❌ 未找到训练 CSV 文件: D:\my-vue-project\wind-power-forecast\backend\auto_scripts\dataset\dataset_short\20250401.csv，等待 30 秒后重试...
2025-04-01 22:23:53,449 - 检查模型目录: D:\my-vue-project\wind-power-forecast\backend\auto_scripts\models\shortmodel\20250401
2025-04-01 22:23:53,449 - 未找到best_models目录，检查传统模型文件
2025-04-01 22:23:53,450 - 未找到任何可用模型文件
2025-04-01 22:23:53,450 - ⏳ 未有可用模型，等待模型训练完成...
2025-04-01 22:24:23,408 - ❌ 未找到训练 CSV 文件: D:\my-vue-project\wind-power-forecast\backend\auto_scripts\dataset\dataset_short\20250401.csv，等待 30 秒后重试...
2025-04-01 22:24:23,454 - 检查模型目录: D:\my-vue-project\wind-power-forecast\backend\auto_scripts\models\shortmodel\20250401
2025-04-01 22:24:23,455 - 未找到best_models目录，检查传统模型文件
2025-04-01 22:24:23,455 - 未找到任何可用模型文件
2025-04-01 22:24:23,455 - ⏳ 未有可用模型，等待模型训练完成...
2025-04-01 22:24:53,412 - ❌ 未找到训练 CSV 文件: D:\my-vue-project\wind-power-forecast\backend\auto_scripts\dataset\dataset_short\20250401.csv，等待 30 秒后重试...
2025-04-01 22:24:53,459 - 检查模型目录: D:\my-vue-project\wind-power-forecast\backend\auto_scripts\models\shortmodel\20250401
2025-04-01 22:24:53,459 - 未找到best_models目录，检查传统模型文件
2025-04-01 22:24:53,459 - 未找到任何可用模型文件
2025-04-01 22:24:53,460 - ⏳ 未有可用模型，等待模型训练完成...
2025-04-01 22:25:23,427 - ❌ 未找到训练 CSV 文件: D:\my-vue-project\wind-power-forecast\backend\auto_scripts\dataset\dataset_short\20250401.csv，等待 30 秒后重试...
2025-04-01 22:25:23,474 - 检查模型目录: D:\my-vue-project\wind-power-forecast\backend\auto_scripts\models\shortmodel\20250401
2025-04-01 22:25:23,474 - 未找到best_models目录，检查传统模型文件
2025-04-01 22:25:23,474 - 未找到任何可用模型文件
2025-04-01 22:25:23,474 - ⏳ 未有可用模型，等待模型训练完成...
2025-04-01 22:25:53,430 - ❌ 未找到训练 CSV 文件: D:\my-vue-project\wind-power-forecast\backend\auto_scripts\dataset\dataset_short\20250401.csv，等待 30 秒后重试...
2025-04-01 22:25:53,490 - 检查模型目录: D:\my-vue-project\wind-power-forecast\backend\auto_scripts\models\shortmodel\20250401
2025-04-01 22:25:53,490 - 未找到best_models目录，检查传统模型文件
2025-04-01 22:25:53,491 - 未找到任何可用模型文件
2025-04-01 22:25:53,491 - ⏳ 未有可用模型，等待模型训练完成...
2025-04-01 22:26:23,441 - ❌ 未找到训练 CSV 文件: D:\my-vue-project\wind-power-forecast\backend\auto_scripts\dataset\dataset_short\20250401.csv，等待 30 秒后重试...
2025-04-01 22:26:23,502 - 检查模型目录: D:\my-vue-project\wind-power-forecast\backend\auto_scripts\models\shortmodel\20250401
2025-04-01 22:26:23,503 - 未找到best_models目录，检查传统模型文件
2025-04-01 22:26:23,503 - 未找到任何可用模型文件
2025-04-01 22:26:23,503 - ⏳ 未有可用模型，等待模型训练完成...
2025-04-01 22:26:53,446 - ❌ 未找到训练 CSV 文件: D:\my-vue-project\wind-power-forecast\backend\auto_scripts\dataset\dataset_short\20250401.csv，等待 30 秒后重试...
2025-04-01 22:26:53,506 - 检查模型目录: D:\my-vue-project\wind-power-forecast\backend\auto_scripts\models\shortmodel\20250401
2025-04-01 22:26:53,506 - 未找到best_models目录，检查传统模型文件
2025-04-01 22:26:53,507 - 未找到任何可用模型文件
2025-04-01 22:26:53,507 - ⏳ 未有可用模型，等待模型训练完成...
2025-04-01 22:27:23,454 - ❌ 未找到训练 CSV 文件: D:\my-vue-project\wind-power-forecast\backend\auto_scripts\dataset\dataset_short\20250401.csv，等待 30 秒后重试...
2025-04-01 22:27:23,515 - 检查模型目录: D:\my-vue-project\wind-power-forecast\backend\auto_scripts\models\shortmodel\20250401
2025-04-01 22:27:23,515 - 未找到best_models目录，检查传统模型文件
2025-04-01 22:27:23,515 - 未找到任何可用模型文件
2025-04-01 22:27:23,515 - ⏳ 未有可用模型，等待模型训练完成...
2025-04-01 22:27:53,462 - ❌ 未找到训练 CSV 文件: D:\my-vue-project\wind-power-forecast\backend\auto_scripts\dataset\dataset_short\20250401.csv，等待 30 秒后重试...
2025-04-01 22:27:53,526 - 检查模型目录: D:\my-vue-project\wind-power-forecast\backend\auto_scripts\models\shortmodel\20250401
2025-04-01 22:27:53,526 - 未找到best_models目录，检查传统模型文件
2025-04-01 22:27:53,526 - 未找到任何可用模型文件
2025-04-01 22:27:53,526 - ⏳ 未有可用模型，等待模型训练完成...
2025-04-01 22:28:23,474 - ❌ 未找到训练 CSV 文件: D:\my-vue-project\wind-power-forecast\backend\auto_scripts\dataset\dataset_short\20250401.csv，等待 30 秒后重试...
2025-04-01 22:28:23,536 - 检查模型目录: D:\my-vue-project\wind-power-forecast\backend\auto_scripts\models\shortmodel\20250401
2025-04-01 22:28:23,536 - 未找到best_models目录，检查传统模型文件
2025-04-01 22:28:23,536 - 未找到任何可用模型文件
2025-04-01 22:28:23,536 - ⏳ 未有可用模型，等待模型训练完成...
2025-04-01 22:28:53,480 - ❌ 未找到训练 CSV 文件: D:\my-vue-project\wind-power-forecast\backend\auto_scripts\dataset\dataset_short\20250401.csv，等待 30 秒后重试...
2025-04-01 22:28:53,540 - 检查模型目录: D:\my-vue-project\wind-power-forecast\backend\auto_scripts\models\shortmodel\20250401
2025-04-01 22:28:53,540 - 未找到best_models目录，检查传统模型文件
2025-04-01 22:28:53,541 - 未找到任何可用模型文件
2025-04-01 22:28:53,541 - ⏳ 未有可用模型，等待模型训练完成...
2025-04-01 22:29:23,495 - ❌ 未找到训练 CSV 文件: D:\my-vue-project\wind-power-forecast\backend\auto_scripts\dataset\dataset_short\20250401.csv，等待 30 秒后重试...
2025-04-01 22:29:23,555 - 检查模型目录: D:\my-vue-project\wind-power-forecast\backend\auto_scripts\models\shortmodel\20250401
2025-04-01 22:29:23,555 - 未找到best_models目录，检查传统模型文件
2025-04-01 22:29:23,555 - 未找到任何可用模型文件
2025-04-01 22:29:23,556 - ⏳ 未有可用模型，等待模型训练完成...
2025-04-01 22:29:53,502 - ❌ 未找到训练 CSV 文件: D:\my-vue-project\wind-power-forecast\backend\auto_scripts\dataset\dataset_short\20250401.csv，等待 30 秒后重试...
2025-04-01 22:29:53,564 - 检查模型目录: D:\my-vue-project\wind-power-forecast\backend\auto_scripts\models\shortmodel\20250401
2025-04-01 22:29:53,565 - 未找到best_models目录，检查传统模型文件
2025-04-01 22:29:53,566 - 未找到任何可用模型文件
2025-04-01 22:29:53,567 - ⏳ 未有可用模型，等待模型训练完成...
2025-04-01 22:30:23,504 - ❌ 未找到训练 CSV 文件: D:\my-vue-project\wind-power-forecast\backend\auto_scripts\dataset\dataset_short\20250401.csv，等待 30 秒后重试...
2025-04-01 22:30:23,581 - 检查模型目录: D:\my-vue-project\wind-power-forecast\backend\auto_scripts\models\shortmodel\20250401
2025-04-01 22:30:23,581 - 未找到best_models目录，检查传统模型文件
2025-04-01 22:30:23,581 - 未找到任何可用模型文件
2025-04-01 22:30:23,581 - ⏳ 未有可用模型，等待模型训练完成...
2025-04-01 22:30:53,519 - ❌ 未找到训练 CSV 文件: D:\my-vue-project\wind-power-forecast\backend\auto_scripts\dataset\dataset_short\20250401.csv，等待 30 秒后重试...
2025-04-01 22:30:53,597 - 检查模型目录: D:\my-vue-project\wind-power-forecast\backend\auto_scripts\models\shortmodel\20250401
2025-04-01 22:30:53,598 - 未找到best_models目录，检查传统模型文件
2025-04-01 22:30:53,600 - 未找到任何可用模型文件
2025-04-01 22:30:53,600 - ⏳ 未有可用模型，等待模型训练完成...
2025-04-01 22:31:23,533 - ❌ 未找到训练 CSV 文件: D:\my-vue-project\wind-power-forecast\backend\auto_scripts\dataset\dataset_short\20250401.csv，等待 30 秒后重试...
2025-04-01 22:31:23,610 - 检查模型目录: D:\my-vue-project\wind-power-forecast\backend\auto_scripts\models\shortmodel\20250401
2025-04-01 22:31:23,610 - 未找到best_models目录，检查传统模型文件
2025-04-01 22:31:23,610 - 未找到任何可用模型文件
2025-04-01 22:31:23,610 - ⏳ 未有可用模型，等待模型训练完成...
2025-04-01 22:31:53,547 - ❌ 未找到训练 CSV 文件: D:\my-vue-project\wind-power-forecast\backend\auto_scripts\dataset\dataset_short\20250401.csv，等待 30 秒后重试...
2025-04-01 22:31:53,623 - 检查模型目录: D:\my-vue-project\wind-power-forecast\backend\auto_scripts\models\shortmodel\20250401
2025-04-01 22:31:53,624 - 未找到best_models目录，检查传统模型文件
2025-04-01 22:31:53,625 - 未找到任何可用模型文件
2025-04-01 22:31:53,626 - ⏳ 未有可用模型，等待模型训练完成...
2025-04-01 22:32:23,561 - ❌ 未找到训练 CSV 文件: D:\my-vue-project\wind-power-forecast\backend\auto_scripts\dataset\dataset_short\20250401.csv，等待 30 秒后重试...
2025-04-01 22:32:23,638 - 检查模型目录: D:\my-vue-project\wind-power-forecast\backend\auto_scripts\models\shortmodel\20250401
2025-04-01 22:32:23,638 - 未找到best_models目录，检查传统模型文件
2025-04-01 22:32:23,638 - 未找到任何可用模型文件
2025-04-01 22:32:23,638 - ⏳ 未有可用模型，等待模型训练完成...
2025-04-01 22:32:53,575 - ❌ 未找到训练 CSV 文件: D:\my-vue-project\wind-power-forecast\backend\auto_scripts\dataset\dataset_short\20250401.csv，等待 30 秒后重试...
2025-04-01 22:32:53,652 - 检查模型目录: D:\my-vue-project\wind-power-forecast\backend\auto_scripts\models\shortmodel\20250401
2025-04-01 22:32:53,652 - 未找到best_models目录，检查传统模型文件
2025-04-01 22:32:53,652 - 未找到任何可用模型文件
2025-04-01 22:32:53,652 - ⏳ 未有可用模型，等待模型训练完成...
2025-04-01 22:33:23,586 - ❌ 未找到训练 CSV 文件: D:\my-vue-project\wind-power-forecast\backend\auto_scripts\dataset\dataset_short\20250401.csv，等待 30 秒后重试...
2025-04-01 22:33:23,662 - 检查模型目录: D:\my-vue-project\wind-power-forecast\backend\auto_scripts\models\shortmodel\20250401
2025-04-01 22:33:23,663 - 未找到best_models目录，检查传统模型文件
2025-04-01 22:33:23,664 - 未找到任何可用模型文件
2025-04-01 22:33:23,664 - ⏳ 未有可用模型，等待模型训练完成...
2025-04-01 22:33:53,587 - ❌ 未找到训练 CSV 文件: D:\my-vue-project\wind-power-forecast\backend\auto_scripts\dataset\dataset_short\20250401.csv，等待 30 秒后重试...
2025-04-01 22:33:53,679 - 检查模型目录: D:\my-vue-project\wind-power-forecast\backend\auto_scripts\models\shortmodel\20250401
2025-04-01 22:33:53,679 - 未找到best_models目录，检查传统模型文件
2025-04-01 22:33:53,679 - 未找到任何可用模型文件
2025-04-01 22:33:53,679 - ⏳ 未有可用模型，等待模型训练完成...
2025-04-01 22:34:23,596 - ❌ 未找到训练 CSV 文件: D:\my-vue-project\wind-power-forecast\backend\auto_scripts\dataset\dataset_short\20250401.csv，等待 30 秒后重试...
2025-04-01 22:34:23,688 - 检查模型目录: D:\my-vue-project\wind-power-forecast\backend\auto_scripts\models\shortmodel\20250401
2025-04-01 22:34:23,689 - 未找到best_models目录，检查传统模型文件
2025-04-01 22:34:23,690 - 未找到任何可用模型文件
2025-04-01 22:34:23,690 - ⏳ 未有可用模型，等待模型训练完成...
2025-04-01 22:34:53,599 - ❌ 未找到训练 CSV 文件: D:\my-vue-project\wind-power-forecast\backend\auto_scripts\dataset\dataset_short\20250401.csv，等待 30 秒后重试...
2025-04-01 22:34:53,693 - 检查模型目录: D:\my-vue-project\wind-power-forecast\backend\auto_scripts\models\shortmodel\20250401
2025-04-01 22:34:53,694 - 未找到best_models目录，检查传统模型文件
2025-04-01 22:34:53,695 - 未找到任何可用模型文件
2025-04-01 22:34:53,696 - ⏳ 未有可用模型，等待模型训练完成...
2025-04-01 22:35:23,603 - ❌ 未找到训练 CSV 文件: D:\my-vue-project\wind-power-forecast\backend\auto_scripts\dataset\dataset_short\20250401.csv，等待 30 秒后重试...
2025-04-01 22:35:23,712 - 检查模型目录: D:\my-vue-project\wind-power-forecast\backend\auto_scripts\models\shortmodel\20250401
2025-04-01 22:35:23,712 - 未找到best_models目录，检查传统模型文件
2025-04-01 22:35:23,712 - 未找到任何可用模型文件
2025-04-01 22:35:23,712 - ⏳ 未有可用模型，等待模型训练完成...
2025-04-01 22:35:53,613 - ❌ 未找到训练 CSV 文件: D:\my-vue-project\wind-power-forecast\backend\auto_scripts\dataset\dataset_short\20250401.csv，等待 30 秒后重试...
2025-04-01 22:35:53,721 - 检查模型目录: D:\my-vue-project\wind-power-forecast\backend\auto_scripts\models\shortmodel\20250401
2025-04-01 22:35:53,722 - 未找到best_models目录，检查传统模型文件
2025-04-01 22:35:53,723 - 未找到任何可用模型文件
2025-04-01 22:35:53,723 - ⏳ 未有可用模型，等待模型训练完成...
2025-04-01 22:36:23,619 - ❌ 未找到训练 CSV 文件: D:\my-vue-project\wind-power-forecast\backend\auto_scripts\dataset\dataset_short\20250401.csv，等待 30 秒后重试...
2025-04-01 22:36:23,729 - 检查模型目录: D:\my-vue-project\wind-power-forecast\backend\auto_scripts\models\shortmodel\20250401
2025-04-01 22:36:23,729 - 未找到best_models目录，检查传统模型文件
2025-04-01 22:36:23,730 - 未找到任何可用模型文件
2025-04-01 22:36:23,730 - ⏳ 未有可用模型，等待模型训练完成...
2025-04-01 22:36:53,629 - ❌ 未找到训练 CSV 文件: D:\my-vue-project\wind-power-forecast\backend\auto_scripts\dataset\dataset_short\20250401.csv，等待 30 秒后重试...
2025-04-01 22:36:53,736 - 检查模型目录: D:\my-vue-project\wind-power-forecast\backend\auto_scripts\models\shortmodel\20250401
2025-04-01 22:36:53,737 - 未找到best_models目录，检查传统模型文件
2025-04-01 22:36:53,737 - 未找到任何可用模型文件
2025-04-01 22:36:53,737 - ⏳ 未有可用模型，等待模型训练完成...
2025-04-01 22:37:23,636 - ❌ 未找到训练 CSV 文件: D:\my-vue-project\wind-power-forecast\backend\auto_scripts\dataset\dataset_short\20250401.csv，等待 30 秒后重试...
2025-04-01 22:37:23,747 - 检查模型目录: D:\my-vue-project\wind-power-forecast\backend\auto_scripts\models\shortmodel\20250401
2025-04-01 22:37:23,747 - 未找到best_models目录，检查传统模型文件
2025-04-01 22:37:23,747 - 未找到任何可用模型文件
2025-04-01 22:37:23,747 - ⏳ 未有可用模型，等待模型训练完成...
2025-04-01 22:37:53,640 - ❌ 未找到训练 CSV 文件: D:\my-vue-project\wind-power-forecast\backend\auto_scripts\dataset\dataset_short\20250401.csv，等待 30 秒后重试...
2025-04-01 22:37:53,752 - 检查模型目录: D:\my-vue-project\wind-power-forecast\backend\auto_scripts\models\shortmodel\20250401
2025-04-01 22:37:53,753 - 未找到best_models目录，检查传统模型文件
2025-04-01 22:37:53,754 - 未找到任何可用模型文件
2025-04-01 22:37:53,754 - ⏳ 未有可用模型，等待模型训练完成...
2025-04-01 22:38:23,647 - ❌ 未找到训练 CSV 文件: D:\my-vue-project\wind-power-forecast\backend\auto_scripts\dataset\dataset_short\20250401.csv，等待 30 秒后重试...
2025-04-01 22:38:23,770 - 检查模型目录: D:\my-vue-project\wind-power-forecast\backend\auto_scripts\models\shortmodel\20250401
2025-04-01 22:38:23,770 - 未找到best_models目录，检查传统模型文件
2025-04-01 22:38:23,770 - 未找到任何可用模型文件
2025-04-01 22:38:23,771 - ⏳ 未有可用模型，等待模型训练完成...
2025-04-01 22:38:53,659 - ❌ 未找到训练 CSV 文件: D:\my-vue-project\wind-power-forecast\backend\auto_scripts\dataset\dataset_short\20250401.csv，等待 30 秒后重试...
2025-04-01 22:38:53,781 - 检查模型目录: D:\my-vue-project\wind-power-forecast\backend\auto_scripts\models\shortmodel\20250401
2025-04-01 22:38:53,781 - 未找到best_models目录，检查传统模型文件
2025-04-01 22:38:53,781 - 未找到任何可用模型文件
2025-04-01 22:38:53,781 - ⏳ 未有可用模型，等待模型训练完成...
2025-04-01 22:39:23,672 - ❌ 未找到训练 CSV 文件: D:\my-vue-project\wind-power-forecast\backend\auto_scripts\dataset\dataset_short\20250401.csv，等待 30 秒后重试...
2025-04-01 22:39:23,797 - 检查模型目录: D:\my-vue-project\wind-power-forecast\backend\auto_scripts\models\shortmodel\20250401
2025-04-01 22:39:23,797 - 未找到best_models目录，检查传统模型文件
2025-04-01 22:39:23,797 - 未找到任何可用模型文件
2025-04-01 22:39:23,797 - ⏳ 未有可用模型，等待模型训练完成...
2025-04-01 22:39:53,685 - ❌ 未找到训练 CSV 文件: D:\my-vue-project\wind-power-forecast\backend\auto_scripts\dataset\dataset_short\20250401.csv，等待 30 秒后重试...
2025-04-01 22:39:53,809 - 检查模型目录: D:\my-vue-project\wind-power-forecast\backend\auto_scripts\models\shortmodel\20250401
2025-04-01 22:39:53,810 - 未找到best_models目录，检查传统模型文件
2025-04-01 22:39:53,811 - 未找到任何可用模型文件
2025-04-01 22:39:53,811 - ⏳ 未有可用模型，等待模型训练完成...
2025-04-01 22:40:23,693 - ❌ 未找到训练 CSV 文件: D:\my-vue-project\wind-power-forecast\backend\auto_scripts\dataset\dataset_short\20250401.csv，等待 30 秒后重试...
2025-04-01 22:40:23,818 - 检查模型目录: D:\my-vue-project\wind-power-forecast\backend\auto_scripts\models\shortmodel\20250401
2025-04-01 22:40:23,820 - 未找到best_models目录，检查传统模型文件
2025-04-01 22:40:23,821 - 未找到任何可用模型文件
2025-04-01 22:40:23,821 - ⏳ 未有可用模型，等待模型训练完成...
2025-04-01 22:40:53,696 - ❌ 未找到训练 CSV 文件: D:\my-vue-project\wind-power-forecast\backend\auto_scripts\dataset\dataset_short\20250401.csv，等待 30 秒后重试...
2025-04-01 22:40:53,836 - 检查模型目录: D:\my-vue-project\wind-power-forecast\backend\auto_scripts\models\shortmodel\20250401
2025-04-01 22:40:53,836 - 未找到best_models目录，检查传统模型文件
2025-04-01 22:40:53,836 - 未找到任何可用模型文件
2025-04-01 22:40:53,837 - ⏳ 未有可用模型，等待模型训练完成...
2025-04-01 22:41:23,704 - ❌ 未找到训练 CSV 文件: D:\my-vue-project\wind-power-forecast\backend\auto_scripts\dataset\dataset_short\20250401.csv，等待 30 秒后重试...
2025-04-01 22:41:23,842 - 检查模型目录: D:\my-vue-project\wind-power-forecast\backend\auto_scripts\models\shortmodel\20250401
2025-04-01 22:41:23,842 - 未找到best_models目录，检查传统模型文件
2025-04-01 22:41:23,843 - 未找到任何可用模型文件
2025-04-01 22:41:23,843 - ⏳ 未有可用模型，等待模型训练完成...
2025-04-01 22:41:53,710 - ❌ 未找到训练 CSV 文件: D:\my-vue-project\wind-power-forecast\backend\auto_scripts\dataset\dataset_short\20250401.csv，等待 30 秒后重试...
2025-04-01 22:41:53,851 - 检查模型目录: D:\my-vue-project\wind-power-forecast\backend\auto_scripts\models\shortmodel\20250401
2025-04-01 22:41:53,852 - 未找到best_models目录，检查传统模型文件
2025-04-01 22:41:53,853 - 未找到任何可用模型文件
2025-04-01 22:41:53,853 - ⏳ 未有可用模型，等待模型训练完成...
2025-04-01 22:42:23,713 - ❌ 未找到训练 CSV 文件: D:\my-vue-project\wind-power-forecast\backend\auto_scripts\dataset\dataset_short\20250401.csv，等待 30 秒后重试...
2025-04-01 22:42:23,866 - 检查模型目录: D:\my-vue-project\wind-power-forecast\backend\auto_scripts\models\shortmodel\20250401
2025-04-01 22:42:23,867 - 未找到best_models目录，检查传统模型文件
2025-04-01 22:42:23,868 - 未找到任何可用模型文件
2025-04-01 22:42:23,869 - ⏳ 未有可用模型，等待模型训练完成...
2025-04-01 22:42:53,729 - ❌ 未找到训练 CSV 文件: D:\my-vue-project\wind-power-forecast\backend\auto_scripts\dataset\dataset_short\20250401.csv，等待 30 秒后重试...
2025-04-01 22:42:53,884 - 检查模型目录: D:\my-vue-project\wind-power-forecast\backend\auto_scripts\models\shortmodel\20250401
2025-04-01 22:42:53,885 - 未找到best_models目录，检查传统模型文件
2025-04-01 22:42:53,886 - 未找到任何可用模型文件
2025-04-01 22:42:53,886 - ⏳ 未有可用模型，等待模型训练完成...
2025-04-01 22:43:23,744 - ❌ 未找到训练 CSV 文件: D:\my-vue-project\wind-power-forecast\backend\auto_scripts\dataset\dataset_short\20250401.csv，等待 30 秒后重试...
2025-04-01 22:43:23,901 - 检查模型目录: D:\my-vue-project\wind-power-forecast\backend\auto_scripts\models\shortmodel\20250401
2025-04-01 22:43:23,901 - 未找到best_models目录，检查传统模型文件
2025-04-01 22:43:23,901 - 未找到任何可用模型文件
2025-04-01 22:43:23,902 - ⏳ 未有可用模型，等待模型训练完成...
2025-04-01 22:43:53,759 - ❌ 未找到训练 CSV 文件: D:\my-vue-project\wind-power-forecast\backend\auto_scripts\dataset\dataset_short\20250401.csv，等待 30 秒后重试...
2025-04-01 22:43:53,914 - 检查模型目录: D:\my-vue-project\wind-power-forecast\backend\auto_scripts\models\shortmodel\20250401
2025-04-01 22:43:53,914 - 未找到best_models目录，检查传统模型文件
2025-04-01 22:43:53,914 - 未找到任何可用模型文件
2025-04-01 22:43:53,914 - ⏳ 未有可用模型，等待模型训练完成...
2025-04-01 22:44:23,761 - ❌ 未找到训练 CSV 文件: D:\my-vue-project\wind-power-forecast\backend\auto_scripts\dataset\dataset_short\20250401.csv，等待 30 秒后重试...
2025-04-01 22:44:23,929 - 检查模型目录: D:\my-vue-project\wind-power-forecast\backend\auto_scripts\models\shortmodel\20250401
2025-04-01 22:44:23,929 - 未找到best_models目录，检查传统模型文件
2025-04-01 22:44:23,929 - 未找到任何可用模型文件
2025-04-01 22:44:23,929 - ⏳ 未有可用模型，等待模型训练完成...
2025-04-01 22:44:53,769 - ❌ 未找到训练 CSV 文件: D:\my-vue-project\wind-power-forecast\backend\auto_scripts\dataset\dataset_short\20250401.csv，等待 30 秒后重试...
2025-04-01 22:44:53,941 - 检查模型目录: D:\my-vue-project\wind-power-forecast\backend\auto_scripts\models\shortmodel\20250401
2025-04-01 22:44:53,942 - 未找到best_models目录，检查传统模型文件
2025-04-01 22:44:53,942 - 未找到任何可用模型文件
2025-04-01 22:44:53,942 - ⏳ 未有可用模型，等待模型训练完成...
2025-04-01 22:45:23,774 - ❌ 未找到训练 CSV 文件: D:\my-vue-project\wind-power-forecast\backend\auto_scripts\dataset\dataset_short\20250401.csv，等待 30 秒后重试...
2025-04-01 22:45:23,945 - 检查模型目录: D:\my-vue-project\wind-power-forecast\backend\auto_scripts\models\shortmodel\20250401
2025-04-01 22:45:23,945 - 未找到best_models目录，检查传统模型文件
2025-04-01 22:45:23,945 - 未找到任何可用模型文件
2025-04-01 22:45:23,945 - ⏳ 未有可用模型，等待模型训练完成...
2025-04-01 22:45:53,781 - ❌ 未找到训练 CSV 文件: D:\my-vue-project\wind-power-forecast\backend\auto_scripts\dataset\dataset_short\20250401.csv，等待 30 秒后重试...
2025-04-01 22:45:53,952 - 检查模型目录: D:\my-vue-project\wind-power-forecast\backend\auto_scripts\models\shortmodel\20250401
2025-04-01 22:45:53,952 - 未找到best_models目录，检查传统模型文件
2025-04-01 22:45:53,952 - 未找到任何可用模型文件
2025-04-01 22:45:53,952 - ⏳ 未有可用模型，等待模型训练完成...
2025-04-01 22:46:23,784 - ❌ 未找到训练 CSV 文件: D:\my-vue-project\wind-power-forecast\backend\auto_scripts\dataset\dataset_short\20250401.csv，等待 30 秒后重试...
2025-04-01 22:46:23,955 - 检查模型目录: D:\my-vue-project\wind-power-forecast\backend\auto_scripts\models\shortmodel\20250401
2025-04-01 22:46:23,955 - 未找到best_models目录，检查传统模型文件
2025-04-01 22:46:23,955 - 未找到任何可用模型文件
2025-04-01 22:46:23,956 - ⏳ 未有可用模型，等待模型训练完成...
2025-04-01 22:46:53,793 - ❌ 未找到训练 CSV 文件: D:\my-vue-project\wind-power-forecast\backend\auto_scripts\dataset\dataset_short\20250401.csv，等待 30 秒后重试...
2025-04-01 22:46:53,962 - 检查模型目录: D:\my-vue-project\wind-power-forecast\backend\auto_scripts\models\shortmodel\20250401
2025-04-01 22:46:53,962 - 未找到best_models目录，检查传统模型文件
2025-04-01 22:46:53,962 - 未找到任何可用模型文件
2025-04-01 22:46:53,962 - ⏳ 未有可用模型，等待模型训练完成...
2025-04-01 22:47:23,800 - ❌ 未找到训练 CSV 文件: D:\my-vue-project\wind-power-forecast\backend\auto_scripts\dataset\dataset_short\20250401.csv，等待 30 秒后重试...
2025-04-01 22:47:23,970 - 检查模型目录: D:\my-vue-project\wind-power-forecast\backend\auto_scripts\models\shortmodel\20250401
2025-04-01 22:47:23,970 - 未找到best_models目录，检查传统模型文件
2025-04-01 22:47:23,970 - 未找到任何可用模型文件
2025-04-01 22:47:23,970 - ⏳ 未有可用模型，等待模型训练完成...
2025-04-01 22:47:53,813 - ❌ 未找到训练 CSV 文件: D:\my-vue-project\wind-power-forecast\backend\auto_scripts\dataset\dataset_short\20250401.csv，等待 30 秒后重试...
2025-04-01 22:47:53,984 - 检查模型目录: D:\my-vue-project\wind-power-forecast\backend\auto_scripts\models\shortmodel\20250401
2025-04-01 22:47:53,984 - 未找到best_models目录，检查传统模型文件
2025-04-01 22:47:53,984 - 未找到任何可用模型文件
2025-04-01 22:47:53,985 - ⏳ 未有可用模型，等待模型训练完成...
2025-04-01 22:48:23,821 - ❌ 未找到训练 CSV 文件: D:\my-vue-project\wind-power-forecast\backend\auto_scripts\dataset\dataset_short\20250401.csv，等待 30 秒后重试...
2025-04-01 22:48:23,994 - 检查模型目录: D:\my-vue-project\wind-power-forecast\backend\auto_scripts\models\shortmodel\20250401
2025-04-01 22:48:23,995 - 未找到best_models目录，检查传统模型文件
2025-04-01 22:48:23,997 - 未找到任何可用模型文件
2025-04-01 22:48:23,997 - ⏳ 未有可用模型，等待模型训练完成...
2025-04-01 22:48:53,837 - ❌ 未找到训练 CSV 文件: D:\my-vue-project\wind-power-forecast\backend\auto_scripts\dataset\dataset_short\20250401.csv，等待 30 秒后重试...
2025-04-01 22:48:54,008 - 检查模型目录: D:\my-vue-project\wind-power-forecast\backend\auto_scripts\models\shortmodel\20250401
2025-04-01 22:48:54,008 - 未找到best_models目录，检查传统模型文件
2025-04-01 22:48:54,008 - 未找到任何可用模型文件
2025-04-01 22:48:54,009 - ⏳ 未有可用模型，等待模型训练完成...
2025-04-01 22:49:23,841 - ❌ 未找到训练 CSV 文件: D:\my-vue-project\wind-power-forecast\backend\auto_scripts\dataset\dataset_short\20250401.csv，等待 30 秒后重试...
2025-04-01 22:49:24,013 - 检查模型目录: D:\my-vue-project\wind-power-forecast\backend\auto_scripts\models\shortmodel\20250401
2025-04-01 22:49:24,014 - 未找到best_models目录，检查传统模型文件
2025-04-01 22:49:24,015 - 未找到任何可用模型文件
2025-04-01 22:49:24,016 - ⏳ 未有可用模型，等待模型训练完成...
2025-04-01 22:49:53,852 - ❌ 未找到训练 CSV 文件: D:\my-vue-project\wind-power-forecast\backend\auto_scripts\dataset\dataset_short\20250401.csv，等待 30 秒后重试...
2025-04-01 22:49:54,025 - 检查模型目录: D:\my-vue-project\wind-power-forecast\backend\auto_scripts\models\shortmodel\20250401
2025-04-01 22:49:54,026 - 未找到best_models目录，检查传统模型文件
2025-04-01 22:49:54,027 - 未找到任何可用模型文件
2025-04-01 22:49:54,028 - ⏳ 未有可用模型，等待模型训练完成...
2025-04-01 22:50:23,866 - ❌ 未找到训练 CSV 文件: D:\my-vue-project\wind-power-forecast\backend\auto_scripts\dataset\dataset_short\20250401.csv，等待 30 秒后重试...
2025-04-01 22:50:24,036 - 检查模型目录: D:\my-vue-project\wind-power-forecast\backend\auto_scripts\models\shortmodel\20250401
2025-04-01 22:50:24,037 - 未找到best_models目录，检查传统模型文件
2025-04-01 22:50:24,038 - 未找到任何可用模型文件
2025-04-01 22:50:24,038 - ⏳ 未有可用模型，等待模型训练完成...
2025-04-01 22:50:53,881 - ❌ 未找到训练 CSV 文件: D:\my-vue-project\wind-power-forecast\backend\auto_scripts\dataset\dataset_short\20250401.csv，等待 30 秒后重试...
2025-04-01 22:50:54,053 - 检查模型目录: D:\my-vue-project\wind-power-forecast\backend\auto_scripts\models\shortmodel\20250401
2025-04-01 22:50:54,054 - 未找到best_models目录，检查传统模型文件
2025-04-01 22:50:54,054 - 未找到任何可用模型文件
2025-04-01 22:50:54,054 - ⏳ 未有可用模型，等待模型训练完成...
2025-04-01 22:51:23,896 - ❌ 未找到训练 CSV 文件: D:\my-vue-project\wind-power-forecast\backend\auto_scripts\dataset\dataset_short\20250401.csv，等待 30 秒后重试...
2025-04-01 22:51:24,067 - 检查模型目录: D:\my-vue-project\wind-power-forecast\backend\auto_scripts\models\shortmodel\20250401
2025-04-01 22:51:24,068 - 未找到best_models目录，检查传统模型文件
2025-04-01 22:51:24,069 - 未找到任何可用模型文件
2025-04-01 22:51:24,070 - ⏳ 未有可用模型，等待模型训练完成...
2025-04-01 22:51:53,912 - ❌ 未找到训练 CSV 文件: D:\my-vue-project\wind-power-forecast\backend\auto_scripts\dataset\dataset_short\20250401.csv，等待 30 秒后重试...
2025-04-01 22:51:54,083 - 检查模型目录: D:\my-vue-project\wind-power-forecast\backend\auto_scripts\models\shortmodel\20250401
2025-04-01 22:51:54,083 - 未找到best_models目录，检查传统模型文件
2025-04-01 22:51:54,083 - 未找到任何可用模型文件
2025-04-01 22:51:54,084 - ⏳ 未有可用模型，等待模型训练完成...
2025-04-01 22:52:23,919 - ❌ 未找到训练 CSV 文件: D:\my-vue-project\wind-power-forecast\backend\auto_scripts\dataset\dataset_short\20250401.csv，等待 30 秒后重试...
2025-04-01 22:52:24,092 - 检查模型目录: D:\my-vue-project\wind-power-forecast\backend\auto_scripts\models\shortmodel\20250401
2025-04-01 22:52:24,093 - 未找到best_models目录，检查传统模型文件
2025-04-01 22:52:24,094 - 未找到任何可用模型文件
2025-04-01 22:52:24,095 - ⏳ 未有可用模型，等待模型训练完成...
2025-04-01 22:52:53,926 - ❌ 未找到训练 CSV 文件: D:\my-vue-project\wind-power-forecast\backend\auto_scripts\dataset\dataset_short\20250401.csv，等待 30 秒后重试...
2025-04-01 22:52:54,098 - 检查模型目录: D:\my-vue-project\wind-power-forecast\backend\auto_scripts\models\shortmodel\20250401
2025-04-01 22:52:54,100 - 未找到best_models目录，检查传统模型文件
2025-04-01 22:52:54,101 - 未找到任何可用模型文件
2025-04-01 22:52:54,101 - ⏳ 未有可用模型，等待模型训练完成...
2025-04-01 22:53:23,933 - ❌ 未找到训练 CSV 文件: D:\my-vue-project\wind-power-forecast\backend\auto_scripts\dataset\dataset_short\20250401.csv，等待 30 秒后重试...
2025-04-01 22:53:24,103 - 检查模型目录: D:\my-vue-project\wind-power-forecast\backend\auto_scripts\models\shortmodel\20250401
2025-04-01 22:53:24,103 - 未找到best_models目录，检查传统模型文件
2025-04-01 22:53:24,103 - 未找到任何可用模型文件
2025-04-01 22:53:24,103 - ⏳ 未有可用模型，等待模型训练完成...
2025-04-01 22:53:53,940 - ❌ 未找到训练 CSV 文件: D:\my-vue-project\wind-power-forecast\backend\auto_scripts\dataset\dataset_short\20250401.csv，等待 30 秒后重试...
2025-04-01 22:53:54,109 - 检查模型目录: D:\my-vue-project\wind-power-forecast\backend\auto_scripts\models\shortmodel\20250401
2025-04-01 22:53:54,109 - 未找到best_models目录，检查传统模型文件
2025-04-01 22:53:54,110 - 未找到任何可用模型文件
2025-04-01 22:53:54,110 - ⏳ 未有可用模型，等待模型训练完成...
2025-04-01 22:54:23,951 - ❌ 未找到训练 CSV 文件: D:\my-vue-project\wind-power-forecast\backend\auto_scripts\dataset\dataset_short\20250401.csv，等待 30 秒后重试...
2025-04-01 22:54:24,124 - 检查模型目录: D:\my-vue-project\wind-power-forecast\backend\auto_scripts\models\shortmodel\20250401
2025-04-01 22:54:24,125 - 未找到best_models目录，检查传统模型文件
2025-04-01 22:54:24,125 - 未找到任何可用模型文件
2025-04-01 22:54:24,125 - ⏳ 未有可用模型，等待模型训练完成...
2025-04-01 22:54:53,958 - ❌ 未找到训练 CSV 文件: D:\my-vue-project\wind-power-forecast\backend\auto_scripts\dataset\dataset_short\20250401.csv，等待 30 秒后重试...
2025-04-01 22:54:54,128 - 检查模型目录: D:\my-vue-project\wind-power-forecast\backend\auto_scripts\models\shortmodel\20250401
2025-04-01 22:54:54,128 - 未找到best_models目录，检查传统模型文件
2025-04-01 22:54:54,128 - 未找到任何可用模型文件
2025-04-01 22:54:54,128 - ⏳ 未有可用模型，等待模型训练完成...
2025-04-01 22:55:23,960 - ❌ 未找到训练 CSV 文件: D:\my-vue-project\wind-power-forecast\backend\auto_scripts\dataset\dataset_short\20250401.csv，等待 30 秒后重试...
2025-04-01 22:55:24,133 - 检查模型目录: D:\my-vue-project\wind-power-forecast\backend\auto_scripts\models\shortmodel\20250401
2025-04-01 22:55:24,133 - 未找到best_models目录，检查传统模型文件
2025-04-01 22:55:24,133 - 未找到任何可用模型文件
2025-04-01 22:55:24,133 - ⏳ 未有可用模型，等待模型训练完成...
2025-04-01 22:55:53,964 - ❌ 未找到训练 CSV 文件: D:\my-vue-project\wind-power-forecast\backend\auto_scripts\dataset\dataset_short\20250401.csv，等待 30 秒后重试...
2025-04-01 22:55:54,135 - 检查模型目录: D:\my-vue-project\wind-power-forecast\backend\auto_scripts\models\shortmodel\20250401
2025-04-01 22:55:54,136 - 未找到best_models目录，检查传统模型文件
2025-04-01 22:55:54,137 - 未找到任何可用模型文件
2025-04-01 22:55:54,138 - ⏳ 未有可用模型，等待模型训练完成...
2025-04-01 22:56:23,975 - ❌ 未找到训练 CSV 文件: D:\my-vue-project\wind-power-forecast\backend\auto_scripts\dataset\dataset_short\20250401.csv，等待 30 秒后重试...
2025-04-01 22:56:24,145 - 检查模型目录: D:\my-vue-project\wind-power-forecast\backend\auto_scripts\models\shortmodel\20250401
2025-04-01 22:56:24,145 - 未找到best_models目录，检查传统模型文件
2025-04-01 22:56:24,146 - 未找到任何可用模型文件
2025-04-01 22:56:24,146 - ⏳ 未有可用模型，等待模型训练完成...
2025-04-01 22:56:53,985 - ❌ 未找到训练 CSV 文件: D:\my-vue-project\wind-power-forecast\backend\auto_scripts\dataset\dataset_short\20250401.csv，等待 30 秒后重试...
2025-04-01 22:56:54,154 - 检查模型目录: D:\my-vue-project\wind-power-forecast\backend\auto_scripts\models\shortmodel\20250401
2025-04-01 22:56:54,155 - 未找到best_models目录，检查传统模型文件
2025-04-01 22:56:54,155 - 未找到任何可用模型文件
2025-04-01 22:56:54,155 - ⏳ 未有可用模型，等待模型训练完成...
2025-04-01 22:57:23,996 - ❌ 未找到训练 CSV 文件: D:\my-vue-project\wind-power-forecast\backend\auto_scripts\dataset\dataset_short\20250401.csv，等待 30 秒后重试...
2025-04-01 22:57:24,169 - 检查模型目录: D:\my-vue-project\wind-power-forecast\backend\auto_scripts\models\shortmodel\20250401
2025-04-01 22:57:24,170 - 未找到best_models目录，检查传统模型文件
2025-04-01 22:57:24,171 - 未找到任何可用模型文件
2025-04-01 22:57:24,171 - ⏳ 未有可用模型，等待模型训练完成...
2025-04-01 22:57:54,002 - ❌ 未找到训练 CSV 文件: D:\my-vue-project\wind-power-forecast\backend\auto_scripts\dataset\dataset_short\20250401.csv，等待 30 秒后重试...
2025-04-01 22:57:54,187 - 检查模型目录: D:\my-vue-project\wind-power-forecast\backend\auto_scripts\models\shortmodel\20250401
2025-04-01 22:57:54,187 - 未找到best_models目录，检查传统模型文件
2025-04-01 22:57:54,187 - 未找到任何可用模型文件
2025-04-01 22:57:54,187 - ⏳ 未有可用模型，等待模型训练完成...
2025-04-01 22:58:24,007 - ❌ 未找到训练 CSV 文件: D:\my-vue-project\wind-power-forecast\backend\auto_scripts\dataset\dataset_short\20250401.csv，等待 30 秒后重试...
2025-04-01 22:58:24,194 - 检查模型目录: D:\my-vue-project\wind-power-forecast\backend\auto_scripts\models\shortmodel\20250401
2025-04-01 22:58:24,195 - 未找到best_models目录，检查传统模型文件
2025-04-01 22:58:24,196 - 未找到任何可用模型文件
2025-04-01 22:58:24,196 - ⏳ 未有可用模型，等待模型训练完成...
2025-04-01 22:58:54,020 - ❌ 未找到训练 CSV 文件: D:\my-vue-project\wind-power-forecast\backend\auto_scripts\dataset\dataset_short\20250401.csv，等待 30 秒后重试...
2025-04-01 22:58:54,205 - 检查模型目录: D:\my-vue-project\wind-power-forecast\backend\auto_scripts\models\shortmodel\20250401
2025-04-01 22:58:54,205 - 未找到best_models目录，检查传统模型文件
2025-04-01 22:58:54,205 - 未找到任何可用模型文件
2025-04-01 22:58:54,205 - ⏳ 未有可用模型，等待模型训练完成...
2025-04-01 22:59:24,037 - ❌ 未找到训练 CSV 文件: D:\my-vue-project\wind-power-forecast\backend\auto_scripts\dataset\dataset_short\20250401.csv，等待 30 秒后重试...
2025-04-01 22:59:24,208 - 检查模型目录: D:\my-vue-project\wind-power-forecast\backend\auto_scripts\models\shortmodel\20250401
2025-04-01 22:59:24,208 - 未找到best_models目录，检查传统模型文件
2025-04-01 22:59:24,208 - 未找到任何可用模型文件
2025-04-01 22:59:24,208 - ⏳ 未有可用模型，等待模型训练完成...
2025-04-01 22:59:54,042 - ❌ 未找到训练 CSV 文件: D:\my-vue-project\wind-power-forecast\backend\auto_scripts\dataset\dataset_short\20250401.csv，等待 30 秒后重试...
2025-04-01 22:59:54,214 - 检查模型目录: D:\my-vue-project\wind-power-forecast\backend\auto_scripts\models\shortmodel\20250401
2025-04-01 22:59:54,214 - 未找到best_models目录，检查传统模型文件
2025-04-01 22:59:54,214 - 未找到任何可用模型文件
2025-04-01 22:59:54,214 - ⏳ 未有可用模型，等待模型训练完成...
2025-04-01 23:00:24,049 - ❌ 未找到训练 CSV 文件: D:\my-vue-project\wind-power-forecast\backend\auto_scripts\dataset\dataset_short\20250401.csv，等待 30 秒后重试...
2025-04-01 23:00:24,220 - 检查模型目录: D:\my-vue-project\wind-power-forecast\backend\auto_scripts\models\shortmodel\20250401
2025-04-01 23:00:24,220 - 未找到best_models目录，检查传统模型文件
2025-04-01 23:00:24,220 - 未找到任何可用模型文件
2025-04-01 23:00:24,220 - ⏳ 未有可用模型，等待模型训练完成...
2025-04-01 23:00:54,055 - ❌ 未找到训练 CSV 文件: D:\my-vue-project\wind-power-forecast\backend\auto_scripts\dataset\dataset_short\20250401.csv，等待 30 秒后重试...
2025-04-01 23:00:54,228 - 检查模型目录: D:\my-vue-project\wind-power-forecast\backend\auto_scripts\models\shortmodel\20250401
2025-04-01 23:00:54,229 - 未找到best_models目录，检查传统模型文件
2025-04-01 23:00:54,230 - 未找到任何可用模型文件
2025-04-01 23:00:54,230 - ⏳ 未有可用模型，等待模型训练完成...
2025-04-01 23:01:24,067 - ❌ 未找到训练 CSV 文件: D:\my-vue-project\wind-power-forecast\backend\auto_scripts\dataset\dataset_short\20250401.csv，等待 30 秒后重试...
2025-04-01 23:01:24,237 - 检查模型目录: D:\my-vue-project\wind-power-forecast\backend\auto_scripts\models\shortmodel\20250401
2025-04-01 23:01:24,237 - 未找到best_models目录，检查传统模型文件
2025-04-01 23:01:24,237 - 未找到任何可用模型文件
2025-04-01 23:01:24,237 - ⏳ 未有可用模型，等待模型训练完成...
2025-04-01 23:01:54,076 - ❌ 未找到训练 CSV 文件: D:\my-vue-project\wind-power-forecast\backend\auto_scripts\dataset\dataset_short\20250401.csv，等待 30 秒后重试...
2025-04-01 23:01:54,249 - 检查模型目录: D:\my-vue-project\wind-power-forecast\backend\auto_scripts\models\shortmodel\20250401
2025-04-01 23:01:54,249 - 未找到best_models目录，检查传统模型文件
2025-04-01 23:01:54,249 - 未找到任何可用模型文件
2025-04-01 23:01:54,249 - ⏳ 未有可用模型，等待模型训练完成...
2025-04-01 23:02:24,088 - ❌ 未找到训练 CSV 文件: D:\my-vue-project\wind-power-forecast\backend\auto_scripts\dataset\dataset_short\20250401.csv，等待 30 秒后重试...
2025-04-01 23:02:24,254 - 检查模型目录: D:\my-vue-project\wind-power-forecast\backend\auto_scripts\models\shortmodel\20250401
2025-04-01 23:02:24,254 - 未找到best_models目录，检查传统模型文件
2025-04-01 23:02:24,254 - 未找到任何可用模型文件
2025-04-01 23:02:24,254 - ⏳ 未有可用模型，等待模型训练完成...
2025-04-01 23:02:54,103 - ❌ 未找到训练 CSV 文件: D:\my-vue-project\wind-power-forecast\backend\auto_scripts\dataset\dataset_short\20250401.csv，等待 30 秒后重试...
2025-04-01 23:02:54,257 - 检查模型目录: D:\my-vue-project\wind-power-forecast\backend\auto_scripts\models\shortmodel\20250401
2025-04-01 23:02:54,258 - 未找到best_models目录，检查传统模型文件
2025-04-01 23:02:54,258 - 未找到任何可用模型文件
2025-04-01 23:02:54,258 - ⏳ 未有可用模型，等待模型训练完成...
2025-04-01 23:03:24,114 - ❌ 未找到训练 CSV 文件: D:\my-vue-project\wind-power-forecast\backend\auto_scripts\dataset\dataset_short\20250401.csv，等待 30 秒后重试...
2025-04-01 23:03:24,266 - 检查模型目录: D:\my-vue-project\wind-power-forecast\backend\auto_scripts\models\shortmodel\20250401
2025-04-01 23:03:24,266 - 未找到best_models目录，检查传统模型文件
2025-04-01 23:03:24,267 - 未找到任何可用模型文件
2025-04-01 23:03:24,267 - ⏳ 未有可用模型，等待模型训练完成...
2025-04-01 23:03:54,122 - ❌ 未找到训练 CSV 文件: D:\my-vue-project\wind-power-forecast\backend\auto_scripts\dataset\dataset_short\20250401.csv，等待 30 秒后重试...
2025-04-01 23:03:54,278 - 检查模型目录: D:\my-vue-project\wind-power-forecast\backend\auto_scripts\models\shortmodel\20250401
2025-04-01 23:03:54,278 - 未找到best_models目录，检查传统模型文件
2025-04-01 23:03:54,278 - 未找到任何可用模型文件
2025-04-01 23:03:54,278 - ⏳ 未有可用模型，等待模型训练完成...
2025-04-01 23:04:24,126 - ❌ 未找到训练 CSV 文件: D:\my-vue-project\wind-power-forecast\backend\auto_scripts\dataset\dataset_short\20250401.csv，等待 30 秒后重试...
2025-04-01 23:04:24,282 - 检查模型目录: D:\my-vue-project\wind-power-forecast\backend\auto_scripts\models\shortmodel\20250401
2025-04-01 23:04:24,282 - 未找到best_models目录，检查传统模型文件
2025-04-01 23:04:24,282 - 未找到任何可用模型文件
2025-04-01 23:04:24,282 - ⏳ 未有可用模型，等待模型训练完成...
2025-04-01 23:04:54,137 - ❌ 未找到训练 CSV 文件: D:\my-vue-project\wind-power-forecast\backend\auto_scripts\dataset\dataset_short\20250401.csv，等待 30 秒后重试...
2025-04-01 23:04:54,293 - 检查模型目录: D:\my-vue-project\wind-power-forecast\backend\auto_scripts\models\shortmodel\20250401
2025-04-01 23:04:54,294 - 未找到best_models目录，检查传统模型文件
2025-04-01 23:04:54,295 - 未找到任何可用模型文件
2025-04-01 23:04:54,296 - ⏳ 未有可用模型，等待模型训练完成...
2025-04-01 23:05:24,146 - ❌ 未找到训练 CSV 文件: D:\my-vue-project\wind-power-forecast\backend\auto_scripts\dataset\dataset_short\20250401.csv，等待 30 秒后重试...
2025-04-01 23:05:24,302 - 检查模型目录: D:\my-vue-project\wind-power-forecast\backend\auto_scripts\models\shortmodel\20250401
2025-04-01 23:05:24,303 - 未找到best_models目录，检查传统模型文件
2025-04-01 23:05:24,303 - 未找到任何可用模型文件
2025-04-01 23:05:24,303 - ⏳ 未有可用模型，等待模型训练完成...
2025-04-01 23:05:54,152 - ❌ 未找到训练 CSV 文件: D:\my-vue-project\wind-power-forecast\backend\auto_scripts\dataset\dataset_short\20250401.csv，等待 30 秒后重试...
2025-04-01 23:05:54,305 - 检查模型目录: D:\my-vue-project\wind-power-forecast\backend\auto_scripts\models\shortmodel\20250401
2025-04-01 23:05:54,306 - 未找到best_models目录，检查传统模型文件
2025-04-01 23:05:54,307 - 未找到任何可用模型文件
2025-04-01 23:05:54,307 - ⏳ 未有可用模型，等待模型训练完成...
2025-04-01 23:06:24,167 - ❌ 未找到训练 CSV 文件: D:\my-vue-project\wind-power-forecast\backend\auto_scripts\dataset\dataset_short\20250401.csv，等待 30 秒后重试...
2025-04-01 23:06:24,322 - 检查模型目录: D:\my-vue-project\wind-power-forecast\backend\auto_scripts\models\shortmodel\20250401
2025-04-01 23:06:24,324 - 未找到best_models目录，检查传统模型文件
2025-04-01 23:06:24,325 - 未找到任何可用模型文件
2025-04-01 23:06:24,325 - ⏳ 未有可用模型，等待模型训练完成...
2025-04-01 23:06:54,171 - ❌ 未找到训练 CSV 文件: D:\my-vue-project\wind-power-forecast\backend\auto_scripts\dataset\dataset_short\20250401.csv，等待 30 秒后重试...
2025-04-01 23:06:54,326 - 检查模型目录: D:\my-vue-project\wind-power-forecast\backend\auto_scripts\models\shortmodel\20250401
2025-04-01 23:06:54,326 - 未找到best_models目录，检查传统模型文件
2025-04-01 23:06:54,326 - 未找到任何可用模型文件
2025-04-01 23:06:54,326 - ⏳ 未有可用模型，等待模型训练完成...
2025-04-01 23:07:24,172 - ❌ 未找到训练 CSV 文件: D:\my-vue-project\wind-power-forecast\backend\auto_scripts\dataset\dataset_short\20250401.csv，等待 30 秒后重试...
2025-04-01 23:07:24,327 - 检查模型目录: D:\my-vue-project\wind-power-forecast\backend\auto_scripts\models\shortmodel\20250401
2025-04-01 23:07:24,328 - 未找到best_models目录，检查传统模型文件
2025-04-01 23:07:24,328 - 未找到任何可用模型文件
2025-04-01 23:07:24,328 - ⏳ 未有可用模型，等待模型训练完成...
2025-04-01 23:07:54,183 - ❌ 未找到训练 CSV 文件: D:\my-vue-project\wind-power-forecast\backend\auto_scripts\dataset\dataset_short\20250401.csv，等待 30 秒后重试...
2025-04-01 23:07:54,340 - 检查模型目录: D:\my-vue-project\wind-power-forecast\backend\auto_scripts\models\shortmodel\20250401
2025-04-01 23:07:54,340 - 未找到best_models目录，检查传统模型文件
2025-04-01 23:07:54,340 - 未找到任何可用模型文件
2025-04-01 23:07:54,340 - ⏳ 未有可用模型，等待模型训练完成...
2025-04-01 23:08:24,198 - ❌ 未找到训练 CSV 文件: D:\my-vue-project\wind-power-forecast\backend\auto_scripts\dataset\dataset_short\20250401.csv，等待 30 秒后重试...
2025-04-01 23:08:24,353 - 检查模型目录: D:\my-vue-project\wind-power-forecast\backend\auto_scripts\models\shortmodel\20250401
2025-04-01 23:08:24,353 - 未找到best_models目录，检查传统模型文件
2025-04-01 23:08:24,353 - 未找到任何可用模型文件
2025-04-01 23:08:24,353 - ⏳ 未有可用模型，等待模型训练完成...
2025-04-01 23:08:54,209 - ❌ 未找到训练 CSV 文件: D:\my-vue-project\wind-power-forecast\backend\auto_scripts\dataset\dataset_short\20250401.csv，等待 30 秒后重试...
2025-04-01 23:08:54,363 - 检查模型目录: D:\my-vue-project\wind-power-forecast\backend\auto_scripts\models\shortmodel\20250401
2025-04-01 23:08:54,363 - 未找到best_models目录，检查传统模型文件
2025-04-01 23:08:54,364 - 未找到任何可用模型文件
2025-04-01 23:08:54,364 - ⏳ 未有可用模型，等待模型训练完成...
2025-04-01 23:09:24,210 - ❌ 未找到训练 CSV 文件: D:\my-vue-project\wind-power-forecast\backend\auto_scripts\dataset\dataset_short\20250401.csv，等待 30 秒后重试...
2025-04-01 23:09:24,366 - 检查模型目录: D:\my-vue-project\wind-power-forecast\backend\auto_scripts\models\shortmodel\20250401
2025-04-01 23:09:24,366 - 未找到best_models目录，检查传统模型文件
2025-04-01 23:09:24,367 - 未找到任何可用模型文件
2025-04-01 23:09:24,367 - ⏳ 未有可用模型，等待模型训练完成...
2025-04-01 23:10:17,634 - 
================================================================================
2025-04-01 23:10:17,634 - >>> 自动训练预测系统启动 <<<
2025-04-01 23:10:17,634 - ================================================================================

2025-04-01 23:10:17,634 - 自动训练预测系统启动
2025-04-01 23:10:17,634 - 今天的日期是: 20250401
2025-04-01 23:10:17,634 - 创建监视线程...
2025-04-01 23:10:17,634 - 启动训练线程...
2025-04-01 23:10:17,635 - 启动预测线程...
2025-04-01 23:10:17,635 - 
================================================================================
2025-04-01 23:10:17,636 - >>> 启动训练监视线程 <<<
2025-04-01 23:10:17,636 - ================================================================================

2025-04-01 23:10:17,636 - 
================================================================================
2025-04-01 23:10:17,636 - 等待线程完成...
2025-04-01 23:10:17,636 - 启动训练监视线程
2025-04-01 23:10:17,636 - >>> 启动预测监视线程 <<<
2025-04-01 23:10:17,636 - ================================================================================

2025-04-01 23:10:17,636 - 启动预测监视线程
2025-04-01 23:10:17,636 - 训练文件路径: D:\my-vue-project\wind-power-forecast\backend\auto_scripts\dataset\dataset_short\20250401.csv
2025-04-01 23:10:17,636 - 模型存储目录: D:\my-vue-project\wind-power-forecast\backend\auto_scripts\models\shortmodel\20250401
2025-04-01 23:10:17,636 - 训练完成标志文件: D:\my-vue-project\wind-power-forecast\backend\auto_scripts\scripts\short\logs\auto_pre_train\20250401_train_done.flag
2025-04-01 23:10:17,636 - 预测数据文件路径: D:\my-vue-project\wind-power-forecast\backend\auto_scripts\precsv\shortcsv\20250401.csv
2025-04-01 23:10:17,637 - 开始监视 D:\my-vue-project\wind-power-forecast\backend\auto_scripts\dataset\dataset_short 文件夹以进行训练...
2025-04-01 23:10:17,637 - 模型目录: D:\my-vue-project\wind-power-forecast\backend\auto_scripts\models\shortmodel\20250401
2025-04-01 23:10:17,637 - 预测完成标志文件: D:\my-vue-project\wind-power-forecast\backend\auto_scripts\scripts\short\logs\auto_pre_train\20250401_predict_done.flag
2025-04-01 23:10:17,637 - 开始监视 D:\my-vue-project\wind-power-forecast\backend\auto_scripts\precsv\shortcsv 文件夹以进行预测...
2025-04-01 23:10:17,637 - ❌ 未找到训练 CSV 文件: D:\my-vue-project\wind-power-forecast\backend\auto_scripts\dataset\dataset_short\20250401.csv，等待 30 秒后重试...
2025-04-01 23:10:17,637 - 检查模型目录: D:\my-vue-project\wind-power-forecast\backend\auto_scripts\models\shortmodel\20250401
2025-04-01 23:10:17,637 - 未找到best_models目录，检查传统模型文件
2025-04-01 23:10:17,637 - 未找到任何可用模型文件
2025-04-01 23:10:17,637 - ⏳ 未有可用模型，等待模型训练完成...
