2025-05-05 15:13:07,825 - 
================================================================================
2025-05-05 15:13:07,825 - >>> 自动训练预测系统启动 <<<
2025-05-05 15:13:07,826 - ================================================================================

2025-05-05 15:13:07,826 - 自动训练预测系统启动
2025-05-05 15:13:07,826 - 今天的日期是: 20250505
2025-05-05 15:13:07,826 - 创建监视线程...
2025-05-05 15:13:07,826 - 启动训练线程...
2025-05-05 15:13:07,826 - 启动预测线程...
2025-05-05 15:13:07,827 - 
================================================================================
2025-05-05 15:13:07,827 - 开始监控预测过程，日期: 20250505 (将预测 20250505 的下一天)
2025-05-05 15:13:07,827 - >>> 启动训练监视线程 <<<
2025-05-05 15:13:07,827 - 等待线程完成...
2025-05-05 15:13:07,828 - ================================================================================

2025-05-05 15:13:07,828 - 将查找明天的预测输入文件，日期: 20250506
2025-05-05 15:13:07,828 - 启动训练监视线程
2025-05-05 15:13:07,828 - 等待今天的模型目录可用: /app/auto_scripts/scripts/middle/models/20250505
2025-05-05 15:13:07,829 - 检查模型目录: /app/auto_scripts/scripts/middle/models/20250505
2025-05-05 15:13:07,830 - 训练 CSV 文件路径: /app/auto_scripts/scripts/middle/datasets/training_data_middle.csv
2025-05-05 15:13:07,830 - 模型存储目录: /app/auto_scripts/scripts/middle/models/20250505
2025-05-05 15:13:07,830 - 训练完成标志文件: /app/auto_scripts/scripts/middle/logs/auto_pre_train/20250505_train_done.flag
2025-05-05 15:13:07,830 - 未找到best_models目录，检查传统模型文件
2025-05-05 15:13:07,830 - 开始监视训练任务 (基于标志文件和 CSV 更新)...
2025-05-05 15:13:07,831 - ℹ️ 尝试更新训练 CSV 文件: /app/auto_scripts/scripts/middle/datasets/training_data_middle.csv
2025-05-05 15:13:07,831 - 开始检查并更新训练 CSV 文件: /app/auto_scripts/scripts/middle/datasets/training_data_middle.csv
2025-05-05 15:13:07,831 - 未找到任何可用模型文件
2025-05-05 15:13:07,832 - 今天的模型目录中没有可用的模型文件，等待 60 秒后重试...
2025-05-05 15:13:07,833 - CSV 文件不存在，将尝试从数据库获取所有数据创建: /app/auto_scripts/scripts/middle/datasets/training_data_middle.csv
2025-05-05 15:13:07,833 - 正在查询数据库获取新数据...
2025-05-05 15:13:13,743 - 从 train_pre_middle 获取了 75567 条新记录。
2025-05-05 15:13:13,898 - Renaming 'timestamp' column from ActualPower query to 'Timestamp'
2025-05-05 15:13:13,899 - 从 actual_power 获取了 74592 条新记录。
2025-05-05 15:13:13,899 - 开始合并从数据库获取的新数据...
2025-05-05 15:13:13,984 - 合并后得到 74229 条新记录。
2025-05-05 15:13:13,984 - 从合并的新数据中删除 'record_id' 列
2025-05-05 15:13:14,172 - 将新数据写入/追加到 CSV 文件...
2025-05-05 15:13:25,913 - 已创建新的 CSV 文件并写入 74229 条记录: /app/auto_scripts/scripts/middle/datasets/training_data_middle.csv
2025-05-05 15:13:25,914 - ✅ CSV 文件更新检查完成。
2025-05-05 15:13:25,914 - ℹ️ 今天 (20250505) 的训练尚未完成，开始执行训练 (使用 /app/auto_scripts/scripts/middle/datasets/training_data_middle.csv)...
2025-05-05 15:13:25,914 - 
================================================================================
2025-05-05 15:13:25,914 - >>> 开始模型训练 <<<
2025-05-05 15:13:25,915 - ================================================================================

2025-05-05 15:13:25,915 - 配置信息:
2025-05-05 15:13:25,915 -   - 窗口大小: 16
2025-05-05 15:13:25,915 -   - 滞后特征数: 4
2025-05-05 15:13:25,915 -   - 训练集比例: 0.9
2025-05-05 15:13:25,915 -   - 输出目录: /app/auto_scripts/scripts/middle/train_predictions
2025-05-05 15:13:25,915 -   - 模型存储路径: /app/auto_scripts/scripts/middle/models/20250505
2025-05-05 15:13:25,915 - 输出结果将保存到: /app/auto_scripts/scripts/middle/train_predictions
2025-05-05 15:13:25,916 - 
================================================================================
2025-05-05 15:13:25,916 - >>> 数据加载与预处理 <<<
2025-05-05 15:13:25,916 - ================================================================================

2025-05-05 15:13:25,916 - 加载数据文件: /app/auto_scripts/scripts/middle/datasets/training_data_middle.csv
2025-05-05 15:13:25,916 - 开始加载和预处理数据...
2025-05-05 15:13:27,894 - 成功从 /app/auto_scripts/scripts/middle/datasets/training_data_middle.csv 加载 74229 条记录。
2025-05-05 15:13:27,921 - 数据加载完成，共 74229 条记录
2025-05-05 15:13:27,946 - 数据前5行预览: 
             Timestamp  100u_23.8_103.2  ...  ws200_15  wp_true
0  2023-03-05 00:00:00        -0.704168  ...  4.603858    27.56
1  2023-03-05 00:15:00        -0.653094  ...  4.645211    24.97
2  2023-03-05 00:30:00        -0.602020  ...  4.686808    25.20
3  2023-03-05 00:45:00        -0.550946  ...  4.728643    23.80
4  2023-03-05 01:00:00        -0.499871  ...  4.770710    24.15

[5 rows x 332 columns]
2025-05-05 15:13:27,956 - 数据集时间范围: 2023-03-05 至 2025-04-16, 共 25 个月
2025-05-05 15:13:27,956 - 将使用以下时间段训练模型: [None]
2025-05-05 15:13:27,956 - 
================================================================================
2025-05-05 15:13:27,957 - >>> 开始多数据集训练 <<<
2025-05-05 15:13:27,957 - ================================================================================

2025-05-05 15:13:27,957 - 将使用多种时间跨度的数据训练模型...
2025-05-05 15:13:27,957 - 当前内存占用: 1228.60 MB
2025-05-05 15:13:27,957 - 
--------------------------------------------------
【使用多个数据集训练模型】
--------------------------------------------------
2025-05-05 15:13:27,959 - 最佳模型将保存到: /app/auto_scripts/scripts/middle/models/20250505/best_models
2025-05-05 15:13:27,959 - 获取统一参数成功，包含 3 种模型类型
2025-05-05 15:13:27,959 - 
--------------------------------------------------
【训练数据集: 全部数据】
--------------------------------------------------
2025-05-05 15:13:27,959 - 使用全部数据的数据进行训练...
2025-05-05 15:13:27,959 - 使用全部数据...
2025-05-05 15:13:27,960 - 过滤后的数据量: 74229
2025-05-05 15:13:27,960 - 当前内存占用: 1228.60 MB
2025-05-05 15:13:27,960 - 对全部数据数据进行预处理...
2025-05-05 15:13:28,183 - 预处理后的特征维度: (74229, 334), 目标变量维度: (74229,)
2025-05-05 15:13:28,216 - 数据集划分完成，训练集: (66806, 334), 验证集: (7423, 334)
2025-05-05 15:13:28,216 - 提取了 7423 个验证集时间戳，用于时间加权评估
2025-05-05 15:13:28,217 - 当前内存占用: 1313.09 MB
2025-05-05 15:13:28,217 - 执行特征工程，滞后特征数: 4...
2025-05-05 15:13:28,217 - 开始特征工程，输入维度: (66806, 334), lags: 4
2025-05-05 15:13:28,513 - 特征工程完成，输出维度: (66806, 949), 发现 4 行含NaN
2025-05-05 15:13:28,513 - --- Auto Script: Engineered Columns (Before Return) ---
2025-05-05 15:13:28,513 - Total columns: 949
2025-05-05 15:13:28,514 - ['100u_23.8_103.2', '100u_23.8_103.3', '100u_23.8_103.4', '100u_23.9_103.2', '100u_23.9_103.3', '100u_23.9_103.4', '100u_24.0_103.2', '100u_24.0_103.3', '100u_24.0_103.4', '100u_24.1_103.2', '100u_24.1_103.3', '100u_24.1_103.4', '100u_24.2_103.2', '100u_24.2_103.3', '100u_24.2_103.4', '100v_23.8_103.2', '100v_23.8_103.3', '100v_23.8_103.4', '100v_23.9_103.2', '100v_23.9_103.3']
2025-05-05 15:13:28,514 - ['ws100_11_lag4', 'ws100_12_lag4', 'ws100_13_lag4', 'ws100_14_lag4', 'ws100_15_lag4', 'ws200_1_lag4', 'ws200_2_lag4', 'ws200_3_lag4', 'ws200_4_lag4', 'ws200_5_lag4', 'ws200_6_lag4', 'ws200_7_lag4', 'ws200_8_lag4', 'ws200_9_lag4', 'ws200_10_lag4', 'ws200_11_lag4', 'ws200_12_lag4', 'ws200_13_lag4', 'ws200_14_lag4', 'ws200_15_lag4']
2025-05-05 15:13:28,514 - 开始特征工程，输入维度: (7423, 334), lags: 4
2025-05-05 15:13:28,622 - 特征工程完成，输出维度: (7423, 949), 发现 4 行含NaN
2025-05-05 15:13:28,622 - --- Auto Script: Engineered Columns (Before Return) ---
2025-05-05 15:13:28,622 - Total columns: 949
2025-05-05 15:13:28,622 - ['100u_23.8_103.2', '100u_23.8_103.3', '100u_23.8_103.4', '100u_23.9_103.2', '100u_23.9_103.3', '100u_23.9_103.4', '100u_24.0_103.2', '100u_24.0_103.3', '100u_24.0_103.4', '100u_24.1_103.2', '100u_24.1_103.3', '100u_24.1_103.4', '100u_24.2_103.2', '100u_24.2_103.3', '100u_24.2_103.4', '100v_23.8_103.2', '100v_23.8_103.3', '100v_23.8_103.4', '100v_23.9_103.2', '100v_23.9_103.3']
2025-05-05 15:13:28,622 - ['ws100_11_lag4', 'ws100_12_lag4', 'ws100_13_lag4', 'ws100_14_lag4', 'ws100_15_lag4', 'ws200_1_lag4', 'ws200_2_lag4', 'ws200_3_lag4', 'ws200_4_lag4', 'ws200_5_lag4', 'ws200_6_lag4', 'ws200_7_lag4', 'ws200_8_lag4', 'ws200_9_lag4', 'ws200_10_lag4', 'ws200_11_lag4', 'ws200_12_lag4', 'ws200_13_lag4', 'ws200_14_lag4', 'ws200_15_lag4']
2025-05-05 15:13:28,623 - 特征工程后，训练集: (66806, 949), 验证集: (7423, 949)
2025-05-05 15:13:28,665 - 移除NaN后，训练集: (66802, 949), 训练集目标变量: 66802
2025-05-05 15:13:28,666 - 移除NaN后，验证集: (7419, 949), 验证集目标变量: 7419
2025-05-05 15:13:28,666 - 调整后的时间戳数量: 7423
2025-05-05 15:13:28,666 - 当前内存占用: 1618.95 MB
2025-05-05 15:13:28,667 - 标准化数据...
2025-05-05 15:13:29,182 - 在训练数据上拟合StandardScaler
2025-05-05 15:13:29,204 - 转换验证/测试数据
2025-05-05 15:13:29,204 - 标准化后，训练集: (66802, 949), 验证集: (7419, 949)
2025-05-05 15:13:29,205 - 当前内存占用: 2102.61 MB
2025-05-05 15:13:29,205 - 创建时间窗口，窗口大小: 16...
2025-05-05 15:13:30,753 - 窗口创建后，训练集: (66787, 15184), 训练集目标: (66787,)
2025-05-05 15:13:30,753 - 窗口创建后，验证集: (7404, 15184), 验证集目标: (7404,)
2025-05-05 15:13:30,755 - ✅ 保存全量数据处理结果，用于后续可能的重训练
2025-05-05 15:13:30,789 - 当前内存占用: 5916.02 MB
2025-05-05 15:13:30,789 - DEBUG: val_target_indices sample: [66825 66826 66827 66828 66829]
2025-05-05 15:13:30,854 - 成功调整时间戳数量: 7404
2025-05-05 15:13:30,854 - 
--------------------------------------------------
【对全部数据数据进行特征选择】
--------------------------------------------------
2025-05-05 15:13:30,854 - 对全部数据数据进行特征选择
2025-05-05 15:13:30,856 - 检查GBDT的特征重要性文件并应用特征选择...
2025-05-05 15:13:31,050 - ✅ 从GBDT的特征重要性文件中选择了TOP 3000个特征
2025-05-05 15:13:32,492 - ✅ 特征选择后：训练集形状 (66787, 3000)，验证集形状 (7404, 3000)
2025-05-05 15:13:32,493 - ℹ️ GBDT 模型将使用选择的 3000 个特征进行训练
2025-05-05 15:13:32,493 - 检查DART的特征重要性文件并应用特征选择...
2025-05-05 15:13:32,696 - ✅ 从DART的特征重要性文件中选择了TOP 3000个特征
2025-05-05 15:13:34,168 - ✅ 特征选择后：训练集形状 (66787, 3000)，验证集形状 (7404, 3000)
2025-05-05 15:13:34,169 - ℹ️ DART 模型将使用选择的 3000 个特征进行训练
2025-05-05 15:13:34,169 - 检查GOSS的特征重要性文件并应用特征选择...
2025-05-05 15:13:34,369 - ✅ 从GOSS的特征重要性文件中选择了TOP 3000个特征
2025-05-05 15:13:35,848 - ✅ 特征选择后：训练集形状 (66787, 3000)，验证集形状 (7404, 3000)
2025-05-05 15:13:35,849 - ℹ️ GOSS 模型将使用选择的 3000 个特征进行训练
2025-05-05 15:13:35,849 - 
--------------------------------------------------
【训练 GBDT 模型 (使用全部数据数据)】
--------------------------------------------------
2025-05-05 15:13:35,849 - 训练 GBDT 模型 (使用全部数据数据)
2025-05-05 15:13:35,849 - ℹ️ 全数据周期，但使用筛选特征，不覆盖 GBDT 的特征重要性
2025-05-05 15:13:35,850 - 
--------------------------------------------------
【开始模型训练与评估】
--------------------------------------------------
2025-05-05 15:13:35,851 - 模型和 scaler 将被保存到目录: /app/auto_scripts/scripts/middle/models/20250505/all
2025-05-05 15:13:35,851 - 
--------------------------------------------------
【训练 GBDT 模型】
--------------------------------------------------
2025-05-05 15:13:35,852 - 模型参数: {'boosting_type': 'gbdt', 'objective': 'regression', 'metric': 'rmse', 'num_leaves': 31, 'learning_rate': 0.05, 'feature_fraction': 0.9, 'name': 'GBDT', 'importance_type': 'gain'}
2025-05-05 15:13:35,852 - 开始训练 GBDT 模型...
2025-05-05 15:14:01,257 - GBDT 模型训练完成
2025-05-05 15:14:01,257 - 使用 GBDT 模型预测验证集...
2025-05-05 15:14:01,375 - 使用时间加权方式计算模型评分...
2025-05-05 15:14:01,391 - GBDT 评估结果 - RMSE: 64.1343, K: 0.6061, 加权评分: 0.6144
2025-05-05 15:14:01,392 - ✅ GBDT 成为当前最佳模型 (基于加权评分)
2025-05-05 15:14:01,401 - GBDT 模型已保存到 /app/auto_scripts/scripts/middle/models/20250505/all/GBDT.joblib
2025-05-05 15:14:01,445 - Scaler 已保存到 /app/auto_scripts/scripts/middle/models/20250505/all/scaler.joblib
2025-05-05 15:14:01,453 - 最佳模型 'GBDT' 已额外保存到 /app/auto_scripts/scripts/middle/models/20250505/all/model.joblib
2025-05-05 15:14:01,486 - 
--------------------------------------------------
【训练 DART 模型 (使用全部数据数据)】
--------------------------------------------------
2025-05-05 15:14:01,486 - 训练 DART 模型 (使用全部数据数据)
2025-05-05 15:14:01,486 - ℹ️ 全数据周期，但使用筛选特征，不覆盖 DART 的特征重要性
2025-05-05 15:14:01,486 - 
--------------------------------------------------
【开始模型训练与评估】
--------------------------------------------------
2025-05-05 15:14:01,488 - 模型和 scaler 将被保存到目录: /app/auto_scripts/scripts/middle/models/20250505/all
2025-05-05 15:14:01,488 - 
--------------------------------------------------
【训练 DART 模型】
--------------------------------------------------
2025-05-05 15:14:01,488 - 模型参数: {'boosting_type': 'dart', 'objective': 'regression', 'metric': 'rmse', 'num_leaves': 31, 'learning_rate': 0.05, 'feature_fraction': 0.9, 'drop_rate': 0.1, 'name': 'DART', 'importance_type': 'gain'}
2025-05-05 15:14:01,488 - 开始训练 DART 模型...
2025-05-05 15:14:07,892 - 检查模型目录: /app/auto_scripts/scripts/middle/models/20250505
2025-05-05 15:14:07,894 - 发现best_models目录: /app/auto_scripts/scripts/middle/models/20250505/best_models
2025-05-05 15:14:07,895 - 未找到GBDT模型文件
2025-05-05 15:14:07,897 - 未找到DART模型文件
2025-05-05 15:14:07,899 - 未找到GOSS模型文件
2025-05-05 15:14:07,900 - 未找到任何可用模型文件
2025-05-05 15:14:07,900 - 今天的模型目录中没有可用的模型文件，等待 60 秒后重试...
2025-05-05 15:14:27,345 - DART 模型训练完成
2025-05-05 15:14:27,346 - 使用 DART 模型预测验证集...
2025-05-05 15:14:27,467 - 使用时间加权方式计算模型评分...
2025-05-05 15:14:27,485 - DART 评估结果 - RMSE: 80.6506, K: 0.6066, 加权评分: 0.6282
2025-05-05 15:14:27,485 - ✅ DART 成为当前最佳模型 (基于加权评分)
2025-05-05 15:14:27,498 - DART 模型已保存到 /app/auto_scripts/scripts/middle/models/20250505/all/DART.joblib
2025-05-05 15:14:27,533 - Scaler 已保存到 /app/auto_scripts/scripts/middle/models/20250505/all/scaler.joblib
2025-05-05 15:14:27,545 - 最佳模型 'DART' 已额外保存到 /app/auto_scripts/scripts/middle/models/20250505/all/model.joblib
2025-05-05 15:14:27,580 - 
--------------------------------------------------
【训练 GOSS 模型 (使用全部数据数据)】
--------------------------------------------------
2025-05-05 15:14:27,581 - 训练 GOSS 模型 (使用全部数据数据)
2025-05-05 15:14:27,581 - ℹ️ 全数据周期，但使用筛选特征，不覆盖 GOSS 的特征重要性
2025-05-05 15:14:27,581 - 
--------------------------------------------------
【开始模型训练与评估】
--------------------------------------------------
2025-05-05 15:14:27,583 - 模型和 scaler 将被保存到目录: /app/auto_scripts/scripts/middle/models/20250505/all
2025-05-05 15:14:27,583 - 
--------------------------------------------------
【训练 GOSS 模型】
--------------------------------------------------
2025-05-05 15:14:27,583 - 模型参数: {'boosting_type': 'goss', 'objective': 'regression', 'metric': 'rmse', 'num_leaves': 31, 'learning_rate': 0.05, 'feature_fraction': 0.9, 'top_rate': 0.2, 'other_rate': 0.1, 'name': 'GOSS', 'importance_type': 'gain'}
2025-05-05 15:14:27,583 - 开始训练 GOSS 模型...
2025-05-05 15:14:47,577 - GOSS 模型训练完成
2025-05-05 15:14:47,577 - 使用 GOSS 模型预测验证集...
2025-05-05 15:14:47,689 - 使用时间加权方式计算模型评分...
2025-05-05 15:14:47,706 - GOSS 评估结果 - RMSE: 64.3433, K: 0.6074, 加权评分: 0.6174
2025-05-05 15:14:47,706 - ✅ GOSS 成为当前最佳模型 (基于加权评分)
2025-05-05 15:14:47,716 - GOSS 模型已保存到 /app/auto_scripts/scripts/middle/models/20250505/all/GOSS.joblib
2025-05-05 15:14:47,754 - Scaler 已保存到 /app/auto_scripts/scripts/middle/models/20250505/all/scaler.joblib
2025-05-05 15:14:47,762 - 最佳模型 'GOSS' 已额外保存到 /app/auto_scripts/scripts/middle/models/20250505/all/model.joblib
2025-05-05 15:14:47,797 - ✅ 使用全部数据的数据训练的GBDT成为GBDT类型的最佳模型
2025-05-05 15:14:47,797 - ✅ 使用全部数据的数据训练的DART成为DART类型的最佳模型
2025-05-05 15:14:47,797 - ✅ 使用全部数据的数据训练的GOSS成为GOSS类型的最佳模型
2025-05-05 15:14:47,832 - 
--------------------------------------------------
【检查需要重训练的模型】
--------------------------------------------------
2025-05-05 15:14:47,832 - 检查需要重训练的模型
2025-05-05 15:14:47,832 - ✅ 没有需要重训练的模型
2025-05-05 15:14:47,883 - GBDT 最佳模型 (来自全部数据数据) 已保存到 /app/auto_scripts/scripts/middle/models/20250505/best_models/GBDT.joblib
2025-05-05 15:14:47,887 - GBDT Scaler (来自全部数据数据) 已保存到 /app/auto_scripts/scripts/middle/models/20250505/best_models/GBDT_scaler.joblib
2025-05-05 15:14:47,898 - DART 最佳模型 (来自全部数据数据) 已保存到 /app/auto_scripts/scripts/middle/models/20250505/best_models/DART.joblib
2025-05-05 15:14:47,902 - DART Scaler (来自全部数据数据) 已保存到 /app/auto_scripts/scripts/middle/models/20250505/best_models/DART_scaler.joblib
2025-05-05 15:14:47,918 - GOSS 最佳模型 (来自全部数据数据) 已保存到 /app/auto_scripts/scripts/middle/models/20250505/best_models/GOSS.joblib
2025-05-05 15:14:47,921 - GOSS Scaler (来自全部数据数据) 已保存到 /app/auto_scripts/scripts/middle/models/20250505/best_models/GOSS_scaler.joblib
2025-05-05 15:14:47,922 - 
--------------------------------------------------
【训练最终生产模型】
--------------------------------------------------
2025-05-05 15:14:47,922 - ✅ 总体最佳模型算法类型: DART，评分: 0.6282
2025-05-05 15:14:47,922 - 开始准备全部历史数据用于最终模型训练...
2025-05-05 15:14:48,037 - 全部数据预处理完成，特征维度: (74229, 334), 目标变量维度: (74229,)
2025-05-05 15:14:48,037 - 开始特征工程，输入维度: (74229, 334), lags: 4
2025-05-05 15:14:48,327 - 特征工程完成，输出维度: (74229, 949), 发现 4 行含NaN
2025-05-05 15:14:48,327 - --- Auto Script: Engineered Columns (Before Return) ---
2025-05-05 15:14:48,327 - Total columns: 949
2025-05-05 15:14:48,327 - ['100u_23.8_103.2', '100u_23.8_103.3', '100u_23.8_103.4', '100u_23.9_103.2', '100u_23.9_103.3', '100u_23.9_103.4', '100u_24.0_103.2', '100u_24.0_103.3', '100u_24.0_103.4', '100u_24.1_103.2', '100u_24.1_103.3', '100u_24.1_103.4', '100u_24.2_103.2', '100u_24.2_103.3', '100u_24.2_103.4', '100v_23.8_103.2', '100v_23.8_103.3', '100v_23.8_103.4', '100v_23.9_103.2', '100v_23.9_103.3']
2025-05-05 15:14:48,327 - ['ws100_11_lag4', 'ws100_12_lag4', 'ws100_13_lag4', 'ws100_14_lag4', 'ws100_15_lag4', 'ws200_1_lag4', 'ws200_2_lag4', 'ws200_3_lag4', 'ws200_4_lag4', 'ws200_5_lag4', 'ws200_6_lag4', 'ws200_7_lag4', 'ws200_8_lag4', 'ws200_9_lag4', 'ws200_10_lag4', 'ws200_11_lag4', 'ws200_12_lag4', 'ws200_13_lag4', 'ws200_14_lag4', 'ws200_15_lag4']
2025-05-05 15:14:48,371 - 特征工程和NaN处理后，数据维度: (74225, 949), 目标变量维度: 74225
2025-05-05 15:14:49,631 - 窗口创建后，训练数据: (74210, 15184), 目标: (74210,)
2025-05-05 15:14:49,845 - ✅ 从DART的特征重要性文件中选择了TOP 3000个特征
2025-05-05 15:14:51,287 - 特征选择后，训练数据维度: (74210, 3000) (使用 3000 个特征)
2025-05-05 15:14:51,288 - 未使用早停或无最佳迭代次数，使用参数中的n_estimators: 100
2025-05-05 15:14:51,288 - 开始训练最终生产模型 (DART)，使用所有数据...
2025-05-05 15:15:07,960 - 检查模型目录: /app/auto_scripts/scripts/middle/models/20250505
2025-05-05 15:15:07,961 - 发现best_models目录: /app/auto_scripts/scripts/middle/models/20250505/best_models
2025-05-05 15:15:07,963 - 发现GBDT模型文件: /app/auto_scripts/scripts/middle/models/20250505/best_models/GBDT.joblib
2025-05-05 15:15:07,964 - 明天的预测输入文件 (20250506) 不存在，等待 60 秒后重试: /app/auto_scripts/scripts/middle/predict_inputs/predict_input_20250506.csv
2025-05-05 15:15:19,455 - ✅ 最终生产模型训练完成
2025-05-05 15:15:19,472 - ✅ 最终生产模型已保存到: /app/auto_scripts/scripts/middle/models/20250505/best_models/production_model.joblib
2025-05-05 15:15:19,472 - ✅ 最终生产Scaler已保存到: /app/auto_scripts/scripts/middle/models/20250505/best_models/production_scaler.joblib
2025-05-05 15:15:19,472 - ✅ 最终生产特征信息已保存到: /app/auto_scripts/scripts/middle/models/20250505/best_models/production_features.pkl
2025-05-05 15:15:19,472 - ✅ 最终生产算法类型已保存到: /app/auto_scripts/scripts/middle/models/20250505/best_models/production_algo_type.txt
2025-05-05 15:15:19,473 - ✅ 已更新最佳模型类型标记为production_model: /app/auto_scripts/scripts/middle/models/20250505/best_model_type.txt
2025-05-05 15:15:19,483 - 多数据集训练完成! 已为每种算法选择最佳模型
2025-05-05 15:15:19,484 -   - 最佳GBDT模型: 使用全部数据数据, 评分=0.6144
2025-05-05 15:15:19,484 -   - 最佳DART模型: 使用全部数据数据, 评分=0.6282
2025-05-05 15:15:19,484 -   - 最佳GOSS模型: 使用全部数据数据, 评分=0.6174
2025-05-05 15:15:19,484 - 
================================================================================
2025-05-05 15:15:19,484 - >>> 选择全局最优模型 <<<
2025-05-05 15:15:19,484 - ================================================================================

2025-05-05 15:15:19,484 - 选择全局最优模型
2025-05-05 15:15:19,484 - ✅ 全局最优模型类型为: DART，评分为: 0.6282
2025-05-05 15:15:19,486 - ✅ 全局最优模型类型已写入标记文件: /app/auto_scripts/scripts/middle/models/20250505/best_model_type.txt
2025-05-05 15:15:19,486 - 
================================================================================
2025-05-05 15:15:19,486 - >>> 跳过模型权重计算 <<<
2025-05-05 15:15:19,486 - ================================================================================

2025-05-05 15:15:19,486 - 根据需求跳过模型权重计算步骤，将仅使用单个最佳模型进行预测。
2025-05-05 15:15:19,490 - 训练完成，已创建标志文件: /app/auto_scripts/scripts/middle/logs/auto_pre_train/20250505_train_done.flag
2025-05-05 15:15:19,490 - ✅ 训练完成，已创建标志文件
2025-05-05 15:15:19,491 - 检查模型目录: /app/auto_scripts/scripts/middle/models/20250505
2025-05-05 15:15:19,491 - 发现best_models目录: /app/auto_scripts/scripts/middle/models/20250505/best_models
2025-05-05 15:15:19,492 - 发现GBDT模型文件: /app/auto_scripts/scripts/middle/models/20250505/best_models/GBDT.joblib
2025-05-05 15:15:19,492 - ✅ 模型已成功保存到 /app/auto_scripts/scripts/middle/models/20250505，模型可用。
2025-05-05 15:16:08,022 - 检查模型目录: /app/auto_scripts/scripts/middle/models/20250505
2025-05-05 15:16:08,024 - 发现best_models目录: /app/auto_scripts/scripts/middle/models/20250505/best_models
2025-05-05 15:16:08,025 - 发现GBDT模型文件: /app/auto_scripts/scripts/middle/models/20250505/best_models/GBDT.joblib
2025-05-05 15:16:08,026 - ✅ 发现明天的预测文件：/app/auto_scripts/scripts/middle/predict_inputs/predict_input_20250506.csv，使用今天的模型执行预测...
2025-05-05 15:16:08,030 - ⚠️ 检测到生产模型存在，但类型文件标记为 'DART'。预测行为将取决于 predict 函数的内部逻辑。
2025-05-05 15:16:08,031 - 输出文件将保存到: /app/auto_scripts/scripts/middle/predict_outputs/20250505/predict_output_20250505.csv
2025-05-05 15:16:08,031 - 
--------------------------------------------------
【开始预测风电功率】
--------------------------------------------------
2025-05-05 15:16:08,031 - 输入文件: /app/auto_scripts/scripts/middle/predict_inputs/predict_input_20250506.csv
2025-05-05 15:16:08,031 - 模型目录: /app/auto_scripts/scripts/middle/models/20250505
2025-05-05 15:16:08,031 - 输出文件: /app/auto_scripts/scripts/middle/predict_outputs/20250505/predict_output_20250505.csv
2025-05-05 15:16:08,032 - 窗口大小: 16
2025-05-05 15:16:08,032 - 滞后特征数: 4
2025-05-05 15:16:08,032 - 模型类型: None
2025-05-05 15:16:08,032 - 使用最近几个月的数据: None
2025-05-05 15:16:08,033 - 当前内存占用: 5084.24 MB
2025-05-05 15:16:08,033 - --- 使用优化后的手动预测逻辑开始预测 ---
2025-05-05 15:16:08,033 - 
--------------------------------------------------
【确定要加载的模型】
--------------------------------------------------
2025-05-05 15:16:08,033 - 确定要加载的模型...
2025-05-05 15:16:08,036 - ✅ 发现并尝试加载生产模型: /app/auto_scripts/scripts/middle/models/20250505/best_models/production_model.joblib
2025-05-05 15:16:08,060 - ✅ 成功加载生产模型和标准化器
2025-05-05 15:16:08,063 - 生产模型特征重要性文件不存在，回退到原始模型 DART 的特征重要性文件: /app/auto_scripts/scripts/middle/feature_importance/DART_feature_importance.pkl
2025-05-05 15:16:08,064 - 
--------------------------------------------------
【加载特征重要性】
--------------------------------------------------
2025-05-05 15:16:08,064 - 从 /app/auto_scripts/scripts/middle/feature_importance/DART_feature_importance.pkl 加载特征重要性...
2025-05-05 15:16:08,069 - 成功加载并处理特征重要性。预期 3000 个特征。
2025-05-05 15:16:08,069 - 
--------------------------------------------------
【加载并预处理数据】
--------------------------------------------------
2025-05-05 15:16:08,070 - 从 /app/auto_scripts/scripts/middle/predict_inputs/predict_input_20250506.csv 加载新数据...
2025-05-05 15:16:08,125 - 初始数据形状: (1060, 331)
2025-05-05 15:16:08,125 - 预处理新数据...
2025-05-05 15:16:08,159 - 初始处理后的形状: (1060, 334)
2025-05-05 15:16:08,159 - 
--------------------------------------------------
【特征工程】
--------------------------------------------------
2025-05-05 15:16:08,160 - 应用特征工程...
2025-05-05 15:16:08,186 - 特征工程后的形状: (1060, 949)
2025-05-05 15:16:08,187 - 特征工程后的特征数量: 949
2025-05-05 15:16:08,190 - 删除NaN后的形状: (1056, 949) (删除了 4 行)
2025-05-05 15:16:08,190 - 
--------------------------------------------------
【标准化数据】
--------------------------------------------------
2025-05-05 15:16:08,190 - 使用加载的标准化器缩放特征...
2025-05-05 15:16:08,191 - 标准化器具有特征名称，尝试对齐列。
2025-05-05 15:16:08,192 - 列已对齐。
2025-05-05 15:16:08,198 - 标准化后的形状: (1056, 949)
2025-05-05 15:16:08,232 - 
--------------------------------------------------
【创建时间窗口】
--------------------------------------------------
2025-05-05 15:16:08,232 - 创建时间窗口（大小 16）...
2025-05-05 15:16:08,259 - 窗口化后的形状: (1041, 15184)
2025-05-05 15:16:08,292 - 
--------------------------------------------------
【特征选择】
--------------------------------------------------
2025-05-05 15:16:08,292 - 根据加载的重要性应用特征选择（前 3000 个）...
2025-05-05 15:16:08,294 - 生成的扁平化特征总数: 15184
2025-05-05 15:16:08,493 - 特征选择后的形状: (1041, 3000)
2025-05-05 15:16:08,527 - 
--------------------------------------------------
【模型预测】
--------------------------------------------------
2025-05-05 15:16:08,527 - 使用模型进行预测 (production_model - 来自 /app/auto_scripts/scripts/middle/models/20250505/best_models/production_model.joblib)
2025-05-05 15:16:08,539 - 生成了 1041 个预测值。
2025-05-05 15:16:08,541 - 
--------------------------------------------------
【保存预测结果】
--------------------------------------------------
2025-05-05 15:16:08,541 - 格式化并保存预测结果...
2025-05-05 15:16:08,549 - ✅ 预测结果已保存到 /app/auto_scripts/scripts/middle/predict_outputs/20250505/predict_output_20250505.csv
2025-05-05 15:16:08,549 - 
--------------------------------------------------
【上传输入特征 (最后96个预测点)】
--------------------------------------------------
2025-05-05 15:16:08,550 - 准备上传 96 行对应的原始输入特征到 train_pre_middle...
2025-05-05 15:16:08,550 - 准备上传数据到: http://backend:5000/api/upload_feature_csv
2025-05-05 15:16:08,813 - 成功上传数据到 /api/upload_feature_csv. 状态码: 200
2025-05-05 15:16:08,813 - 响应: {'inserted_count': 96, 'message': 'Successfully processed CSV for train_pre_middle.', 'updated_count': 0}
2025-05-05 15:16:08,814 - ✅ 成功触发输入特征上传。
2025-05-05 15:16:08,814 - 
--------------------------------------------------
【上传预测结果】
--------------------------------------------------
2025-05-05 15:16:08,814 - 准备上传预测结果到 /prediction2database/batch_mid_power...
2025-05-05 15:16:08,817 - 已将 'Predicted_Power' 列重命名为 'Predicted Power'
2025-05-05 15:16:08,817 - 准备上传数据到: http://backend:5000/prediction2database/batch_mid_power
2025-05-05 15:16:09,765 - 成功上传数据到 /prediction2database/batch_mid_power. 状态码: 201
2025-05-05 15:16:09,766 - 响应: {'errors': 0, 'inserted': 0, 'total': 1041, 'updated': 1041}
2025-05-05 15:16:09,766 - ✅ 成功触发预测结果上传。
2025-05-05 15:16:09,769 - ✅ 详细预测结果已保存到 /app/auto_scripts/scripts/middle/predict_outputs/20250505/predict_output_20250505_details.json
2025-05-05 15:16:09,769 - 当前内存占用: 5122.29 MB
2025-05-05 15:16:09,770 - 内存使用增加: 38.05 MB
2025-05-05 15:16:09,771 - ✅ 预测成功完成，结果已保存到 /app/auto_scripts/scripts/middle/predict_outputs/20250505/predict_output_20250505.csv
2025-05-05 15:16:09,772 - 预测完成，已创建标志文件: /app/auto_scripts/scripts/middle/logs/auto_pre_train/20250505_predict_done.flag
2025-05-05 15:16:09,773 - ✅ 今天 (20250505) 的预测执行完成
2025-05-05 15:16:09,773 - 预测监控结束 (20250505)
2025-05-05 15:16:09,773 - 
================================================================================
2025-05-05 15:16:09,773 - >>> 系统任务完成 <<<
2025-05-05 15:16:09,773 - ================================================================================

2025-05-05 15:16:09,773 - 系统任务完成
2025-05-05 15:16:09,774 - 今天的训练和预测任务已完成。
