2025-03-24 09:28:48,211 - 
================================================================================
2025-03-24 09:28:48,211 - >>> 自动训练预测系统启动 <<<
2025-03-24 09:28:48,211 - ================================================================================

2025-03-24 09:28:48,211 - 自动训练预测系统启动
2025-03-24 09:28:48,211 - 今天的日期是: 20250324
2025-03-24 09:28:48,211 - 创建监视线程...
2025-03-24 09:28:48,211 - 启动训练线程...
2025-03-24 09:28:48,212 - 启动预测线程...
2025-03-24 09:28:48,212 - 
================================================================================
2025-03-24 09:28:48,212 - >>> 启动训练监视线程 <<<
2025-03-24 09:28:48,212 - ================================================================================

2025-03-24 09:28:48,212 - 等待线程完成...
2025-03-24 09:28:48,212 - 
================================================================================
2025-03-24 09:28:48,213 - 启动训练监视线程
2025-03-24 09:28:48,213 - >>> 启动预测监视线程 <<<
2025-03-24 09:28:48,213 - ================================================================================

2025-03-24 09:28:48,213 - 启动预测监视线程
2025-03-24 09:28:48,213 - 训练文件路径: D:\my-vue-project\wind-power-forecast\backend\auto_scripts\dataset\dataset_middle\20250324.csv
2025-03-24 09:28:48,213 - 模型存储目录: D:\my-vue-project\wind-power-forecast\backend\auto_scripts\models\middlemodel\20250324
2025-03-24 09:28:48,213 - 训练完成标志文件: D:\my-vue-project\wind-power-forecast\backend\auto_scripts\scripts\middle\logs\auto_pre_train\20250324_train_done.flag
2025-03-24 09:28:48,213 - 预测数据文件路径: D:\my-vue-project\wind-power-forecast\backend\auto_scripts\precsv\middlecsv\20250324.csv
2025-03-24 09:28:48,213 - 开始监视 D:\my-vue-project\wind-power-forecast\backend\auto_scripts\dataset\dataset_middle 文件夹以进行训练...
2025-03-24 09:28:48,213 - 模型目录: D:\my-vue-project\wind-power-forecast\backend\auto_scripts\models\middlemodel\20250324
2025-03-24 09:28:48,214 - 预测完成标志文件: D:\my-vue-project\wind-power-forecast\backend\auto_scripts\scripts\middle\logs\auto_pre_train\20250324_predict_done.flag
2025-03-24 09:28:48,214 - 开始监视 D:\my-vue-project\wind-power-forecast\backend\auto_scripts\precsv\middlecsv 文件夹以进行预测...
2025-03-24 09:28:48,214 - ❌ 未找到训练 CSV 文件: D:\my-vue-project\wind-power-forecast\backend\auto_scripts\dataset\dataset_middle\20250324.csv，等待 30 秒后重试...
2025-03-24 09:28:48,214 - 检查模型目录: D:\my-vue-project\wind-power-forecast\backend\auto_scripts\models\middlemodel\20250324
2025-03-24 09:28:48,214 - 未找到best_models目录，检查传统模型文件
2025-03-24 09:28:48,214 - 未找到任何可用模型文件
2025-03-24 09:28:48,214 - ⏳ 未有可用模型，等待模型训练完成...
2025-03-24 09:29:18,230 - 检查模型目录: D:\my-vue-project\wind-power-forecast\backend\auto_scripts\models\middlemodel\20250324
2025-03-24 09:29:18,232 - 未找到best_models目录，检查传统模型文件
2025-03-24 09:29:18,232 - ❌ 未找到训练 CSV 文件: D:\my-vue-project\wind-power-forecast\backend\auto_scripts\dataset\dataset_middle\20250324.csv，等待 30 秒后重试...
2025-03-24 09:29:18,234 - 未找到任何可用模型文件
2025-03-24 09:29:18,234 - ⏳ 未有可用模型，等待模型训练完成...
2025-03-24 09:29:48,247 - 检查模型目录: D:\my-vue-project\wind-power-forecast\backend\auto_scripts\models\middlemodel\20250324
2025-03-24 09:29:48,248 - ❌ 未找到训练 CSV 文件: D:\my-vue-project\wind-power-forecast\backend\auto_scripts\dataset\dataset_middle\20250324.csv，等待 30 秒后重试...
2025-03-24 09:29:48,248 - 未找到best_models目录，检查传统模型文件
2025-03-24 09:29:48,248 - 未找到任何可用模型文件
2025-03-24 09:29:48,248 - ⏳ 未有可用模型，等待模型训练完成...
2025-03-24 09:30:18,254 - 检查模型目录: D:\my-vue-project\wind-power-forecast\backend\auto_scripts\models\middlemodel\20250324
2025-03-24 09:30:18,254 - 未找到best_models目录，检查传统模型文件
2025-03-24 09:30:18,254 - ❌ 未找到训练 CSV 文件: D:\my-vue-project\wind-power-forecast\backend\auto_scripts\dataset\dataset_middle\20250324.csv，等待 30 秒后重试...
2025-03-24 09:30:18,255 - 未找到任何可用模型文件
2025-03-24 09:30:18,255 - ⏳ 未有可用模型，等待模型训练完成...
2025-03-24 09:30:48,265 - 检查模型目录: D:\my-vue-project\wind-power-forecast\backend\auto_scripts\models\middlemodel\20250324
2025-03-24 09:30:48,265 - ❌ 未找到训练 CSV 文件: D:\my-vue-project\wind-power-forecast\backend\auto_scripts\dataset\dataset_middle\20250324.csv，等待 30 秒后重试...
2025-03-24 09:30:48,265 - 未找到best_models目录，检查传统模型文件
2025-03-24 09:30:48,265 - 未找到任何可用模型文件
2025-03-24 09:30:48,265 - ⏳ 未有可用模型，等待模型训练完成...
2025-03-24 09:31:18,269 - 检查模型目录: D:\my-vue-project\wind-power-forecast\backend\auto_scripts\models\middlemodel\20250324
2025-03-24 09:31:18,270 - ❌ 未找到训练 CSV 文件: D:\my-vue-project\wind-power-forecast\backend\auto_scripts\dataset\dataset_middle\20250324.csv，等待 30 秒后重试...
2025-03-24 09:31:18,270 - 未找到best_models目录，检查传统模型文件
2025-03-24 09:31:18,270 - 未找到任何可用模型文件
2025-03-24 09:31:18,270 - ⏳ 未有可用模型，等待模型训练完成...
2025-03-24 09:31:48,277 - 检查模型目录: D:\my-vue-project\wind-power-forecast\backend\auto_scripts\models\middlemodel\20250324
2025-03-24 09:31:48,277 - ❌ 未找到训练 CSV 文件: D:\my-vue-project\wind-power-forecast\backend\auto_scripts\dataset\dataset_middle\20250324.csv，等待 30 秒后重试...
2025-03-24 09:31:48,277 - 未找到best_models目录，检查传统模型文件
2025-03-24 09:31:48,277 - 未找到任何可用模型文件
2025-03-24 09:31:48,278 - ⏳ 未有可用模型，等待模型训练完成...
2025-03-24 09:32:18,278 - ❌ 未找到训练 CSV 文件: D:\my-vue-project\wind-power-forecast\backend\auto_scripts\dataset\dataset_middle\20250324.csv，等待 30 秒后重试...
2025-03-24 09:32:18,293 - 检查模型目录: D:\my-vue-project\wind-power-forecast\backend\auto_scripts\models\middlemodel\20250324
2025-03-24 09:32:18,293 - 未找到best_models目录，检查传统模型文件
2025-03-24 09:32:18,293 - 未找到任何可用模型文件
2025-03-24 09:32:18,293 - ⏳ 未有可用模型，等待模型训练完成...
2025-03-24 09:32:48,284 - ✅ 发现新的训练文件：D:\my-vue-project\wind-power-forecast\backend\auto_scripts\dataset\dataset_middle\20250324.csv，执行训练...
2025-03-24 09:32:48,284 - 
================================================================================
2025-03-24 09:32:48,284 - >>> 开始模型训练 <<<
2025-03-24 09:32:48,284 - ================================================================================

2025-03-24 09:32:48,284 - 配置信息:
2025-03-24 09:32:48,284 -   - 窗口大小: 16
2025-03-24 09:32:48,284 -   - 滞后特征数: 4
2025-03-24 09:32:48,284 -   - 训练集比例: 0.9
2025-03-24 09:32:48,285 -   - 输出目录: D:\my-vue-project\wind-power-forecast\backend\auto_scripts\train_predictions\middle_predictions
2025-03-24 09:32:48,285 -   - 模型存储路径: D:\my-vue-project\wind-power-forecast\backend\auto_scripts\models\middlemodel\20250324
2025-03-24 09:32:48,285 - 输出结果将保存到: D:\my-vue-project\wind-power-forecast\backend\auto_scripts\train_predictions\middle_predictions
2025-03-24 09:32:48,285 - 
================================================================================
2025-03-24 09:32:48,285 - >>> 数据加载与预处理 <<<
2025-03-24 09:32:48,285 - ================================================================================

2025-03-24 09:32:48,285 - 加载数据文件: D:\my-vue-project\wind-power-forecast\backend\auto_scripts\dataset\dataset_middle\20250324.csv
2025-03-24 09:32:48,285 - 开始加载和预处理数据...
2025-03-24 09:32:48,300 - 检查模型目录: D:\my-vue-project\wind-power-forecast\backend\auto_scripts\models\middlemodel\20250324
2025-03-24 09:32:48,300 - 未找到best_models目录，检查传统模型文件
2025-03-24 09:32:48,300 - 未找到任何可用模型文件
2025-03-24 09:32:48,300 - ⏳ 未有可用模型，等待模型训练完成...
2025-03-24 09:32:48,397 - 数据加载完成，共 2973 条记录
2025-03-24 09:32:48,418 - 数据前5行预览: 
        Timestamp    129.128_1    129.128_2  ...  ws200_15  wp_true    ws_all
0  2024/3/18 0:00  15974.26563  16293.82813  ...  9.731182   227.36  8.047185
1  2024/3/18 0:15  15974.26563  16293.82813  ...  9.603328   247.36  8.295189
2  2024/3/18 0:30  15974.26563  16293.82813  ...  9.476844   255.30  8.392767
3  2024/3/18 0:45  15974.26563  16293.82813  ...  9.351785   267.26  8.539846
4  2024/3/18 1:00  15974.26563  16293.82813  ...  9.228210   279.18  8.687130

[5 rows x 303 columns]
2025-03-24 09:32:48,420 - 数据集时间范围: 2024-03-18 至 2024-04-17, 共 1 个月
2025-03-24 09:32:48,421 - 根据数据集实际时间范围(1个月)，优化months_list: [1, 3, 6, 9, 12, None] -> [1, None]
2025-03-24 09:32:48,421 - 将使用以下时间段训练模型: [1, None]
2025-03-24 09:32:48,421 - 
================================================================================
2025-03-24 09:32:48,421 - >>> 开始多数据集训练 <<<
2025-03-24 09:32:48,421 - ================================================================================

2025-03-24 09:32:48,421 - 将使用多种时间跨度的数据训练模型...
2025-03-24 09:32:48,421 - 
--------------------------------------------------
【使用多个数据集训练模型】
--------------------------------------------------
2025-03-24 09:32:48,421 - 最佳模型将保存到: D:\my-vue-project\wind-power-forecast\backend\auto_scripts\models\middlemodel\20250324\best_models
2025-03-24 09:32:48,421 - 获取统一参数成功，包含 3 种模型类型
2025-03-24 09:32:48,421 - 
--------------------------------------------------
【训练数据集: 1个月】
--------------------------------------------------
2025-03-24 09:32:48,421 - 使用1个月的数据进行训练...
2025-03-24 09:32:48,422 - 过滤数据为最近1个月...
2025-03-24 09:32:48,424 - 过滤后的数据量: 2973
2025-03-24 09:32:48,424 - 对1个月数据进行预处理...
2025-03-24 09:32:48,428 - 预处理后的特征维度: (2973, 304), 目标变量维度: (2973,)
2025-03-24 09:32:48,428 - 数据集划分完成，训练集: (2675, 304), 验证集: (298, 304)
2025-03-24 09:32:48,428 - 提取了 298 个验证集时间戳，用于时间加权评估
2025-03-24 09:32:48,428 - 执行特征工程，滞后特征数: 4...
2025-03-24 09:32:48,477 - 特征工程后的特征维度 - 训练集: (2672, 859), 验证集: (295, 859)
2025-03-24 09:32:48,478 - 数据标准化...
2025-03-24 09:32:48,509 - 数据标准化完成
2025-03-24 09:32:48,509 - 创建时间窗口，窗口大小: 16...
2025-03-24 09:32:48,561 - 时间窗口创建完成 - 训练集: (2657, 16, 859), 验证集: (280, 16, 859)
2025-03-24 09:32:48,561 - 调整时间戳长度以匹配窗口化后的验证集 - 原始长度: 298, 目标长度: 280
2025-03-24 09:32:48,561 - 时间戳已截断至匹配窗口化后的验证集长度: 280
2025-03-24 09:32:48,561 - 为1个月数据创建模型目录: D:\my-vue-project\wind-power-forecast\backend\auto_scripts\models\middlemodel\20250324\1months
2025-03-24 09:32:48,561 - 开始训练1个月数据的模型...
2025-03-24 09:32:48,561 - 
--------------------------------------------------
【开始模型训练与评估】
--------------------------------------------------
2025-03-24 09:32:48,562 - 模型和 scaler 将被保存到目录: D:\my-vue-project\wind-power-forecast\backend\auto_scripts\models\middlemodel\20250324\1months
2025-03-24 09:32:48,562 - 
--------------------------------------------------
【训练 GBDT 模型】
--------------------------------------------------
2025-03-24 09:32:48,562 - 模型参数: {'boosting_type': 'gbdt', 'objective': 'regression', 'metric': 'rmse', 'num_leaves': 31, 'learning_rate': 0.05, 'feature_fraction': 0.9, 'name': 'GBDT'}
2025-03-24 09:32:48,562 - 开始训练 GBDT 模型...
2025-03-24 09:33:05,051 - GBDT 模型训练完成
2025-03-24 09:33:05,051 - 使用 GBDT 模型预测验证集...
2025-03-24 09:33:05,058 - 使用时间加权方式计算模型评分...
2025-03-24 09:33:05,061 - GBDT 评估结果 - RMSE: 67.1426, K: 0.4608, 加权评分: 0.6513
2025-03-24 09:33:05,061 - ✅ GBDT 成为当前最佳模型 (基于加权评分)
2025-03-24 09:33:05,069 - GBDT 模型已保存到 D:\my-vue-project\wind-power-forecast\backend\auto_scripts\models\middlemodel\20250324\1months\GBDT.joblib
2025-03-24 09:33:05,069 - 
--------------------------------------------------
【训练 DART 模型】
--------------------------------------------------
2025-03-24 09:33:05,069 - 模型参数: {'boosting_type': 'dart', 'objective': 'regression', 'metric': 'rmse', 'num_leaves': 31, 'learning_rate': 0.05, 'feature_fraction': 0.9, 'drop_rate': 0.1, 'name': 'DART'}
2025-03-24 09:33:05,069 - 开始训练 DART 模型...
2025-03-24 09:33:18,309 - 检查模型目录: D:\my-vue-project\wind-power-forecast\backend\auto_scripts\models\middlemodel\20250324
2025-03-24 09:33:18,309 - 发现best_models目录: D:\my-vue-project\wind-power-forecast\backend\auto_scripts\models\middlemodel\20250324\best_models
2025-03-24 09:33:18,309 - 未找到GBDT模型文件
2025-03-24 09:33:18,310 - 未找到DART模型文件
2025-03-24 09:33:18,310 - 未找到GOSS模型文件
2025-03-24 09:33:18,310 - 未找到任何可用模型文件
2025-03-24 09:33:18,310 - ⏳ 未有可用模型，等待模型训练完成...
2025-03-24 09:33:35,507 - DART 模型训练完成
2025-03-24 09:33:35,507 - 使用 DART 模型预测验证集...
2025-03-24 09:33:35,516 - 使用时间加权方式计算模型评分...
2025-03-24 09:33:35,518 - DART 评估结果 - RMSE: 62.3280, K: 0.6255, 加权评分: 0.7416
2025-03-24 09:33:35,518 - ✅ DART 成为当前最佳模型 (基于加权评分)
2025-03-24 09:33:35,534 - DART 模型已保存到 D:\my-vue-project\wind-power-forecast\backend\auto_scripts\models\middlemodel\20250324\1months\DART.joblib
2025-03-24 09:33:35,535 - 
--------------------------------------------------
【训练 GOSS 模型】
--------------------------------------------------
2025-03-24 09:33:35,535 - 模型参数: {'boosting_type': 'goss', 'objective': 'regression', 'metric': 'rmse', 'num_leaves': 31, 'learning_rate': 0.05, 'feature_fraction': 0.9, 'top_rate': 0.2, 'other_rate': 0.1, 'name': 'GOSS'}
2025-03-24 09:33:35,535 - 开始训练 GOSS 模型...
2025-03-24 09:33:48,314 - 检查模型目录: D:\my-vue-project\wind-power-forecast\backend\auto_scripts\models\middlemodel\20250324
2025-03-24 09:33:48,315 - 发现best_models目录: D:\my-vue-project\wind-power-forecast\backend\auto_scripts\models\middlemodel\20250324\best_models
2025-03-24 09:33:48,315 - 未找到GBDT模型文件
2025-03-24 09:33:48,315 - 未找到DART模型文件
2025-03-24 09:33:48,315 - 未找到GOSS模型文件
2025-03-24 09:33:48,315 - 未找到任何可用模型文件
2025-03-24 09:33:48,315 - ⏳ 未有可用模型，等待模型训练完成...
2025-03-24 09:34:10,965 - GOSS 模型训练完成
2025-03-24 09:34:10,965 - 使用 GOSS 模型预测验证集...
2025-03-24 09:34:10,975 - 使用时间加权方式计算模型评分...
2025-03-24 09:34:10,978 - GOSS 评估结果 - RMSE: 68.3105, K: 0.4494, 加权评分: 0.6442
2025-03-24 09:34:10,998 - GOSS 模型已保存到 D:\my-vue-project\wind-power-forecast\backend\auto_scripts\models\middlemodel\20250324\1months\GOSS.joblib
2025-03-24 09:34:11,001 - Scaler 已保存到 D:\my-vue-project\wind-power-forecast\backend\auto_scripts\models\middlemodel\20250324\1months\scaler.joblib
2025-03-24 09:34:11,013 - 最佳模型 'DART' 已额外保存到 D:\my-vue-project\wind-power-forecast\backend\auto_scripts\models\middlemodel\20250324\1months\model.joblib
2025-03-24 09:34:11,013 - 1个月数据的模型训练完成
2025-03-24 09:34:11,013 - 
--------------------------------------------------
【更新每种算法的最佳模型】
--------------------------------------------------
2025-03-24 09:34:11,013 - ✅ 发现更好的GBDT模型 (来自1个月数据)
2025-03-24 09:34:11,014 -    新评分: 0.6513, 旧评分: -inf
2025-03-24 09:34:11,014 - ✅ 发现更好的DART模型 (来自1个月数据)
2025-03-24 09:34:11,014 -    新评分: 0.7416, 旧评分: -inf
2025-03-24 09:34:11,014 - ✅ 发现更好的GOSS模型 (来自1个月数据)
2025-03-24 09:34:11,014 -    新评分: 0.6442, 旧评分: -inf
2025-03-24 09:34:11,014 - 
--------------------------------------------------
【训练数据集: 全部数据】
--------------------------------------------------
2025-03-24 09:34:11,014 - 使用全部数据的数据进行训练...
2025-03-24 09:34:11,014 - 使用全部数据...
2025-03-24 09:34:11,014 - 过滤后的数据量: 2973
2025-03-24 09:34:11,014 - 对全部数据数据进行预处理...
2025-03-24 09:34:11,023 - 预处理后的特征维度: (2973, 304), 目标变量维度: (2973,)
2025-03-24 09:34:11,024 - 数据集划分完成，训练集: (2675, 304), 验证集: (298, 304)
2025-03-24 09:34:11,024 - 提取了 298 个验证集时间戳，用于时间加权评估
2025-03-24 09:34:11,024 - 执行特征工程，滞后特征数: 4...
2025-03-24 09:34:11,173 - 特征工程后的特征维度 - 训练集: (2672, 859), 验证集: (295, 859)
2025-03-24 09:34:11,173 - 数据标准化...
2025-03-24 09:34:11,238 - 数据标准化完成
2025-03-24 09:34:11,238 - 创建时间窗口，窗口大小: 16...
2025-03-24 09:34:11,343 - 时间窗口创建完成 - 训练集: (2657, 16, 859), 验证集: (280, 16, 859)
2025-03-24 09:34:11,343 - 调整时间戳长度以匹配窗口化后的验证集 - 原始长度: 298, 目标长度: 280
2025-03-24 09:34:11,343 - 时间戳已截断至匹配窗口化后的验证集长度: 280
2025-03-24 09:34:11,344 - 为全部数据数据创建模型目录: D:\my-vue-project\wind-power-forecast\backend\auto_scripts\models\middlemodel\20250324\all_data
2025-03-24 09:34:11,344 - 开始训练全部数据数据的模型...
2025-03-24 09:34:11,344 - 
--------------------------------------------------
【开始模型训练与评估】
--------------------------------------------------
2025-03-24 09:34:11,344 - 模型和 scaler 将被保存到目录: D:\my-vue-project\wind-power-forecast\backend\auto_scripts\models\middlemodel\20250324\all_data
2025-03-24 09:34:11,345 - 
--------------------------------------------------
【训练 GBDT 模型】
--------------------------------------------------
2025-03-24 09:34:11,345 - 模型参数: {'boosting_type': 'gbdt', 'objective': 'regression', 'metric': 'rmse', 'num_leaves': 31, 'learning_rate': 0.05, 'feature_fraction': 0.9, 'name': 'GBDT'}
2025-03-24 09:34:11,345 - 开始训练 GBDT 模型...
2025-03-24 09:34:18,325 - 检查模型目录: D:\my-vue-project\wind-power-forecast\backend\auto_scripts\models\middlemodel\20250324
2025-03-24 09:34:18,325 - 发现best_models目录: D:\my-vue-project\wind-power-forecast\backend\auto_scripts\models\middlemodel\20250324\best_models
2025-03-24 09:34:18,326 - 未找到GBDT模型文件
2025-03-24 09:34:18,326 - 未找到DART模型文件
2025-03-24 09:34:18,326 - 未找到GOSS模型文件
2025-03-24 09:34:18,327 - 未找到任何可用模型文件
2025-03-24 09:34:18,327 - ⏳ 未有可用模型，等待模型训练完成...
2025-03-24 09:34:48,341 - 检查模型目录: D:\my-vue-project\wind-power-forecast\backend\auto_scripts\models\middlemodel\20250324
2025-03-24 09:34:48,341 - 发现best_models目录: D:\my-vue-project\wind-power-forecast\backend\auto_scripts\models\middlemodel\20250324\best_models
2025-03-24 09:34:48,342 - 未找到GBDT模型文件
2025-03-24 09:34:48,342 - 未找到DART模型文件
2025-03-24 09:34:48,342 - 未找到GOSS模型文件
2025-03-24 09:34:48,343 - 未找到任何可用模型文件
2025-03-24 09:34:48,343 - ⏳ 未有可用模型，等待模型训练完成...
2025-03-24 09:34:54,935 - GBDT 模型训练完成
2025-03-24 09:34:54,935 - 使用 GBDT 模型预测验证集...
2025-03-24 09:34:54,945 - 使用时间加权方式计算模型评分...
2025-03-24 09:34:54,947 - GBDT 评估结果 - RMSE: 67.1426, K: 0.4608, 加权评分: 0.6513
2025-03-24 09:34:54,947 - ✅ GBDT 成为当前最佳模型 (基于加权评分)
2025-03-24 09:34:54,964 - GBDT 模型已保存到 D:\my-vue-project\wind-power-forecast\backend\auto_scripts\models\middlemodel\20250324\all_data\GBDT.joblib
2025-03-24 09:34:54,964 - 
--------------------------------------------------
【训练 DART 模型】
--------------------------------------------------
2025-03-24 09:34:54,964 - 模型参数: {'boosting_type': 'dart', 'objective': 'regression', 'metric': 'rmse', 'num_leaves': 31, 'learning_rate': 0.05, 'feature_fraction': 0.9, 'drop_rate': 0.1, 'name': 'DART'}
2025-03-24 09:34:54,964 - 开始训练 DART 模型...
2025-03-24 09:35:18,346 - 检查模型目录: D:\my-vue-project\wind-power-forecast\backend\auto_scripts\models\middlemodel\20250324
2025-03-24 09:35:18,346 - 发现best_models目录: D:\my-vue-project\wind-power-forecast\backend\auto_scripts\models\middlemodel\20250324\best_models
2025-03-24 09:35:18,347 - 未找到GBDT模型文件
2025-03-24 09:35:18,347 - 未找到DART模型文件
2025-03-24 09:35:18,347 - 未找到GOSS模型文件
2025-03-24 09:35:18,347 - 未找到任何可用模型文件
2025-03-24 09:35:18,347 - ⏳ 未有可用模型，等待模型训练完成...
2025-03-24 09:35:37,862 - DART 模型训练完成
2025-03-24 09:35:37,862 - 使用 DART 模型预测验证集...
2025-03-24 09:35:37,872 - 使用时间加权方式计算模型评分...
2025-03-24 09:35:37,874 - DART 评估结果 - RMSE: 62.3280, K: 0.6255, 加权评分: 0.7416
2025-03-24 09:35:37,874 - ✅ DART 成为当前最佳模型 (基于加权评分)
2025-03-24 09:35:37,886 - DART 模型已保存到 D:\my-vue-project\wind-power-forecast\backend\auto_scripts\models\middlemodel\20250324\all_data\DART.joblib
2025-03-24 09:35:37,886 - 
--------------------------------------------------
【训练 GOSS 模型】
--------------------------------------------------
2025-03-24 09:35:37,886 - 模型参数: {'boosting_type': 'goss', 'objective': 'regression', 'metric': 'rmse', 'num_leaves': 31, 'learning_rate': 0.05, 'feature_fraction': 0.9, 'top_rate': 0.2, 'other_rate': 0.1, 'name': 'GOSS'}
2025-03-24 09:35:37,887 - 开始训练 GOSS 模型...
2025-03-24 09:35:48,356 - 检查模型目录: D:\my-vue-project\wind-power-forecast\backend\auto_scripts\models\middlemodel\20250324
2025-03-24 09:35:48,356 - 发现best_models目录: D:\my-vue-project\wind-power-forecast\backend\auto_scripts\models\middlemodel\20250324\best_models
2025-03-24 09:35:48,356 - 未找到GBDT模型文件
2025-03-24 09:35:48,356 - 未找到DART模型文件
2025-03-24 09:35:48,357 - 未找到GOSS模型文件
2025-03-24 09:35:48,357 - 未找到任何可用模型文件
2025-03-24 09:35:48,357 - ⏳ 未有可用模型，等待模型训练完成...
2025-03-24 09:36:12,519 - GOSS 模型训练完成
2025-03-24 09:36:12,520 - 使用 GOSS 模型预测验证集...
2025-03-24 09:36:12,530 - 使用时间加权方式计算模型评分...
2025-03-24 09:36:12,532 - GOSS 评估结果 - RMSE: 68.3105, K: 0.4494, 加权评分: 0.6442
2025-03-24 09:36:12,555 - GOSS 模型已保存到 D:\my-vue-project\wind-power-forecast\backend\auto_scripts\models\middlemodel\20250324\all_data\GOSS.joblib
2025-03-24 09:36:12,557 - Scaler 已保存到 D:\my-vue-project\wind-power-forecast\backend\auto_scripts\models\middlemodel\20250324\all_data\scaler.joblib
2025-03-24 09:36:12,570 - 最佳模型 'DART' 已额外保存到 D:\my-vue-project\wind-power-forecast\backend\auto_scripts\models\middlemodel\20250324\all_data\model.joblib
2025-03-24 09:36:12,570 - 全部数据数据的模型训练完成
2025-03-24 09:36:12,570 - 
--------------------------------------------------
【更新每种算法的最佳模型】
--------------------------------------------------
2025-03-24 09:36:12,570 - ❌ 全部数据数据的GBDT模型不是最佳模型
2025-03-24 09:36:12,570 -    当前评分: 0.6513, 最佳评分: 0.6513
2025-03-24 09:36:12,570 - ❌ 全部数据数据的DART模型不是最佳模型
2025-03-24 09:36:12,570 -    当前评分: 0.7416, 最佳评分: 0.7416
2025-03-24 09:36:12,570 - ❌ 全部数据数据的GOSS模型不是最佳模型
2025-03-24 09:36:12,570 -    当前评分: 0.6442, 最佳评分: 0.6442
2025-03-24 09:36:12,571 - 
--------------------------------------------------
【保存每种算法的最佳模型】
--------------------------------------------------
2025-03-24 09:36:12,585 - 最佳GBDT模型 (使用1个月数据) 已保存到 D:\my-vue-project\wind-power-forecast\backend\auto_scripts\models\middlemodel\20250324\best_models\GBDT.joblib
2025-03-24 09:36:12,585 - RMSE: 67.1426, K: 0.4608, 评分: 0.6513
2025-03-24 09:36:12,595 - 最佳DART模型 (使用1个月数据) 已保存到 D:\my-vue-project\wind-power-forecast\backend\auto_scripts\models\middlemodel\20250324\best_models\DART.joblib
2025-03-24 09:36:12,596 - RMSE: 62.3280, K: 0.6255, 评分: 0.7416
2025-03-24 09:36:12,619 - 最佳GOSS模型 (使用1个月数据) 已保存到 D:\my-vue-project\wind-power-forecast\backend\auto_scripts\models\middlemodel\20250324\best_models\GOSS.joblib
2025-03-24 09:36:12,619 - RMSE: 68.3105, K: 0.4494, 评分: 0.6442
2025-03-24 09:36:12,633 - 多数据集训练完成! 已为每种算法选择最佳模型
2025-03-24 09:36:12,633 -   - 最佳GBDT模型: 使用1个月数据, RMSE=67.1426, K=0.4608, 评分=0.6513
2025-03-24 09:36:12,633 -   - 最佳DART模型: 使用1个月数据, RMSE=62.3280, K=0.6255, 评分=0.7416
2025-03-24 09:36:12,633 -   - 最佳GOSS模型: 使用1个月数据, RMSE=68.3105, K=0.4494, 评分=0.6442
2025-03-24 09:36:12,633 - 
================================================================================
2025-03-24 09:36:12,633 - >>> 开始计算模型权重 <<<
2025-03-24 09:36:12,633 - ================================================================================

2025-03-24 09:36:12,634 - 开始计算模型权重
2025-03-24 09:36:12,634 - 从训练数据集中提取最后三天数据进行权重优化
2025-03-24 09:36:12,637 - ✅ 已从训练数据集提取最后三天数据，共 289 条记录
2025-03-24 09:36:12,637 - 开始计算最优模型权重...
2025-03-24 09:36:12,637 - 
--------------------------------------------------
【计算模型权重】
--------------------------------------------------
2025-03-24 09:36:12,696 - 加载最佳模型和对应的scaler...
2025-03-24 09:36:12,696 - ✅ 已加载 GBDT 模型和scaler
2025-03-24 09:36:12,696 - ✅ 已加载 DART 模型和scaler
2025-03-24 09:36:12,696 - ✅ 已加载 GOSS 模型和scaler
2025-03-24 09:36:12,696 - 预处理验证数据，共 289 条记录...
2025-03-24 09:36:12,700 - 验证数据预处理完成，特征维度: (289, 304)
2025-03-24 09:36:12,763 - 验证数据特征工程完成，特征维度: (286, 859)
2025-03-24 09:36:12,763 - 使用各模型进行预测...
2025-03-24 09:36:12,776 - 使用 GBDT 模型预测...
2025-03-24 09:36:12,785 - ✅ GBDT 模型预测完成，预测结果数量: 271
2025-03-24 09:36:12,799 - 使用 DART 模型预测...
2025-03-24 09:36:12,808 - ✅ DART 模型预测完成，预测结果数量: 271
2025-03-24 09:36:12,822 - 使用 GOSS 模型预测...
2025-03-24 09:36:12,831 - ✅ GOSS 模型预测完成，预测结果数量: 271
2025-03-24 09:36:12,831 - 对齐预测结果，使用最小长度: 271
2025-03-24 09:36:12,831 - 创建线性回归的特征矩阵 (271, 3) 和目标向量 (271,)
2025-03-24 09:36:12,832 - 训练线性回归模型计算最优权重...
2025-03-24 09:36:12,842 - 线性回归得到的权重: {'GBDT': np.float64(0.3378826776996291), 'DART': np.float64(0.18465658902121768), 'GOSS': np.float64(0.0), 'INTERCEPT': np.float64(98.07836551790079)}
2025-03-24 09:36:12,842 - 最终计算的模型权重: {'GBDT': np.float64(0.3378826776996291), 'DART': np.float64(0.18465658902121768), 'GOSS': np.float64(0.0), 'INTERCEPT': np.float64(98.07836551790079)}
2025-03-24 09:36:12,843 - 计算得到的最优权重: {'GBDT': np.float64(0.3378826776996291), 'DART': np.float64(0.18465658902121768), 'GOSS': np.float64(0.0), 'INTERCEPT': np.float64(98.07836551790079)}
2025-03-24 09:36:12,844 - 模型权重已保存到: D:\my-vue-project\wind-power-forecast\backend\auto_scripts\models\middlemodel\20250324\model_weights.joblib
2025-03-24 09:36:12,853 - 训练完成，已创建标志文件: D:\my-vue-project\wind-power-forecast\backend\auto_scripts\scripts\middle\logs\auto_pre_train\20250324_train_done.flag
2025-03-24 09:36:12,854 - ✅ 训练完成，已创建标志文件
2025-03-24 09:36:12,854 - 检查模型目录: D:\my-vue-project\wind-power-forecast\backend\auto_scripts\models\middlemodel\20250324
2025-03-24 09:36:12,854 - 发现best_models目录: D:\my-vue-project\wind-power-forecast\backend\auto_scripts\models\middlemodel\20250324\best_models
2025-03-24 09:36:12,854 - 发现GBDT模型文件: D:\my-vue-project\wind-power-forecast\backend\auto_scripts\models\middlemodel\20250324\best_models\GBDT.joblib
2025-03-24 09:36:12,854 - ✅ 模型已成功保存到 D:\my-vue-project\wind-power-forecast\backend\auto_scripts\models\middlemodel\20250324，模型可用。
2025-03-24 09:36:18,359 - ❌ 未找到预测 CSV 文件: D:\my-vue-project\wind-power-forecast\backend\auto_scripts\precsv\middlecsv\20250324.csv，等待 30 秒后重试...
2025-03-24 09:36:48,362 - ❌ 未找到预测 CSV 文件: D:\my-vue-project\wind-power-forecast\backend\auto_scripts\precsv\middlecsv\20250324.csv，等待 30 秒后重试...
2025-03-24 09:37:18,377 - ❌ 未找到预测 CSV 文件: D:\my-vue-project\wind-power-forecast\backend\auto_scripts\precsv\middlecsv\20250324.csv，等待 30 秒后重试...
2025-03-24 09:37:48,382 - ❌ 未找到预测 CSV 文件: D:\my-vue-project\wind-power-forecast\backend\auto_scripts\precsv\middlecsv\20250324.csv，等待 30 秒后重试...
2025-03-24 09:38:18,389 - ❌ 未找到预测 CSV 文件: D:\my-vue-project\wind-power-forecast\backend\auto_scripts\precsv\middlecsv\20250324.csv，等待 30 秒后重试...
2025-03-24 09:38:48,393 - ❌ 未找到预测 CSV 文件: D:\my-vue-project\wind-power-forecast\backend\auto_scripts\precsv\middlecsv\20250324.csv，等待 30 秒后重试...
2025-03-24 09:39:18,404 - ❌ 未找到预测 CSV 文件: D:\my-vue-project\wind-power-forecast\backend\auto_scripts\precsv\middlecsv\20250324.csv，等待 30 秒后重试...
2025-03-24 09:40:42,569 - 
================================================================================
2025-03-24 09:40:42,570 - >>> 自动训练预测系统启动 <<<
2025-03-24 09:40:42,570 - ================================================================================

2025-03-24 09:40:42,570 - 自动训练预测系统启动
2025-03-24 09:40:42,570 - 今天的日期是: 20250324
2025-03-24 09:40:42,570 - 创建监视线程...
2025-03-24 09:40:42,570 - 启动训练线程...
2025-03-24 09:40:42,570 - 启动预测线程...
2025-03-24 09:40:42,570 - 
================================================================================
2025-03-24 09:40:42,571 - >>> 启动训练监视线程 <<<
2025-03-24 09:40:42,571 - ================================================================================

2025-03-24 09:40:42,571 - 启动训练监视线程
2025-03-24 09:40:42,571 - 
================================================================================
2025-03-24 09:40:42,571 - 等待线程完成...
2025-03-24 09:40:42,571 - >>> 启动预测监视线程 <<<
2025-03-24 09:40:42,571 - ================================================================================

2025-03-24 09:40:42,571 - 启动预测监视线程
2025-03-24 09:40:42,571 - 训练文件路径: D:\my-vue-project\wind-power-forecast\backend\auto_scripts\dataset\dataset_middle\20250324.csv
2025-03-24 09:40:42,571 - 模型存储目录: D:\my-vue-project\wind-power-forecast\backend\auto_scripts\models\middlemodel\20250324
2025-03-24 09:40:42,571 - 训练完成标志文件: D:\my-vue-project\wind-power-forecast\backend\auto_scripts\scripts\middle\logs\auto_pre_train\20250324_train_done.flag
2025-03-24 09:40:42,571 - 开始监视 D:\my-vue-project\wind-power-forecast\backend\auto_scripts\dataset\dataset_middle 文件夹以进行训练...
2025-03-24 09:40:42,572 - 预测数据文件路径: D:\my-vue-project\wind-power-forecast\backend\auto_scripts\precsv\middlecsv\20250324.csv
2025-03-24 09:40:42,572 - 模型目录: D:\my-vue-project\wind-power-forecast\backend\auto_scripts\models\middlemodel\20250324
2025-03-24 09:40:42,572 - 预测完成标志文件: D:\my-vue-project\wind-power-forecast\backend\auto_scripts\scripts\middle\logs\auto_pre_train\20250324_predict_done.flag
2025-03-24 09:40:42,572 - 检测到20250324的训练已经执行过 (标志文件: D:\my-vue-project\wind-power-forecast\backend\auto_scripts\scripts\middle\logs\auto_pre_train\20250324_train_done.flag)
2025-03-24 09:40:42,572 - 开始监视 D:\my-vue-project\wind-power-forecast\backend\auto_scripts\precsv\middlecsv 文件夹以进行预测...
2025-03-24 09:40:42,572 - ⚠️ 检测到今天的训练已经执行过，跳过...
2025-03-24 09:40:42,572 - 检查模型目录: D:\my-vue-project\wind-power-forecast\backend\auto_scripts\models\middlemodel\20250324
2025-03-24 09:40:42,572 - 检查模型目录: D:\my-vue-project\wind-power-forecast\backend\auto_scripts\models\middlemodel\20250324
2025-03-24 09:40:42,572 - 发现best_models目录: D:\my-vue-project\wind-power-forecast\backend\auto_scripts\models\middlemodel\20250324\best_models
2025-03-24 09:40:42,572 - 发现best_models目录: D:\my-vue-project\wind-power-forecast\backend\auto_scripts\models\middlemodel\20250324\best_models
2025-03-24 09:40:42,573 - 发现GBDT模型文件: D:\my-vue-project\wind-power-forecast\backend\auto_scripts\models\middlemodel\20250324\best_models\GBDT.joblib
2025-03-24 09:40:42,573 - 发现GBDT模型文件: D:\my-vue-project\wind-power-forecast\backend\auto_scripts\models\middlemodel\20250324\best_models\GBDT.joblib
2025-03-24 09:40:42,573 - ❌ 未找到预测 CSV 文件: D:\my-vue-project\wind-power-forecast\backend\auto_scripts\precsv\middlecsv\20250324.csv，等待 30 秒后重试...
2025-03-24 09:40:42,573 - ✅ 模型已设置为可用状态
2025-03-24 09:41:12,580 - ❌ 未找到预测 CSV 文件: D:\my-vue-project\wind-power-forecast\backend\auto_scripts\precsv\middlecsv\20250324.csv，等待 30 秒后重试...
2025-03-24 09:41:42,584 - ❌ 未找到预测 CSV 文件: D:\my-vue-project\wind-power-forecast\backend\auto_scripts\precsv\middlecsv\20250324.csv，等待 30 秒后重试...
2025-03-24 09:42:12,587 - ❌ 未找到预测 CSV 文件: D:\my-vue-project\wind-power-forecast\backend\auto_scripts\precsv\middlecsv\20250324.csv，等待 30 秒后重试...
2025-03-24 09:42:42,599 - ❌ 未找到预测 CSV 文件: D:\my-vue-project\wind-power-forecast\backend\auto_scripts\precsv\middlecsv\20250324.csv，等待 30 秒后重试...
2025-03-24 09:43:12,606 - ❌ 未找到预测 CSV 文件: D:\my-vue-project\wind-power-forecast\backend\auto_scripts\precsv\middlecsv\20250324.csv，等待 30 秒后重试...
2025-03-24 09:59:02,913 - 
================================================================================
2025-03-24 09:59:02,913 - >>> 自动训练预测系统启动 <<<
2025-03-24 09:59:02,913 - ================================================================================

2025-03-24 09:59:02,913 - 自动训练预测系统启动
2025-03-24 09:59:02,913 - 今天的日期是: 20250324
2025-03-24 09:59:02,913 - 创建监视线程...
2025-03-24 09:59:02,913 - 启动训练线程...
2025-03-24 09:59:02,914 - 启动预测线程...
2025-03-24 09:59:02,914 - 
================================================================================
2025-03-24 09:59:02,914 - >>> 启动训练监视线程 <<<
2025-03-24 09:59:02,914 - ================================================================================

2025-03-24 09:59:02,914 - 等待线程完成...
2025-03-24 09:59:02,914 - 
================================================================================
2025-03-24 09:59:02,915 - 启动训练监视线程
2025-03-24 09:59:02,915 - >>> 启动预测监视线程 <<<
2025-03-24 09:59:02,915 - ================================================================================

2025-03-24 09:59:02,915 - 启动预测监视线程
2025-03-24 09:59:02,915 - 训练文件路径: D:\my-vue-project\wind-power-forecast\backend\auto_scripts\dataset\dataset_middle\20250324.csv
2025-03-24 09:59:02,916 - 模型存储目录: D:\my-vue-project\wind-power-forecast\backend\auto_scripts\models\middlemodel\20250324
2025-03-24 09:59:02,916 - 训练完成标志文件: D:\my-vue-project\wind-power-forecast\backend\auto_scripts\scripts\middle\logs\auto_pre_train\20250324_train_done.flag
2025-03-24 09:59:02,916 - 开始监视 D:\my-vue-project\wind-power-forecast\backend\auto_scripts\dataset\dataset_middle 文件夹以进行训练...
2025-03-24 09:59:02,916 - 预测数据文件路径: D:\my-vue-project\wind-power-forecast\backend\auto_scripts\precsv\middlecsv\20250324.csv
2025-03-24 09:59:02,916 - 检测到20250324的训练已经执行过 (标志文件: D:\my-vue-project\wind-power-forecast\backend\auto_scripts\scripts\middle\logs\auto_pre_train\20250324_train_done.flag)
2025-03-24 09:59:02,916 - 模型目录: D:\my-vue-project\wind-power-forecast\backend\auto_scripts\models\middlemodel\20250324
2025-03-24 09:59:02,916 - ⚠️ 检测到今天的训练已经执行过，跳过...
2025-03-24 09:59:02,916 - 预测完成标志文件: D:\my-vue-project\wind-power-forecast\backend\auto_scripts\scripts\middle\logs\auto_pre_train\20250324_predict_done.flag
2025-03-24 09:59:02,916 - 检查模型目录: D:\my-vue-project\wind-power-forecast\backend\auto_scripts\models\middlemodel\20250324
2025-03-24 09:59:02,916 - 开始监视 D:\my-vue-project\wind-power-forecast\backend\auto_scripts\precsv\middlecsv 文件夹以进行预测...
2025-03-24 09:59:02,917 - 发现best_models目录: D:\my-vue-project\wind-power-forecast\backend\auto_scripts\models\middlemodel\20250324\best_models
2025-03-24 09:59:02,917 - 检查模型目录: D:\my-vue-project\wind-power-forecast\backend\auto_scripts\models\middlemodel\20250324
2025-03-24 09:59:02,917 - 发现GBDT模型文件: D:\my-vue-project\wind-power-forecast\backend\auto_scripts\models\middlemodel\20250324\best_models\GBDT.joblib
2025-03-24 09:59:02,917 - 发现best_models目录: D:\my-vue-project\wind-power-forecast\backend\auto_scripts\models\middlemodel\20250324\best_models
2025-03-24 09:59:02,917 - ✅ 模型已设置为可用状态
2025-03-24 09:59:02,917 - 发现GBDT模型文件: D:\my-vue-project\wind-power-forecast\backend\auto_scripts\models\middlemodel\20250324\best_models\GBDT.joblib
2025-03-24 09:59:02,917 - ❌ 未找到预测 CSV 文件: D:\my-vue-project\wind-power-forecast\backend\auto_scripts\precsv\middlecsv\20250324.csv，等待 30 秒后重试...
2025-03-24 09:59:32,933 - ❌ 未找到预测 CSV 文件: D:\my-vue-project\wind-power-forecast\backend\auto_scripts\precsv\middlecsv\20250324.csv，等待 30 秒后重试...
2025-03-24 10:00:02,940 - ❌ 未找到预测 CSV 文件: D:\my-vue-project\wind-power-forecast\backend\auto_scripts\precsv\middlecsv\20250324.csv，等待 30 秒后重试...
2025-03-24 10:00:32,943 - ❌ 未找到预测 CSV 文件: D:\my-vue-project\wind-power-forecast\backend\auto_scripts\precsv\middlecsv\20250324.csv，等待 30 秒后重试...
2025-03-24 10:01:02,958 - ❌ 未找到预测 CSV 文件: D:\my-vue-project\wind-power-forecast\backend\auto_scripts\precsv\middlecsv\20250324.csv，等待 30 秒后重试...
2025-03-24 10:01:32,974 - ❌ 未找到预测 CSV 文件: D:\my-vue-project\wind-power-forecast\backend\auto_scripts\precsv\middlecsv\20250324.csv，等待 30 秒后重试...
2025-03-24 10:02:02,976 - ❌ 未找到预测 CSV 文件: D:\my-vue-project\wind-power-forecast\backend\auto_scripts\precsv\middlecsv\20250324.csv，等待 30 秒后重试...
2025-03-24 10:02:32,983 - ❌ 未找到预测 CSV 文件: D:\my-vue-project\wind-power-forecast\backend\auto_scripts\precsv\middlecsv\20250324.csv，等待 30 秒后重试...
2025-03-24 10:03:02,989 - ❌ 未找到预测 CSV 文件: D:\my-vue-project\wind-power-forecast\backend\auto_scripts\precsv\middlecsv\20250324.csv，等待 30 秒后重试...
2025-03-24 10:03:32,992 - ❌ 未找到预测 CSV 文件: D:\my-vue-project\wind-power-forecast\backend\auto_scripts\precsv\middlecsv\20250324.csv，等待 30 秒后重试...
2025-03-24 10:04:03,007 - ❌ 未找到预测 CSV 文件: D:\my-vue-project\wind-power-forecast\backend\auto_scripts\precsv\middlecsv\20250324.csv，等待 30 秒后重试...
2025-03-24 10:04:33,022 - ❌ 未找到预测 CSV 文件: D:\my-vue-project\wind-power-forecast\backend\auto_scripts\precsv\middlecsv\20250324.csv，等待 30 秒后重试...
2025-03-24 10:05:03,035 - ❌ 未找到预测 CSV 文件: D:\my-vue-project\wind-power-forecast\backend\auto_scripts\precsv\middlecsv\20250324.csv，等待 30 秒后重试...
2025-03-24 10:05:33,049 - ❌ 未找到预测 CSV 文件: D:\my-vue-project\wind-power-forecast\backend\auto_scripts\precsv\middlecsv\20250324.csv，等待 30 秒后重试...
2025-03-24 10:06:03,056 - ❌ 未找到预测 CSV 文件: D:\my-vue-project\wind-power-forecast\backend\auto_scripts\precsv\middlecsv\20250324.csv，等待 30 秒后重试...
2025-03-24 10:06:33,066 - ❌ 未找到预测 CSV 文件: D:\my-vue-project\wind-power-forecast\backend\auto_scripts\precsv\middlecsv\20250324.csv，等待 30 秒后重试...
2025-03-24 10:07:03,078 - ❌ 未找到预测 CSV 文件: D:\my-vue-project\wind-power-forecast\backend\auto_scripts\precsv\middlecsv\20250324.csv，等待 30 秒后重试...
2025-03-24 10:07:33,085 - ❌ 未找到预测 CSV 文件: D:\my-vue-project\wind-power-forecast\backend\auto_scripts\precsv\middlecsv\20250324.csv，等待 30 秒后重试...
2025-03-24 10:08:03,098 - ❌ 未找到预测 CSV 文件: D:\my-vue-project\wind-power-forecast\backend\auto_scripts\precsv\middlecsv\20250324.csv，等待 30 秒后重试...
2025-03-24 10:08:33,105 - ❌ 未找到预测 CSV 文件: D:\my-vue-project\wind-power-forecast\backend\auto_scripts\precsv\middlecsv\20250324.csv，等待 30 秒后重试...
2025-03-24 10:09:03,107 - ❌ 未找到预测 CSV 文件: D:\my-vue-project\wind-power-forecast\backend\auto_scripts\precsv\middlecsv\20250324.csv，等待 30 秒后重试...
2025-03-24 10:09:33,121 - ❌ 未找到预测 CSV 文件: D:\my-vue-project\wind-power-forecast\backend\auto_scripts\precsv\middlecsv\20250324.csv，等待 30 秒后重试...
2025-03-24 10:10:03,123 - ❌ 未找到预测 CSV 文件: D:\my-vue-project\wind-power-forecast\backend\auto_scripts\precsv\middlecsv\20250324.csv，等待 30 秒后重试...
2025-03-24 10:10:33,131 - ❌ 未找到预测 CSV 文件: D:\my-vue-project\wind-power-forecast\backend\auto_scripts\precsv\middlecsv\20250324.csv，等待 30 秒后重试...
2025-03-24 10:11:03,144 - ❌ 未找到预测 CSV 文件: D:\my-vue-project\wind-power-forecast\backend\auto_scripts\precsv\middlecsv\20250324.csv，等待 30 秒后重试...
2025-03-24 10:11:33,154 - ❌ 未找到预测 CSV 文件: D:\my-vue-project\wind-power-forecast\backend\auto_scripts\precsv\middlecsv\20250324.csv，等待 30 秒后重试...
2025-03-24 10:12:03,169 - ❌ 未找到预测 CSV 文件: D:\my-vue-project\wind-power-forecast\backend\auto_scripts\precsv\middlecsv\20250324.csv，等待 30 秒后重试...
2025-03-24 10:12:33,179 - ❌ 未找到预测 CSV 文件: D:\my-vue-project\wind-power-forecast\backend\auto_scripts\precsv\middlecsv\20250324.csv，等待 30 秒后重试...
2025-03-24 10:13:03,185 - ❌ 未找到预测 CSV 文件: D:\my-vue-project\wind-power-forecast\backend\auto_scripts\precsv\middlecsv\20250324.csv，等待 30 秒后重试...
2025-03-24 10:13:33,190 - ❌ 未找到预测 CSV 文件: D:\my-vue-project\wind-power-forecast\backend\auto_scripts\precsv\middlecsv\20250324.csv，等待 30 秒后重试...
2025-03-24 10:14:03,198 - ❌ 未找到预测 CSV 文件: D:\my-vue-project\wind-power-forecast\backend\auto_scripts\precsv\middlecsv\20250324.csv，等待 30 秒后重试...
2025-03-24 10:14:33,214 - ❌ 未找到预测 CSV 文件: D:\my-vue-project\wind-power-forecast\backend\auto_scripts\precsv\middlecsv\20250324.csv，等待 30 秒后重试...
2025-03-24 10:15:03,218 - ❌ 未找到预测 CSV 文件: D:\my-vue-project\wind-power-forecast\backend\auto_scripts\precsv\middlecsv\20250324.csv，等待 30 秒后重试...
2025-03-24 10:15:33,223 - ❌ 未找到预测 CSV 文件: D:\my-vue-project\wind-power-forecast\backend\auto_scripts\precsv\middlecsv\20250324.csv，等待 30 秒后重试...
2025-03-24 10:16:03,228 - ❌ 未找到预测 CSV 文件: D:\my-vue-project\wind-power-forecast\backend\auto_scripts\precsv\middlecsv\20250324.csv，等待 30 秒后重试...
2025-03-24 10:16:33,234 - ❌ 未找到预测 CSV 文件: D:\my-vue-project\wind-power-forecast\backend\auto_scripts\precsv\middlecsv\20250324.csv，等待 30 秒后重试...
2025-03-24 10:17:03,247 - ❌ 未找到预测 CSV 文件: D:\my-vue-project\wind-power-forecast\backend\auto_scripts\precsv\middlecsv\20250324.csv，等待 30 秒后重试...
2025-03-24 10:17:33,260 - ❌ 未找到预测 CSV 文件: D:\my-vue-project\wind-power-forecast\backend\auto_scripts\precsv\middlecsv\20250324.csv，等待 30 秒后重试...
2025-03-24 10:18:03,264 - ❌ 未找到预测 CSV 文件: D:\my-vue-project\wind-power-forecast\backend\auto_scripts\precsv\middlecsv\20250324.csv，等待 30 秒后重试...
2025-03-24 10:18:33,268 - ❌ 未找到预测 CSV 文件: D:\my-vue-project\wind-power-forecast\backend\auto_scripts\precsv\middlecsv\20250324.csv，等待 30 秒后重试...
2025-03-24 10:19:03,274 - ✅ 发现新的预测文件：D:\my-vue-project\wind-power-forecast\backend\auto_scripts\precsv\middlecsv\20250324.csv，执行预测...
2025-03-24 10:19:03,275 - 
============================================================
【风电功率预测开始】
============================================================
2025-03-24 10:19:03,275 - 配置信息:
2025-03-24 10:19:03,275 -   - 数据文件: D:\my-vue-project\wind-power-forecast\backend\auto_scripts\precsv\middlecsv\20250324.csv
2025-03-24 10:19:03,275 -   - 模型目录: D:\my-vue-project\wind-power-forecast\backend\auto_scripts\models\middlemodel\20250324
2025-03-24 10:19:03,275 -   - 窗口大小: 16
2025-03-24 10:19:03,275 -   - 滞后特征数: 4
2025-03-24 10:19:03,276 - 
============================================================
【预处理新数据】
============================================================
2025-03-24 10:19:03,276 - 加载数据文件: D:\my-vue-project\wind-power-forecast\backend\auto_scripts\precsv\middlecsv\20250324.csv
2025-03-24 10:19:03,290 - 数据加载完成，去除缺失值后共 111 条记录
2025-03-24 10:19:03,364 - 数据前5行预览:
         Timestamp    129.128_1    129.128_2  ...  ws200_13   ws200_14   ws200_15
0  2024/4/16 19:30  15974.26563  16293.82813  ...  9.588719  10.699799  12.128573
1  2024/4/16 19:45  15974.26563  16293.82813  ...  9.553943  10.777429  12.265793
2  2024/4/16 20:00  15974.26563  16293.82813  ...  9.541195  10.863499  12.404554
3  2024/4/16 20:15  15974.26563  16293.82813  ...  9.280917  10.585079  12.259521
4  2024/4/16 20:30  15974.26563  16293.82813  ...  9.020693  10.307371  12.115601

[5 rows x 301 columns]
2025-03-24 10:19:03,364 - 预处理数据...
2025-03-24 10:19:03,366 - 预处理完成，特征维度: (111, 304)
2025-03-24 10:19:03,366 - 执行特征工程，滞后特征数: 4...
2025-03-24 10:19:03,402 - 特征工程完成，特征维度: (108, 859)
2025-03-24 10:19:03,402 - 新数据预处理完成，共 108 个样本
2025-03-24 10:19:03,402 - ✅ 发现最佳模型目录: D:\my-vue-project\wind-power-forecast\backend\auto_scripts\models\middlemodel\20250324\best_models，尝试使用多模型加权预测
2025-03-24 10:19:03,402 - 
============================================================
【加载多个模型】
============================================================
2025-03-24 10:19:03,402 - 从目录加载模型和 scaler: D:\my-vue-project\wind-power-forecast\backend\auto_scripts\models\middlemodel\20250324\best_models
2025-03-24 10:19:03,402 - 加载 GBDT 模型和 scaler...
2025-03-24 10:19:03,411 - ✅ 已成功加载 GBDT 模型和对应的 scaler
2025-03-24 10:19:03,411 - 加载 DART 模型和 scaler...
2025-03-24 10:19:03,419 - ✅ 已成功加载 DART 模型和对应的 scaler
2025-03-24 10:19:03,420 - 加载 GOSS 模型和 scaler...
2025-03-24 10:19:03,429 - ✅ 已成功加载 GOSS 模型和对应的 scaler
2025-03-24 10:19:03,429 - 加载完成，共加载了 3 个模型: GBDT, DART, GOSS
2025-03-24 10:19:03,429 - 尝试加载模型权重文件: D:\my-vue-project\wind-power-forecast\backend\auto_scripts\models\middlemodel\20250324\model_weights.joblib
2025-03-24 10:19:03,430 - ✅ 已加载模型权重: {'GBDT': np.float64(0.3378826776996291), 'DART': np.float64(0.18465658902121768), 'GOSS': np.float64(0.0), 'INTERCEPT': np.float64(98.07836551790079)}
2025-03-24 10:19:03,430 - 
============================================================
【使用多模型加权预测】
============================================================
2025-03-24 10:19:03,430 - 使用自定义权重: {'GBDT': np.float64(0.3378826776996291), 'DART': np.float64(0.18465658902121768), 'GOSS': np.float64(0.0), 'INTERCEPT': np.float64(98.07836551790079)}
2025-03-24 10:19:03,430 - 使用 GBDT 模型进行预测 (权重: 0.3379)...
2025-03-24 10:19:03,435 - GBDT: 数据标准化完成
2025-03-24 10:19:03,438 - GBDT: 时间窗口创建完成，窗口数量: 93
2025-03-24 10:19:03,487 - ✅ GBDT 模型预测完成，生成了 93 个预测值
2025-03-24 10:19:03,487 -    统计: 最小值=201.69, 最大值=273.76, 平均值=250.31
2025-03-24 10:19:03,487 - 使用 DART 模型进行预测 (权重: 0.1847)...
2025-03-24 10:19:03,490 - DART: 数据标准化完成
2025-03-24 10:19:03,492 - DART: 时间窗口创建完成，窗口数量: 93
2025-03-24 10:19:03,495 - ✅ DART 模型预测完成，生成了 93 个预测值
2025-03-24 10:19:03,495 -    统计: 最小值=160.99, 最大值=218.68, 平均值=199.97
2025-03-24 10:19:03,495 - ❌ GOSS 模型权重为0，跳过
2025-03-24 10:19:03,495 - 所有预测结果对齐到最小长度: 93
2025-03-24 10:19:03,495 - 开始计算加权平均预测结果...
2025-03-24 10:19:03,495 -   加入 GBDT 模型贡献 (权重: 0.3379)
2025-03-24 10:19:03,496 -   加入 DART 模型贡献 (权重: 0.1847)
2025-03-24 10:19:03,496 -   加入常数偏置项 (值: 98.0784)
2025-03-24 10:19:03,496 - 加权平均预测完成，生成了 93 个预测值
2025-03-24 10:19:03,496 - 加权预测结果统计: 最小值=195.95, 最大值=230.83, 平均值=219.58
2025-03-24 10:19:03,496 - ✅ 多模型加权预测完成，使用模型: GBDT, DART, GOSS
2025-03-24 10:19:03,497 - 
============================================================
【保存预测结果】
============================================================
2025-03-24 10:19:03,497 - 创建输出目录: D:\my-vue-project\wind-power-forecast\backend\auto_scripts\results\middleresult\20250324
2025-03-24 10:19:03,497 - 预测结果数据框创建完成，共 93 行
2025-03-24 10:19:03,499 - ✅ 预测结果已保存到文件: D:\my-vue-project\wind-power-forecast\backend\auto_scripts\results\middleresult\20250324\20250324.csv
2025-03-24 10:19:03,499 - 尝试将预测结果导入数据库...
2025-03-24 10:19:03,499 - 发送HTTP请求到: http://localhost:5000/prediction2database/batch_middle_power
2025-03-24 10:19:51,386 - 
================================================================================
2025-03-24 10:19:51,386 - >>> 自动训练预测系统启动 <<<
2025-03-24 10:19:51,386 - ================================================================================

2025-03-24 10:19:51,386 - 自动训练预测系统启动
2025-03-24 10:19:51,386 - 今天的日期是: 20250324
2025-03-24 10:19:51,386 - 创建监视线程...
2025-03-24 10:19:51,386 - 启动训练线程...
2025-03-24 10:19:51,387 - 启动预测线程...
2025-03-24 10:19:51,387 - 
================================================================================
2025-03-24 10:19:51,387 - >>> 启动训练监视线程 <<<
2025-03-24 10:19:51,387 - ================================================================================

2025-03-24 10:19:51,387 - 启动训练监视线程
2025-03-24 10:19:51,387 - 等待线程完成...
2025-03-24 10:19:51,387 - 
================================================================================
2025-03-24 10:19:51,387 - >>> 启动预测监视线程 <<<
2025-03-24 10:19:51,387 - ================================================================================

2025-03-24 10:19:51,387 - 启动预测监视线程
2025-03-24 10:19:51,387 - 训练文件路径: D:\my-vue-project\wind-power-forecast\backend\auto_scripts\dataset\dataset_middle\20250324.csv
2025-03-24 10:19:51,388 - 模型存储目录: D:\my-vue-project\wind-power-forecast\backend\auto_scripts\models\middlemodel\20250324
2025-03-24 10:19:51,388 - 训练完成标志文件: D:\my-vue-project\wind-power-forecast\backend\auto_scripts\scripts\middle\logs\auto_pre_train\20250324_train_done.flag
2025-03-24 10:19:51,388 - 开始监视 D:\my-vue-project\wind-power-forecast\backend\auto_scripts\dataset\dataset_middle 文件夹以进行训练...
2025-03-24 10:19:51,388 - 预测数据文件路径: D:\my-vue-project\wind-power-forecast\backend\auto_scripts\precsv\middlecsv\20250324.csv
2025-03-24 10:19:51,388 - 检测到20250324的训练已经执行过 (标志文件: D:\my-vue-project\wind-power-forecast\backend\auto_scripts\scripts\middle\logs\auto_pre_train\20250324_train_done.flag)
2025-03-24 10:19:51,388 - 模型目录: D:\my-vue-project\wind-power-forecast\backend\auto_scripts\models\middlemodel\20250324
2025-03-24 10:19:51,388 - ⚠️ 检测到今天的训练已经执行过，跳过...
2025-03-24 10:19:51,388 - 预测完成标志文件: D:\my-vue-project\wind-power-forecast\backend\auto_scripts\scripts\middle\logs\auto_pre_train\20250324_predict_done.flag
2025-03-24 10:19:51,388 - 检查模型目录: D:\my-vue-project\wind-power-forecast\backend\auto_scripts\models\middlemodel\20250324
2025-03-24 10:19:51,388 - 开始监视 D:\my-vue-project\wind-power-forecast\backend\auto_scripts\precsv\middlecsv 文件夹以进行预测...
2025-03-24 10:19:51,388 - 发现best_models目录: D:\my-vue-project\wind-power-forecast\backend\auto_scripts\models\middlemodel\20250324\best_models
2025-03-24 10:19:51,389 - 检查模型目录: D:\my-vue-project\wind-power-forecast\backend\auto_scripts\models\middlemodel\20250324
2025-03-24 10:19:51,389 - 发现GBDT模型文件: D:\my-vue-project\wind-power-forecast\backend\auto_scripts\models\middlemodel\20250324\best_models\GBDT.joblib
2025-03-24 10:19:51,389 - 发现best_models目录: D:\my-vue-project\wind-power-forecast\backend\auto_scripts\models\middlemodel\20250324\best_models
2025-03-24 10:19:51,389 - ✅ 模型已设置为可用状态
2025-03-24 10:19:51,389 - 发现GBDT模型文件: D:\my-vue-project\wind-power-forecast\backend\auto_scripts\models\middlemodel\20250324\best_models\GBDT.joblib
2025-03-24 10:19:51,389 - ✅ 发现新的预测文件：D:\my-vue-project\wind-power-forecast\backend\auto_scripts\precsv\middlecsv\20250324.csv，执行预测...
2025-03-24 10:19:51,389 - 
============================================================
【风电功率预测开始】
============================================================
2025-03-24 10:19:51,389 - 配置信息:
2025-03-24 10:19:51,389 -   - 数据文件: D:\my-vue-project\wind-power-forecast\backend\auto_scripts\precsv\middlecsv\20250324.csv
2025-03-24 10:19:51,389 -   - 模型目录: D:\my-vue-project\wind-power-forecast\backend\auto_scripts\models\middlemodel\20250324
2025-03-24 10:19:51,389 -   - 窗口大小: 16
2025-03-24 10:19:51,389 -   - 滞后特征数: 4
2025-03-24 10:19:51,389 - 
============================================================
【预处理新数据】
============================================================
2025-03-24 10:19:51,389 - 加载数据文件: D:\my-vue-project\wind-power-forecast\backend\auto_scripts\precsv\middlecsv\20250324.csv
2025-03-24 10:19:51,396 - 数据加载完成，去除缺失值后共 111 条记录
2025-03-24 10:19:51,456 - 数据前5行预览:
         Timestamp    129.128_1    129.128_2  ...  ws200_13   ws200_14   ws200_15
0  2024/4/16 19:30  15974.26563  16293.82813  ...  9.588719  10.699799  12.128573
1  2024/4/16 19:45  15974.26563  16293.82813  ...  9.553943  10.777429  12.265793
2  2024/4/16 20:00  15974.26563  16293.82813  ...  9.541195  10.863499  12.404554
3  2024/4/16 20:15  15974.26563  16293.82813  ...  9.280917  10.585079  12.259521
4  2024/4/16 20:30  15974.26563  16293.82813  ...  9.020693  10.307371  12.115601

[5 rows x 301 columns]
2025-03-24 10:19:51,456 - 预处理数据...
2025-03-24 10:19:51,459 - 预处理完成，特征维度: (111, 304)
2025-03-24 10:19:51,459 - 执行特征工程，滞后特征数: 4...
2025-03-24 10:19:51,490 - 特征工程完成，特征维度: (108, 859)
2025-03-24 10:19:51,491 - 新数据预处理完成，共 108 个样本
2025-03-24 10:19:51,491 - ✅ 发现最佳模型目录: D:\my-vue-project\wind-power-forecast\backend\auto_scripts\models\middlemodel\20250324\best_models，尝试使用多模型加权预测
2025-03-24 10:19:51,491 - 
============================================================
【加载多个模型】
============================================================
2025-03-24 10:19:51,491 - 从目录加载模型和 scaler: D:\my-vue-project\wind-power-forecast\backend\auto_scripts\models\middlemodel\20250324\best_models
2025-03-24 10:19:51,491 - 加载 GBDT 模型和 scaler...
2025-03-24 10:19:51,498 - ✅ 已成功加载 GBDT 模型和对应的 scaler
2025-03-24 10:19:51,498 - 加载 DART 模型和 scaler...
2025-03-24 10:19:51,504 - ✅ 已成功加载 DART 模型和对应的 scaler
2025-03-24 10:19:51,504 - 加载 GOSS 模型和 scaler...
2025-03-24 10:19:51,513 - ✅ 已成功加载 GOSS 模型和对应的 scaler
2025-03-24 10:19:51,513 - 加载完成，共加载了 3 个模型: GBDT, DART, GOSS
2025-03-24 10:19:51,514 - 尝试加载模型权重文件: D:\my-vue-project\wind-power-forecast\backend\auto_scripts\models\middlemodel\20250324\model_weights.joblib
2025-03-24 10:19:51,514 - ✅ 已加载模型权重: {'GBDT': np.float64(0.3378826776996291), 'DART': np.float64(0.18465658902121768), 'GOSS': np.float64(0.0), 'INTERCEPT': np.float64(98.07836551790079)}
2025-03-24 10:19:51,514 - 
============================================================
【使用多模型加权预测】
============================================================
2025-03-24 10:19:51,514 - 使用自定义权重: {'GBDT': np.float64(0.3378826776996291), 'DART': np.float64(0.18465658902121768), 'GOSS': np.float64(0.0), 'INTERCEPT': np.float64(98.07836551790079)}
2025-03-24 10:19:51,514 - 使用 GBDT 模型进行预测 (权重: 0.3379)...
2025-03-24 10:19:51,519 - GBDT: 数据标准化完成
2025-03-24 10:19:51,521 - GBDT: 时间窗口创建完成，窗口数量: 93
2025-03-24 10:19:51,571 - ✅ GBDT 模型预测完成，生成了 93 个预测值
2025-03-24 10:19:51,571 -    统计: 最小值=201.69, 最大值=273.76, 平均值=250.31
2025-03-24 10:19:51,571 - 使用 DART 模型进行预测 (权重: 0.1847)...
2025-03-24 10:19:51,573 - DART: 数据标准化完成
2025-03-24 10:19:51,575 - DART: 时间窗口创建完成，窗口数量: 93
2025-03-24 10:19:51,578 - ✅ DART 模型预测完成，生成了 93 个预测值
2025-03-24 10:19:51,578 -    统计: 最小值=160.99, 最大值=218.68, 平均值=199.97
2025-03-24 10:19:51,578 - ❌ GOSS 模型权重为0，跳过
2025-03-24 10:19:51,579 - 所有预测结果对齐到最小长度: 93
2025-03-24 10:19:51,579 - 开始计算加权平均预测结果...
2025-03-24 10:19:51,579 -   加入 GBDT 模型贡献 (权重: 0.3379)
2025-03-24 10:19:51,579 -   加入 DART 模型贡献 (权重: 0.1847)
2025-03-24 10:19:51,579 -   加入常数偏置项 (值: 98.0784)
2025-03-24 10:19:51,579 - 加权平均预测完成，生成了 93 个预测值
2025-03-24 10:19:51,579 - 加权预测结果统计: 最小值=195.95, 最大值=230.83, 平均值=219.58
2025-03-24 10:19:51,580 - ✅ 多模型加权预测完成，使用模型: GBDT, DART, GOSS
2025-03-24 10:19:51,580 - 
============================================================
【保存预测结果】
============================================================
2025-03-24 10:19:51,580 - 创建输出目录: D:\my-vue-project\wind-power-forecast\backend\auto_scripts\results\middleresult\20250324
2025-03-24 10:19:51,581 - 预测结果数据框创建完成，共 93 行
2025-03-24 10:19:51,582 - ✅ 预测结果已保存到文件: D:\my-vue-project\wind-power-forecast\backend\auto_scripts\results\middleresult\20250324\20250324.csv
2025-03-24 10:19:51,582 - 尝试将预测结果导入数据库...
2025-03-24 10:19:51,583 - 发送HTTP请求到: http://localhost:5000/prediction2database/batch_middle_power
2025-03-24 10:19:53,633 - ❌ 调用数据库接口失败: Expecting value: line 1 column 1 (char 0)
2025-03-24 10:19:53,634 - ✅ 预测结果已保存到: D:\my-vue-project\wind-power-forecast\backend\auto_scripts\results\middleresult\20250324\20250324.csv
2025-03-24 10:19:53,634 - 
============================================================
【风电功率预测完成】
============================================================
2025-03-24 10:19:53,634 - 风电功率预测完成
2025-03-24 10:19:53,642 - 预测完成，已创建标志文件: D:\my-vue-project\wind-power-forecast\backend\auto_scripts\scripts\middle\logs\auto_pre_train\20250324_predict_done.flag
2025-03-24 10:19:53,642 - ✅ 预测执行完成
2025-03-24 10:19:53,642 - 
================================================================================
2025-03-24 10:19:53,642 - >>> 系统任务完成 <<<
2025-03-24 10:19:53,643 - ================================================================================

2025-03-24 10:19:53,643 - 系统任务完成
2025-03-24 10:19:53,643 - 今天的训练和预测任务已完成。
