2025-04-01 21:57:57,543 - 
================================================================================
2025-04-01 21:57:57,544 - >>> 自动训练预测系统启动 <<<
2025-04-01 21:57:57,544 - ================================================================================

2025-04-01 21:57:57,544 - 自动训练预测系统启动
2025-04-01 21:57:57,544 - 今天的日期是: 20250401
2025-04-01 21:57:57,544 - 创建监视线程...
2025-04-01 21:57:57,544 - 启动训练线程...
2025-04-01 21:57:57,545 - 启动预测线程...
2025-04-01 21:57:57,545 - 
================================================================================
2025-04-01 21:57:57,545 - >>> 启动训练监视线程 <<<
2025-04-01 21:57:57,545 - ================================================================================

2025-04-01 21:57:57,545 - 等待线程完成...
2025-04-01 21:57:57,545 - 
================================================================================
2025-04-01 21:57:57,545 - 启动训练监视线程
2025-04-01 21:57:57,546 - >>> 启动预测监视线程 <<<
2025-04-01 21:57:57,546 - ================================================================================

2025-04-01 21:57:57,546 - 启动预测监视线程
2025-04-01 21:57:57,546 - 预测数据文件路径: D:\my-vue-project\wind-power-forecast\backend\auto_scripts\precsv\middlecsv\20250401.csv
2025-04-01 21:57:57,546 - 模型目录: D:\my-vue-project\wind-power-forecast\backend\auto_scripts\models\middlemodel\20250401
2025-04-01 21:57:57,546 - 预测完成标志文件: D:\my-vue-project\wind-power-forecast\backend\auto_scripts\scripts\middle\logs\auto_pre_train\20250401_predict_done.flag
2025-04-01 21:57:57,546 - 训练文件路径: D:\my-vue-project\wind-power-forecast\backend\auto_scripts\dataset\dataset_middle\20250401.csv
2025-04-01 21:57:57,546 - 开始监视 D:\my-vue-project\wind-power-forecast\backend\auto_scripts\precsv\middlecsv 文件夹以进行预测...
2025-04-01 21:57:57,547 - 模型存储目录: D:\my-vue-project\wind-power-forecast\backend\auto_scripts\models\middlemodel\20250401
2025-04-01 21:57:57,547 - 训练完成标志文件: D:\my-vue-project\wind-power-forecast\backend\auto_scripts\scripts\middle\logs\auto_pre_train\20250401_train_done.flag
2025-04-01 21:57:57,547 - 开始监视 D:\my-vue-project\wind-power-forecast\backend\auto_scripts\dataset\dataset_middle 文件夹以进行训练...
2025-04-01 21:57:57,547 - 检查模型目录: D:\my-vue-project\wind-power-forecast\backend\auto_scripts\models\middlemodel\20250401
2025-04-01 21:57:57,547 - ❌ 未找到训练 CSV 文件: D:\my-vue-project\wind-power-forecast\backend\auto_scripts\dataset\dataset_middle\20250401.csv，等待 30 秒后重试...
2025-04-01 21:57:57,547 - 未找到best_models目录，检查传统模型文件
2025-04-01 21:57:57,547 - 未找到任何可用模型文件
2025-04-01 21:57:57,547 - ⏳ 未有可用模型，等待模型训练完成...
2025-04-01 21:58:27,563 - 检查模型目录: D:\my-vue-project\wind-power-forecast\backend\auto_scripts\models\middlemodel\20250401
2025-04-01 21:58:27,563 - ❌ 未找到训练 CSV 文件: D:\my-vue-project\wind-power-forecast\backend\auto_scripts\dataset\dataset_middle\20250401.csv，等待 30 秒后重试...
2025-04-01 21:58:27,563 - 未找到best_models目录，检查传统模型文件
2025-04-01 21:58:27,563 - 未找到任何可用模型文件
2025-04-01 21:58:27,563 - ⏳ 未有可用模型，等待模型训练完成...
2025-04-01 21:58:57,577 - 检查模型目录: D:\my-vue-project\wind-power-forecast\backend\auto_scripts\models\middlemodel\20250401
2025-04-01 21:58:57,578 - ❌ 未找到训练 CSV 文件: D:\my-vue-project\wind-power-forecast\backend\auto_scripts\dataset\dataset_middle\20250401.csv，等待 30 秒后重试...
2025-04-01 21:58:57,578 - 未找到best_models目录，检查传统模型文件
2025-04-01 21:58:57,580 - 未找到任何可用模型文件
2025-04-01 21:58:57,581 - ⏳ 未有可用模型，等待模型训练完成...
2025-04-01 21:59:27,588 - 检查模型目录: D:\my-vue-project\wind-power-forecast\backend\auto_scripts\models\middlemodel\20250401
2025-04-01 21:59:27,588 - ❌ 未找到训练 CSV 文件: D:\my-vue-project\wind-power-forecast\backend\auto_scripts\dataset\dataset_middle\20250401.csv，等待 30 秒后重试...
2025-04-01 21:59:27,588 - 未找到best_models目录，检查传统模型文件
2025-04-01 21:59:27,588 - 未找到任何可用模型文件
2025-04-01 21:59:27,589 - ⏳ 未有可用模型，等待模型训练完成...
2025-04-01 21:59:57,596 - 检查模型目录: D:\my-vue-project\wind-power-forecast\backend\auto_scripts\models\middlemodel\20250401
2025-04-01 21:59:57,596 - ❌ 未找到训练 CSV 文件: D:\my-vue-project\wind-power-forecast\backend\auto_scripts\dataset\dataset_middle\20250401.csv，等待 30 秒后重试...
2025-04-01 21:59:57,597 - 未找到best_models目录，检查传统模型文件
2025-04-01 21:59:57,597 - 未找到任何可用模型文件
2025-04-01 21:59:57,597 - ⏳ 未有可用模型，等待模型训练完成...
2025-04-01 22:00:27,600 - 检查模型目录: D:\my-vue-project\wind-power-forecast\backend\auto_scripts\models\middlemodel\20250401
2025-04-01 22:00:27,600 - ❌ 未找到训练 CSV 文件: D:\my-vue-project\wind-power-forecast\backend\auto_scripts\dataset\dataset_middle\20250401.csv，等待 30 秒后重试...
2025-04-01 22:00:27,600 - 未找到best_models目录，检查传统模型文件
2025-04-01 22:00:27,600 - 未找到任何可用模型文件
2025-04-01 22:00:27,600 - ⏳ 未有可用模型，等待模型训练完成...
2025-04-01 22:00:57,615 - 检查模型目录: D:\my-vue-project\wind-power-forecast\backend\auto_scripts\models\middlemodel\20250401
2025-04-01 22:00:57,615 - ❌ 未找到训练 CSV 文件: D:\my-vue-project\wind-power-forecast\backend\auto_scripts\dataset\dataset_middle\20250401.csv，等待 30 秒后重试...
2025-04-01 22:00:57,615 - 未找到best_models目录，检查传统模型文件
2025-04-01 22:00:57,615 - 未找到任何可用模型文件
2025-04-01 22:00:57,616 - ⏳ 未有可用模型，等待模型训练完成...
2025-04-01 22:01:27,618 - 检查模型目录: D:\my-vue-project\wind-power-forecast\backend\auto_scripts\models\middlemodel\20250401
2025-04-01 22:01:27,619 - ❌ 未找到训练 CSV 文件: D:\my-vue-project\wind-power-forecast\backend\auto_scripts\dataset\dataset_middle\20250401.csv，等待 30 秒后重试...
2025-04-01 22:01:27,619 - 未找到best_models目录，检查传统模型文件
2025-04-01 22:01:27,620 - 未找到任何可用模型文件
2025-04-01 22:01:27,620 - ⏳ 未有可用模型，等待模型训练完成...
2025-04-01 22:01:57,630 - 检查模型目录: D:\my-vue-project\wind-power-forecast\backend\auto_scripts\models\middlemodel\20250401
2025-04-01 22:01:57,630 - 未找到best_models目录，检查传统模型文件
2025-04-01 22:01:57,630 - ❌ 未找到训练 CSV 文件: D:\my-vue-project\wind-power-forecast\backend\auto_scripts\dataset\dataset_middle\20250401.csv，等待 30 秒后重试...
2025-04-01 22:01:57,630 - 未找到任何可用模型文件
2025-04-01 22:01:57,630 - ⏳ 未有可用模型，等待模型训练完成...
2025-04-01 22:02:27,646 - 检查模型目录: D:\my-vue-project\wind-power-forecast\backend\auto_scripts\models\middlemodel\20250401
2025-04-01 22:02:27,646 - ❌ 未找到训练 CSV 文件: D:\my-vue-project\wind-power-forecast\backend\auto_scripts\dataset\dataset_middle\20250401.csv，等待 30 秒后重试...
2025-04-01 22:02:27,646 - 未找到best_models目录，检查传统模型文件
2025-04-01 22:02:27,646 - 未找到任何可用模型文件
2025-04-01 22:02:27,646 - ⏳ 未有可用模型，等待模型训练完成...
2025-04-01 22:02:57,653 - 检查模型目录: D:\my-vue-project\wind-power-forecast\backend\auto_scripts\models\middlemodel\20250401
2025-04-01 22:02:57,653 - ❌ 未找到训练 CSV 文件: D:\my-vue-project\wind-power-forecast\backend\auto_scripts\dataset\dataset_middle\20250401.csv，等待 30 秒后重试...
2025-04-01 22:02:57,654 - 未找到best_models目录，检查传统模型文件
2025-04-01 22:02:57,654 - 未找到任何可用模型文件
2025-04-01 22:02:57,654 - ⏳ 未有可用模型，等待模型训练完成...
2025-04-01 22:03:27,669 - 检查模型目录: D:\my-vue-project\wind-power-forecast\backend\auto_scripts\models\middlemodel\20250401
2025-04-01 22:03:27,670 - ❌ 未找到训练 CSV 文件: D:\my-vue-project\wind-power-forecast\backend\auto_scripts\dataset\dataset_middle\20250401.csv，等待 30 秒后重试...
2025-04-01 22:03:27,672 - 未找到best_models目录，检查传统模型文件
2025-04-01 22:03:27,673 - 未找到任何可用模型文件
2025-04-01 22:03:27,674 - ⏳ 未有可用模型，等待模型训练完成...
2025-04-01 22:03:57,674 - ❌ 未找到训练 CSV 文件: D:\my-vue-project\wind-power-forecast\backend\auto_scripts\dataset\dataset_middle\20250401.csv，等待 30 秒后重试...
2025-04-01 22:03:57,690 - 检查模型目录: D:\my-vue-project\wind-power-forecast\backend\auto_scripts\models\middlemodel\20250401
2025-04-01 22:03:57,690 - 未找到best_models目录，检查传统模型文件
2025-04-01 22:03:57,690 - 未找到任何可用模型文件
2025-04-01 22:03:57,690 - ⏳ 未有可用模型，等待模型训练完成...
2025-04-01 22:04:27,684 - ❌ 未找到训练 CSV 文件: D:\my-vue-project\wind-power-forecast\backend\auto_scripts\dataset\dataset_middle\20250401.csv，等待 30 秒后重试...
2025-04-01 22:04:27,700 - 检查模型目录: D:\my-vue-project\wind-power-forecast\backend\auto_scripts\models\middlemodel\20250401
2025-04-01 22:04:27,701 - 未找到best_models目录，检查传统模型文件
2025-04-01 22:04:27,702 - 未找到任何可用模型文件
2025-04-01 22:04:27,702 - ⏳ 未有可用模型，等待模型训练完成...
2025-04-01 22:04:57,689 - ❌ 未找到训练 CSV 文件: D:\my-vue-project\wind-power-forecast\backend\auto_scripts\dataset\dataset_middle\20250401.csv，等待 30 秒后重试...
2025-04-01 22:04:57,705 - 检查模型目录: D:\my-vue-project\wind-power-forecast\backend\auto_scripts\models\middlemodel\20250401
2025-04-01 22:04:57,706 - 未找到best_models目录，检查传统模型文件
2025-04-01 22:04:57,707 - 未找到任何可用模型文件
2025-04-01 22:04:57,708 - ⏳ 未有可用模型，等待模型训练完成...
2025-04-01 22:05:27,702 - ❌ 未找到训练 CSV 文件: D:\my-vue-project\wind-power-forecast\backend\auto_scripts\dataset\dataset_middle\20250401.csv，等待 30 秒后重试...
2025-04-01 22:05:27,718 - 检查模型目录: D:\my-vue-project\wind-power-forecast\backend\auto_scripts\models\middlemodel\20250401
2025-04-01 22:05:27,718 - 未找到best_models目录，检查传统模型文件
2025-04-01 22:05:27,719 - 未找到任何可用模型文件
2025-04-01 22:05:27,719 - ⏳ 未有可用模型，等待模型训练完成...
2025-04-01 22:05:57,717 - ❌ 未找到训练 CSV 文件: D:\my-vue-project\wind-power-forecast\backend\auto_scripts\dataset\dataset_middle\20250401.csv，等待 30 秒后重试...
2025-04-01 22:05:57,733 - 检查模型目录: D:\my-vue-project\wind-power-forecast\backend\auto_scripts\models\middlemodel\20250401
2025-04-01 22:05:57,733 - 未找到best_models目录，检查传统模型文件
2025-04-01 22:05:57,733 - 未找到任何可用模型文件
2025-04-01 22:05:57,733 - ⏳ 未有可用模型，等待模型训练完成...
2025-04-01 22:06:27,730 - ❌ 未找到训练 CSV 文件: D:\my-vue-project\wind-power-forecast\backend\auto_scripts\dataset\dataset_middle\20250401.csv，等待 30 秒后重试...
2025-04-01 22:06:27,745 - 检查模型目录: D:\my-vue-project\wind-power-forecast\backend\auto_scripts\models\middlemodel\20250401
2025-04-01 22:06:27,745 - 未找到best_models目录，检查传统模型文件
2025-04-01 22:06:27,745 - 未找到任何可用模型文件
2025-04-01 22:06:27,745 - ⏳ 未有可用模型，等待模型训练完成...
2025-04-01 22:06:57,740 - ❌ 未找到训练 CSV 文件: D:\my-vue-project\wind-power-forecast\backend\auto_scripts\dataset\dataset_middle\20250401.csv，等待 30 秒后重试...
2025-04-01 22:06:57,756 - 检查模型目录: D:\my-vue-project\wind-power-forecast\backend\auto_scripts\models\middlemodel\20250401
2025-04-01 22:06:57,756 - 未找到best_models目录，检查传统模型文件
2025-04-01 22:06:57,756 - 未找到任何可用模型文件
2025-04-01 22:06:57,756 - ⏳ 未有可用模型，等待模型训练完成...
2025-04-01 22:07:27,754 - ❌ 未找到训练 CSV 文件: D:\my-vue-project\wind-power-forecast\backend\auto_scripts\dataset\dataset_middle\20250401.csv，等待 30 秒后重试...
2025-04-01 22:07:27,770 - 检查模型目录: D:\my-vue-project\wind-power-forecast\backend\auto_scripts\models\middlemodel\20250401
2025-04-01 22:07:27,770 - 未找到best_models目录，检查传统模型文件
2025-04-01 22:07:27,770 - 未找到任何可用模型文件
2025-04-01 22:07:27,770 - ⏳ 未有可用模型，等待模型训练完成...
2025-04-01 22:07:57,767 - ❌ 未找到训练 CSV 文件: D:\my-vue-project\wind-power-forecast\backend\auto_scripts\dataset\dataset_middle\20250401.csv，等待 30 秒后重试...
2025-04-01 22:07:57,782 - 检查模型目录: D:\my-vue-project\wind-power-forecast\backend\auto_scripts\models\middlemodel\20250401
2025-04-01 22:07:57,782 - 未找到best_models目录，检查传统模型文件
2025-04-01 22:07:57,782 - 未找到任何可用模型文件
2025-04-01 22:07:57,782 - ⏳ 未有可用模型，等待模型训练完成...
2025-04-01 22:08:27,771 - ❌ 未找到训练 CSV 文件: D:\my-vue-project\wind-power-forecast\backend\auto_scripts\dataset\dataset_middle\20250401.csv，等待 30 秒后重试...
2025-04-01 22:08:27,787 - 检查模型目录: D:\my-vue-project\wind-power-forecast\backend\auto_scripts\models\middlemodel\20250401
2025-04-01 22:08:27,788 - 未找到best_models目录，检查传统模型文件
2025-04-01 22:08:27,789 - 未找到任何可用模型文件
2025-04-01 22:08:27,790 - ⏳ 未有可用模型，等待模型训练完成...
2025-04-01 22:08:57,780 - ❌ 未找到训练 CSV 文件: D:\my-vue-project\wind-power-forecast\backend\auto_scripts\dataset\dataset_middle\20250401.csv，等待 30 秒后重试...
2025-04-01 22:08:57,796 - 检查模型目录: D:\my-vue-project\wind-power-forecast\backend\auto_scripts\models\middlemodel\20250401
2025-04-01 22:08:57,796 - 未找到best_models目录，检查传统模型文件
2025-04-01 22:08:57,796 - 未找到任何可用模型文件
2025-04-01 22:08:57,796 - ⏳ 未有可用模型，等待模型训练完成...
2025-04-01 22:09:27,792 - ❌ 未找到训练 CSV 文件: D:\my-vue-project\wind-power-forecast\backend\auto_scripts\dataset\dataset_middle\20250401.csv，等待 30 秒后重试...
2025-04-01 22:09:27,808 - 检查模型目录: D:\my-vue-project\wind-power-forecast\backend\auto_scripts\models\middlemodel\20250401
2025-04-01 22:09:27,808 - 未找到best_models目录，检查传统模型文件
2025-04-01 22:09:27,808 - 未找到任何可用模型文件
2025-04-01 22:09:27,808 - ⏳ 未有可用模型，等待模型训练完成...
2025-04-01 22:09:57,796 - ❌ 未找到训练 CSV 文件: D:\my-vue-project\wind-power-forecast\backend\auto_scripts\dataset\dataset_middle\20250401.csv，等待 30 秒后重试...
2025-04-01 22:09:57,812 - 检查模型目录: D:\my-vue-project\wind-power-forecast\backend\auto_scripts\models\middlemodel\20250401
2025-04-01 22:09:57,812 - 未找到best_models目录，检查传统模型文件
2025-04-01 22:09:57,812 - 未找到任何可用模型文件
2025-04-01 22:09:57,812 - ⏳ 未有可用模型，等待模型训练完成...
2025-04-01 22:10:27,801 - ❌ 未找到训练 CSV 文件: D:\my-vue-project\wind-power-forecast\backend\auto_scripts\dataset\dataset_middle\20250401.csv，等待 30 秒后重试...
2025-04-01 22:10:27,817 - 检查模型目录: D:\my-vue-project\wind-power-forecast\backend\auto_scripts\models\middlemodel\20250401
2025-04-01 22:10:27,817 - 未找到best_models目录，检查传统模型文件
2025-04-01 22:10:27,817 - 未找到任何可用模型文件
2025-04-01 22:10:27,817 - ⏳ 未有可用模型，等待模型训练完成...
2025-04-01 22:10:57,804 - ❌ 未找到训练 CSV 文件: D:\my-vue-project\wind-power-forecast\backend\auto_scripts\dataset\dataset_middle\20250401.csv，等待 30 秒后重试...
2025-04-01 22:10:57,819 - 检查模型目录: D:\my-vue-project\wind-power-forecast\backend\auto_scripts\models\middlemodel\20250401
2025-04-01 22:10:57,820 - 未找到best_models目录，检查传统模型文件
2025-04-01 22:10:57,820 - 未找到任何可用模型文件
2025-04-01 22:10:57,821 - ⏳ 未有可用模型，等待模型训练完成...
2025-04-01 22:11:27,812 - ❌ 未找到训练 CSV 文件: D:\my-vue-project\wind-power-forecast\backend\auto_scripts\dataset\dataset_middle\20250401.csv，等待 30 秒后重试...
2025-04-01 22:11:27,827 - 检查模型目录: D:\my-vue-project\wind-power-forecast\backend\auto_scripts\models\middlemodel\20250401
2025-04-01 22:11:27,827 - 未找到best_models目录，检查传统模型文件
2025-04-01 22:11:27,828 - 未找到任何可用模型文件
2025-04-01 22:11:27,828 - ⏳ 未有可用模型，等待模型训练完成...
2025-04-01 22:11:57,826 - ❌ 未找到训练 CSV 文件: D:\my-vue-project\wind-power-forecast\backend\auto_scripts\dataset\dataset_middle\20250401.csv，等待 30 秒后重试...
2025-04-01 22:11:57,841 - 检查模型目录: D:\my-vue-project\wind-power-forecast\backend\auto_scripts\models\middlemodel\20250401
2025-04-01 22:11:57,842 - 未找到best_models目录，检查传统模型文件
2025-04-01 22:11:57,843 - 未找到任何可用模型文件
2025-04-01 22:11:57,843 - ⏳ 未有可用模型，等待模型训练完成...
2025-04-01 22:12:27,833 - ❌ 未找到训练 CSV 文件: D:\my-vue-project\wind-power-forecast\backend\auto_scripts\dataset\dataset_middle\20250401.csv，等待 30 秒后重试...
2025-04-01 22:12:27,848 - 检查模型目录: D:\my-vue-project\wind-power-forecast\backend\auto_scripts\models\middlemodel\20250401
2025-04-01 22:12:27,848 - 未找到best_models目录，检查传统模型文件
2025-04-01 22:12:27,848 - 未找到任何可用模型文件
2025-04-01 22:12:27,848 - ⏳ 未有可用模型，等待模型训练完成...
2025-04-01 22:12:57,845 - ❌ 未找到训练 CSV 文件: D:\my-vue-project\wind-power-forecast\backend\auto_scripts\dataset\dataset_middle\20250401.csv，等待 30 秒后重试...
2025-04-01 22:12:57,859 - 检查模型目录: D:\my-vue-project\wind-power-forecast\backend\auto_scripts\models\middlemodel\20250401
2025-04-01 22:12:57,860 - 未找到best_models目录，检查传统模型文件
2025-04-01 22:12:57,861 - 未找到任何可用模型文件
2025-04-01 22:12:57,861 - ⏳ 未有可用模型，等待模型训练完成...
2025-04-01 22:13:27,849 - ❌ 未找到训练 CSV 文件: D:\my-vue-project\wind-power-forecast\backend\auto_scripts\dataset\dataset_middle\20250401.csv，等待 30 秒后重试...
2025-04-01 22:13:27,864 - 检查模型目录: D:\my-vue-project\wind-power-forecast\backend\auto_scripts\models\middlemodel\20250401
2025-04-01 22:13:27,866 - 未找到best_models目录，检查传统模型文件
2025-04-01 22:13:27,867 - 未找到任何可用模型文件
2025-04-01 22:13:27,868 - ⏳ 未有可用模型，等待模型训练完成...
2025-04-01 22:13:57,866 - ❌ 未找到训练 CSV 文件: D:\my-vue-project\wind-power-forecast\backend\auto_scripts\dataset\dataset_middle\20250401.csv，等待 30 秒后重试...
2025-04-01 22:13:57,882 - 检查模型目录: D:\my-vue-project\wind-power-forecast\backend\auto_scripts\models\middlemodel\20250401
2025-04-01 22:13:57,883 - 未找到best_models目录，检查传统模型文件
2025-04-01 22:13:57,884 - 未找到任何可用模型文件
2025-04-01 22:13:57,885 - ⏳ 未有可用模型，等待模型训练完成...
2025-04-01 22:14:27,872 - ❌ 未找到训练 CSV 文件: D:\my-vue-project\wind-power-forecast\backend\auto_scripts\dataset\dataset_middle\20250401.csv，等待 30 秒后重试...
2025-04-01 22:14:27,888 - 检查模型目录: D:\my-vue-project\wind-power-forecast\backend\auto_scripts\models\middlemodel\20250401
2025-04-01 22:14:27,889 - 未找到best_models目录，检查传统模型文件
2025-04-01 22:14:27,890 - 未找到任何可用模型文件
2025-04-01 22:14:27,891 - ⏳ 未有可用模型，等待模型训练完成...
2025-04-01 22:14:57,885 - ❌ 未找到训练 CSV 文件: D:\my-vue-project\wind-power-forecast\backend\auto_scripts\dataset\dataset_middle\20250401.csv，等待 30 秒后重试...
2025-04-01 22:14:57,901 - 检查模型目录: D:\my-vue-project\wind-power-forecast\backend\auto_scripts\models\middlemodel\20250401
2025-04-01 22:14:57,901 - 未找到best_models目录，检查传统模型文件
2025-04-01 22:14:57,901 - 未找到任何可用模型文件
2025-04-01 22:14:57,901 - ⏳ 未有可用模型，等待模型训练完成...
2025-04-01 22:15:27,902 - ❌ 未找到训练 CSV 文件: D:\my-vue-project\wind-power-forecast\backend\auto_scripts\dataset\dataset_middle\20250401.csv，等待 30 秒后重试...
2025-04-01 22:15:27,917 - 检查模型目录: D:\my-vue-project\wind-power-forecast\backend\auto_scripts\models\middlemodel\20250401
2025-04-01 22:15:27,918 - 未找到best_models目录，检查传统模型文件
2025-04-01 22:15:27,919 - 未找到任何可用模型文件
2025-04-01 22:15:27,919 - ⏳ 未有可用模型，等待模型训练完成...
2025-04-01 22:15:57,919 - ❌ 未找到训练 CSV 文件: D:\my-vue-project\wind-power-forecast\backend\auto_scripts\dataset\dataset_middle\20250401.csv，等待 30 秒后重试...
2025-04-01 22:15:57,935 - 检查模型目录: D:\my-vue-project\wind-power-forecast\backend\auto_scripts\models\middlemodel\20250401
2025-04-01 22:15:57,935 - 未找到best_models目录，检查传统模型文件
2025-04-01 22:15:57,935 - 未找到任何可用模型文件
2025-04-01 22:15:57,935 - ⏳ 未有可用模型，等待模型训练完成...
2025-04-01 22:16:27,921 - ❌ 未找到训练 CSV 文件: D:\my-vue-project\wind-power-forecast\backend\auto_scripts\dataset\dataset_middle\20250401.csv，等待 30 秒后重试...
2025-04-01 22:16:27,951 - 检查模型目录: D:\my-vue-project\wind-power-forecast\backend\auto_scripts\models\middlemodel\20250401
2025-04-01 22:16:27,951 - 未找到best_models目录，检查传统模型文件
2025-04-01 22:16:27,951 - 未找到任何可用模型文件
2025-04-01 22:16:27,951 - ⏳ 未有可用模型，等待模型训练完成...
2025-04-01 22:16:57,928 - ❌ 未找到训练 CSV 文件: D:\my-vue-project\wind-power-forecast\backend\auto_scripts\dataset\dataset_middle\20250401.csv，等待 30 秒后重试...
2025-04-01 22:16:57,958 - 检查模型目录: D:\my-vue-project\wind-power-forecast\backend\auto_scripts\models\middlemodel\20250401
2025-04-01 22:16:57,959 - 未找到best_models目录，检查传统模型文件
2025-04-01 22:16:57,959 - 未找到任何可用模型文件
2025-04-01 22:16:57,960 - ⏳ 未有可用模型，等待模型训练完成...
2025-04-01 22:17:27,934 - ❌ 未找到训练 CSV 文件: D:\my-vue-project\wind-power-forecast\backend\auto_scripts\dataset\dataset_middle\20250401.csv，等待 30 秒后重试...
2025-04-01 22:17:27,966 - 检查模型目录: D:\my-vue-project\wind-power-forecast\backend\auto_scripts\models\middlemodel\20250401
2025-04-01 22:17:27,967 - 未找到best_models目录，检查传统模型文件
2025-04-01 22:17:27,967 - 未找到任何可用模型文件
2025-04-01 22:17:27,967 - ⏳ 未有可用模型，等待模型训练完成...
2025-04-01 22:17:57,939 - ❌ 未找到训练 CSV 文件: D:\my-vue-project\wind-power-forecast\backend\auto_scripts\dataset\dataset_middle\20250401.csv，等待 30 秒后重试...
2025-04-01 22:17:57,970 - 检查模型目录: D:\my-vue-project\wind-power-forecast\backend\auto_scripts\models\middlemodel\20250401
2025-04-01 22:17:57,970 - 未找到best_models目录，检查传统模型文件
2025-04-01 22:17:57,970 - 未找到任何可用模型文件
2025-04-01 22:17:57,970 - ⏳ 未有可用模型，等待模型训练完成...
2025-04-01 22:18:27,941 - ❌ 未找到训练 CSV 文件: D:\my-vue-project\wind-power-forecast\backend\auto_scripts\dataset\dataset_middle\20250401.csv，等待 30 秒后重试...
2025-04-01 22:18:27,972 - 检查模型目录: D:\my-vue-project\wind-power-forecast\backend\auto_scripts\models\middlemodel\20250401
2025-04-01 22:18:27,972 - 未找到best_models目录，检查传统模型文件
2025-04-01 22:18:27,972 - 未找到任何可用模型文件
2025-04-01 22:18:27,973 - ⏳ 未有可用模型，等待模型训练完成...
2025-04-01 22:18:57,948 - ❌ 未找到训练 CSV 文件: D:\my-vue-project\wind-power-forecast\backend\auto_scripts\dataset\dataset_middle\20250401.csv，等待 30 秒后重试...
2025-04-01 22:18:57,979 - 检查模型目录: D:\my-vue-project\wind-power-forecast\backend\auto_scripts\models\middlemodel\20250401
2025-04-01 22:18:57,980 - 未找到best_models目录，检查传统模型文件
2025-04-01 22:18:57,981 - 未找到任何可用模型文件
2025-04-01 22:18:57,982 - ⏳ 未有可用模型，等待模型训练完成...
2025-04-01 22:19:27,955 - ❌ 未找到训练 CSV 文件: D:\my-vue-project\wind-power-forecast\backend\auto_scripts\dataset\dataset_middle\20250401.csv，等待 30 秒后重试...
2025-04-01 22:19:27,987 - 检查模型目录: D:\my-vue-project\wind-power-forecast\backend\auto_scripts\models\middlemodel\20250401
2025-04-01 22:19:27,988 - 未找到best_models目录，检查传统模型文件
2025-04-01 22:19:27,988 - 未找到任何可用模型文件
2025-04-01 22:19:27,989 - ⏳ 未有可用模型，等待模型训练完成...
2025-04-01 22:19:57,971 - ❌ 未找到训练 CSV 文件: D:\my-vue-project\wind-power-forecast\backend\auto_scripts\dataset\dataset_middle\20250401.csv，等待 30 秒后重试...
2025-04-01 22:19:58,001 - 检查模型目录: D:\my-vue-project\wind-power-forecast\backend\auto_scripts\models\middlemodel\20250401
2025-04-01 22:19:58,001 - 未找到best_models目录，检查传统模型文件
2025-04-01 22:19:58,001 - 未找到任何可用模型文件
2025-04-01 22:19:58,001 - ⏳ 未有可用模型，等待模型训练完成...
2025-04-01 22:20:27,982 - ❌ 未找到训练 CSV 文件: D:\my-vue-project\wind-power-forecast\backend\auto_scripts\dataset\dataset_middle\20250401.csv，等待 30 秒后重试...
2025-04-01 22:20:28,012 - 检查模型目录: D:\my-vue-project\wind-power-forecast\backend\auto_scripts\models\middlemodel\20250401
2025-04-01 22:20:28,012 - 未找到best_models目录，检查传统模型文件
2025-04-01 22:20:28,012 - 未找到任何可用模型文件
2025-04-01 22:20:28,012 - ⏳ 未有可用模型，等待模型训练完成...
2025-04-01 22:20:57,996 - ❌ 未找到训练 CSV 文件: D:\my-vue-project\wind-power-forecast\backend\auto_scripts\dataset\dataset_middle\20250401.csv，等待 30 秒后重试...
2025-04-01 22:20:58,026 - 检查模型目录: D:\my-vue-project\wind-power-forecast\backend\auto_scripts\models\middlemodel\20250401
2025-04-01 22:20:58,026 - 未找到best_models目录，检查传统模型文件
2025-04-01 22:20:58,027 - 未找到任何可用模型文件
2025-04-01 22:20:58,027 - ⏳ 未有可用模型，等待模型训练完成...
2025-04-01 22:21:28,001 - ❌ 未找到训练 CSV 文件: D:\my-vue-project\wind-power-forecast\backend\auto_scripts\dataset\dataset_middle\20250401.csv，等待 30 秒后重试...
2025-04-01 22:21:28,031 - 检查模型目录: D:\my-vue-project\wind-power-forecast\backend\auto_scripts\models\middlemodel\20250401
2025-04-01 22:21:28,031 - 未找到best_models目录，检查传统模型文件
2025-04-01 22:21:28,031 - 未找到任何可用模型文件
2025-04-01 22:21:28,031 - ⏳ 未有可用模型，等待模型训练完成...
2025-04-01 22:21:58,013 - ❌ 未找到训练 CSV 文件: D:\my-vue-project\wind-power-forecast\backend\auto_scripts\dataset\dataset_middle\20250401.csv，等待 30 秒后重试...
2025-04-01 22:21:58,045 - 检查模型目录: D:\my-vue-project\wind-power-forecast\backend\auto_scripts\models\middlemodel\20250401
2025-04-01 22:21:58,046 - 未找到best_models目录，检查传统模型文件
2025-04-01 22:21:58,047 - 未找到任何可用模型文件
2025-04-01 22:21:58,047 - ⏳ 未有可用模型，等待模型训练完成...
2025-04-01 22:22:28,019 - ❌ 未找到训练 CSV 文件: D:\my-vue-project\wind-power-forecast\backend\auto_scripts\dataset\dataset_middle\20250401.csv，等待 30 秒后重试...
2025-04-01 22:22:28,050 - 检查模型目录: D:\my-vue-project\wind-power-forecast\backend\auto_scripts\models\middlemodel\20250401
2025-04-01 22:22:28,050 - 未找到best_models目录，检查传统模型文件
2025-04-01 22:22:28,051 - 未找到任何可用模型文件
2025-04-01 22:22:28,051 - ⏳ 未有可用模型，等待模型训练完成...
2025-04-01 22:22:58,033 - ❌ 未找到训练 CSV 文件: D:\my-vue-project\wind-power-forecast\backend\auto_scripts\dataset\dataset_middle\20250401.csv，等待 30 秒后重试...
2025-04-01 22:22:58,065 - 检查模型目录: D:\my-vue-project\wind-power-forecast\backend\auto_scripts\models\middlemodel\20250401
2025-04-01 22:22:58,065 - 未找到best_models目录，检查传统模型文件
2025-04-01 22:22:58,065 - 未找到任何可用模型文件
2025-04-01 22:22:58,065 - ⏳ 未有可用模型，等待模型训练完成...
2025-04-01 22:23:28,046 - ❌ 未找到训练 CSV 文件: D:\my-vue-project\wind-power-forecast\backend\auto_scripts\dataset\dataset_middle\20250401.csv，等待 30 秒后重试...
2025-04-01 22:23:28,077 - 检查模型目录: D:\my-vue-project\wind-power-forecast\backend\auto_scripts\models\middlemodel\20250401
2025-04-01 22:23:28,078 - 未找到best_models目录，检查传统模型文件
2025-04-01 22:23:28,079 - 未找到任何可用模型文件
2025-04-01 22:23:28,080 - ⏳ 未有可用模型，等待模型训练完成...
2025-04-01 22:23:58,053 - ❌ 未找到训练 CSV 文件: D:\my-vue-project\wind-power-forecast\backend\auto_scripts\dataset\dataset_middle\20250401.csv，等待 30 秒后重试...
2025-04-01 22:23:58,084 - 检查模型目录: D:\my-vue-project\wind-power-forecast\backend\auto_scripts\models\middlemodel\20250401
2025-04-01 22:23:58,084 - 未找到best_models目录，检查传统模型文件
2025-04-01 22:23:58,084 - 未找到任何可用模型文件
2025-04-01 22:23:58,084 - ⏳ 未有可用模型，等待模型训练完成...
2025-04-01 22:24:28,059 - ❌ 未找到训练 CSV 文件: D:\my-vue-project\wind-power-forecast\backend\auto_scripts\dataset\dataset_middle\20250401.csv，等待 30 秒后重试...
2025-04-01 22:24:28,091 - 检查模型目录: D:\my-vue-project\wind-power-forecast\backend\auto_scripts\models\middlemodel\20250401
2025-04-01 22:24:28,091 - 未找到best_models目录，检查传统模型文件
2025-04-01 22:24:28,092 - 未找到任何可用模型文件
2025-04-01 22:24:28,092 - ⏳ 未有可用模型，等待模型训练完成...
2025-04-01 22:24:58,073 - ❌ 未找到训练 CSV 文件: D:\my-vue-project\wind-power-forecast\backend\auto_scripts\dataset\dataset_middle\20250401.csv，等待 30 秒后重试...
2025-04-01 22:24:58,103 - 检查模型目录: D:\my-vue-project\wind-power-forecast\backend\auto_scripts\models\middlemodel\20250401
2025-04-01 22:24:58,103 - 未找到best_models目录，检查传统模型文件
2025-04-01 22:24:58,103 - 未找到任何可用模型文件
2025-04-01 22:24:58,103 - ⏳ 未有可用模型，等待模型训练完成...
2025-04-01 22:25:28,088 - ❌ 未找到训练 CSV 文件: D:\my-vue-project\wind-power-forecast\backend\auto_scripts\dataset\dataset_middle\20250401.csv，等待 30 秒后重试...
2025-04-01 22:25:28,119 - 检查模型目录: D:\my-vue-project\wind-power-forecast\backend\auto_scripts\models\middlemodel\20250401
2025-04-01 22:25:28,119 - 未找到best_models目录，检查传统模型文件
2025-04-01 22:25:28,119 - 未找到任何可用模型文件
2025-04-01 22:25:28,119 - ⏳ 未有可用模型，等待模型训练完成...
2025-04-01 22:25:58,102 - ❌ 未找到训练 CSV 文件: D:\my-vue-project\wind-power-forecast\backend\auto_scripts\dataset\dataset_middle\20250401.csv，等待 30 秒后重试...
2025-04-01 22:25:58,134 - 检查模型目录: D:\my-vue-project\wind-power-forecast\backend\auto_scripts\models\middlemodel\20250401
2025-04-01 22:25:58,134 - 未找到best_models目录，检查传统模型文件
2025-04-01 22:25:58,134 - 未找到任何可用模型文件
2025-04-01 22:25:58,134 - ⏳ 未有可用模型，等待模型训练完成...
2025-04-01 22:26:28,117 - ❌ 未找到训练 CSV 文件: D:\my-vue-project\wind-power-forecast\backend\auto_scripts\dataset\dataset_middle\20250401.csv，等待 30 秒后重试...
2025-04-01 22:26:28,149 - 检查模型目录: D:\my-vue-project\wind-power-forecast\backend\auto_scripts\models\middlemodel\20250401
2025-04-01 22:26:28,149 - 未找到best_models目录，检查传统模型文件
2025-04-01 22:26:28,149 - 未找到任何可用模型文件
2025-04-01 22:26:28,149 - ⏳ 未有可用模型，等待模型训练完成...
2025-04-01 22:26:58,124 - ❌ 未找到训练 CSV 文件: D:\my-vue-project\wind-power-forecast\backend\auto_scripts\dataset\dataset_middle\20250401.csv，等待 30 秒后重试...
2025-04-01 22:26:58,153 - 检查模型目录: D:\my-vue-project\wind-power-forecast\backend\auto_scripts\models\middlemodel\20250401
2025-04-01 22:26:58,154 - 未找到best_models目录，检查传统模型文件
2025-04-01 22:26:58,155 - 未找到任何可用模型文件
2025-04-01 22:26:58,156 - ⏳ 未有可用模型，等待模型训练完成...
2025-04-01 22:27:28,130 - ❌ 未找到训练 CSV 文件: D:\my-vue-project\wind-power-forecast\backend\auto_scripts\dataset\dataset_middle\20250401.csv，等待 30 秒后重试...
2025-04-01 22:27:28,160 - 检查模型目录: D:\my-vue-project\wind-power-forecast\backend\auto_scripts\models\middlemodel\20250401
2025-04-01 22:27:28,161 - 未找到best_models目录，检查传统模型文件
2025-04-01 22:27:28,161 - 未找到任何可用模型文件
2025-04-01 22:27:28,161 - ⏳ 未有可用模型，等待模型训练完成...
2025-04-01 22:27:58,131 - ❌ 未找到训练 CSV 文件: D:\my-vue-project\wind-power-forecast\backend\auto_scripts\dataset\dataset_middle\20250401.csv，等待 30 秒后重试...
2025-04-01 22:27:58,162 - 检查模型目录: D:\my-vue-project\wind-power-forecast\backend\auto_scripts\models\middlemodel\20250401
2025-04-01 22:27:58,163 - 未找到best_models目录，检查传统模型文件
2025-04-01 22:27:58,163 - 未找到任何可用模型文件
2025-04-01 22:27:58,163 - ⏳ 未有可用模型，等待模型训练完成...
2025-04-01 22:28:28,138 - ❌ 未找到训练 CSV 文件: D:\my-vue-project\wind-power-forecast\backend\auto_scripts\dataset\dataset_middle\20250401.csv，等待 30 秒后重试...
2025-04-01 22:28:28,169 - 检查模型目录: D:\my-vue-project\wind-power-forecast\backend\auto_scripts\models\middlemodel\20250401
2025-04-01 22:28:28,170 - 未找到best_models目录，检查传统模型文件
2025-04-01 22:28:28,170 - 未找到任何可用模型文件
2025-04-01 22:28:28,170 - ⏳ 未有可用模型，等待模型训练完成...
2025-04-01 22:28:58,152 - ❌ 未找到训练 CSV 文件: D:\my-vue-project\wind-power-forecast\backend\auto_scripts\dataset\dataset_middle\20250401.csv，等待 30 秒后重试...
2025-04-01 22:28:58,183 - 检查模型目录: D:\my-vue-project\wind-power-forecast\backend\auto_scripts\models\middlemodel\20250401
2025-04-01 22:28:58,183 - 未找到best_models目录，检查传统模型文件
2025-04-01 22:28:58,183 - 未找到任何可用模型文件
2025-04-01 22:28:58,183 - ⏳ 未有可用模型，等待模型训练完成...
2025-04-01 22:29:28,160 - ❌ 未找到训练 CSV 文件: D:\my-vue-project\wind-power-forecast\backend\auto_scripts\dataset\dataset_middle\20250401.csv，等待 30 秒后重试...
2025-04-01 22:29:28,191 - 检查模型目录: D:\my-vue-project\wind-power-forecast\backend\auto_scripts\models\middlemodel\20250401
2025-04-01 22:29:28,192 - 未找到best_models目录，检查传统模型文件
2025-04-01 22:29:28,193 - 未找到任何可用模型文件
2025-04-01 22:29:28,193 - ⏳ 未有可用模型，等待模型训练完成...
2025-04-01 22:29:58,164 - ❌ 未找到训练 CSV 文件: D:\my-vue-project\wind-power-forecast\backend\auto_scripts\dataset\dataset_middle\20250401.csv，等待 30 秒后重试...
2025-04-01 22:29:58,195 - 检查模型目录: D:\my-vue-project\wind-power-forecast\backend\auto_scripts\models\middlemodel\20250401
2025-04-01 22:29:58,195 - 未找到best_models目录，检查传统模型文件
2025-04-01 22:29:58,195 - 未找到任何可用模型文件
2025-04-01 22:29:58,195 - ⏳ 未有可用模型，等待模型训练完成...
2025-04-01 22:30:28,169 - ❌ 未找到训练 CSV 文件: D:\my-vue-project\wind-power-forecast\backend\auto_scripts\dataset\dataset_middle\20250401.csv，等待 30 秒后重试...
2025-04-01 22:30:28,199 - 检查模型目录: D:\my-vue-project\wind-power-forecast\backend\auto_scripts\models\middlemodel\20250401
2025-04-01 22:30:28,199 - 未找到best_models目录，检查传统模型文件
2025-04-01 22:30:28,199 - 未找到任何可用模型文件
2025-04-01 22:30:28,199 - ⏳ 未有可用模型，等待模型训练完成...
2025-04-01 22:30:58,176 - ❌ 未找到训练 CSV 文件: D:\my-vue-project\wind-power-forecast\backend\auto_scripts\dataset\dataset_middle\20250401.csv，等待 30 秒后重试...
2025-04-01 22:30:58,207 - 检查模型目录: D:\my-vue-project\wind-power-forecast\backend\auto_scripts\models\middlemodel\20250401
2025-04-01 22:30:58,207 - 未找到best_models目录，检查传统模型文件
2025-04-01 22:30:58,207 - 未找到任何可用模型文件
2025-04-01 22:30:58,207 - ⏳ 未有可用模型，等待模型训练完成...
2025-04-01 22:31:28,180 - ❌ 未找到训练 CSV 文件: D:\my-vue-project\wind-power-forecast\backend\auto_scripts\dataset\dataset_middle\20250401.csv，等待 30 秒后重试...
2025-04-01 22:31:28,209 - 检查模型目录: D:\my-vue-project\wind-power-forecast\backend\auto_scripts\models\middlemodel\20250401
2025-04-01 22:31:28,210 - 未找到best_models目录，检查传统模型文件
2025-04-01 22:31:28,211 - 未找到任何可用模型文件
2025-04-01 22:31:28,212 - ⏳ 未有可用模型，等待模型训练完成...
2025-04-01 22:31:58,188 - ❌ 未找到训练 CSV 文件: D:\my-vue-project\wind-power-forecast\backend\auto_scripts\dataset\dataset_middle\20250401.csv，等待 30 秒后重试...
2025-04-01 22:31:58,219 - 检查模型目录: D:\my-vue-project\wind-power-forecast\backend\auto_scripts\models\middlemodel\20250401
2025-04-01 22:31:58,219 - 未找到best_models目录，检查传统模型文件
2025-04-01 22:31:58,219 - 未找到任何可用模型文件
2025-04-01 22:31:58,219 - ⏳ 未有可用模型，等待模型训练完成...
2025-04-01 22:32:28,198 - ❌ 未找到训练 CSV 文件: D:\my-vue-project\wind-power-forecast\backend\auto_scripts\dataset\dataset_middle\20250401.csv，等待 30 秒后重试...
2025-04-01 22:32:28,229 - 检查模型目录: D:\my-vue-project\wind-power-forecast\backend\auto_scripts\models\middlemodel\20250401
2025-04-01 22:32:28,229 - 未找到best_models目录，检查传统模型文件
2025-04-01 22:32:28,229 - 未找到任何可用模型文件
2025-04-01 22:32:28,230 - ⏳ 未有可用模型，等待模型训练完成...
2025-04-01 22:32:58,212 - ❌ 未找到训练 CSV 文件: D:\my-vue-project\wind-power-forecast\backend\auto_scripts\dataset\dataset_middle\20250401.csv，等待 30 秒后重试...
2025-04-01 22:32:58,244 - 检查模型目录: D:\my-vue-project\wind-power-forecast\backend\auto_scripts\models\middlemodel\20250401
2025-04-01 22:32:58,244 - 未找到best_models目录，检查传统模型文件
2025-04-01 22:32:58,244 - 未找到任何可用模型文件
2025-04-01 22:32:58,244 - ⏳ 未有可用模型，等待模型训练完成...
2025-04-01 22:33:28,213 - ❌ 未找到训练 CSV 文件: D:\my-vue-project\wind-power-forecast\backend\auto_scripts\dataset\dataset_middle\20250401.csv，等待 30 秒后重试...
2025-04-01 22:33:28,260 - 检查模型目录: D:\my-vue-project\wind-power-forecast\backend\auto_scripts\models\middlemodel\20250401
2025-04-01 22:33:28,261 - 未找到best_models目录，检查传统模型文件
2025-04-01 22:33:28,262 - 未找到任何可用模型文件
2025-04-01 22:33:28,263 - ⏳ 未有可用模型，等待模型训练完成...
2025-04-01 22:33:58,217 - ❌ 未找到训练 CSV 文件: D:\my-vue-project\wind-power-forecast\backend\auto_scripts\dataset\dataset_middle\20250401.csv，等待 30 秒后重试...
2025-04-01 22:33:58,279 - 检查模型目录: D:\my-vue-project\wind-power-forecast\backend\auto_scripts\models\middlemodel\20250401
2025-04-01 22:33:58,279 - 未找到best_models目录，检查传统模型文件
2025-04-01 22:33:58,279 - 未找到任何可用模型文件
2025-04-01 22:33:58,280 - ⏳ 未有可用模型，等待模型训练完成...
2025-04-01 22:34:28,220 - ❌ 未找到训练 CSV 文件: D:\my-vue-project\wind-power-forecast\backend\auto_scripts\dataset\dataset_middle\20250401.csv，等待 30 秒后重试...
2025-04-01 22:34:28,284 - 检查模型目录: D:\my-vue-project\wind-power-forecast\backend\auto_scripts\models\middlemodel\20250401
2025-04-01 22:34:28,285 - 未找到best_models目录，检查传统模型文件
2025-04-01 22:34:28,286 - 未找到任何可用模型文件
2025-04-01 22:34:28,286 - ⏳ 未有可用模型，等待模型训练完成...
2025-04-01 22:34:58,235 - ❌ 未找到训练 CSV 文件: D:\my-vue-project\wind-power-forecast\backend\auto_scripts\dataset\dataset_middle\20250401.csv，等待 30 秒后重试...
2025-04-01 22:34:58,296 - 检查模型目录: D:\my-vue-project\wind-power-forecast\backend\auto_scripts\models\middlemodel\20250401
2025-04-01 22:34:58,296 - 未找到best_models目录，检查传统模型文件
2025-04-01 22:34:58,296 - 未找到任何可用模型文件
2025-04-01 22:34:58,296 - ⏳ 未有可用模型，等待模型训练完成...
2025-04-01 22:35:28,247 - ❌ 未找到训练 CSV 文件: D:\my-vue-project\wind-power-forecast\backend\auto_scripts\dataset\dataset_middle\20250401.csv，等待 30 秒后重试...
2025-04-01 22:35:28,309 - 检查模型目录: D:\my-vue-project\wind-power-forecast\backend\auto_scripts\models\middlemodel\20250401
2025-04-01 22:35:28,309 - 未找到best_models目录，检查传统模型文件
2025-04-01 22:35:28,309 - 未找到任何可用模型文件
2025-04-01 22:35:28,309 - ⏳ 未有可用模型，等待模型训练完成...
2025-04-01 22:35:58,251 - ❌ 未找到训练 CSV 文件: D:\my-vue-project\wind-power-forecast\backend\auto_scripts\dataset\dataset_middle\20250401.csv，等待 30 秒后重试...
2025-04-01 22:35:58,314 - 检查模型目录: D:\my-vue-project\wind-power-forecast\backend\auto_scripts\models\middlemodel\20250401
2025-04-01 22:35:58,315 - 未找到best_models目录，检查传统模型文件
2025-04-01 22:35:58,315 - 未找到任何可用模型文件
2025-04-01 22:35:58,315 - ⏳ 未有可用模型，等待模型训练完成...
2025-04-01 22:36:28,256 - ❌ 未找到训练 CSV 文件: D:\my-vue-project\wind-power-forecast\backend\auto_scripts\dataset\dataset_middle\20250401.csv，等待 30 秒后重试...
2025-04-01 22:36:28,319 - 检查模型目录: D:\my-vue-project\wind-power-forecast\backend\auto_scripts\models\middlemodel\20250401
2025-04-01 22:36:28,319 - 未找到best_models目录，检查传统模型文件
2025-04-01 22:36:28,319 - 未找到任何可用模型文件
2025-04-01 22:36:28,319 - ⏳ 未有可用模型，等待模型训练完成...
2025-04-01 22:36:58,266 - ❌ 未找到训练 CSV 文件: D:\my-vue-project\wind-power-forecast\backend\auto_scripts\dataset\dataset_middle\20250401.csv，等待 30 秒后重试...
2025-04-01 22:36:58,326 - 检查模型目录: D:\my-vue-project\wind-power-forecast\backend\auto_scripts\models\middlemodel\20250401
2025-04-01 22:36:58,326 - 未找到best_models目录，检查传统模型文件
2025-04-01 22:36:58,326 - 未找到任何可用模型文件
2025-04-01 22:36:58,327 - ⏳ 未有可用模型，等待模型训练完成...
2025-04-01 22:37:28,271 - ❌ 未找到训练 CSV 文件: D:\my-vue-project\wind-power-forecast\backend\auto_scripts\dataset\dataset_middle\20250401.csv，等待 30 秒后重试...
2025-04-01 22:37:28,336 - 检查模型目录: D:\my-vue-project\wind-power-forecast\backend\auto_scripts\models\middlemodel\20250401
2025-04-01 22:37:28,338 - 未找到best_models目录，检查传统模型文件
2025-04-01 22:37:28,339 - 未找到任何可用模型文件
2025-04-01 22:37:28,340 - ⏳ 未有可用模型，等待模型训练完成...
2025-04-01 22:37:58,275 - ❌ 未找到训练 CSV 文件: D:\my-vue-project\wind-power-forecast\backend\auto_scripts\dataset\dataset_middle\20250401.csv，等待 30 秒后重试...
2025-04-01 22:37:58,351 - 检查模型目录: D:\my-vue-project\wind-power-forecast\backend\auto_scripts\models\middlemodel\20250401
2025-04-01 22:37:58,353 - 未找到best_models目录，检查传统模型文件
2025-04-01 22:37:58,353 - 未找到任何可用模型文件
2025-04-01 22:37:58,354 - ⏳ 未有可用模型，等待模型训练完成...
2025-04-01 22:38:28,285 - ❌ 未找到训练 CSV 文件: D:\my-vue-project\wind-power-forecast\backend\auto_scripts\dataset\dataset_middle\20250401.csv，等待 30 秒后重试...
2025-04-01 22:38:28,362 - 检查模型目录: D:\my-vue-project\wind-power-forecast\backend\auto_scripts\models\middlemodel\20250401
2025-04-01 22:38:28,362 - 未找到best_models目录，检查传统模型文件
2025-04-01 22:38:28,362 - 未找到任何可用模型文件
2025-04-01 22:38:28,362 - ⏳ 未有可用模型，等待模型训练完成...
2025-04-01 22:38:58,291 - ❌ 未找到训练 CSV 文件: D:\my-vue-project\wind-power-forecast\backend\auto_scripts\dataset\dataset_middle\20250401.csv，等待 30 秒后重试...
2025-04-01 22:38:58,370 - 检查模型目录: D:\my-vue-project\wind-power-forecast\backend\auto_scripts\models\middlemodel\20250401
2025-04-01 22:38:58,370 - 未找到best_models目录，检查传统模型文件
2025-04-01 22:38:58,370 - 未找到任何可用模型文件
2025-04-01 22:38:58,370 - ⏳ 未有可用模型，等待模型训练完成...
2025-04-01 22:39:28,305 - ❌ 未找到训练 CSV 文件: D:\my-vue-project\wind-power-forecast\backend\auto_scripts\dataset\dataset_middle\20250401.csv，等待 30 秒后重试...
2025-04-01 22:39:28,382 - 检查模型目录: D:\my-vue-project\wind-power-forecast\backend\auto_scripts\models\middlemodel\20250401
2025-04-01 22:39:28,383 - 未找到best_models目录，检查传统模型文件
2025-04-01 22:39:28,384 - 未找到任何可用模型文件
2025-04-01 22:39:28,384 - ⏳ 未有可用模型，等待模型训练完成...
2025-04-01 22:39:58,309 - ❌ 未找到训练 CSV 文件: D:\my-vue-project\wind-power-forecast\backend\auto_scripts\dataset\dataset_middle\20250401.csv，等待 30 秒后重试...
2025-04-01 22:39:58,387 - 检查模型目录: D:\my-vue-project\wind-power-forecast\backend\auto_scripts\models\middlemodel\20250401
2025-04-01 22:39:58,387 - 未找到best_models目录，检查传统模型文件
2025-04-01 22:39:58,387 - 未找到任何可用模型文件
2025-04-01 22:39:58,387 - ⏳ 未有可用模型，等待模型训练完成...
2025-04-01 22:40:28,311 - ❌ 未找到训练 CSV 文件: D:\my-vue-project\wind-power-forecast\backend\auto_scripts\dataset\dataset_middle\20250401.csv，等待 30 秒后重试...
2025-04-01 22:40:28,402 - 检查模型目录: D:\my-vue-project\wind-power-forecast\backend\auto_scripts\models\middlemodel\20250401
2025-04-01 22:40:28,402 - 未找到best_models目录，检查传统模型文件
2025-04-01 22:40:28,403 - 未找到任何可用模型文件
2025-04-01 22:40:28,403 - ⏳ 未有可用模型，等待模型训练完成...
2025-04-01 22:40:58,316 - ❌ 未找到训练 CSV 文件: D:\my-vue-project\wind-power-forecast\backend\auto_scripts\dataset\dataset_middle\20250401.csv，等待 30 秒后重试...
2025-04-01 22:40:58,411 - 检查模型目录: D:\my-vue-project\wind-power-forecast\backend\auto_scripts\models\middlemodel\20250401
2025-04-01 22:40:58,412 - 未找到best_models目录，检查传统模型文件
2025-04-01 22:40:58,413 - 未找到任何可用模型文件
2025-04-01 22:40:58,413 - ⏳ 未有可用模型，等待模型训练完成...
2025-04-01 22:41:28,320 - ❌ 未找到训练 CSV 文件: D:\my-vue-project\wind-power-forecast\backend\auto_scripts\dataset\dataset_middle\20250401.csv，等待 30 秒后重试...
2025-04-01 22:41:28,429 - 检查模型目录: D:\my-vue-project\wind-power-forecast\backend\auto_scripts\models\middlemodel\20250401
2025-04-01 22:41:28,429 - 未找到best_models目录，检查传统模型文件
2025-04-01 22:41:28,429 - 未找到任何可用模型文件
2025-04-01 22:41:28,429 - ⏳ 未有可用模型，等待模型训练完成...
2025-04-01 22:41:58,336 - ❌ 未找到训练 CSV 文件: D:\my-vue-project\wind-power-forecast\backend\auto_scripts\dataset\dataset_middle\20250401.csv，等待 30 秒后重试...
2025-04-01 22:41:58,442 - 检查模型目录: D:\my-vue-project\wind-power-forecast\backend\auto_scripts\models\middlemodel\20250401
2025-04-01 22:41:58,443 - 未找到best_models目录，检查传统模型文件
2025-04-01 22:41:58,443 - 未找到任何可用模型文件
2025-04-01 22:41:58,443 - ⏳ 未有可用模型，等待模型训练完成...
2025-04-01 22:42:28,343 - ❌ 未找到训练 CSV 文件: D:\my-vue-project\wind-power-forecast\backend\auto_scripts\dataset\dataset_middle\20250401.csv，等待 30 秒后重试...
2025-04-01 22:42:28,452 - 检查模型目录: D:\my-vue-project\wind-power-forecast\backend\auto_scripts\models\middlemodel\20250401
2025-04-01 22:42:28,453 - 未找到best_models目录，检查传统模型文件
2025-04-01 22:42:28,453 - 未找到任何可用模型文件
2025-04-01 22:42:28,453 - ⏳ 未有可用模型，等待模型训练完成...
2025-04-01 22:42:58,350 - ❌ 未找到训练 CSV 文件: D:\my-vue-project\wind-power-forecast\backend\auto_scripts\dataset\dataset_middle\20250401.csv，等待 30 秒后重试...
2025-04-01 22:42:58,459 - 检查模型目录: D:\my-vue-project\wind-power-forecast\backend\auto_scripts\models\middlemodel\20250401
2025-04-01 22:42:58,459 - 未找到best_models目录，检查传统模型文件
2025-04-01 22:42:58,460 - 未找到任何可用模型文件
2025-04-01 22:42:58,460 - ⏳ 未有可用模型，等待模型训练完成...
2025-04-01 22:43:28,354 - ❌ 未找到训练 CSV 文件: D:\my-vue-project\wind-power-forecast\backend\auto_scripts\dataset\dataset_middle\20250401.csv，等待 30 秒后重试...
2025-04-01 22:43:28,462 - 检查模型目录: D:\my-vue-project\wind-power-forecast\backend\auto_scripts\models\middlemodel\20250401
2025-04-01 22:43:28,462 - 未找到best_models目录，检查传统模型文件
2025-04-01 22:43:28,462 - 未找到任何可用模型文件
2025-04-01 22:43:28,462 - ⏳ 未有可用模型，等待模型训练完成...
2025-04-01 22:43:58,369 - ❌ 未找到训练 CSV 文件: D:\my-vue-project\wind-power-forecast\backend\auto_scripts\dataset\dataset_middle\20250401.csv，等待 30 秒后重试...
2025-04-01 22:43:58,477 - 检查模型目录: D:\my-vue-project\wind-power-forecast\backend\auto_scripts\models\middlemodel\20250401
2025-04-01 22:43:58,478 - 未找到best_models目录，检查传统模型文件
2025-04-01 22:43:58,479 - 未找到任何可用模型文件
2025-04-01 22:43:58,480 - ⏳ 未有可用模型，等待模型训练完成...
2025-04-01 22:44:28,375 - ❌ 未找到训练 CSV 文件: D:\my-vue-project\wind-power-forecast\backend\auto_scripts\dataset\dataset_middle\20250401.csv，等待 30 秒后重试...
2025-04-01 22:44:28,485 - 检查模型目录: D:\my-vue-project\wind-power-forecast\backend\auto_scripts\models\middlemodel\20250401
2025-04-01 22:44:28,485 - 未找到best_models目录，检查传统模型文件
2025-04-01 22:44:28,485 - 未找到任何可用模型文件
2025-04-01 22:44:28,485 - ⏳ 未有可用模型，等待模型训练完成...
2025-04-01 22:44:58,376 - ❌ 未找到训练 CSV 文件: D:\my-vue-project\wind-power-forecast\backend\auto_scripts\dataset\dataset_middle\20250401.csv，等待 30 秒后重试...
2025-04-01 22:44:58,486 - 检查模型目录: D:\my-vue-project\wind-power-forecast\backend\auto_scripts\models\middlemodel\20250401
2025-04-01 22:44:58,486 - 未找到best_models目录，检查传统模型文件
2025-04-01 22:44:58,487 - 未找到任何可用模型文件
2025-04-01 22:44:58,487 - ⏳ 未有可用模型，等待模型训练完成...
2025-04-01 22:45:28,381 - ❌ 未找到训练 CSV 文件: D:\my-vue-project\wind-power-forecast\backend\auto_scripts\dataset\dataset_middle\20250401.csv，等待 30 秒后重试...
2025-04-01 22:45:28,490 - 检查模型目录: D:\my-vue-project\wind-power-forecast\backend\auto_scripts\models\middlemodel\20250401
2025-04-01 22:45:28,490 - 未找到best_models目录，检查传统模型文件
2025-04-01 22:45:28,491 - 未找到任何可用模型文件
2025-04-01 22:45:28,491 - ⏳ 未有可用模型，等待模型训练完成...
2025-04-01 22:45:58,389 - ❌ 未找到训练 CSV 文件: D:\my-vue-project\wind-power-forecast\backend\auto_scripts\dataset\dataset_middle\20250401.csv，等待 30 秒后重试...
2025-04-01 22:45:58,498 - 检查模型目录: D:\my-vue-project\wind-power-forecast\backend\auto_scripts\models\middlemodel\20250401
2025-04-01 22:45:58,499 - 未找到best_models目录，检查传统模型文件
2025-04-01 22:45:58,500 - 未找到任何可用模型文件
2025-04-01 22:45:58,501 - ⏳ 未有可用模型，等待模型训练完成...
2025-04-01 22:46:28,393 - ❌ 未找到训练 CSV 文件: D:\my-vue-project\wind-power-forecast\backend\auto_scripts\dataset\dataset_middle\20250401.csv，等待 30 秒后重试...
2025-04-01 22:46:28,503 - 检查模型目录: D:\my-vue-project\wind-power-forecast\backend\auto_scripts\models\middlemodel\20250401
2025-04-01 22:46:28,503 - 未找到best_models目录，检查传统模型文件
2025-04-01 22:46:28,503 - 未找到任何可用模型文件
2025-04-01 22:46:28,503 - ⏳ 未有可用模型，等待模型训练完成...
2025-04-01 22:46:58,399 - ❌ 未找到训练 CSV 文件: D:\my-vue-project\wind-power-forecast\backend\auto_scripts\dataset\dataset_middle\20250401.csv，等待 30 秒后重试...
2025-04-01 22:46:58,509 - 检查模型目录: D:\my-vue-project\wind-power-forecast\backend\auto_scripts\models\middlemodel\20250401
2025-04-01 22:46:58,509 - 未找到best_models目录，检查传统模型文件
2025-04-01 22:46:58,509 - 未找到任何可用模型文件
2025-04-01 22:46:58,509 - ⏳ 未有可用模型，等待模型训练完成...
2025-04-01 22:47:28,405 - ❌ 未找到训练 CSV 文件: D:\my-vue-project\wind-power-forecast\backend\auto_scripts\dataset\dataset_middle\20250401.csv，等待 30 秒后重试...
2025-04-01 22:47:28,513 - 检查模型目录: D:\my-vue-project\wind-power-forecast\backend\auto_scripts\models\middlemodel\20250401
2025-04-01 22:47:28,514 - 未找到best_models目录，检查传统模型文件
2025-04-01 22:47:28,515 - 未找到任何可用模型文件
2025-04-01 22:47:28,515 - ⏳ 未有可用模型，等待模型训练完成...
2025-04-01 22:47:58,412 - ❌ 未找到训练 CSV 文件: D:\my-vue-project\wind-power-forecast\backend\auto_scripts\dataset\dataset_middle\20250401.csv，等待 30 秒后重试...
2025-04-01 22:47:58,521 - 检查模型目录: D:\my-vue-project\wind-power-forecast\backend\auto_scripts\models\middlemodel\20250401
2025-04-01 22:47:58,522 - 未找到best_models目录，检查传统模型文件
2025-04-01 22:47:58,523 - 未找到任何可用模型文件
2025-04-01 22:47:58,524 - ⏳ 未有可用模型，等待模型训练完成...
2025-04-01 22:48:28,414 - ❌ 未找到训练 CSV 文件: D:\my-vue-project\wind-power-forecast\backend\auto_scripts\dataset\dataset_middle\20250401.csv，等待 30 秒后重试...
2025-04-01 22:48:28,538 - 检查模型目录: D:\my-vue-project\wind-power-forecast\backend\auto_scripts\models\middlemodel\20250401
2025-04-01 22:48:28,539 - 未找到best_models目录，检查传统模型文件
2025-04-01 22:48:28,540 - 未找到任何可用模型文件
2025-04-01 22:48:28,541 - ⏳ 未有可用模型，等待模型训练完成...
2025-04-01 22:48:58,421 - ❌ 未找到训练 CSV 文件: D:\my-vue-project\wind-power-forecast\backend\auto_scripts\dataset\dataset_middle\20250401.csv，等待 30 秒后重试...
2025-04-01 22:48:58,547 - 检查模型目录: D:\my-vue-project\wind-power-forecast\backend\auto_scripts\models\middlemodel\20250401
2025-04-01 22:48:58,548 - 未找到best_models目录，检查传统模型文件
2025-04-01 22:48:58,550 - 未找到任何可用模型文件
2025-04-01 22:48:58,550 - ⏳ 未有可用模型，等待模型训练完成...
2025-04-01 22:49:28,438 - ❌ 未找到训练 CSV 文件: D:\my-vue-project\wind-power-forecast\backend\auto_scripts\dataset\dataset_middle\20250401.csv，等待 30 秒后重试...
2025-04-01 22:49:28,563 - 检查模型目录: D:\my-vue-project\wind-power-forecast\backend\auto_scripts\models\middlemodel\20250401
2025-04-01 22:49:28,563 - 未找到best_models目录，检查传统模型文件
2025-04-01 22:49:28,564 - 未找到任何可用模型文件
2025-04-01 22:49:28,564 - ⏳ 未有可用模型，等待模型训练完成...
2025-04-01 22:49:58,449 - ❌ 未找到训练 CSV 文件: D:\my-vue-project\wind-power-forecast\backend\auto_scripts\dataset\dataset_middle\20250401.csv，等待 30 秒后重试...
2025-04-01 22:49:58,575 - 检查模型目录: D:\my-vue-project\wind-power-forecast\backend\auto_scripts\models\middlemodel\20250401
2025-04-01 22:49:58,576 - 未找到best_models目录，检查传统模型文件
2025-04-01 22:49:58,577 - 未找到任何可用模型文件
2025-04-01 22:49:58,578 - ⏳ 未有可用模型，等待模型训练完成...
2025-04-01 22:50:28,458 - ❌ 未找到训练 CSV 文件: D:\my-vue-project\wind-power-forecast\backend\auto_scripts\dataset\dataset_middle\20250401.csv，等待 30 秒后重试...
2025-04-01 22:50:28,583 - 检查模型目录: D:\my-vue-project\wind-power-forecast\backend\auto_scripts\models\middlemodel\20250401
2025-04-01 22:50:28,583 - 未找到best_models目录，检查传统模型文件
2025-04-01 22:50:28,583 - 未找到任何可用模型文件
2025-04-01 22:50:28,583 - ⏳ 未有可用模型，等待模型训练完成...
2025-04-01 22:50:58,465 - ❌ 未找到训练 CSV 文件: D:\my-vue-project\wind-power-forecast\backend\auto_scripts\dataset\dataset_middle\20250401.csv，等待 30 秒后重试...
2025-04-01 22:50:58,587 - 检查模型目录: D:\my-vue-project\wind-power-forecast\backend\auto_scripts\models\middlemodel\20250401
2025-04-01 22:50:58,588 - 未找到best_models目录，检查传统模型文件
2025-04-01 22:50:58,589 - 未找到任何可用模型文件
2025-04-01 22:50:58,589 - ⏳ 未有可用模型，等待模型训练完成...
2025-04-01 22:51:28,479 - ❌ 未找到训练 CSV 文件: D:\my-vue-project\wind-power-forecast\backend\auto_scripts\dataset\dataset_middle\20250401.csv，等待 30 秒后重试...
2025-04-01 22:51:28,603 - 检查模型目录: D:\my-vue-project\wind-power-forecast\backend\auto_scripts\models\middlemodel\20250401
2025-04-01 22:51:28,603 - 未找到best_models目录，检查传统模型文件
2025-04-01 22:51:28,603 - 未找到任何可用模型文件
2025-04-01 22:51:28,603 - ⏳ 未有可用模型，等待模型训练完成...
2025-04-01 22:51:58,493 - ❌ 未找到训练 CSV 文件: D:\my-vue-project\wind-power-forecast\backend\auto_scripts\dataset\dataset_middle\20250401.csv，等待 30 秒后重试...
2025-04-01 22:51:58,616 - 检查模型目录: D:\my-vue-project\wind-power-forecast\backend\auto_scripts\models\middlemodel\20250401
2025-04-01 22:51:58,616 - 未找到best_models目录，检查传统模型文件
2025-04-01 22:51:58,616 - 未找到任何可用模型文件
2025-04-01 22:51:58,617 - ⏳ 未有可用模型，等待模型训练完成...
2025-04-01 22:52:28,496 - ❌ 未找到训练 CSV 文件: D:\my-vue-project\wind-power-forecast\backend\auto_scripts\dataset\dataset_middle\20250401.csv，等待 30 秒后重试...
2025-04-01 22:52:28,623 - 检查模型目录: D:\my-vue-project\wind-power-forecast\backend\auto_scripts\models\middlemodel\20250401
2025-04-01 22:52:28,623 - 未找到best_models目录，检查传统模型文件
2025-04-01 22:52:28,623 - 未找到任何可用模型文件
2025-04-01 22:52:28,623 - ⏳ 未有可用模型，等待模型训练完成...
2025-04-01 22:52:58,509 - ❌ 未找到训练 CSV 文件: D:\my-vue-project\wind-power-forecast\backend\auto_scripts\dataset\dataset_middle\20250401.csv，等待 30 秒后重试...
2025-04-01 22:52:58,634 - 检查模型目录: D:\my-vue-project\wind-power-forecast\backend\auto_scripts\models\middlemodel\20250401
2025-04-01 22:52:58,635 - 未找到best_models目录，检查传统模型文件
2025-04-01 22:52:58,636 - 未找到任何可用模型文件
2025-04-01 22:52:58,636 - ⏳ 未有可用模型，等待模型训练完成...
2025-04-01 22:53:28,517 - ❌ 未找到训练 CSV 文件: D:\my-vue-project\wind-power-forecast\backend\auto_scripts\dataset\dataset_middle\20250401.csv，等待 30 秒后重试...
2025-04-01 22:53:28,641 - 检查模型目录: D:\my-vue-project\wind-power-forecast\backend\auto_scripts\models\middlemodel\20250401
2025-04-01 22:53:28,642 - 未找到best_models目录，检查传统模型文件
2025-04-01 22:53:28,643 - 未找到任何可用模型文件
2025-04-01 22:53:28,644 - ⏳ 未有可用模型，等待模型训练完成...
2025-04-01 22:53:58,523 - ❌ 未找到训练 CSV 文件: D:\my-vue-project\wind-power-forecast\backend\auto_scripts\dataset\dataset_middle\20250401.csv，等待 30 秒后重试...
2025-04-01 22:53:58,647 - 检查模型目录: D:\my-vue-project\wind-power-forecast\backend\auto_scripts\models\middlemodel\20250401
2025-04-01 22:53:58,648 - 未找到best_models目录，检查传统模型文件
2025-04-01 22:53:58,649 - 未找到任何可用模型文件
2025-04-01 22:53:58,649 - ⏳ 未有可用模型，等待模型训练完成...
2025-04-01 22:54:28,532 - ❌ 未找到训练 CSV 文件: D:\my-vue-project\wind-power-forecast\backend\auto_scripts\dataset\dataset_middle\20250401.csv，等待 30 秒后重试...
2025-04-01 22:54:28,654 - 检查模型目录: D:\my-vue-project\wind-power-forecast\backend\auto_scripts\models\middlemodel\20250401
2025-04-01 22:54:28,654 - 未找到best_models目录，检查传统模型文件
2025-04-01 22:54:28,655 - 未找到任何可用模型文件
2025-04-01 22:54:28,655 - ⏳ 未有可用模型，等待模型训练完成...
2025-04-01 22:54:58,542 - ❌ 未找到训练 CSV 文件: D:\my-vue-project\wind-power-forecast\backend\auto_scripts\dataset\dataset_middle\20250401.csv，等待 30 秒后重试...
2025-04-01 22:54:58,668 - 检查模型目录: D:\my-vue-project\wind-power-forecast\backend\auto_scripts\models\middlemodel\20250401
2025-04-01 22:54:58,669 - 未找到best_models目录，检查传统模型文件
2025-04-01 22:54:58,669 - 未找到任何可用模型文件
2025-04-01 22:54:58,669 - ⏳ 未有可用模型，等待模型训练完成...
2025-04-01 22:55:28,557 - ❌ 未找到训练 CSV 文件: D:\my-vue-project\wind-power-forecast\backend\auto_scripts\dataset\dataset_middle\20250401.csv，等待 30 秒后重试...
2025-04-01 22:55:28,683 - 检查模型目录: D:\my-vue-project\wind-power-forecast\backend\auto_scripts\models\middlemodel\20250401
2025-04-01 22:55:28,684 - 未找到best_models目录，检查传统模型文件
2025-04-01 22:55:28,685 - 未找到任何可用模型文件
2025-04-01 22:55:28,686 - ⏳ 未有可用模型，等待模型训练完成...
2025-04-01 22:55:58,567 - ❌ 未找到训练 CSV 文件: D:\my-vue-project\wind-power-forecast\backend\auto_scripts\dataset\dataset_middle\20250401.csv，等待 30 秒后重试...
2025-04-01 22:55:58,690 - 检查模型目录: D:\my-vue-project\wind-power-forecast\backend\auto_scripts\models\middlemodel\20250401
2025-04-01 22:55:58,690 - 未找到best_models目录，检查传统模型文件
2025-04-01 22:55:58,690 - 未找到任何可用模型文件
2025-04-01 22:55:58,690 - ⏳ 未有可用模型，等待模型训练完成...
2025-04-01 22:56:28,574 - ❌ 未找到训练 CSV 文件: D:\my-vue-project\wind-power-forecast\backend\auto_scripts\dataset\dataset_middle\20250401.csv，等待 30 秒后重试...
2025-04-01 22:56:28,700 - 检查模型目录: D:\my-vue-project\wind-power-forecast\backend\auto_scripts\models\middlemodel\20250401
2025-04-01 22:56:28,701 - 未找到best_models目录，检查传统模型文件
2025-04-01 22:56:28,702 - 未找到任何可用模型文件
2025-04-01 22:56:28,702 - ⏳ 未有可用模型，等待模型训练完成...
2025-04-01 22:56:58,587 - ❌ 未找到训练 CSV 文件: D:\my-vue-project\wind-power-forecast\backend\auto_scripts\dataset\dataset_middle\20250401.csv，等待 30 秒后重试...
2025-04-01 22:56:58,712 - 检查模型目录: D:\my-vue-project\wind-power-forecast\backend\auto_scripts\models\middlemodel\20250401
2025-04-01 22:56:58,712 - 未找到best_models目录，检查传统模型文件
2025-04-01 22:56:58,712 - 未找到任何可用模型文件
2025-04-01 22:56:58,712 - ⏳ 未有可用模型，等待模型训练完成...
2025-04-01 22:57:28,589 - ❌ 未找到训练 CSV 文件: D:\my-vue-project\wind-power-forecast\backend\auto_scripts\dataset\dataset_middle\20250401.csv，等待 30 秒后重试...
2025-04-01 22:57:28,714 - 检查模型目录: D:\my-vue-project\wind-power-forecast\backend\auto_scripts\models\middlemodel\20250401
2025-04-01 22:57:28,714 - 未找到best_models目录，检查传统模型文件
2025-04-01 22:57:28,714 - 未找到任何可用模型文件
2025-04-01 22:57:28,714 - ⏳ 未有可用模型，等待模型训练完成...
2025-04-01 22:57:58,593 - ❌ 未找到训练 CSV 文件: D:\my-vue-project\wind-power-forecast\backend\auto_scripts\dataset\dataset_middle\20250401.csv，等待 30 秒后重试...
2025-04-01 22:57:58,719 - 检查模型目录: D:\my-vue-project\wind-power-forecast\backend\auto_scripts\models\middlemodel\20250401
2025-04-01 22:57:58,720 - 未找到best_models目录，检查传统模型文件
2025-04-01 22:57:58,721 - 未找到任何可用模型文件
2025-04-01 22:57:58,722 - ⏳ 未有可用模型，等待模型训练完成...
2025-04-01 22:58:28,595 - ❌ 未找到训练 CSV 文件: D:\my-vue-project\wind-power-forecast\backend\auto_scripts\dataset\dataset_middle\20250401.csv，等待 30 秒后重试...
2025-04-01 22:58:28,734 - 检查模型目录: D:\my-vue-project\wind-power-forecast\backend\auto_scripts\models\middlemodel\20250401
2025-04-01 22:58:28,735 - 未找到best_models目录，检查传统模型文件
2025-04-01 22:58:28,736 - 未找到任何可用模型文件
2025-04-01 22:58:28,737 - ⏳ 未有可用模型，等待模型训练完成...
2025-04-01 22:58:58,605 - ❌ 未找到训练 CSV 文件: D:\my-vue-project\wind-power-forecast\backend\auto_scripts\dataset\dataset_middle\20250401.csv，等待 30 秒后重试...
2025-04-01 22:58:58,745 - 检查模型目录: D:\my-vue-project\wind-power-forecast\backend\auto_scripts\models\middlemodel\20250401
2025-04-01 22:58:58,745 - 未找到best_models目录，检查传统模型文件
2025-04-01 22:58:58,745 - 未找到任何可用模型文件
2025-04-01 22:58:58,745 - ⏳ 未有可用模型，等待模型训练完成...
2025-04-01 22:59:28,611 - ❌ 未找到训练 CSV 文件: D:\my-vue-project\wind-power-forecast\backend\auto_scripts\dataset\dataset_middle\20250401.csv，等待 30 秒后重试...
2025-04-01 22:59:28,752 - 检查模型目录: D:\my-vue-project\wind-power-forecast\backend\auto_scripts\models\middlemodel\20250401
2025-04-01 22:59:28,753 - 未找到best_models目录，检查传统模型文件
2025-04-01 22:59:28,754 - 未找到任何可用模型文件
2025-04-01 22:59:28,755 - ⏳ 未有可用模型，等待模型训练完成...
2025-04-01 22:59:58,612 - ❌ 未找到训练 CSV 文件: D:\my-vue-project\wind-power-forecast\backend\auto_scripts\dataset\dataset_middle\20250401.csv，等待 30 秒后重试...
2025-04-01 22:59:58,766 - 检查模型目录: D:\my-vue-project\wind-power-forecast\backend\auto_scripts\models\middlemodel\20250401
2025-04-01 22:59:58,766 - 未找到best_models目录，检查传统模型文件
2025-04-01 22:59:58,766 - 未找到任何可用模型文件
2025-04-01 22:59:58,766 - ⏳ 未有可用模型，等待模型训练完成...
2025-04-01 23:00:28,618 - ❌ 未找到训练 CSV 文件: D:\my-vue-project\wind-power-forecast\backend\auto_scripts\dataset\dataset_middle\20250401.csv，等待 30 秒后重试...
2025-04-01 23:00:28,773 - 检查模型目录: D:\my-vue-project\wind-power-forecast\backend\auto_scripts\models\middlemodel\20250401
2025-04-01 23:00:28,773 - 未找到best_models目录，检查传统模型文件
2025-04-01 23:00:28,773 - 未找到任何可用模型文件
2025-04-01 23:00:28,773 - ⏳ 未有可用模型，等待模型训练完成...
2025-04-01 23:00:58,620 - ❌ 未找到训练 CSV 文件: D:\my-vue-project\wind-power-forecast\backend\auto_scripts\dataset\dataset_middle\20250401.csv，等待 30 秒后重试...
2025-04-01 23:00:58,777 - 检查模型目录: D:\my-vue-project\wind-power-forecast\backend\auto_scripts\models\middlemodel\20250401
2025-04-01 23:00:58,778 - 未找到best_models目录，检查传统模型文件
2025-04-01 23:00:58,778 - 未找到任何可用模型文件
2025-04-01 23:00:58,778 - ⏳ 未有可用模型，等待模型训练完成...
2025-04-01 23:01:28,631 - ❌ 未找到训练 CSV 文件: D:\my-vue-project\wind-power-forecast\backend\auto_scripts\dataset\dataset_middle\20250401.csv，等待 30 秒后重试...
2025-04-01 23:01:28,788 - 检查模型目录: D:\my-vue-project\wind-power-forecast\backend\auto_scripts\models\middlemodel\20250401
2025-04-01 23:01:28,789 - 未找到best_models目录，检查传统模型文件
2025-04-01 23:01:28,789 - 未找到任何可用模型文件
2025-04-01 23:01:28,789 - ⏳ 未有可用模型，等待模型训练完成...
2025-04-01 23:01:58,642 - ❌ 未找到训练 CSV 文件: D:\my-vue-project\wind-power-forecast\backend\auto_scripts\dataset\dataset_middle\20250401.csv，等待 30 秒后重试...
2025-04-01 23:01:58,800 - 检查模型目录: D:\my-vue-project\wind-power-forecast\backend\auto_scripts\models\middlemodel\20250401
2025-04-01 23:01:58,801 - 未找到best_models目录，检查传统模型文件
2025-04-01 23:01:58,801 - 未找到任何可用模型文件
2025-04-01 23:01:58,801 - ⏳ 未有可用模型，等待模型训练完成...
2025-04-01 23:02:28,650 - ❌ 未找到训练 CSV 文件: D:\my-vue-project\wind-power-forecast\backend\auto_scripts\dataset\dataset_middle\20250401.csv，等待 30 秒后重试...
2025-04-01 23:02:28,805 - 检查模型目录: D:\my-vue-project\wind-power-forecast\backend\auto_scripts\models\middlemodel\20250401
2025-04-01 23:02:28,806 - 未找到best_models目录，检查传统模型文件
2025-04-01 23:02:28,807 - 未找到任何可用模型文件
2025-04-01 23:02:28,808 - ⏳ 未有可用模型，等待模型训练完成...
2025-04-01 23:02:58,665 - ❌ 未找到训练 CSV 文件: D:\my-vue-project\wind-power-forecast\backend\auto_scripts\dataset\dataset_middle\20250401.csv，等待 30 秒后重试...
2025-04-01 23:02:58,821 - 检查模型目录: D:\my-vue-project\wind-power-forecast\backend\auto_scripts\models\middlemodel\20250401
2025-04-01 23:02:58,821 - 未找到best_models目录，检查传统模型文件
2025-04-01 23:02:58,821 - 未找到任何可用模型文件
2025-04-01 23:02:58,821 - ⏳ 未有可用模型，等待模型训练完成...
2025-04-01 23:03:28,673 - ❌ 未找到训练 CSV 文件: D:\my-vue-project\wind-power-forecast\backend\auto_scripts\dataset\dataset_middle\20250401.csv，等待 30 秒后重试...
2025-04-01 23:03:28,829 - 检查模型目录: D:\my-vue-project\wind-power-forecast\backend\auto_scripts\models\middlemodel\20250401
2025-04-01 23:03:28,830 - 未找到best_models目录，检查传统模型文件
2025-04-01 23:03:28,831 - 未找到任何可用模型文件
2025-04-01 23:03:28,832 - ⏳ 未有可用模型，等待模型训练完成...
2025-04-01 23:03:58,687 - ❌ 未找到训练 CSV 文件: D:\my-vue-project\wind-power-forecast\backend\auto_scripts\dataset\dataset_middle\20250401.csv，等待 30 秒后重试...
2025-04-01 23:03:58,839 - 检查模型目录: D:\my-vue-project\wind-power-forecast\backend\auto_scripts\models\middlemodel\20250401
2025-04-01 23:03:58,839 - 未找到best_models目录，检查传统模型文件
2025-04-01 23:03:58,839 - 未找到任何可用模型文件
2025-04-01 23:03:58,840 - ⏳ 未有可用模型，等待模型训练完成...
2025-04-01 23:04:28,693 - ❌ 未找到训练 CSV 文件: D:\my-vue-project\wind-power-forecast\backend\auto_scripts\dataset\dataset_middle\20250401.csv，等待 30 秒后重试...
2025-04-01 23:04:28,846 - 检查模型目录: D:\my-vue-project\wind-power-forecast\backend\auto_scripts\models\middlemodel\20250401
2025-04-01 23:04:28,846 - 未找到best_models目录，检查传统模型文件
2025-04-01 23:04:28,846 - 未找到任何可用模型文件
2025-04-01 23:04:28,846 - ⏳ 未有可用模型，等待模型训练完成...
2025-04-01 23:04:58,696 - ❌ 未找到训练 CSV 文件: D:\my-vue-project\wind-power-forecast\backend\auto_scripts\dataset\dataset_middle\20250401.csv，等待 30 秒后重试...
2025-04-01 23:04:58,851 - 检查模型目录: D:\my-vue-project\wind-power-forecast\backend\auto_scripts\models\middlemodel\20250401
2025-04-01 23:04:58,851 - 未找到best_models目录，检查传统模型文件
2025-04-01 23:04:58,851 - 未找到任何可用模型文件
2025-04-01 23:04:58,851 - ⏳ 未有可用模型，等待模型训练完成...
2025-04-01 23:05:28,702 - ❌ 未找到训练 CSV 文件: D:\my-vue-project\wind-power-forecast\backend\auto_scripts\dataset\dataset_middle\20250401.csv，等待 30 秒后重试...
2025-04-01 23:05:28,859 - 检查模型目录: D:\my-vue-project\wind-power-forecast\backend\auto_scripts\models\middlemodel\20250401
2025-04-01 23:05:28,860 - 未找到best_models目录，检查传统模型文件
2025-04-01 23:05:28,861 - 未找到任何可用模型文件
2025-04-01 23:05:28,862 - ⏳ 未有可用模型，等待模型训练完成...
2025-04-01 23:05:58,706 - ❌ 未找到训练 CSV 文件: D:\my-vue-project\wind-power-forecast\backend\auto_scripts\dataset\dataset_middle\20250401.csv，等待 30 秒后重试...
2025-04-01 23:05:58,877 - 检查模型目录: D:\my-vue-project\wind-power-forecast\backend\auto_scripts\models\middlemodel\20250401
2025-04-01 23:05:58,878 - 未找到best_models目录，检查传统模型文件
2025-04-01 23:05:58,878 - 未找到任何可用模型文件
2025-04-01 23:05:58,879 - ⏳ 未有可用模型，等待模型训练完成...
2025-04-01 23:06:28,708 - ❌ 未找到训练 CSV 文件: D:\my-vue-project\wind-power-forecast\backend\auto_scripts\dataset\dataset_middle\20250401.csv，等待 30 秒后重试...
2025-04-01 23:06:28,879 - 检查模型目录: D:\my-vue-project\wind-power-forecast\backend\auto_scripts\models\middlemodel\20250401
2025-04-01 23:06:28,880 - 未找到best_models目录，检查传统模型文件
2025-04-01 23:06:28,881 - 未找到任何可用模型文件
2025-04-01 23:06:28,881 - ⏳ 未有可用模型，等待模型训练完成...
2025-04-01 23:06:58,718 - ❌ 未找到训练 CSV 文件: D:\my-vue-project\wind-power-forecast\backend\auto_scripts\dataset\dataset_middle\20250401.csv，等待 30 秒后重试...
2025-04-01 23:06:58,890 - 检查模型目录: D:\my-vue-project\wind-power-forecast\backend\auto_scripts\models\middlemodel\20250401
2025-04-01 23:06:58,891 - 未找到best_models目录，检查传统模型文件
2025-04-01 23:06:58,891 - 未找到任何可用模型文件
2025-04-01 23:06:58,891 - ⏳ 未有可用模型，等待模型训练完成...
2025-04-01 23:07:28,732 - ❌ 未找到训练 CSV 文件: D:\my-vue-project\wind-power-forecast\backend\auto_scripts\dataset\dataset_middle\20250401.csv，等待 30 秒后重试...
2025-04-01 23:07:28,902 - 检查模型目录: D:\my-vue-project\wind-power-forecast\backend\auto_scripts\models\middlemodel\20250401
2025-04-01 23:07:28,902 - 未找到best_models目录，检查传统模型文件
2025-04-01 23:07:28,902 - 未找到任何可用模型文件
2025-04-01 23:07:28,902 - ⏳ 未有可用模型，等待模型训练完成...
2025-04-01 23:07:58,744 - ❌ 未找到训练 CSV 文件: D:\my-vue-project\wind-power-forecast\backend\auto_scripts\dataset\dataset_middle\20250401.csv，等待 30 秒后重试...
2025-04-01 23:07:58,918 - 检查模型目录: D:\my-vue-project\wind-power-forecast\backend\auto_scripts\models\middlemodel\20250401
2025-04-01 23:07:58,918 - 未找到best_models目录，检查传统模型文件
2025-04-01 23:07:58,918 - 未找到任何可用模型文件
2025-04-01 23:07:58,918 - ⏳ 未有可用模型，等待模型训练完成...
2025-04-01 23:08:28,761 - ❌ 未找到训练 CSV 文件: D:\my-vue-project\wind-power-forecast\backend\auto_scripts\dataset\dataset_middle\20250401.csv，等待 30 秒后重试...
2025-04-01 23:08:28,930 - 检查模型目录: D:\my-vue-project\wind-power-forecast\backend\auto_scripts\models\middlemodel\20250401
2025-04-01 23:08:28,930 - 未找到best_models目录，检查传统模型文件
2025-04-01 23:08:28,930 - 未找到任何可用模型文件
2025-04-01 23:08:28,931 - ⏳ 未有可用模型，等待模型训练完成...
2025-04-01 23:08:58,765 - ❌ 未找到训练 CSV 文件: D:\my-vue-project\wind-power-forecast\backend\auto_scripts\dataset\dataset_middle\20250401.csv，等待 30 秒后重试...
2025-04-01 23:08:58,937 - 检查模型目录: D:\my-vue-project\wind-power-forecast\backend\auto_scripts\models\middlemodel\20250401
2025-04-01 23:08:58,937 - 未找到best_models目录，检查传统模型文件
2025-04-01 23:08:58,937 - 未找到任何可用模型文件
2025-04-01 23:08:58,938 - ⏳ 未有可用模型，等待模型训练完成...
2025-04-01 23:09:28,781 - ❌ 未找到训练 CSV 文件: D:\my-vue-project\wind-power-forecast\backend\auto_scripts\dataset\dataset_middle\20250401.csv，等待 30 秒后重试...
2025-04-01 23:09:28,954 - 检查模型目录: D:\my-vue-project\wind-power-forecast\backend\auto_scripts\models\middlemodel\20250401
2025-04-01 23:09:28,955 - 未找到best_models目录，检查传统模型文件
2025-04-01 23:09:28,956 - 未找到任何可用模型文件
2025-04-01 23:09:28,957 - ⏳ 未有可用模型，等待模型训练完成...
2025-04-01 23:10:16,922 - 
================================================================================
2025-04-01 23:10:16,922 - >>> 自动训练预测系统启动 <<<
2025-04-01 23:10:16,922 - ================================================================================

2025-04-01 23:10:16,922 - 自动训练预测系统启动
2025-04-01 23:10:16,922 - 今天的日期是: 20250401
2025-04-01 23:10:16,922 - 创建监视线程...
2025-04-01 23:10:16,922 - 启动训练线程...
2025-04-01 23:10:16,923 - 启动预测线程...
2025-04-01 23:10:16,923 - 
================================================================================
2025-04-01 23:10:16,923 - >>> 启动训练监视线程 <<<
2025-04-01 23:10:16,923 - 等待线程完成...
2025-04-01 23:10:16,923 - 
================================================================================
2025-04-01 23:10:16,923 - ================================================================================

2025-04-01 23:10:16,923 - 启动训练监视线程
2025-04-01 23:10:16,923 - >>> 启动预测监视线程 <<<
2025-04-01 23:10:16,924 - ================================================================================

2025-04-01 23:10:16,924 - 启动预测监视线程
2025-04-01 23:10:16,924 - 训练文件路径: D:\my-vue-project\wind-power-forecast\backend\auto_scripts\dataset\dataset_middle\20250401.csv
2025-04-01 23:10:16,924 - 模型存储目录: D:\my-vue-project\wind-power-forecast\backend\auto_scripts\models\middlemodel\20250401
2025-04-01 23:10:16,924 - 训练完成标志文件: D:\my-vue-project\wind-power-forecast\backend\auto_scripts\scripts\middle\logs\auto_pre_train\20250401_train_done.flag
2025-04-01 23:10:16,924 - 开始监视 D:\my-vue-project\wind-power-forecast\backend\auto_scripts\dataset\dataset_middle 文件夹以进行训练...
2025-04-01 23:10:16,924 - 预测数据文件路径: D:\my-vue-project\wind-power-forecast\backend\auto_scripts\precsv\middlecsv\20250401.csv
2025-04-01 23:10:16,924 - 模型目录: D:\my-vue-project\wind-power-forecast\backend\auto_scripts\models\middlemodel\20250401
2025-04-01 23:10:16,924 - 预测完成标志文件: D:\my-vue-project\wind-power-forecast\backend\auto_scripts\scripts\middle\logs\auto_pre_train\20250401_predict_done.flag
2025-04-01 23:10:16,924 - ❌ 未找到训练 CSV 文件: D:\my-vue-project\wind-power-forecast\backend\auto_scripts\dataset\dataset_middle\20250401.csv，等待 30 秒后重试...
2025-04-01 23:10:16,924 - 开始监视 D:\my-vue-project\wind-power-forecast\backend\auto_scripts\precsv\middlecsv 文件夹以进行预测...
2025-04-01 23:10:16,925 - 检查模型目录: D:\my-vue-project\wind-power-forecast\backend\auto_scripts\models\middlemodel\20250401
2025-04-01 23:10:16,925 - 未找到best_models目录，检查传统模型文件
2025-04-01 23:10:16,925 - 未找到任何可用模型文件
2025-04-01 23:10:16,925 - ⏳ 未有可用模型，等待模型训练完成...
2025-04-01 23:10:46,939 - 检查模型目录: D:\my-vue-project\wind-power-forecast\backend\auto_scripts\models\middlemodel\20250401
2025-04-01 23:10:46,939 - ❌ 未找到训练 CSV 文件: D:\my-vue-project\wind-power-forecast\backend\auto_scripts\dataset\dataset_middle\20250401.csv，等待 30 秒后重试...
2025-04-01 23:10:46,940 - 未找到best_models目录，检查传统模型文件
2025-04-01 23:10:46,940 - 未找到任何可用模型文件
2025-04-01 23:10:46,940 - ⏳ 未有可用模型，等待模型训练完成...
