2025-04-03 09:38:15,437 - 
================================================================================
2025-04-03 09:38:15,437 - >>> 自动训练预测系统启动 <<<
2025-04-03 09:38:15,437 - ================================================================================

2025-04-03 09:38:15,437 - 自动训练预测系统启动
2025-04-03 09:38:15,437 - 今天的日期是: 20250403
2025-04-03 09:38:15,437 - 创建监视线程...
2025-04-03 09:38:15,437 - 启动训练线程...
2025-04-03 09:38:15,438 - 
================================================================================
2025-04-03 09:38:15,438 - 启动预测线程...
2025-04-03 09:38:15,438 - >>> 启动训练监视线程 <<<
2025-04-03 09:38:15,438 - ================================================================================

2025-04-03 09:38:15,439 - 等待线程完成...
2025-04-03 09:38:15,439 - 
================================================================================
2025-04-03 09:38:15,439 - 启动训练监视线程
2025-04-03 09:38:15,439 - >>> 启动预测监视线程 <<<
2025-04-03 09:38:15,439 - ================================================================================

2025-04-03 09:38:15,439 - 启动预测监视线程
2025-04-03 09:38:15,440 - 训练文件路径: D:\my-vue-project\wind-power-forecast\backend\auto_scripts\dataset\dataset_short\20250403.csv
2025-04-03 09:38:15,440 - 模型存储目录: D:\my-vue-project\wind-power-forecast\backend\auto_scripts\models\shortmodel\20250403
2025-04-03 09:38:15,440 - 训练完成标志文件: D:\my-vue-project\wind-power-forecast\backend\auto_scripts\scripts\short\logs\auto_pre_train\20250403_train_done.flag
2025-04-03 09:38:15,440 - 开始监视 D:\my-vue-project\wind-power-forecast\backend\auto_scripts\dataset\dataset_short 文件夹以进行训练...
2025-04-03 09:38:15,440 - 预测数据文件路径: D:\my-vue-project\wind-power-forecast\backend\auto_scripts\precsv\shortcsv\20250403.csv
2025-04-03 09:38:15,440 - 模型目录: D:\my-vue-project\wind-power-forecast\backend\auto_scripts\models\shortmodel\20250403
2025-04-03 09:38:15,440 - 预测完成标志文件: D:\my-vue-project\wind-power-forecast\backend\auto_scripts\scripts\short\logs\auto_pre_train\20250403_predict_done.flag
2025-04-03 09:38:15,440 - 开始监视 D:\my-vue-project\wind-power-forecast\backend\auto_scripts\precsv\shortcsv 文件夹以进行预测...
2025-04-03 09:38:15,440 - ❌ 未找到训练 CSV 文件: D:\my-vue-project\wind-power-forecast\backend\auto_scripts\dataset\dataset_short\20250403.csv，等待 30 秒后重试...
2025-04-03 09:38:15,441 - 检查模型目录: D:\my-vue-project\wind-power-forecast\backend\auto_scripts\models\shortmodel\20250403
2025-04-03 09:38:15,441 - 未找到best_models目录，检查传统模型文件
2025-04-03 09:38:15,441 - 未找到任何可用模型文件
2025-04-03 09:38:15,441 - ⏳ 未有可用模型，等待模型训练完成...
2025-04-03 09:38:45,443 - 检查模型目录: D:\my-vue-project\wind-power-forecast\backend\auto_scripts\models\shortmodel\20250403
2025-04-03 09:38:45,443 - ❌ 未找到训练 CSV 文件: D:\my-vue-project\wind-power-forecast\backend\auto_scripts\dataset\dataset_short\20250403.csv，等待 30 秒后重试...
2025-04-03 09:38:45,443 - 未找到best_models目录，检查传统模型文件
2025-04-03 09:38:45,444 - 未找到任何可用模型文件
2025-04-03 09:38:45,444 - ⏳ 未有可用模型，等待模型训练完成...
2025-04-03 09:39:15,451 - 检查模型目录: D:\my-vue-project\wind-power-forecast\backend\auto_scripts\models\shortmodel\20250403
2025-04-03 09:39:15,451 - ❌ 未找到训练 CSV 文件: D:\my-vue-project\wind-power-forecast\backend\auto_scripts\dataset\dataset_short\20250403.csv，等待 30 秒后重试...
2025-04-03 09:39:15,452 - 未找到best_models目录，检查传统模型文件
2025-04-03 09:39:15,452 - 未找到任何可用模型文件
2025-04-03 09:39:15,452 - ⏳ 未有可用模型，等待模型训练完成...
2025-04-03 09:39:45,460 - 检查模型目录: D:\my-vue-project\wind-power-forecast\backend\auto_scripts\models\shortmodel\20250403
2025-04-03 09:39:45,460 - ❌ 未找到训练 CSV 文件: D:\my-vue-project\wind-power-forecast\backend\auto_scripts\dataset\dataset_short\20250403.csv，等待 30 秒后重试...
2025-04-03 09:39:45,460 - 未找到best_models目录，检查传统模型文件
2025-04-03 09:39:45,461 - 未找到任何可用模型文件
2025-04-03 09:39:45,461 - ⏳ 未有可用模型，等待模型训练完成...
2025-04-03 09:40:15,462 - 检查模型目录: D:\my-vue-project\wind-power-forecast\backend\auto_scripts\models\shortmodel\20250403
2025-04-03 09:40:15,462 - ❌ 未找到训练 CSV 文件: D:\my-vue-project\wind-power-forecast\backend\auto_scripts\dataset\dataset_short\20250403.csv，等待 30 秒后重试...
2025-04-03 09:40:15,463 - 未找到best_models目录，检查传统模型文件
2025-04-03 09:40:15,463 - 未找到任何可用模型文件
2025-04-03 09:40:15,463 - ⏳ 未有可用模型，等待模型训练完成...
2025-04-03 09:40:45,466 - 检查模型目录: D:\my-vue-project\wind-power-forecast\backend\auto_scripts\models\shortmodel\20250403
2025-04-03 09:40:45,466 - ❌ 未找到训练 CSV 文件: D:\my-vue-project\wind-power-forecast\backend\auto_scripts\dataset\dataset_short\20250403.csv，等待 30 秒后重试...
2025-04-03 09:40:45,466 - 未找到best_models目录，检查传统模型文件
2025-04-03 09:40:45,466 - 未找到任何可用模型文件
2025-04-03 09:40:45,466 - ⏳ 未有可用模型，等待模型训练完成...
2025-04-03 09:41:15,481 - 检查模型目录: D:\my-vue-project\wind-power-forecast\backend\auto_scripts\models\shortmodel\20250403
2025-04-03 09:41:15,481 - ❌ 未找到训练 CSV 文件: D:\my-vue-project\wind-power-forecast\backend\auto_scripts\dataset\dataset_short\20250403.csv，等待 30 秒后重试...
2025-04-03 09:41:15,481 - 未找到best_models目录，检查传统模型文件
2025-04-03 09:41:15,481 - 未找到任何可用模型文件
2025-04-03 09:41:15,481 - ⏳ 未有可用模型，等待模型训练完成...
2025-04-03 09:41:45,496 - 检查模型目录: D:\my-vue-project\wind-power-forecast\backend\auto_scripts\models\shortmodel\20250403
2025-04-03 09:41:45,496 - ❌ 未找到训练 CSV 文件: D:\my-vue-project\wind-power-forecast\backend\auto_scripts\dataset\dataset_short\20250403.csv，等待 30 秒后重试...
2025-04-03 09:41:45,496 - 未找到best_models目录，检查传统模型文件
2025-04-03 09:41:45,497 - 未找到任何可用模型文件
2025-04-03 09:41:45,497 - ⏳ 未有可用模型，等待模型训练完成...
2025-04-03 09:42:09,358 - 
================================================================================
2025-04-03 09:42:09,358 - >>> 自动训练预测系统启动 <<<
2025-04-03 09:42:09,358 - ================================================================================

2025-04-03 09:42:09,358 - 自动训练预测系统启动
2025-04-03 09:42:09,359 - 今天的日期是: 20250403
2025-04-03 09:42:09,359 - 创建监视线程...
2025-04-03 09:42:09,359 - 启动训练线程...
2025-04-03 09:42:09,359 - 启动预测线程...
2025-04-03 09:42:09,360 - 
================================================================================
2025-04-03 09:42:09,360 - >>> 启动训练监视线程 <<<
2025-04-03 09:42:09,360 - 等待线程完成...
2025-04-03 09:42:09,360 - ================================================================================

2025-04-03 09:42:09,360 - 
================================================================================
2025-04-03 09:42:09,360 - 启动训练监视线程
2025-04-03 09:42:09,360 - >>> 启动预测监视线程 <<<
2025-04-03 09:42:09,360 - ================================================================================

2025-04-03 09:42:09,360 - 启动预测监视线程
2025-04-03 09:42:09,360 - 训练文件路径: D:\my-vue-project\wind-power-forecast\backend\auto_scripts\dataset\dataset_short\20250403.csv
2025-04-03 09:42:09,361 - 模型存储目录: D:\my-vue-project\wind-power-forecast\backend\auto_scripts\models\shortmodel\20250403
2025-04-03 09:42:09,361 - 预测数据文件路径: D:\my-vue-project\wind-power-forecast\backend\auto_scripts\precsv\shortcsv\20250403.csv
2025-04-03 09:42:09,361 - 训练完成标志文件: D:\my-vue-project\wind-power-forecast\backend\auto_scripts\scripts\short\logs\auto_pre_train\20250403_train_done.flag
2025-04-03 09:42:09,361 - 模型目录: D:\my-vue-project\wind-power-forecast\backend\auto_scripts\models\shortmodel\20250403
2025-04-03 09:42:09,361 - 开始监视 D:\my-vue-project\wind-power-forecast\backend\auto_scripts\dataset\dataset_short 文件夹以进行训练...
2025-04-03 09:42:09,361 - 预测完成标志文件: D:\my-vue-project\wind-power-forecast\backend\auto_scripts\scripts\short\logs\auto_pre_train\20250403_predict_done.flag
2025-04-03 09:42:09,361 - 开始监视 D:\my-vue-project\wind-power-forecast\backend\auto_scripts\precsv\shortcsv 文件夹以进行预测...
2025-04-03 09:42:09,361 - ❌ 未找到训练 CSV 文件: D:\my-vue-project\wind-power-forecast\backend\auto_scripts\dataset\dataset_short\20250403.csv，等待 30 秒后重试...
2025-04-03 09:42:09,361 - 检查模型目录: D:\my-vue-project\wind-power-forecast\backend\auto_scripts\models\shortmodel\20250403
2025-04-03 09:42:09,361 - 未找到best_models目录，检查传统模型文件
2025-04-03 09:42:09,361 - 未找到任何可用模型文件
2025-04-03 09:42:09,362 - ⏳ 未有可用模型，等待模型训练完成...
2025-04-03 09:42:39,372 - 检查模型目录: D:\my-vue-project\wind-power-forecast\backend\auto_scripts\models\shortmodel\20250403
2025-04-03 09:42:39,372 - ❌ 未找到训练 CSV 文件: D:\my-vue-project\wind-power-forecast\backend\auto_scripts\dataset\dataset_short\20250403.csv，等待 30 秒后重试...
2025-04-03 09:42:39,373 - 未找到best_models目录，检查传统模型文件
2025-04-03 09:42:39,373 - 未找到任何可用模型文件
2025-04-03 09:42:39,373 - ⏳ 未有可用模型，等待模型训练完成...
2025-04-03 09:43:09,377 - 检查模型目录: D:\my-vue-project\wind-power-forecast\backend\auto_scripts\models\shortmodel\20250403
2025-04-03 09:43:09,377 - ❌ 未找到训练 CSV 文件: D:\my-vue-project\wind-power-forecast\backend\auto_scripts\dataset\dataset_short\20250403.csv，等待 30 秒后重试...
2025-04-03 09:43:09,378 - 未找到best_models目录，检查传统模型文件
2025-04-03 09:43:09,378 - 未找到任何可用模型文件
2025-04-03 09:43:09,378 - ⏳ 未有可用模型，等待模型训练完成...
2025-04-03 09:43:39,389 - ❌ 未找到训练 CSV 文件: D:\my-vue-project\wind-power-forecast\backend\auto_scripts\dataset\dataset_short\20250403.csv，等待 30 秒后重试...
2025-04-03 09:43:39,389 - 检查模型目录: D:\my-vue-project\wind-power-forecast\backend\auto_scripts\models\shortmodel\20250403
2025-04-03 09:43:39,389 - 未找到best_models目录，检查传统模型文件
2025-04-03 09:43:39,389 - 未找到任何可用模型文件
2025-04-03 09:43:39,389 - ⏳ 未有可用模型，等待模型训练完成...
2025-04-03 09:44:09,398 - 检查模型目录: D:\my-vue-project\wind-power-forecast\backend\auto_scripts\models\shortmodel\20250403
2025-04-03 09:44:09,398 - ❌ 未找到训练 CSV 文件: D:\my-vue-project\wind-power-forecast\backend\auto_scripts\dataset\dataset_short\20250403.csv，等待 30 秒后重试...
2025-04-03 09:44:09,398 - 未找到best_models目录，检查传统模型文件
2025-04-03 09:44:09,398 - 未找到任何可用模型文件
2025-04-03 09:44:09,399 - ⏳ 未有可用模型，等待模型训练完成...
2025-04-03 09:44:39,414 - 检查模型目录: D:\my-vue-project\wind-power-forecast\backend\auto_scripts\models\shortmodel\20250403
2025-04-03 09:44:39,414 - ❌ 未找到训练 CSV 文件: D:\my-vue-project\wind-power-forecast\backend\auto_scripts\dataset\dataset_short\20250403.csv，等待 30 秒后重试...
2025-04-03 09:44:39,414 - 未找到best_models目录，检查传统模型文件
2025-04-03 09:44:39,414 - 未找到任何可用模型文件
2025-04-03 09:44:39,415 - ⏳ 未有可用模型，等待模型训练完成...
2025-04-03 09:45:09,417 - 检查模型目录: D:\my-vue-project\wind-power-forecast\backend\auto_scripts\models\shortmodel\20250403
2025-04-03 09:45:09,417 - ❌ 未找到训练 CSV 文件: D:\my-vue-project\wind-power-forecast\backend\auto_scripts\dataset\dataset_short\20250403.csv，等待 30 秒后重试...
2025-04-03 09:45:09,417 - 未找到best_models目录，检查传统模型文件
2025-04-03 09:45:09,417 - 未找到任何可用模型文件
2025-04-03 09:45:09,417 - ⏳ 未有可用模型，等待模型训练完成...
2025-04-03 09:45:39,427 - 检查模型目录: D:\my-vue-project\wind-power-forecast\backend\auto_scripts\models\shortmodel\20250403
2025-04-03 09:45:39,427 - ❌ 未找到训练 CSV 文件: D:\my-vue-project\wind-power-forecast\backend\auto_scripts\dataset\dataset_short\20250403.csv，等待 30 秒后重试...
2025-04-03 09:45:39,427 - 未找到best_models目录，检查传统模型文件
2025-04-03 09:45:39,427 - 未找到任何可用模型文件
2025-04-03 09:45:39,428 - ⏳ 未有可用模型，等待模型训练完成...
2025-04-03 09:46:09,437 - 检查模型目录: D:\my-vue-project\wind-power-forecast\backend\auto_scripts\models\shortmodel\20250403
2025-04-03 09:46:09,437 - ❌ 未找到训练 CSV 文件: D:\my-vue-project\wind-power-forecast\backend\auto_scripts\dataset\dataset_short\20250403.csv，等待 30 秒后重试...
2025-04-03 09:46:09,437 - 未找到best_models目录，检查传统模型文件
2025-04-03 09:46:09,437 - 未找到任何可用模型文件
2025-04-03 09:46:09,437 - ⏳ 未有可用模型，等待模型训练完成...
2025-04-03 09:46:39,449 - ❌ 未找到训练 CSV 文件: D:\my-vue-project\wind-power-forecast\backend\auto_scripts\dataset\dataset_short\20250403.csv，等待 30 秒后重试...
2025-04-03 09:46:39,449 - 检查模型目录: D:\my-vue-project\wind-power-forecast\backend\auto_scripts\models\shortmodel\20250403
2025-04-03 09:46:39,449 - 未找到best_models目录，检查传统模型文件
2025-04-03 09:46:39,449 - 未找到任何可用模型文件
2025-04-03 09:46:39,449 - ⏳ 未有可用模型，等待模型训练完成...
2025-04-03 09:47:09,451 - 检查模型目录: D:\my-vue-project\wind-power-forecast\backend\auto_scripts\models\shortmodel\20250403
2025-04-03 09:47:09,451 - ❌ 未找到训练 CSV 文件: D:\my-vue-project\wind-power-forecast\backend\auto_scripts\dataset\dataset_short\20250403.csv，等待 30 秒后重试...
2025-04-03 09:47:09,451 - 未找到best_models目录，检查传统模型文件
2025-04-03 09:47:09,451 - 未找到任何可用模型文件
2025-04-03 09:47:09,451 - ⏳ 未有可用模型，等待模型训练完成...
2025-04-03 09:47:39,452 - 检查模型目录: D:\my-vue-project\wind-power-forecast\backend\auto_scripts\models\shortmodel\20250403
2025-04-03 09:47:39,452 - ❌ 未找到训练 CSV 文件: D:\my-vue-project\wind-power-forecast\backend\auto_scripts\dataset\dataset_short\20250403.csv，等待 30 秒后重试...
2025-04-03 09:47:39,452 - 未找到best_models目录，检查传统模型文件
2025-04-03 09:47:39,452 - 未找到任何可用模型文件
2025-04-03 09:47:39,453 - ⏳ 未有可用模型，等待模型训练完成...
2025-04-03 09:48:09,455 - 检查模型目录: D:\my-vue-project\wind-power-forecast\backend\auto_scripts\models\shortmodel\20250403
2025-04-03 09:48:09,455 - ❌ 未找到训练 CSV 文件: D:\my-vue-project\wind-power-forecast\backend\auto_scripts\dataset\dataset_short\20250403.csv，等待 30 秒后重试...
2025-04-03 09:48:09,455 - 未找到best_models目录，检查传统模型文件
2025-04-03 09:48:09,455 - 未找到任何可用模型文件
2025-04-03 09:48:09,456 - ⏳ 未有可用模型，等待模型训练完成...
2025-04-03 09:48:39,457 - 检查模型目录: D:\my-vue-project\wind-power-forecast\backend\auto_scripts\models\shortmodel\20250403
2025-04-03 09:48:39,457 - ❌ 未找到训练 CSV 文件: D:\my-vue-project\wind-power-forecast\backend\auto_scripts\dataset\dataset_short\20250403.csv，等待 30 秒后重试...
2025-04-03 09:48:39,458 - 未找到best_models目录，检查传统模型文件
2025-04-03 09:48:39,458 - 未找到任何可用模型文件
2025-04-03 09:48:39,458 - ⏳ 未有可用模型，等待模型训练完成...
2025-04-03 09:49:09,469 - 检查模型目录: D:\my-vue-project\wind-power-forecast\backend\auto_scripts\models\shortmodel\20250403
2025-04-03 09:49:09,469 - 未找到best_models目录，检查传统模型文件
2025-04-03 09:49:09,469 - 未找到任何可用模型文件
2025-04-03 09:49:09,469 - ⏳ 未有可用模型，等待模型训练完成...
2025-04-03 09:49:09,469 - ❌ 未找到训练 CSV 文件: D:\my-vue-project\wind-power-forecast\backend\auto_scripts\dataset\dataset_short\20250403.csv，等待 30 秒后重试...
2025-04-03 09:49:39,470 - 检查模型目录: D:\my-vue-project\wind-power-forecast\backend\auto_scripts\models\shortmodel\20250403
2025-04-03 09:49:39,470 - ❌ 未找到训练 CSV 文件: D:\my-vue-project\wind-power-forecast\backend\auto_scripts\dataset\dataset_short\20250403.csv，等待 30 秒后重试...
2025-04-03 09:49:39,470 - 未找到best_models目录，检查传统模型文件
2025-04-03 09:49:39,471 - 未找到任何可用模型文件
2025-04-03 09:49:39,471 - ⏳ 未有可用模型，等待模型训练完成...
2025-04-03 09:50:09,481 - 检查模型目录: D:\my-vue-project\wind-power-forecast\backend\auto_scripts\models\shortmodel\20250403
2025-04-03 09:50:09,481 - ❌ 未找到训练 CSV 文件: D:\my-vue-project\wind-power-forecast\backend\auto_scripts\dataset\dataset_short\20250403.csv，等待 30 秒后重试...
2025-04-03 09:50:09,481 - 未找到best_models目录，检查传统模型文件
2025-04-03 09:50:09,481 - 未找到任何可用模型文件
2025-04-03 09:50:09,481 - ⏳ 未有可用模型，等待模型训练完成...
2025-04-03 09:50:39,494 - 检查模型目录: D:\my-vue-project\wind-power-forecast\backend\auto_scripts\models\shortmodel\20250403
2025-04-03 09:50:39,494 - ❌ 未找到训练 CSV 文件: D:\my-vue-project\wind-power-forecast\backend\auto_scripts\dataset\dataset_short\20250403.csv，等待 30 秒后重试...
2025-04-03 09:50:39,494 - 未找到best_models目录，检查传统模型文件
2025-04-03 09:50:39,494 - 未找到任何可用模型文件
2025-04-03 09:50:39,494 - ⏳ 未有可用模型，等待模型训练完成...
2025-04-03 09:51:09,501 - 检查模型目录: D:\my-vue-project\wind-power-forecast\backend\auto_scripts\models\shortmodel\20250403
2025-04-03 09:51:09,501 - ❌ 未找到训练 CSV 文件: D:\my-vue-project\wind-power-forecast\backend\auto_scripts\dataset\dataset_short\20250403.csv，等待 30 秒后重试...
2025-04-03 09:51:09,501 - 未找到best_models目录，检查传统模型文件
2025-04-03 09:51:09,501 - 未找到任何可用模型文件
2025-04-03 09:51:09,501 - ⏳ 未有可用模型，等待模型训练完成...
2025-04-03 09:51:39,504 - 检查模型目录: D:\my-vue-project\wind-power-forecast\backend\auto_scripts\models\shortmodel\20250403
2025-04-03 09:51:39,504 - ❌ 未找到训练 CSV 文件: D:\my-vue-project\wind-power-forecast\backend\auto_scripts\dataset\dataset_short\20250403.csv，等待 30 秒后重试...
2025-04-03 09:51:39,504 - 未找到best_models目录，检查传统模型文件
2025-04-03 09:51:39,504 - 未找到任何可用模型文件
2025-04-03 09:51:39,504 - ⏳ 未有可用模型，等待模型训练完成...
2025-04-03 09:52:09,510 - 检查模型目录: D:\my-vue-project\wind-power-forecast\backend\auto_scripts\models\shortmodel\20250403
2025-04-03 09:52:09,511 - ❌ 未找到训练 CSV 文件: D:\my-vue-project\wind-power-forecast\backend\auto_scripts\dataset\dataset_short\20250403.csv，等待 30 秒后重试...
2025-04-03 09:52:09,511 - 未找到best_models目录，检查传统模型文件
2025-04-03 09:52:09,511 - 未找到任何可用模型文件
2025-04-03 09:52:09,511 - ⏳ 未有可用模型，等待模型训练完成...
2025-04-03 09:52:39,524 - 检查模型目录: D:\my-vue-project\wind-power-forecast\backend\auto_scripts\models\shortmodel\20250403
2025-04-03 09:52:39,524 - ❌ 未找到训练 CSV 文件: D:\my-vue-project\wind-power-forecast\backend\auto_scripts\dataset\dataset_short\20250403.csv，等待 30 秒后重试...
2025-04-03 09:52:39,524 - 未找到best_models目录，检查传统模型文件
2025-04-03 09:52:39,525 - 未找到任何可用模型文件
2025-04-03 09:52:39,525 - ⏳ 未有可用模型，等待模型训练完成...
2025-04-03 09:53:09,527 - 检查模型目录: D:\my-vue-project\wind-power-forecast\backend\auto_scripts\models\shortmodel\20250403
2025-04-03 09:53:09,528 - ❌ 未找到训练 CSV 文件: D:\my-vue-project\wind-power-forecast\backend\auto_scripts\dataset\dataset_short\20250403.csv，等待 30 秒后重试...
2025-04-03 09:53:09,528 - 未找到best_models目录，检查传统模型文件
2025-04-03 09:53:09,528 - 未找到任何可用模型文件
2025-04-03 09:53:09,528 - ⏳ 未有可用模型，等待模型训练完成...
2025-04-03 09:53:39,543 - 检查模型目录: D:\my-vue-project\wind-power-forecast\backend\auto_scripts\models\shortmodel\20250403
2025-04-03 09:53:39,543 - ❌ 未找到训练 CSV 文件: D:\my-vue-project\wind-power-forecast\backend\auto_scripts\dataset\dataset_short\20250403.csv，等待 30 秒后重试...
2025-04-03 09:53:39,543 - 未找到best_models目录，检查传统模型文件
2025-04-03 09:53:39,544 - 未找到任何可用模型文件
2025-04-03 09:53:39,544 - ⏳ 未有可用模型，等待模型训练完成...
2025-04-03 09:54:09,554 - 检查模型目录: D:\my-vue-project\wind-power-forecast\backend\auto_scripts\models\shortmodel\20250403
2025-04-03 09:54:09,554 - ❌ 未找到训练 CSV 文件: D:\my-vue-project\wind-power-forecast\backend\auto_scripts\dataset\dataset_short\20250403.csv，等待 30 秒后重试...
2025-04-03 09:54:09,554 - 未找到best_models目录，检查传统模型文件
2025-04-03 09:54:09,555 - 未找到任何可用模型文件
2025-04-03 09:54:09,555 - ⏳ 未有可用模型，等待模型训练完成...
2025-04-03 09:54:39,556 - 检查模型目录: D:\my-vue-project\wind-power-forecast\backend\auto_scripts\models\shortmodel\20250403
2025-04-03 09:54:39,556 - ❌ 未找到训练 CSV 文件: D:\my-vue-project\wind-power-forecast\backend\auto_scripts\dataset\dataset_short\20250403.csv，等待 30 秒后重试...
2025-04-03 09:54:39,556 - 未找到best_models目录，检查传统模型文件
2025-04-03 09:54:39,557 - 未找到任何可用模型文件
2025-04-03 09:54:39,557 - ⏳ 未有可用模型，等待模型训练完成...
2025-04-03 09:55:09,566 - 检查模型目录: D:\my-vue-project\wind-power-forecast\backend\auto_scripts\models\shortmodel\20250403
2025-04-03 09:55:09,566 - ❌ 未找到训练 CSV 文件: D:\my-vue-project\wind-power-forecast\backend\auto_scripts\dataset\dataset_short\20250403.csv，等待 30 秒后重试...
2025-04-03 09:55:09,566 - 未找到best_models目录，检查传统模型文件
2025-04-03 09:55:09,566 - 未找到任何可用模型文件
2025-04-03 09:55:09,567 - ⏳ 未有可用模型，等待模型训练完成...
2025-04-03 09:55:39,578 - 检查模型目录: D:\my-vue-project\wind-power-forecast\backend\auto_scripts\models\shortmodel\20250403
2025-04-03 09:55:39,578 - ❌ 未找到训练 CSV 文件: D:\my-vue-project\wind-power-forecast\backend\auto_scripts\dataset\dataset_short\20250403.csv，等待 30 秒后重试...
2025-04-03 09:55:39,579 - 未找到best_models目录，检查传统模型文件
2025-04-03 09:55:39,579 - 未找到任何可用模型文件
2025-04-03 09:55:39,579 - ⏳ 未有可用模型，等待模型训练完成...
2025-04-03 09:56:09,590 - 检查模型目录: D:\my-vue-project\wind-power-forecast\backend\auto_scripts\models\shortmodel\20250403
2025-04-03 09:56:09,590 - ❌ 未找到训练 CSV 文件: D:\my-vue-project\wind-power-forecast\backend\auto_scripts\dataset\dataset_short\20250403.csv，等待 30 秒后重试...
2025-04-03 09:56:09,590 - 未找到best_models目录，检查传统模型文件
2025-04-03 09:56:09,591 - 未找到任何可用模型文件
2025-04-03 09:56:09,591 - ⏳ 未有可用模型，等待模型训练完成...
2025-04-03 09:56:39,604 - 检查模型目录: D:\my-vue-project\wind-power-forecast\backend\auto_scripts\models\shortmodel\20250403
2025-04-03 09:56:39,604 - ❌ 未找到训练 CSV 文件: D:\my-vue-project\wind-power-forecast\backend\auto_scripts\dataset\dataset_short\20250403.csv，等待 30 秒后重试...
2025-04-03 09:56:39,604 - 未找到best_models目录，检查传统模型文件
2025-04-03 09:56:39,604 - 未找到任何可用模型文件
2025-04-03 09:56:39,604 - ⏳ 未有可用模型，等待模型训练完成...
2025-04-03 17:59:25,116 - 
================================================================================
2025-04-03 17:59:25,116 - >>> 自动训练预测系统启动 <<<
2025-04-03 17:59:25,116 - ================================================================================

2025-04-03 17:59:25,117 - 自动训练预测系统启动
2025-04-03 17:59:25,117 - 今天的日期是: 20250403
2025-04-03 17:59:25,117 - 创建监视线程...
2025-04-03 17:59:25,117 - 启动训练线程...
2025-04-03 17:59:25,117 - 启动预测线程...
2025-04-03 17:59:25,117 - 
================================================================================
2025-04-03 17:59:25,118 - >>> 启动训练监视线程 <<<
2025-04-03 17:59:25,118 - ================================================================================

2025-04-03 17:59:25,118 - 启动训练监视线程
2025-04-03 17:59:25,118 - 等待线程完成...
2025-04-03 17:59:25,118 - 
================================================================================
2025-04-03 17:59:25,118 - >>> 启动预测监视线程 <<<
2025-04-03 17:59:25,118 - ================================================================================

2025-04-03 17:59:25,118 - 启动预测监视线程
2025-04-03 17:59:25,118 - 训练文件路径: D:\my-vue-project\wind-power-forecast\backend\auto_scripts\dataset\dataset_short\20250403.csv
2025-04-03 17:59:25,118 - 模型存储目录: D:\my-vue-project\wind-power-forecast\backend\auto_scripts\models\shortmodel\20250403
2025-04-03 17:59:25,118 - 训练完成标志文件: D:\my-vue-project\wind-power-forecast\backend\auto_scripts\scripts\short\logs\auto_pre_train\20250403_train_done.flag
2025-04-03 17:59:25,118 - 开始监视 D:\my-vue-project\wind-power-forecast\backend\auto_scripts\dataset\dataset_short 文件夹以进行训练...
2025-04-03 17:59:25,118 - 预测数据文件路径: D:\my-vue-project\wind-power-forecast\backend\auto_scripts\precsv\shortcsv\20250403.csv
2025-04-03 17:59:25,119 - 模型目录: D:\my-vue-project\wind-power-forecast\backend\auto_scripts\models\shortmodel\20250403
2025-04-03 17:59:25,119 - ❌ 未找到训练 CSV 文件: D:\my-vue-project\wind-power-forecast\backend\auto_scripts\dataset\dataset_short\20250403.csv，等待 30 秒后重试...
2025-04-03 17:59:25,119 - 预测完成标志文件: D:\my-vue-project\wind-power-forecast\backend\auto_scripts\scripts\short\logs\auto_pre_train\20250403_predict_done.flag
2025-04-03 17:59:25,119 - 开始监视 D:\my-vue-project\wind-power-forecast\backend\auto_scripts\precsv\shortcsv 文件夹以进行预测...
2025-04-03 17:59:25,119 - 检查模型目录: D:\my-vue-project\wind-power-forecast\backend\auto_scripts\models\shortmodel\20250403
2025-04-03 17:59:25,119 - 未找到best_models目录，检查传统模型文件
2025-04-03 17:59:25,119 - 未找到任何可用模型文件
2025-04-03 17:59:25,119 - ⏳ 未有可用模型，等待模型训练完成...
2025-04-03 17:59:55,122 - 检查模型目录: D:\my-vue-project\wind-power-forecast\backend\auto_scripts\models\shortmodel\20250403
2025-04-03 17:59:55,122 - ❌ 未找到训练 CSV 文件: D:\my-vue-project\wind-power-forecast\backend\auto_scripts\dataset\dataset_short\20250403.csv，等待 30 秒后重试...
2025-04-03 17:59:55,123 - 未找到best_models目录，检查传统模型文件
2025-04-03 17:59:55,123 - 未找到任何可用模型文件
2025-04-03 17:59:55,123 - ⏳ 未有可用模型，等待模型训练完成...
2025-04-03 18:00:25,137 - 检查模型目录: D:\my-vue-project\wind-power-forecast\backend\auto_scripts\models\shortmodel\20250403
2025-04-03 18:00:25,137 - ❌ 未找到训练 CSV 文件: D:\my-vue-project\wind-power-forecast\backend\auto_scripts\dataset\dataset_short\20250403.csv，等待 30 秒后重试...
2025-04-03 18:00:25,138 - 未找到best_models目录，检查传统模型文件
2025-04-03 18:00:25,138 - 未找到任何可用模型文件
2025-04-03 18:00:25,138 - ⏳ 未有可用模型，等待模型训练完成...
2025-04-03 18:16:43,393 - 
================================================================================
2025-04-03 18:16:43,394 - >>> 自动训练预测系统启动 <<<
2025-04-03 18:16:43,394 - ================================================================================

2025-04-03 18:16:43,394 - 自动训练预测系统启动
2025-04-03 18:16:43,394 - 今天的日期是: 20250403
2025-04-03 18:16:43,394 - 创建监视线程...
2025-04-03 18:16:43,394 - 启动训练线程...
2025-04-03 18:16:43,394 - 启动预测线程...
2025-04-03 18:16:43,394 - 
================================================================================
2025-04-03 18:16:43,395 - >>> 启动训练监视线程 <<<
2025-04-03 18:16:43,395 - ================================================================================

2025-04-03 18:16:43,395 - 启动训练监视线程
2025-04-03 18:16:43,395 - 
================================================================================
2025-04-03 18:16:43,395 - 等待线程完成...
2025-04-03 18:16:43,395 - >>> 启动预测监视线程 <<<
2025-04-03 18:16:43,395 - ================================================================================

2025-04-03 18:16:43,395 - 训练文件路径: D:\my-vue-project\wind-power-forecast\backend\auto_scripts\dataset\dataset_short\20250403.csv
2025-04-03 18:16:43,395 - 启动预测监视线程
2025-04-03 18:16:43,395 - 模型存储目录: D:\my-vue-project\wind-power-forecast\backend\auto_scripts\models\shortmodel\20250403
2025-04-03 18:16:43,395 - 训练完成标志文件: D:\my-vue-project\wind-power-forecast\backend\auto_scripts\scripts\short\logs\auto_pre_train\20250403_train_done.flag
2025-04-03 18:16:43,396 - 开始监视 D:\my-vue-project\wind-power-forecast\backend\auto_scripts\dataset\dataset_short 文件夹以进行训练...
2025-04-03 18:16:43,396 - 预测数据文件路径: D:\my-vue-project\wind-power-forecast\backend\auto_scripts\precsv\shortcsv\20250403.csv
2025-04-03 18:16:43,396 - ❌ 未找到训练 CSV 文件: D:\my-vue-project\wind-power-forecast\backend\auto_scripts\dataset\dataset_short\20250403.csv，等待 30 秒后重试...
2025-04-03 18:16:43,396 - 模型目录: D:\my-vue-project\wind-power-forecast\backend\auto_scripts\models\shortmodel\20250403
2025-04-03 18:16:43,396 - 预测完成标志文件: D:\my-vue-project\wind-power-forecast\backend\auto_scripts\scripts\short\logs\auto_pre_train\20250403_predict_done.flag
2025-04-03 18:16:43,396 - 开始监视 D:\my-vue-project\wind-power-forecast\backend\auto_scripts\precsv\shortcsv 文件夹以进行预测...
2025-04-03 18:16:43,396 - 检查模型目录: D:\my-vue-project\wind-power-forecast\backend\auto_scripts\models\shortmodel\20250403
2025-04-03 18:16:43,396 - 未找到best_models目录，检查传统模型文件
2025-04-03 18:16:43,396 - 未找到任何可用模型文件
2025-04-03 18:16:43,396 - ⏳ 未有可用模型，等待模型训练完成...
