2025-05-08 12:51:55,128 - 
================================================================================
2025-05-08 12:51:55,128 - >>> 自动训练预测系统启动 <<<
2025-05-08 12:51:55,129 - ================================================================================

2025-05-08 12:51:55,129 - 自动训练预测系统启动
2025-05-08 12:51:55,129 - 今天的日期是: 20250508
2025-05-08 12:51:55,129 - 创建监视线程...
2025-05-08 12:51:55,129 - 启动训练线程...
2025-05-08 12:51:55,129 - 
================================================================================
2025-05-08 12:51:55,130 - 启动预测线程...
2025-05-08 12:51:55,130 - >>> 启动训练监视线程 <<<
2025-05-08 12:51:55,130 - ================================================================================

2025-05-08 12:51:55,130 - 等待线程完成...
2025-05-08 12:51:55,130 - 开始监控预测过程，日期: 20250508 (将预测 20250508 的下一天)
2025-05-08 12:51:55,131 - 启动训练监视线程
2025-05-08 12:51:55,132 - 将查找明天的预测输入文件，日期: 20250509
2025-05-08 12:51:55,132 - 等待今天的模型目录可用: /app/auto_scripts/scripts/short/models/20250508
2025-05-08 12:51:55,133 - 今天的模型目录不存在，等待 60 秒后重试...
2025-05-08 12:51:55,133 - 训练 CSV 文件路径: /app/auto_scripts/scripts/short/datasets/training_data_short.csv
2025-05-08 12:51:55,133 - 模型存储目录: /app/auto_scripts/scripts/short/models/20250508
2025-05-08 12:51:55,133 - 训练完成标志文件: /app/auto_scripts/scripts/short/logs/auto_pre_train/20250508_train_done.flag
2025-05-08 12:51:55,133 - 开始监视训练任务 (基于标志文件和 CSV 更新)...
2025-05-08 12:51:55,134 - ℹ️ 尝试更新训练 CSV 文件: /app/auto_scripts/scripts/short/datasets/training_data_short.csv
2025-05-08 12:51:55,134 - 开始检查并更新训练 CSV 文件: /app/auto_scripts/scripts/short/datasets/training_data_short.csv
2025-05-08 12:51:55,134 - CSV 文件不存在，将尝试从数据库获取所有数据创建: /app/auto_scripts/scripts/short/datasets/training_data_short.csv
2025-05-08 12:51:55,135 - 正在查询数据库获取新数据...
2025-05-08 12:52:01,106 - 从 train_pre_short 获取了 75741 条新记录。
2025-05-08 12:52:01,228 - Renaming 'timestamp' column from ActualPower query to 'Timestamp'
2025-05-08 12:52:01,228 - 从 actual_power 获取了 74496 条新记录。
2025-05-08 12:52:01,229 - 开始合并从数据库获取的新数据...
2025-05-08 12:52:01,300 - 合并后得到 74496 条新记录。
2025-05-08 12:52:01,301 - 从合并的新数据中删除 'record_id' 列
2025-05-08 12:52:01,456 - 将新数据写入/追加到 CSV 文件...
2025-05-08 12:52:13,616 - 已创建新的 CSV 文件并写入 74496 条记录: /app/auto_scripts/scripts/short/datasets/training_data_short.csv
2025-05-08 12:52:13,617 - ✅ CSV 文件更新检查完成。
2025-05-08 12:52:13,618 - ℹ️ 今天 (20250508) 的训练尚未完成，开始执行训练 (使用 /app/auto_scripts/scripts/short/datasets/training_data_short.csv)...
2025-05-08 12:52:13,618 - 
================================================================================
2025-05-08 12:52:13,618 - >>> 开始模型训练 <<<
2025-05-08 12:52:13,618 - ================================================================================

2025-05-08 12:52:13,618 - 配置信息:
2025-05-08 12:52:13,618 -   - 窗口大小: 16
2025-05-08 12:52:13,618 -   - 滞后特征数: 4
2025-05-08 12:52:13,619 -   - 训练集比例: 0.9
2025-05-08 12:52:13,619 -   - 输出目录: /app/auto_scripts/scripts/short/train_predictions
2025-05-08 12:52:13,619 -   - 模型存储路径: /app/auto_scripts/scripts/short/models/20250508
2025-05-08 12:52:13,619 - 输出结果将保存到: /app/auto_scripts/scripts/short/train_predictions
2025-05-08 12:52:13,619 - 
================================================================================
2025-05-08 12:52:13,619 - >>> 数据加载与预处理 <<<
2025-05-08 12:52:13,619 - ================================================================================

2025-05-08 12:52:13,620 - 加载数据文件: /app/auto_scripts/scripts/short/datasets/training_data_short.csv
2025-05-08 12:52:13,620 - 开始加载和预处理数据...
2025-05-08 12:52:15,645 - 成功从 /app/auto_scripts/scripts/short/datasets/training_data_short.csv 加载 74496 条记录。
2025-05-08 12:52:15,672 - 数据加载完成，共 74496 条记录
2025-05-08 12:52:15,700 - 数据前5行预览: 
             Timestamp  100u_23.8_103.2  ...  ws200_15  wp_true
0  2023-03-03 00:00:00        -0.469210  ...  5.348099    51.05
1  2023-03-03 00:15:00        -0.441257  ...  5.169644    47.02
2  2023-03-03 00:30:00        -0.413305  ...  4.991226    41.42
3  2023-03-03 00:45:00        -0.385353  ...  4.812849    38.99
4  2023-03-03 01:00:00        -0.357401  ...  4.634518    42.64

[5 rows x 332 columns]
2025-05-08 12:52:15,709 - 数据集时间范围: 2023-03-03 至 2025-04-16, 共 25 个月
2025-05-08 12:52:15,709 - 将使用以下时间段训练模型: [None]
2025-05-08 12:52:15,709 - 
================================================================================
2025-05-08 12:52:15,710 - >>> 开始多数据集训练 <<<
2025-05-08 12:52:15,710 - ================================================================================

2025-05-08 12:52:15,710 - 将使用多种时间跨度的数据训练模型...
2025-05-08 12:52:15,710 - 当前内存占用: 1227.63 MB
2025-05-08 12:52:15,710 - 
--------------------------------------------------
【使用多个数据集训练模型】
--------------------------------------------------
2025-05-08 12:52:15,712 - 最佳模型将保存到: /app/auto_scripts/scripts/short/models/20250508/best_models
2025-05-08 12:52:15,712 - 获取统一参数成功，包含 3 种模型类型
2025-05-08 12:52:15,712 - 
--------------------------------------------------
【训练数据集: 全部数据】
--------------------------------------------------
2025-05-08 12:52:15,712 - 使用全部数据的数据进行训练...
2025-05-08 12:52:15,712 - 使用全部数据...
2025-05-08 12:52:15,712 - 过滤后的数据量: 74496
2025-05-08 12:52:15,713 - 当前内存占用: 1227.63 MB
2025-05-08 12:52:15,713 - 对全部数据数据进行预处理...
2025-05-08 12:52:15,870 - 预处理后的特征维度: (74496, 334), 目标变量维度: (74496,)
2025-05-08 12:52:15,904 - 数据集划分完成，训练集: (67046, 334), 验证集: (7450, 334)
2025-05-08 12:52:15,904 - 提取了 7450 个验证集时间戳，用于时间加权评估
2025-05-08 12:52:15,905 - 当前内存占用: 1310.98 MB
2025-05-08 12:52:15,905 - 执行特征工程，滞后特征数: 4...
2025-05-08 12:52:15,905 - 开始特征工程，输入维度: (67046, 334), lags: 4
2025-05-08 12:52:16,155 - 特征工程完成，输出维度: (67046, 949), 发现 4 行含NaN
2025-05-08 12:52:16,155 - --- Auto Script: Engineered Columns (Before Return) ---
2025-05-08 12:52:16,155 - Total columns: 949
2025-05-08 12:52:16,156 - ['100u_23.8_103.2', '100u_23.8_103.3', '100u_23.8_103.4', '100u_23.9_103.2', '100u_23.9_103.3', '100u_23.9_103.4', '100u_24.0_103.2', '100u_24.0_103.3', '100u_24.0_103.4', '100u_24.1_103.2', '100u_24.1_103.3', '100u_24.1_103.4', '100u_24.2_103.2', '100u_24.2_103.3', '100u_24.2_103.4', '100v_23.8_103.2', '100v_23.8_103.3', '100v_23.8_103.4', '100v_23.9_103.2', '100v_23.9_103.3']
2025-05-08 12:52:16,156 - ['ws100_11_lag4', 'ws100_12_lag4', 'ws100_13_lag4', 'ws100_14_lag4', 'ws100_15_lag4', 'ws200_1_lag4', 'ws200_2_lag4', 'ws200_3_lag4', 'ws200_4_lag4', 'ws200_5_lag4', 'ws200_6_lag4', 'ws200_7_lag4', 'ws200_8_lag4', 'ws200_9_lag4', 'ws200_10_lag4', 'ws200_11_lag4', 'ws200_12_lag4', 'ws200_13_lag4', 'ws200_14_lag4', 'ws200_15_lag4']
2025-05-08 12:52:16,156 - 开始特征工程，输入维度: (7450, 334), lags: 4
2025-05-08 12:52:16,267 - 特征工程完成，输出维度: (7450, 949), 发现 4 行含NaN
2025-05-08 12:52:16,268 - --- Auto Script: Engineered Columns (Before Return) ---
2025-05-08 12:52:16,268 - Total columns: 949
2025-05-08 12:52:16,268 - ['100u_23.8_103.2', '100u_23.8_103.3', '100u_23.8_103.4', '100u_23.9_103.2', '100u_23.9_103.3', '100u_23.9_103.4', '100u_24.0_103.2', '100u_24.0_103.3', '100u_24.0_103.4', '100u_24.1_103.2', '100u_24.1_103.3', '100u_24.1_103.4', '100u_24.2_103.2', '100u_24.2_103.3', '100u_24.2_103.4', '100v_23.8_103.2', '100v_23.8_103.3', '100v_23.8_103.4', '100v_23.9_103.2', '100v_23.9_103.3']
2025-05-08 12:52:16,269 - ['ws100_11_lag4', 'ws100_12_lag4', 'ws100_13_lag4', 'ws100_14_lag4', 'ws100_15_lag4', 'ws200_1_lag4', 'ws200_2_lag4', 'ws200_3_lag4', 'ws200_4_lag4', 'ws200_5_lag4', 'ws200_6_lag4', 'ws200_7_lag4', 'ws200_8_lag4', 'ws200_9_lag4', 'ws200_10_lag4', 'ws200_11_lag4', 'ws200_12_lag4', 'ws200_13_lag4', 'ws200_14_lag4', 'ws200_15_lag4']
2025-05-08 12:52:16,269 - 特征工程后，训练集: (67046, 949), 验证集: (7450, 949)
2025-05-08 12:52:16,315 - 移除NaN后，训练集: (67042, 949), 训练集目标变量: 67042
2025-05-08 12:52:16,316 - 移除NaN后，验证集: (7446, 949), 验证集目标变量: 7446
2025-05-08 12:52:16,316 - 调整后的时间戳数量: 7450
2025-05-08 12:52:16,317 - 当前内存占用: 1618.36 MB
2025-05-08 12:52:16,317 - 标准化数据...
2025-05-08 12:52:16,822 - 在训练数据上拟合StandardScaler
2025-05-08 12:52:16,845 - 转换验证/测试数据
2025-05-08 12:52:16,846 - 标准化后，训练集: (67042, 949), 验证集: (7446, 949)
2025-05-08 12:52:16,846 - 当前内存占用: 2103.77 MB
2025-05-08 12:52:16,846 - 创建时间窗口，窗口大小: 16...
2025-05-08 12:52:18,419 - 窗口创建后，训练集: (67027, 15184), 训练集目标: (67027,)
2025-05-08 12:52:18,419 - 窗口创建后，验证集: (7431, 15184), 验证集目标: (7431,)
2025-05-08 12:52:18,421 - ✅ 保存全量数据处理结果，用于后续可能的重训练
2025-05-08 12:52:18,456 - 当前内存占用: 5931.15 MB
2025-05-08 12:52:18,457 - DEBUG: val_target_indices sample: [67065 67066 67067 67068 67069]
2025-05-08 12:52:18,527 - 成功调整时间戳数量: 7431
2025-05-08 12:52:18,527 - 
--------------------------------------------------
【对全部数据数据进行特征选择】
--------------------------------------------------
2025-05-08 12:52:18,527 - 对全部数据数据进行特征选择
2025-05-08 12:52:18,529 - 检查GBDT的特征重要性文件并应用特征选择...
2025-05-08 12:52:18,724 - ✅ 从GBDT的特征重要性文件中选择了TOP 3000个特征
2025-05-08 12:52:20,301 - ✅ 特征选择后：训练集形状 (67027, 3000)，验证集形状 (7431, 3000)
2025-05-08 12:52:20,301 - ℹ️ GBDT 模型将使用选择的 3000 个特征进行训练
2025-05-08 12:52:20,301 - 检查DART的特征重要性文件并应用特征选择...
2025-05-08 12:52:20,507 - ✅ 从DART的特征重要性文件中选择了TOP 3000个特征
2025-05-08 12:52:22,033 - ✅ 特征选择后：训练集形状 (67027, 3000)，验证集形状 (7431, 3000)
2025-05-08 12:52:22,034 - ℹ️ DART 模型将使用选择的 3000 个特征进行训练
2025-05-08 12:52:22,034 - 检查GOSS的特征重要性文件并应用特征选择...
2025-05-08 12:52:22,235 - ✅ 从GOSS的特征重要性文件中选择了TOP 3000个特征
2025-05-08 12:52:23,858 - ✅ 特征选择后：训练集形状 (67027, 3000)，验证集形状 (7431, 3000)
2025-05-08 12:52:23,859 - ℹ️ GOSS 模型将使用选择的 3000 个特征进行训练
2025-05-08 12:52:23,859 - 
--------------------------------------------------
【训练 GBDT 模型 (使用全部数据数据)】
--------------------------------------------------
2025-05-08 12:52:23,859 - 训练 GBDT 模型 (使用全部数据数据)
2025-05-08 12:52:23,859 - ℹ️ 全数据周期，但使用筛选特征，不覆盖 GBDT 的特征重要性
2025-05-08 12:52:23,859 - 
--------------------------------------------------
【开始模型训练与评估】
--------------------------------------------------
2025-05-08 12:52:23,861 - 模型和 scaler 将被保存到目录: /app/auto_scripts/scripts/short/models/20250508/all
2025-05-08 12:52:23,861 - 
--------------------------------------------------
【训练 GBDT 模型】
--------------------------------------------------
2025-05-08 12:52:23,861 - 模型参数: {'boosting_type': 'gbdt', 'objective': 'regression', 'metric': 'rmse', 'num_leaves': 31, 'learning_rate': 0.05, 'feature_fraction': 0.9, 'name': 'GBDT', 'importance_type': 'gain'}
2025-05-08 12:52:23,861 - 开始训练 GBDT 模型...
2025-05-08 12:52:49,659 - GBDT 模型训练完成
2025-05-08 12:52:49,660 - 使用 GBDT 模型预测验证集...
2025-05-08 12:52:49,765 - 使用时间加权方式计算模型评分...
2025-05-08 12:52:49,782 - GBDT 评估结果 - RMSE: 54.2379, K: 0.6470, 加权评分: 0.6589
2025-05-08 12:52:49,782 - ✅ GBDT 成为当前最佳模型 (基于加权评分)
2025-05-08 12:52:49,791 - GBDT 模型已保存到 /app/auto_scripts/scripts/short/models/20250508/all/GBDT.joblib
2025-05-08 12:52:49,836 - Scaler 已保存到 /app/auto_scripts/scripts/short/models/20250508/all/scaler.joblib
2025-05-08 12:52:49,843 - 最佳模型 'GBDT' 已额外保存到 /app/auto_scripts/scripts/short/models/20250508/all/model.joblib
2025-05-08 12:52:49,881 - 
--------------------------------------------------
【训练 DART 模型 (使用全部数据数据)】
--------------------------------------------------
2025-05-08 12:52:49,881 - 训练 DART 模型 (使用全部数据数据)
2025-05-08 12:52:49,881 - ℹ️ 全数据周期，但使用筛选特征，不覆盖 DART 的特征重要性
2025-05-08 12:52:49,882 - 
--------------------------------------------------
【开始模型训练与评估】
--------------------------------------------------
2025-05-08 12:52:49,883 - 模型和 scaler 将被保存到目录: /app/auto_scripts/scripts/short/models/20250508/all
2025-05-08 12:52:49,883 - 
--------------------------------------------------
【训练 DART 模型】
--------------------------------------------------
2025-05-08 12:52:49,884 - 模型参数: {'boosting_type': 'dart', 'objective': 'regression', 'metric': 'rmse', 'num_leaves': 31, 'learning_rate': 0.05, 'feature_fraction': 0.9, 'drop_rate': 0.1, 'name': 'DART', 'importance_type': 'gain'}
2025-05-08 12:52:49,884 - 开始训练 DART 模型...
2025-05-08 12:52:55,187 - 检查模型目录: /app/auto_scripts/scripts/short/models/20250508
2025-05-08 12:52:55,189 - 发现best_models目录: /app/auto_scripts/scripts/short/models/20250508/best_models
2025-05-08 12:52:55,190 - 未找到GBDT模型文件
2025-05-08 12:52:55,191 - 未找到DART模型文件
2025-05-08 12:52:55,192 - 未找到GOSS模型文件
2025-05-08 12:52:55,193 - 未找到任何可用模型文件
2025-05-08 12:52:55,193 - 今天的模型目录中没有可用的模型文件，等待 60 秒后重试...
2025-05-08 12:53:16,834 - DART 模型训练完成
2025-05-08 12:53:16,834 - 使用 DART 模型预测验证集...
2025-05-08 12:53:16,941 - 使用时间加权方式计算模型评分...
2025-05-08 12:53:16,955 - DART 评估结果 - RMSE: 71.1432, K: 0.6472, 加权评分: 0.6708
2025-05-08 12:53:16,956 - ✅ DART 成为当前最佳模型 (基于加权评分)
2025-05-08 12:53:16,965 - DART 模型已保存到 /app/auto_scripts/scripts/short/models/20250508/all/DART.joblib
2025-05-08 12:53:17,004 - Scaler 已保存到 /app/auto_scripts/scripts/short/models/20250508/all/scaler.joblib
2025-05-08 12:53:17,013 - 最佳模型 'DART' 已额外保存到 /app/auto_scripts/scripts/short/models/20250508/all/model.joblib
2025-05-08 12:53:17,050 - 
--------------------------------------------------
【训练 GOSS 模型 (使用全部数据数据)】
--------------------------------------------------
2025-05-08 12:53:17,050 - 训练 GOSS 模型 (使用全部数据数据)
2025-05-08 12:53:17,050 - ℹ️ 全数据周期，但使用筛选特征，不覆盖 GOSS 的特征重要性
2025-05-08 12:53:17,051 - 
--------------------------------------------------
【开始模型训练与评估】
--------------------------------------------------
2025-05-08 12:53:17,052 - 模型和 scaler 将被保存到目录: /app/auto_scripts/scripts/short/models/20250508/all
2025-05-08 12:53:17,053 - 
--------------------------------------------------
【训练 GOSS 模型】
--------------------------------------------------
2025-05-08 12:53:17,053 - 模型参数: {'boosting_type': 'goss', 'objective': 'regression', 'metric': 'rmse', 'num_leaves': 31, 'learning_rate': 0.05, 'feature_fraction': 0.9, 'top_rate': 0.2, 'other_rate': 0.1, 'name': 'GOSS', 'importance_type': 'gain'}
2025-05-08 12:53:17,053 - 开始训练 GOSS 模型...
2025-05-08 12:53:37,393 - GOSS 模型训练完成
2025-05-08 12:53:37,394 - 使用 GOSS 模型预测验证集...
2025-05-08 12:53:37,499 - 使用时间加权方式计算模型评分...
2025-05-08 12:53:37,515 - GOSS 评估结果 - RMSE: 54.8741, K: 0.6499, 加权评分: 0.6609
2025-05-08 12:53:37,515 - ✅ GOSS 成为当前最佳模型 (基于加权评分)
2025-05-08 12:53:37,524 - GOSS 模型已保存到 /app/auto_scripts/scripts/short/models/20250508/all/GOSS.joblib
2025-05-08 12:53:37,565 - Scaler 已保存到 /app/auto_scripts/scripts/short/models/20250508/all/scaler.joblib
2025-05-08 12:53:37,573 - 最佳模型 'GOSS' 已额外保存到 /app/auto_scripts/scripts/short/models/20250508/all/model.joblib
2025-05-08 12:53:37,609 - ✅ 使用全部数据的数据训练的GBDT成为GBDT类型的最佳模型
2025-05-08 12:53:37,609 - ✅ 使用全部数据的数据训练的DART成为DART类型的最佳模型
2025-05-08 12:53:37,610 - ✅ 使用全部数据的数据训练的GOSS成为GOSS类型的最佳模型
2025-05-08 12:53:37,647 - 
--------------------------------------------------
【检查需要重训练的模型】
--------------------------------------------------
2025-05-08 12:53:37,647 - 检查需要重训练的模型
2025-05-08 12:53:37,647 - ✅ 没有需要重训练的模型
2025-05-08 12:53:37,703 - GBDT 最佳模型 (来自全部数据数据) 已保存到 /app/auto_scripts/scripts/short/models/20250508/best_models/GBDT.joblib
2025-05-08 12:53:37,707 - GBDT Scaler (来自全部数据数据) 已保存到 /app/auto_scripts/scripts/short/models/20250508/best_models/GBDT_scaler.joblib
2025-05-08 12:53:37,717 - DART 最佳模型 (来自全部数据数据) 已保存到 /app/auto_scripts/scripts/short/models/20250508/best_models/DART.joblib
2025-05-08 12:53:37,722 - DART Scaler (来自全部数据数据) 已保存到 /app/auto_scripts/scripts/short/models/20250508/best_models/DART_scaler.joblib
2025-05-08 12:53:37,731 - GOSS 最佳模型 (来自全部数据数据) 已保存到 /app/auto_scripts/scripts/short/models/20250508/best_models/GOSS.joblib
2025-05-08 12:53:37,736 - GOSS Scaler (来自全部数据数据) 已保存到 /app/auto_scripts/scripts/short/models/20250508/best_models/GOSS_scaler.joblib
2025-05-08 12:53:37,737 - 
--------------------------------------------------
【训练最终生产模型】
--------------------------------------------------
2025-05-08 12:53:37,737 - ✅ 总体最佳模型算法类型: DART，评分: 0.6708
2025-05-08 12:53:37,737 - 开始准备全部历史数据用于最终模型训练...
2025-05-08 12:53:37,856 - 全部数据预处理完成，特征维度: (74496, 334), 目标变量维度: (74496,)
2025-05-08 12:53:37,857 - 开始特征工程，输入维度: (74496, 334), lags: 4
2025-05-08 12:53:38,146 - 特征工程完成，输出维度: (74496, 949), 发现 4 行含NaN
2025-05-08 12:53:38,146 - --- Auto Script: Engineered Columns (Before Return) ---
2025-05-08 12:53:38,146 - Total columns: 949
2025-05-08 12:53:38,147 - ['100u_23.8_103.2', '100u_23.8_103.3', '100u_23.8_103.4', '100u_23.9_103.2', '100u_23.9_103.3', '100u_23.9_103.4', '100u_24.0_103.2', '100u_24.0_103.3', '100u_24.0_103.4', '100u_24.1_103.2', '100u_24.1_103.3', '100u_24.1_103.4', '100u_24.2_103.2', '100u_24.2_103.3', '100u_24.2_103.4', '100v_23.8_103.2', '100v_23.8_103.3', '100v_23.8_103.4', '100v_23.9_103.2', '100v_23.9_103.3']
2025-05-08 12:53:38,147 - ['ws100_11_lag4', 'ws100_12_lag4', 'ws100_13_lag4', 'ws100_14_lag4', 'ws100_15_lag4', 'ws200_1_lag4', 'ws200_2_lag4', 'ws200_3_lag4', 'ws200_4_lag4', 'ws200_5_lag4', 'ws200_6_lag4', 'ws200_7_lag4', 'ws200_8_lag4', 'ws200_9_lag4', 'ws200_10_lag4', 'ws200_11_lag4', 'ws200_12_lag4', 'ws200_13_lag4', 'ws200_14_lag4', 'ws200_15_lag4']
2025-05-08 12:53:38,195 - 特征工程和NaN处理后，数据维度: (74492, 949), 目标变量维度: 74492
2025-05-08 12:53:39,490 - 窗口创建后，训练数据: (74477, 15184), 目标: (74477,)
2025-05-08 12:53:39,692 - ✅ 从DART的特征重要性文件中选择了TOP 3000个特征
2025-05-08 12:53:41,213 - 特征选择后，训练数据维度: (74477, 3000) (使用 3000 个特征)
2025-05-08 12:53:41,214 - 未使用早停或无最佳迭代次数，使用参数中的n_estimators: 100
2025-05-08 12:53:41,214 - 开始训练最终生产模型 (DART)，使用所有数据...
2025-05-08 12:53:55,199 - 检查模型目录: /app/auto_scripts/scripts/short/models/20250508
2025-05-08 12:53:55,201 - 发现best_models目录: /app/auto_scripts/scripts/short/models/20250508/best_models
2025-05-08 12:53:55,203 - 发现GBDT模型文件: /app/auto_scripts/scripts/short/models/20250508/best_models/GBDT.joblib
2025-05-08 12:53:55,205 - ✅ 发现明天的预测文件：/app/auto_scripts/scripts/short/predict_inputs/predict_input_20250509.csv，使用今天的模型执行预测...
2025-05-08 12:53:55,207 - ℹ️ 未检测到生产模型，或类型文件标记为 'None'。预测将尝试使用评估阶段的最佳模型。
2025-05-08 12:53:55,209 - 输出文件将保存到: /app/auto_scripts/scripts/short/predict_outputs/20250508/predict_output_20250508.csv
2025-05-08 12:53:55,209 - 
--------------------------------------------------
【开始预测风电功率】
--------------------------------------------------
2025-05-08 12:53:55,209 - 输入文件: /app/auto_scripts/scripts/short/predict_inputs/predict_input_20250509.csv
2025-05-08 12:53:55,210 - 模型目录: /app/auto_scripts/scripts/short/models/20250508
2025-05-08 12:53:55,210 - 输出文件: /app/auto_scripts/scripts/short/predict_outputs/20250508/predict_output_20250508.csv
2025-05-08 12:53:55,210 - 窗口大小: 16
2025-05-08 12:53:55,211 - 滞后特征数: 4
2025-05-08 12:53:55,211 - 模型类型: None
2025-05-08 12:53:55,211 - 使用最近几个月的数据: None
2025-05-08 12:53:55,212 - 当前内存占用: 12710.76 MB
2025-05-08 12:53:55,212 - --- 使用优化后的手动预测逻辑开始预测 ---
2025-05-08 12:53:55,212 - 
--------------------------------------------------
【确定要加载的模型】
--------------------------------------------------
2025-05-08 12:53:55,213 - 确定要加载的模型...
2025-05-08 12:53:55,215 - 未指定模型类型，默认使用: GOSS
2025-05-08 12:53:55,219 - 尝试从 best_models 加载模型 GOSS: /app/auto_scripts/scripts/short/models/20250508/best_models/GOSS.joblib
2025-05-08 12:53:55,238 - ✅ 成功加载模型 GOSS 和其标准化器
2025-05-08 12:53:55,239 - 将使用特征重要性文件: /app/auto_scripts/scripts/short/feature_importance/GOSS_feature_importance.pkl
2025-05-08 12:53:55,240 - 
--------------------------------------------------
【加载特征重要性】
--------------------------------------------------
2025-05-08 12:53:55,240 - 从 /app/auto_scripts/scripts/short/feature_importance/GOSS_feature_importance.pkl 加载特征重要性...
2025-05-08 12:53:55,248 - 成功加载并处理特征重要性。预期 3000 个特征。
2025-05-08 12:53:55,249 - 
--------------------------------------------------
【加载并预处理数据】
--------------------------------------------------
2025-05-08 12:53:55,249 - 从 /app/auto_scripts/scripts/short/predict_inputs/predict_input_20250509.csv 加载新数据...
2025-05-08 12:53:55,265 - 初始数据形状: (116, 331)
2025-05-08 12:53:55,266 - 预处理新数据...
2025-05-08 12:53:55,327 - 初始处理后的形状: (116, 334)
2025-05-08 12:53:55,328 - 
--------------------------------------------------
【特征工程】
--------------------------------------------------
2025-05-08 12:53:55,328 - 应用特征工程...
2025-05-08 12:53:55,363 - 特征工程后的形状: (116, 949)
2025-05-08 12:53:55,364 - 特征工程后的特征数量: 949
2025-05-08 12:53:55,366 - 删除NaN后的形状: (112, 949) (删除了 4 行)
2025-05-08 12:53:55,367 - 
--------------------------------------------------
【标准化数据】
--------------------------------------------------
2025-05-08 12:53:55,367 - 使用加载的标准化器缩放特征...
2025-05-08 12:53:55,367 - 标准化器具有特征名称，尝试对齐列。
2025-05-08 12:53:55,368 - 列已对齐。
2025-05-08 12:53:55,374 - 标准化后的形状: (112, 949)
2025-05-08 12:53:55,438 - 
--------------------------------------------------
【创建时间窗口】
--------------------------------------------------
2025-05-08 12:53:55,439 - 创建时间窗口（大小 16）...
2025-05-08 12:53:55,446 - 窗口化后的形状: (97, 15184)
2025-05-08 12:53:55,496 - 
--------------------------------------------------
【特征选择】
--------------------------------------------------
2025-05-08 12:53:55,496 - 根据加载的重要性应用特征选择（前 3000 个）...
2025-05-08 12:53:55,500 - 生成的扁平化特征总数: 15184
2025-05-08 12:53:55,743 - 特征选择后的形状: (97, 3000)
2025-05-08 12:53:55,812 - 
--------------------------------------------------
【模型预测】
--------------------------------------------------
2025-05-08 12:53:55,812 - 使用模型进行预测 (GOSS - 来自 /app/auto_scripts/scripts/short/models/20250508/best_models/GOSS.joblib)
2025-05-08 12:53:55,814 - 生成了 97 个预测值。
2025-05-08 12:53:55,815 - 
--------------------------------------------------
【保存预测结果】
--------------------------------------------------
2025-05-08 12:53:55,815 - 格式化并保存预测结果...
2025-05-08 12:53:55,825 - ✅ 预测结果已保存到 /app/auto_scripts/scripts/short/predict_outputs/20250508/predict_output_20250508.csv
2025-05-08 12:53:55,825 - 
--------------------------------------------------
【上传输入特征 (最后96个预测点)】
--------------------------------------------------
2025-05-08 12:53:55,826 - 准备上传 96 行对应的原始输入特征到 train_pre_short...
2025-05-08 12:53:55,827 - 准备上传数据到: http://backend:5000/api/upload_feature_csv
2025-05-08 12:53:56,117 - 成功上传数据到 /api/upload_feature_csv. 状态码: 200
2025-05-08 12:53:56,117 - 响应: {'inserted_count': 0, 'message': 'Successfully processed CSV for train_pre_short.', 'updated_count': 96}
2025-05-08 12:53:56,118 - ✅ 成功触发输入特征上传。
2025-05-08 12:53:56,118 - 
--------------------------------------------------
【上传预测结果】
--------------------------------------------------
2025-05-08 12:53:56,118 - 准备上传预测结果到 /prediction2database/batch_shortl_power...
2025-05-08 12:53:56,122 - 已将 'Predicted_Power' 列重命名为 'Predicted Power'
2025-05-08 12:53:56,123 - 准备上传数据到: http://backend:5000/prediction2database/batch_shortl_power
2025-05-08 12:53:56,272 - 成功上传数据到 /prediction2database/batch_shortl_power. 状态码: 201
2025-05-08 12:53:56,272 - 响应: {'errors': 0, 'inserted': 0, 'total': 97, 'updated': 97}
2025-05-08 12:53:56,273 - ✅ 成功触发预测结果上传。
2025-05-08 12:53:56,276 - ✅ 详细预测结果已保存到 /app/auto_scripts/scripts/short/predict_outputs/20250508/predict_output_20250508_details.json
2025-05-08 12:53:56,276 - 当前内存占用: 12724.76 MB
2025-05-08 12:53:56,277 - 内存使用增加: 14.00 MB
2025-05-08 12:53:56,279 - ✅ 预测成功完成，结果已保存到 /app/auto_scripts/scripts/short/predict_outputs/20250508/predict_output_20250508.csv
2025-05-08 12:53:56,282 - 预测完成，已创建标志文件: /app/auto_scripts/scripts/short/logs/auto_pre_train/20250508_predict_done.flag
2025-05-08 12:53:56,282 - ✅ 今天 (20250508) 的预测执行完成
2025-05-08 12:53:56,282 - 预测监控结束 (20250508)
2025-05-08 12:54:10,999 - ✅ 最终生产模型训练完成
2025-05-08 12:54:11,016 - ✅ 最终生产模型已保存到: /app/auto_scripts/scripts/short/models/20250508/best_models/production_model.joblib
2025-05-08 12:54:11,016 - ✅ 最终生产Scaler已保存到: /app/auto_scripts/scripts/short/models/20250508/best_models/production_scaler.joblib
2025-05-08 12:54:11,016 - ✅ 最终生产特征信息已保存到: /app/auto_scripts/scripts/short/models/20250508/best_models/production_features.pkl
2025-05-08 12:54:11,017 - ✅ 最终生产算法类型已保存到: /app/auto_scripts/scripts/short/models/20250508/best_models/production_algo_type.txt
2025-05-08 12:54:11,018 - ✅ 已更新最佳模型类型标记为production_model: /app/auto_scripts/scripts/short/models/20250508/best_model_type.txt
2025-05-08 12:54:11,029 - 多数据集训练完成! 已为每种算法选择最佳模型
2025-05-08 12:54:11,030 -   - 最佳GBDT模型: 使用全部数据数据, 评分=0.6589
2025-05-08 12:54:11,030 -   - 最佳DART模型: 使用全部数据数据, 评分=0.6708
2025-05-08 12:54:11,030 -   - 最佳GOSS模型: 使用全部数据数据, 评分=0.6609
2025-05-08 12:54:11,030 - 
================================================================================
2025-05-08 12:54:11,030 - >>> 选择全局最优模型 <<<
2025-05-08 12:54:11,031 - ================================================================================

2025-05-08 12:54:11,031 - 选择全局最优模型
2025-05-08 12:54:11,031 - ✅ 全局最优模型类型为: DART，评分为: 0.6708
2025-05-08 12:54:11,032 - ✅ 全局最优模型类型已写入标记文件: /app/auto_scripts/scripts/short/models/20250508/best_model_type.txt
2025-05-08 12:54:11,033 - 
================================================================================
2025-05-08 12:54:11,033 - >>> 跳过模型权重计算 <<<
2025-05-08 12:54:11,033 - ================================================================================

2025-05-08 12:54:11,033 - 根据需求跳过模型权重计算步骤，将仅使用单个最佳模型进行预测。
2025-05-08 12:54:11,037 - 训练完成，已创建标志文件: /app/auto_scripts/scripts/short/logs/auto_pre_train/20250508_train_done.flag
2025-05-08 12:54:11,037 - ✅ 训练完成，已创建标志文件
2025-05-08 12:54:11,037 - 检查模型目录: /app/auto_scripts/scripts/short/models/20250508
2025-05-08 12:54:11,038 - 发现best_models目录: /app/auto_scripts/scripts/short/models/20250508/best_models
2025-05-08 12:54:11,039 - 发现GBDT模型文件: /app/auto_scripts/scripts/short/models/20250508/best_models/GBDT.joblib
2025-05-08 12:54:11,039 - ✅ 模型已成功保存到 /app/auto_scripts/scripts/short/models/20250508，模型可用。
2025-05-08 12:54:11,039 - 
================================================================================
2025-05-08 12:54:11,043 - >>> 系统任务完成 <<<
2025-05-08 12:54:11,043 - ================================================================================

2025-05-08 12:54:11,044 - 系统任务完成
2025-05-08 12:54:11,044 - 今天的训练和预测任务已完成。
