2025-04-03 09:38:08,389 - 
================================================================================
2025-04-03 09:38:08,389 - >>> 启动15分钟周期预测调度器 <<<
2025-04-03 09:38:08,389 - ================================================================================

2025-04-03 09:38:08,389 - 启动15分钟周期预测调度器
2025-04-03 09:38:08,389 - 开始执行15分钟周期预测... 当前时间: 09:38
2025-04-03 09:38:09,715 - 预测脚本执行完成: BASE_DIR: D:\my-vue-project\wind-power-forecast
OUTPUT_DIR_PRE: D:\my-vue-project\wind-power-forecast\backend\auto_scripts\results\supershortresult
OUTPUT_DIR_TRAIN: D:\my-vue-project\wind-power-forecast\backend\auto_scripts\train_predictions\supershort_predictions
PREC_SV_FOLDER: D:\my-vue-project\wind-power-forecast\backend\auto_scripts\precsv\supershortcsv
DATASET_FOLDER: D:\my-vue-project\wind-power-forecast\backend\auto_scripts\dataset\dataset_supershort
MODEL_FOLDER: D:\my-vue-project\wind-power-forecast\backend\auto_scripts\models\supershortmodel

================================================================================
>>> 自动预测系统启动 <<<
================================================================================

2025-04-03 09:38:09,649 - 
================================================================================
2025-04-03 09:38:09,649 - 
================================================================================
2025-04-03 09:38:09,649 - >>> 自动预测系统启动 <<<
2025-04-03 09:38:09,649 - >>> 自动预测系统启动 <<<
2025-04-03 09:38:09,649 - ================================================================================

2025-04-03 09:38:09,649 - ================================================================================

2025-04-03 09:38:09,649 - 自动预测系统启动
2025-04-03 09:38:09,649 - 自动预测系统启动
当前日期: 20250403, 时间: 09:38:09
2025-04-03 09:38:09,649 - 当前日期: 20250403, 时间: 09:38:09
2025-04-03 09:38:09,649 - 当前日期: 20250403, 时间: 09:38:09

================================================================================
>>> 开始执行预测 <<<
================================================================================

2025-04-03 09:38:09,649 - 
================================================================================
2025-04-03 09:38:09,649 - 
================================================================================
2025-04-03 09:38:09,649 - >>> 开始执行预测 <<<
2025-04-03 09:38:09,649 - >>> 开始执行预测 <<<
2025-04-03 09:38:09,649 - ================================================================================

2025-04-03 09:38:09,649 - ================================================================================

2025-04-03 09:38:09,649 - 开始执行预测
2025-04-03 09:38:09,649 - 开始执行预测
2025-04-03 09:38:09,650 - 扫描预测数据文件目录: D:\my-vue-project\wind-power-forecast\backend\auto_scripts\precsv\supershortcsv\20250403
2025-04-03 09:38:09,650 - 扫描预测数据文件目录: D:\my-vue-project\wind-power-forecast\backend\auto_scripts\precsv\supershortcsv\20250403
检查模型目录: D:\my-vue-project\wind-power-forecast\backend\auto_scripts\models\supershortmodel\20250403
2025-04-03 09:38:09,650 - 检查模型目录: D:\my-vue-project\wind-power-forecast\backend\auto_scripts\models\supershortmodel\20250403
2025-04-03 09:38:09,650 - 检查模型目录: D:\my-vue-project\wind-power-forecast\backend\auto_scripts\models\supershortmodel\20250403
未找到best_models目录，检查传统模型文件
2025-04-03 09:38:09,651 - 未找到best_models目录，检查传统模型文件
2025-04-03 09:38:09,651 - 未找到best_models目录，检查传统模型文件
❌ 未找到任何可用模型文件
2025-04-03 09:38:09,651 - 未找到任何可用模型文件
2025-04-03 09:38:09,651 - 未找到任何可用模型文件
❌ 未有可用模型，无法执行预测
2025-04-03 09:38:09,651 - ❌ 未有可用模型，无法执行预测
2025-04-03 09:38:09,651 - ❌ 未有可用模型，无法执行预测

================================================================================
>>> 预测任务结束 <<<
================================================================================

2025-04-03 09:38:09,651 - 
================================================================================
2025-04-03 09:38:09,651 - 
================================================================================
2025-04-03 09:38:09,651 - >>> 预测任务结束 <<<
2025-04-03 09:38:09,651 - >>> 预测任务结束 <<<
2025-04-03 09:38:09,651 - ================================================================================

2025-04-03 09:38:09,651 - ================================================================================

2025-04-03 09:38:09,651 - 预测任务结束
2025-04-03 09:38:09,651 - 预测任务结束

2025-04-03 09:38:09,715 - 调度器已启动，将每15分钟执行一次预测
2025-04-03 17:59:18,760 - 
================================================================================
2025-04-03 17:59:18,760 - >>> 启动15分钟周期预测调度器 <<<
2025-04-03 17:59:18,760 - ================================================================================

2025-04-03 17:59:18,760 - 启动15分钟周期预测调度器
2025-04-03 17:59:18,760 - 开始执行15分钟周期预测... 当前时间: 17:59
2025-04-03 17:59:20,096 - 预测脚本执行完成: BASE_DIR: D:\my-vue-project\wind-power-forecast
OUTPUT_DIR_PRE: D:\my-vue-project\wind-power-forecast\backend\auto_scripts\results\supershortresult
OUTPUT_DIR_TRAIN: D:\my-vue-project\wind-power-forecast\backend\auto_scripts\train_predictions\supershort_predictions
PREC_SV_FOLDER: D:\my-vue-project\wind-power-forecast\backend\auto_scripts\precsv\supershortcsv
DATASET_FOLDER: D:\my-vue-project\wind-power-forecast\backend\auto_scripts\dataset\dataset_supershort
MODEL_FOLDER: D:\my-vue-project\wind-power-forecast\backend\auto_scripts\models\supershortmodel

================================================================================
>>> 自动预测系统启动 <<<
================================================================================

2025-04-03 17:59:20,013 - 
================================================================================
2025-04-03 17:59:20,013 - 
================================================================================
2025-04-03 17:59:20,013 - >>> 自动预测系统启动 <<<
2025-04-03 17:59:20,013 - >>> 自动预测系统启动 <<<
2025-04-03 17:59:20,013 - ================================================================================

2025-04-03 17:59:20,013 - ================================================================================

2025-04-03 17:59:20,013 - 自动预测系统启动
2025-04-03 17:59:20,013 - 自动预测系统启动
当前日期: 20250403, 时间: 17:59:20
2025-04-03 17:59:20,013 - 当前日期: 20250403, 时间: 17:59:20
2025-04-03 17:59:20,013 - 当前日期: 20250403, 时间: 17:59:20

================================================================================
>>> 开始执行预测 <<<
================================================================================

2025-04-03 17:59:20,014 - 
================================================================================
2025-04-03 17:59:20,014 - 
================================================================================
2025-04-03 17:59:20,014 - >>> 开始执行预测 <<<
2025-04-03 17:59:20,014 - >>> 开始执行预测 <<<
2025-04-03 17:59:20,014 - ================================================================================

2025-04-03 17:59:20,014 - ================================================================================

2025-04-03 17:59:20,014 - 开始执行预测
2025-04-03 17:59:20,014 - 开始执行预测
2025-04-03 17:59:20,014 - 扫描预测数据文件目录: D:\my-vue-project\wind-power-forecast\backend\auto_scripts\precsv\supershortcsv\20250403
2025-04-03 17:59:20,014 - 扫描预测数据文件目录: D:\my-vue-project\wind-power-forecast\backend\auto_scripts\precsv\supershortcsv\20250403
检查模型目录: D:\my-vue-project\wind-power-forecast\backend\auto_scripts\models\supershortmodel\20250403
2025-04-03 17:59:20,014 - 检查模型目录: D:\my-vue-project\wind-power-forecast\backend\auto_scripts\models\supershortmodel\20250403
2025-04-03 17:59:20,014 - 检查模型目录: D:\my-vue-project\wind-power-forecast\backend\auto_scripts\models\supershortmodel\20250403
未找到best_models目录，检查传统模型文件
2025-04-03 17:59:20,014 - 未找到best_models目录，检查传统模型文件
2025-04-03 17:59:20,014 - 未找到best_models目录，检查传统模型文件
❌ 未找到任何可用模型文件
2025-04-03 17:59:20,015 - 未找到任何可用模型文件
2025-04-03 17:59:20,015 - 未找到任何可用模型文件
❌ 未有可用模型，无法执行预测
2025-04-03 17:59:20,015 - ❌ 未有可用模型，无法执行预测
2025-04-03 17:59:20,015 - ❌ 未有可用模型，无法执行预测

================================================================================
>>> 预测任务结束 <<<
================================================================================

2025-04-03 17:59:20,015 - 
================================================================================
2025-04-03 17:59:20,015 - 
================================================================================
2025-04-03 17:59:20,015 - >>> 预测任务结束 <<<
2025-04-03 17:59:20,015 - >>> 预测任务结束 <<<
2025-04-03 17:59:20,015 - ================================================================================

2025-04-03 17:59:20,015 - ================================================================================

2025-04-03 17:59:20,015 - 预测任务结束
2025-04-03 17:59:20,015 - 预测任务结束

2025-04-03 17:59:20,097 - 调度器已启动，将每15分钟执行一次预测
