2025-03-27 23:21:27,569 - 
================================================================================
2025-03-27 23:21:27,569 - >>> 启动15分钟周期预测调度器 <<<
2025-03-27 23:21:27,569 - ================================================================================

2025-03-27 23:21:27,569 - 启动15分钟周期预测调度器
2025-03-27 23:21:27,569 - 开始执行15分钟周期预测... 当前时间: 23:21
2025-03-27 23:21:28,914 - 预测脚本执行完成: BASE_DIR: D:\my-vue-project\wind-power-forecast
OUTPUT_DIR_PRE: D:\my-vue-project\wind-power-forecast\backend\auto_scripts\results\supershortresult
OUTPUT_DIR_TRAIN: D:\my-vue-project\wind-power-forecast\backend\auto_scripts\train_predictions\supershort_predictions
PREC_SV_FOLDER: D:\my-vue-project\wind-power-forecast\backend\auto_scripts\precsv\supershortcsv
DATASET_FOLDER: D:\my-vue-project\wind-power-forecast\backend\auto_scripts\dataset\dataset_supershort
MODEL_FOLDER: D:\my-vue-project\wind-power-forecast\backend\auto_scripts\models\supershortmodel

================================================================================
>>> 自动预测系统启动 <<<
================================================================================

2025-03-27 23:21:28,848 - 
================================================================================
2025-03-27 23:21:28,848 - 
================================================================================
2025-03-27 23:21:28,848 - >>> 自动预测系统启动 <<<
2025-03-27 23:21:28,848 - >>> 自动预测系统启动 <<<
2025-03-27 23:21:28,848 - ================================================================================

2025-03-27 23:21:28,848 - ================================================================================

2025-03-27 23:21:28,848 - 自动预测系统启动
2025-03-27 23:21:28,848 - 自动预测系统启动
当前日期: 20250327, 时间: 23:21:28
2025-03-27 23:21:28,848 - 当前日期: 20250327, 时间: 23:21:28
2025-03-27 23:21:28,848 - 当前日期: 20250327, 时间: 23:21:28

================================================================================
>>> 开始执行预测 <<<
================================================================================

2025-03-27 23:21:28,848 - 
================================================================================
2025-03-27 23:21:28,848 - 
================================================================================
2025-03-27 23:21:28,848 - >>> 开始执行预测 <<<
2025-03-27 23:21:28,848 - >>> 开始执行预测 <<<
2025-03-27 23:21:28,848 - ================================================================================

2025-03-27 23:21:28,848 - ================================================================================

2025-03-27 23:21:28,848 - 开始执行预测
2025-03-27 23:21:28,848 - 开始执行预测
2025-03-27 23:21:28,849 - 扫描预测数据文件目录: D:\my-vue-project\wind-power-forecast\backend\auto_scripts\precsv\supershortcsv\20250327
2025-03-27 23:21:28,849 - 扫描预测数据文件目录: D:\my-vue-project\wind-power-forecast\backend\auto_scripts\precsv\supershortcsv\20250327
检查模型目录: D:\my-vue-project\wind-power-forecast\backend\auto_scripts\models\supershortmodel\20250327
2025-03-27 23:21:28,849 - 检查模型目录: D:\my-vue-project\wind-power-forecast\backend\auto_scripts\models\supershortmodel\20250327
2025-03-27 23:21:28,849 - 检查模型目录: D:\my-vue-project\wind-power-forecast\backend\auto_scripts\models\supershortmodel\20250327
未找到best_models目录，检查传统模型文件
2025-03-27 23:21:28,849 - 未找到best_models目录，检查传统模型文件
2025-03-27 23:21:28,849 - 未找到best_models目录，检查传统模型文件
❌ 未找到任何可用模型文件
2025-03-27 23:21:28,849 - 未找到任何可用模型文件
2025-03-27 23:21:28,849 - 未找到任何可用模型文件
❌ 未有可用模型，无法执行预测
2025-03-27 23:21:28,849 - ❌ 未有可用模型，无法执行预测
2025-03-27 23:21:28,849 - ❌ 未有可用模型，无法执行预测

================================================================================
>>> 预测任务结束 <<<
================================================================================

2025-03-27 23:21:28,849 - 
================================================================================
2025-03-27 23:21:28,849 - 
================================================================================
2025-03-27 23:21:28,849 - >>> 预测任务结束 <<<
2025-03-27 23:21:28,849 - >>> 预测任务结束 <<<
2025-03-27 23:21:28,849 - ================================================================================

2025-03-27 23:21:28,849 - ================================================================================

2025-03-27 23:21:28,849 - 预测任务结束
2025-03-27 23:21:28,849 - 预测任务结束

2025-03-27 23:21:28,915 - 调度器已启动，将每15分钟执行一次预测
2025-03-27 23:26:29,528 - 开始执行15分钟周期预测... 当前时间: 23:26
2025-03-27 23:26:30,749 - 预测脚本执行完成: BASE_DIR: D:\my-vue-project\wind-power-forecast
OUTPUT_DIR_PRE: D:\my-vue-project\wind-power-forecast\backend\auto_scripts\results\supershortresult
OUTPUT_DIR_TRAIN: D:\my-vue-project\wind-power-forecast\backend\auto_scripts\train_predictions\supershort_predictions
PREC_SV_FOLDER: D:\my-vue-project\wind-power-forecast\backend\auto_scripts\precsv\supershortcsv
DATASET_FOLDER: D:\my-vue-project\wind-power-forecast\backend\auto_scripts\dataset\dataset_supershort
MODEL_FOLDER: D:\my-vue-project\wind-power-forecast\backend\auto_scripts\models\supershortmodel

================================================================================
>>> 自动预测系统启动 <<<
================================================================================

2025-03-27 23:26:30,690 - 
================================================================================
2025-03-27 23:26:30,690 - 
================================================================================
2025-03-27 23:26:30,690 - >>> 自动预测系统启动 <<<
2025-03-27 23:26:30,690 - >>> 自动预测系统启动 <<<
2025-03-27 23:26:30,690 - ================================================================================

2025-03-27 23:26:30,690 - ================================================================================

2025-03-27 23:26:30,690 - 自动预测系统启动
2025-03-27 23:26:30,690 - 自动预测系统启动
当前日期: 20250327, 时间: 23:26:30
2025-03-27 23:26:30,690 - 当前日期: 20250327, 时间: 23:26:30
2025-03-27 23:26:30,690 - 当前日期: 20250327, 时间: 23:26:30

================================================================================
>>> 开始执行预测 <<<
================================================================================

2025-03-27 23:26:30,690 - 
================================================================================
2025-03-27 23:26:30,690 - 
================================================================================
2025-03-27 23:26:30,690 - >>> 开始执行预测 <<<
2025-03-27 23:26:30,690 - >>> 开始执行预测 <<<
2025-03-27 23:26:30,690 - ================================================================================

2025-03-27 23:26:30,690 - ================================================================================

2025-03-27 23:26:30,690 - 开始执行预测
2025-03-27 23:26:30,690 - 开始执行预测
2025-03-27 23:26:30,691 - 扫描预测数据文件目录: D:\my-vue-project\wind-power-forecast\backend\auto_scripts\precsv\supershortcsv\20250327
2025-03-27 23:26:30,691 - 扫描预测数据文件目录: D:\my-vue-project\wind-power-forecast\backend\auto_scripts\precsv\supershortcsv\20250327
检查模型目录: D:\my-vue-project\wind-power-forecast\backend\auto_scripts\models\supershortmodel\20250327
2025-03-27 23:26:30,691 - 检查模型目录: D:\my-vue-project\wind-power-forecast\backend\auto_scripts\models\supershortmodel\20250327
2025-03-27 23:26:30,691 - 检查模型目录: D:\my-vue-project\wind-power-forecast\backend\auto_scripts\models\supershortmodel\20250327
未找到best_models目录，检查传统模型文件
2025-03-27 23:26:30,691 - 未找到best_models目录，检查传统模型文件
2025-03-27 23:26:30,691 - 未找到best_models目录，检查传统模型文件
❌ 未找到任何可用模型文件
2025-03-27 23:26:30,691 - 未找到任何可用模型文件
2025-03-27 23:26:30,691 - 未找到任何可用模型文件
❌ 未有可用模型，无法执行预测
2025-03-27 23:26:30,691 - ❌ 未有可用模型，无法执行预测
2025-03-27 23:26:30,691 - ❌ 未有可用模型，无法执行预测

================================================================================
>>> 预测任务结束 <<<
================================================================================

2025-03-27 23:26:30,691 - 
================================================================================
2025-03-27 23:26:30,691 - 
================================================================================
2025-03-27 23:26:30,691 - >>> 预测任务结束 <<<
2025-03-27 23:26:30,691 - >>> 预测任务结束 <<<
2025-03-27 23:26:30,691 - ================================================================================

2025-03-27 23:26:30,691 - ================================================================================

2025-03-27 23:26:30,691 - 预测任务结束
2025-03-27 23:26:30,691 - 预测任务结束

